POWER_MONITOR_READY {"output_csv": "/home/pi/conformance_testing_team/saved_data/conformance_runs/run_2026_07_23_020120Z/power.csv", "timestamp_utc": "2026-07-23T02:01:20.711Z"}
POWER_MONITOR_RECORD {"timestamp_utc": "2026-07-23T02:01:20.713Z", "status": "ok", "reasons": ["initial_sample"]}
POWER_MONITOR_RECORD {"timestamp_utc": "2026-07-23T02:02:21.028Z", "status": "ok", "reasons": ["heartbeat"]}
POWER_MONITOR_RECORD {"timestamp_utc": "2026-07-23T02:02:34.103Z", "status": "ok", "reasons": ["current_change", "power_change", "heater_on"]}
POWER_MONITOR_RECORD {"timestamp_utc": "2026-07-23T02:02:37.122Z", "status": "ok", "reasons": ["current_change"]}
POWER_MONITOR_RECORD {"timestamp_utc": "2026-07-23T02:02:40.139Z", "status": "ok", "reasons": ["current_change"]}
POWER_MONITOR_RECORD {"timestamp_utc": "2026-07-23T02:03:04.261Z", "status": "ok", "reasons": ["current_change"]}
POWER_MONITOR_RECORD {"timestamp_utc": "2026-07-23T02:03:06.273Z", "status": "ok", "reasons": ["current_change"]}
POWER_MONITOR_RECORD {"timestamp_utc": "2026-07-23T02:03:08.286Z", "status": "ok", "reasons": ["current_change"]}
POWER_MONITOR_RECORD {"timestamp_utc": "2026-07-23T02:03:09.294Z", "status": "ok", "reasons": ["current_change"]}
POWER_MONITOR_RECORD {"timestamp_utc": "2026-07-23T02:03:12.312Z", "status": "ok", "reasons": ["current_change"]}
POWER_MONITOR_RECORD {"timestamp_utc": "2026-07-23T02:03:14.325Z", "status": "ok", "reasons": ["current_change"]}
POWER_MONITOR_RECORD {"timestamp_utc": "2026-07-23T02:03:16.338Z", "status": "ok", "reasons": ["current_change"]}
POWER_MONITOR_RECORD {"timestamp_utc": "2026-07-23T02:03:21.368Z", "status": "ok", "reasons": ["current_change"]}
POWER_MONITOR_RECORD {"timestamp_utc": "2026-07-23T02:03:25.391Z", "status": "ok", "reasons": ["current_change"]}
POWER_MONITOR_RECORD {"timestamp_utc": "2026-07-23T02:03:27.404Z", "status": "ok", "reasons": ["current_change"]}
POWER_MONITOR_RECORD {"timestamp_utc": "2026-07-23T02:03:29.416Z", "status": "ok", "reasons": ["current_change"]}
POWER_MONITOR_RECORD {"timestamp_utc": "2026-07-23T02:03:33.440Z", "status": "ok", "reasons": ["current_change"]}
POWER_MONITOR_RECORD {"timestamp_utc": "2026-07-23T02:03:34.446Z", "status": "ok", "reasons": ["current_change"]}
POWER_MONITOR_RECORD {"timestamp_utc": "2026-07-23T02:03:36.458Z", "status": "ok", "reasons": ["current_change"]}
POWER_MONITOR_RECORD {"timestamp_utc": "2026-07-23T02:03:37.465Z", "status": "ok", "reasons": ["current_change", "power_change"]}
POWER_MONITOR_RECORD {"timestamp_utc": "2026-07-23T02:03:38.471Z", "status": "ok", "reasons": ["current_change", "power_change"]}
POWER_MONITOR_RECORD {"timestamp_utc": "2026-07-23T02:03:39.479Z", "status": "ok", "reasons": ["current_change"]}
POWER_MONITOR_RECORD {"timestamp_utc": "2026-07-23T02:03:40.485Z", "status": "ok", "reasons": ["current_change"]}
POWER_MONITOR_RECORD {"timestamp_utc": "2026-07-23T02:03:41.492Z", "status": "ok", "reasons": ["current_change"]}
POWER_MONITOR_RECORD {"timestamp_utc": "2026-07-23T02:03:42.498Z", "status": "ok", "reasons": ["current_change"]}
POWER_MONITOR_RECORD {"timestamp_utc": "2026-07-23T02:03:45.516Z", "status": "ok", "reasons": ["current_change"]}
POWER_MONITOR_RECORD {"timestamp_utc": "2026-07-23T02:03:47.529Z", "status": "ok", "reasons": ["current_change"]}
POWER_MONITOR_RECORD {"timestamp_utc": "2026-07-23T02:03:48.535Z", "status": "ok", "reasons": ["current_change"]}
POWER_MONITOR_RECORD {"timestamp_utc": "2026-07-23T02:03:50.544Z", "status": "ok", "reasons": ["current_change"]}
POWER_MONITOR_RECORD {"timestamp_utc": "2026-07-23T02:03:51.548Z", "status": "ok", "reasons": ["current_change", "power_change"]}
POWER_MONITOR_RECORD {"timestamp_utc": "2026-07-23T02:03:52.550Z", "status": "ok", "reasons": ["current_change", "power_change"]}
POWER_MONITOR_RECORD {"timestamp_utc": "2026-07-23T02:03:54.555Z", "status": "ok", "reasons": ["current_change"]}
POWER_MONITOR_RECORD {"timestamp_utc": "2026-07-23T02:03:55.562Z", "status": "ok", "reasons": ["current_change"]}
POWER_MONITOR_RECORD {"timestamp_utc": "2026-07-23T02:03:56.570Z", "status": "ok", "reasons": ["current_change"]}
POWER_MONITOR_RECORD {"timestamp_utc": "2026-07-23T02:03:58.582Z", "status": "ok", "reasons": ["current_change"]}
POWER_MONITOR_RECORD {"timestamp_utc": "2026-07-23T02:04:00.595Z", "status": "ok", "reasons": ["current_change"]}
POWER_MONITOR_RECORD {"timestamp_utc": "2026-07-23T02:04:03.614Z", "status": "ok", "reasons": ["current_change"]}
POWER_MONITOR_RECORD {"timestamp_utc": "2026-07-23T02:04:06.632Z", "status": "ok", "reasons": ["current_change"]}
POWER_MONITOR_RECORD {"timestamp_utc": "2026-07-23T02:04:07.639Z", "status": "ok", "reasons": ["current_change"]}
POWER_MONITOR_RECORD {"timestamp_utc": "2026-07-23T02:04:08.645Z", "status": "ok", "reasons": ["current_change"]}
POWER_MONITOR_RECORD {"timestamp_utc": "2026-07-23T02:04:11.663Z", "status": "ok", "reasons": ["current_change"]}
POWER_MONITOR_RECORD {"timestamp_utc": "2026-07-23T02:04:15.689Z", "status": "ok", "reasons": ["current_change"]}
POWER_MONITOR_RECORD {"timestamp_utc": "2026-07-23T02:04:17.701Z", "status": "ok", "reasons": ["current_change"]}
POWER_MONITOR_RECORD {"timestamp_utc": "2026-07-23T02:04:21.725Z", "status": "ok", "reasons": ["current_change"]}
POWER_MONITOR_RECORD {"timestamp_utc": "2026-07-23T02:04:22.733Z", "status": "ok", "reasons": ["current_change"]}
POWER_MONITOR_RECORD {"timestamp_utc": "2026-07-23T02:04:27.763Z", "status": "ok", "reasons": ["current_change"]}
POWER_MONITOR_RECORD {"timestamp_utc": "2026-07-23T02:04:30.783Z", "status": "ok", "reasons": ["current_change"]}
POWER_MONITOR_RECORD {"timestamp_utc": "2026-07-23T02:04:32.795Z", "status": "ok", "reasons": ["current_change"]}
POWER_MONITOR_RECORD {"timestamp_utc": "2026-07-23T02:04:33.803Z", "status": "ok", "reasons": ["current_change"]}
POWER_MONITOR_RECORD {"timestamp_utc": "2026-07-23T02:04:35.816Z", "status": "ok", "reasons": ["current_change"]}
POWER_MONITOR_RECORD {"timestamp_utc": "2026-07-23T02:04:46.880Z", "status": "ok", "reasons": ["current_change"]}
POWER_MONITOR_RECORD {"timestamp_utc": "2026-07-23T02:04:53.907Z", "status": "ok", "reasons": ["current_change"]}
POWER_MONITOR_RECORD {"timestamp_utc": "2026-07-23T02:04:54.909Z", "status": "ok", "reasons": ["current_change"]}
POWER_MONITOR_RECORD {"timestamp_utc": "2026-07-23T02:04:56.922Z", "status": "ok", "reasons": ["current_change"]}
POWER_MONITOR_RECORD {"timestamp_utc": "2026-07-23T02:04:57.928Z", "status": "ok", "reasons": ["current_change"]}
POWER_MONITOR_RECORD {"timestamp_utc": "2026-07-23T02:05:06.980Z", "status": "ok", "reasons": ["current_change"]}
POWER_MONITOR_RECORD {"timestamp_utc": "2026-07-23T02:05:07.987Z", "status": "ok", "reasons": ["current_change"]}
POWER_MONITOR_RECORD {"timestamp_utc": "2026-07-23T02:05:29.108Z", "status": "ok", "reasons": ["current_change"]}
POWER_MONITOR_RECORD {"timestamp_utc": "2026-07-23T02:05:43.191Z", "status": "ok", "reasons": ["current_change"]}
POWER_MONITOR_RECORD {"timestamp_utc": "2026-07-23T02:05:45.203Z", "status": "ok", "reasons": ["current_change"]}
POWER_MONITOR_RECORD {"timestamp_utc": "2026-07-23T02:05:46.209Z", "status": "ok", "reasons": ["current_change"]}
POWER_MONITOR_RECORD {"timestamp_utc": "2026-07-23T02:05:49.229Z", "status": "ok", "reasons": ["current_change"]}
POWER_MONITOR_RECORD {"timestamp_utc": "2026-07-23T02:06:01.281Z", "status": "ok", "reasons": ["current_change"]}
POWER_MONITOR_RECORD {"timestamp_utc": "2026-07-23T02:06:05.305Z", "status": "ok", "reasons": ["current_change"]}
POWER_MONITOR_RECORD {"timestamp_utc": "2026-07-23T02:06:06.312Z", "status": "ok", "reasons": ["current_change"]}
POWER_MONITOR_RECORD {"timestamp_utc": "2026-07-23T02:06:08.324Z", "status": "ok", "reasons": ["current_change"]}
POWER_MONITOR_RECORD {"timestamp_utc": "2026-07-23T02:06:12.348Z", "status": "ok", "reasons": ["current_change"]}
POWER_MONITOR_RECORD {"timestamp_utc": "2026-07-23T02:06:17.379Z", "status": "ok", "reasons": ["current_change"]}
POWER_MONITOR_RECORD {"timestamp_utc": "2026-07-23T02:06:19.391Z", "status": "ok", "reasons": ["current_change"]}
POWER_MONITOR_RECORD {"timestamp_utc": "2026-07-23T02:06:24.421Z", "status": "ok", "reasons": ["current_change"]}
POWER_MONITOR_RECORD {"timestamp_utc": "2026-07-23T02:06:36.490Z", "status": "ok", "reasons": ["current_change"]}
POWER_MONITOR_RECORD {"timestamp_utc": "2026-07-23T02:06:37.497Z", "status": "ok", "reasons": ["current_change"]}
POWER_MONITOR_RECORD {"timestamp_utc": "2026-07-23T02:06:38.503Z", "status": "ok", "reasons": ["current_change"]}
POWER_MONITOR_RECORD {"timestamp_utc": "2026-07-23T02:06:41.524Z", "status": "ok", "reasons": ["current_change"]}
POWER_MONITOR_RECORD {"timestamp_utc": "2026-07-23T02:06:56.595Z", "status": "ok", "reasons": ["current_change"]}
POWER_MONITOR_RECORD {"timestamp_utc": "2026-07-23T02:06:58.607Z", "status": "ok", "reasons": ["current_change"]}
POWER_MONITOR_RECORD {"timestamp_utc": "2026-07-23T02:06:59.613Z", "status": "ok", "reasons": ["current_change"]}
POWER_MONITOR_RECORD {"timestamp_utc": "2026-07-23T02:07:01.626Z", "status": "ok", "reasons": ["current_change"]}
POWER_MONITOR_RECORD {"timestamp_utc": "2026-07-23T02:07:06.657Z", "status": "ok", "reasons": ["current_change"]}
POWER_MONITOR_RECORD {"timestamp_utc": "2026-07-23T02:07:08.670Z", "status": "ok", "reasons": ["current_change"]}
POWER_MONITOR_RECORD {"timestamp_utc": "2026-07-23T02:07:15.711Z", "status": "ok", "reasons": ["current_change"]}
POWER_MONITOR_RECORD {"timestamp_utc": "2026-07-23T02:07:17.724Z", "status": "ok", "reasons": ["current_change"]}
POWER_MONITOR_RECORD {"timestamp_utc": "2026-07-23T02:07:18.730Z", "status": "ok", "reasons": ["current_change"]}
POWER_MONITOR_RECORD {"timestamp_utc": "2026-07-23T02:07:25.771Z", "status": "ok", "reasons": ["current_change"]}
POWER_MONITOR_RECORD {"timestamp_utc": "2026-07-23T02:07:35.829Z", "status": "ok", "reasons": ["current_change"]}
POWER_MONITOR_RECORD {"timestamp_utc": "2026-07-23T02:07:36.836Z", "status": "ok", "reasons": ["current_change"]}
POWER_MONITOR_RECORD {"timestamp_utc": "2026-07-23T02:07:43.877Z", "status": "ok", "reasons": ["current_change"]}
POWER_MONITOR_RECORD {"timestamp_utc": "2026-07-23T02:07:57.941Z", "status": "ok", "reasons": ["current_change"]}
POWER_MONITOR_RECORD {"timestamp_utc": "2026-07-23T02:07:58.948Z", "status": "ok", "reasons": ["current_change"]}
POWER_MONITOR_RECORD {"timestamp_utc": "2026-07-23T02:07:59.954Z", "status": "ok", "reasons": ["current_change"]}
POWER_MONITOR_RECORD {"timestamp_utc": "2026-07-23T02:08:02.974Z", "status": "ok", "reasons": ["current_change"]}
POWER_MONITOR_RECORD {"timestamp_utc": "2026-07-23T02:08:04.987Z", "status": "ok", "reasons": ["current_change"]}
POWER_MONITOR_RECORD {"timestamp_utc": "2026-07-23T02:08:12.029Z", "status": "ok", "reasons": ["current_change"]}
POWER_MONITOR_RECORD {"timestamp_utc": "2026-07-23T02:08:24.099Z", "status": "ok", "reasons": ["current_change"]}
POWER_MONITOR_RECORD {"timestamp_utc": "2026-07-23T02:08:27.117Z", "status": "ok", "reasons": ["current_change"]}
POWER_MONITOR_RECORD {"timestamp_utc": "2026-07-23T02:08:29.129Z", "status": "ok", "reasons": ["current_change"]}
POWER_MONITOR_RECORD {"timestamp_utc": "2026-07-23T02:08:31.144Z", "status": "ok", "reasons": ["current_change"]}
POWER_MONITOR_RECORD {"timestamp_utc": "2026-07-23T02:08:35.168Z", "status": "ok", "reasons": ["current_change"]}
POWER_MONITOR_RECORD {"timestamp_utc": "2026-07-23T02:08:36.174Z", "status": "ok", "reasons": ["current_change"]}
POWER_MONITOR_RECORD {"timestamp_utc": "2026-07-23T02:08:38.187Z", "status": "ok", "reasons": ["current_change"]}
POWER_MONITOR_RECORD {"timestamp_utc": "2026-07-23T02:08:40.199Z", "status": "ok", "reasons": ["current_change"]}
POWER_MONITOR_RECORD {"timestamp_utc": "2026-07-23T02:08:51.258Z", "status": "ok", "reasons": ["current_change"]}
POWER_MONITOR_RECORD {"timestamp_utc": "2026-07-23T02:09:04.306Z", "status": "ok", "reasons": ["current_change"]}
POWER_MONITOR_RECORD {"timestamp_utc": "2026-07-23T02:09:06.319Z", "status": "ok", "reasons": ["current_change"]}
POWER_MONITOR_RECORD {"timestamp_utc": "2026-07-23T02:09:15.371Z", "status": "ok", "reasons": ["current_change"]}
POWER_MONITOR_RECORD {"timestamp_utc": "2026-07-23T02:09:35.486Z", "status": "ok", "reasons": ["current_change"]}
POWER_MONITOR_RECORD {"timestamp_utc": "2026-07-23T02:09:36.493Z", "status": "ok", "reasons": ["current_change"]}
POWER_MONITOR_RECORD {"timestamp_utc": "2026-07-23T02:09:39.511Z", "status": "ok", "reasons": ["current_change"]}
POWER_MONITOR_RECORD {"timestamp_utc": "2026-07-23T02:09:59.610Z", "status": "ok", "reasons": ["current_change"]}
POWER_MONITOR_RECORD {"timestamp_utc": "2026-07-23T02:10:04.639Z", "status": "ok", "reasons": ["current_change"]}
POWER_MONITOR_RECORD {"timestamp_utc": "2026-07-23T02:10:07.657Z", "status": "ok", "reasons": ["current_change"]}
POWER_MONITOR_RECORD {"timestamp_utc": "2026-07-23T02:10:27.772Z", "status": "ok", "reasons": ["current_change"]}
POWER_MONITOR_RECORD {"timestamp_utc": "2026-07-23T02:10:30.790Z", "status": "ok", "reasons": ["current_change"]}
POWER_MONITOR_RECORD {"timestamp_utc": "2026-07-23T02:10:35.819Z", "status": "ok", "reasons": ["current_change"]}
POWER_MONITOR_RECORD {"timestamp_utc": "2026-07-23T02:10:36.826Z", "status": "ok", "reasons": ["current_change"]}
POWER_MONITOR_RECORD {"timestamp_utc": "2026-07-23T02:10:39.844Z", "status": "ok", "reasons": ["current_change"]}
POWER_MONITOR_RECORD {"timestamp_utc": "2026-07-23T02:10:48.896Z", "status": "ok", "reasons": ["current_change"]}
POWER_MONITOR_RECORD {"timestamp_utc": "2026-07-23T02:11:11.006Z", "status": "ok", "reasons": ["current_change"]}
POWER_MONITOR_RECORD {"timestamp_utc": "2026-07-23T02:11:32.127Z", "status": "ok", "reasons": ["current_change", "power_change"]}
POWER_MONITOR_RECORD {"timestamp_utc": "2026-07-23T02:11:39.167Z", "status": "ok", "reasons": ["current_change"]}
POWER_MONITOR_RECORD {"timestamp_utc": "2026-07-23T02:11:41.180Z", "status": "ok", "reasons": ["current_change"]}
POWER_MONITOR_RECORD {"timestamp_utc": "2026-07-23T02:11:48.221Z", "status": "ok", "reasons": ["current_change"]}
POWER_MONITOR_RECORD {"timestamp_utc": "2026-07-23T02:11:55.245Z", "status": "ok", "reasons": ["current_change"]}
POWER_MONITOR_RECORD {"timestamp_utc": "2026-07-23T02:11:56.251Z", "status": "ok", "reasons": ["current_change"]}
POWER_MONITOR_RECORD {"timestamp_utc": "2026-07-23T02:12:07.315Z", "status": "ok", "reasons": ["current_change"]}
POWER_MONITOR_RECORD {"timestamp_utc": "2026-07-23T02:12:08.321Z", "status": "ok", "reasons": ["current_change"]}
POWER_MONITOR_RECORD {"timestamp_utc": "2026-07-23T02:12:18.379Z", "status": "ok", "reasons": ["current_change"]}
POWER_MONITOR_RECORD {"timestamp_utc": "2026-07-23T02:12:28.437Z", "status": "ok", "reasons": ["current_change"]}
POWER_MONITOR_RECORD {"timestamp_utc": "2026-07-23T02:13:28.764Z", "status": "ok", "reasons": ["heartbeat"]}
POWER_MONITOR_RECORD {"timestamp_utc": "2026-07-23T02:14:29.092Z", "status": "ok", "reasons": ["heartbeat"]}
POWER_MONITOR_RECORD {"timestamp_utc": "2026-07-23T02:15:02.266Z", "status": "ok", "reasons": ["current_change", "power_change", "heater_off"]}
POWER_MONITOR_RECORD {"timestamp_utc": "2026-07-23T02:16:02.595Z", "status": "ok", "reasons": ["heartbeat"]}
POWER_MONITOR_RECORD {"timestamp_utc": "2026-07-23T02:17:02.925Z", "status": "ok", "reasons": ["heartbeat"]}
POWER_MONITOR_RECORD {"timestamp_utc": "2026-07-23T02:17:38.127Z", "status": "ok", "reasons": ["current_change", "power_change", "heater_on"]}
POWER_MONITOR_RECORD {"timestamp_utc": "2026-07-23T02:17:42.151Z", "status": "ok", "reasons": ["current_change"]}
POWER_MONITOR_RECORD {"timestamp_utc": "2026-07-23T02:17:45.172Z", "status": "ok", "reasons": ["current_change"]}
POWER_MONITOR_RECORD {"timestamp_utc": "2026-07-23T02:18:08.288Z", "status": "ok", "reasons": ["current_change"]}
POWER_MONITOR_RECORD {"timestamp_utc": "2026-07-23T02:18:10.300Z", "status": "ok", "reasons": ["current_change"]}
POWER_MONITOR_RECORD {"timestamp_utc": "2026-07-23T02:18:12.313Z", "status": "ok", "reasons": ["current_change"]}
POWER_MONITOR_RECORD {"timestamp_utc": "2026-07-23T02:18:14.325Z", "status": "ok", "reasons": ["current_change"]}
POWER_MONITOR_RECORD {"timestamp_utc": "2026-07-23T02:18:16.337Z", "status": "ok", "reasons": ["current_change"]}
POWER_MONITOR_RECORD {"timestamp_utc": "2026-07-23T02:18:19.355Z", "status": "ok", "reasons": ["current_change"]}
POWER_MONITOR_RECORD {"timestamp_utc": "2026-07-23T02:18:25.394Z", "status": "ok", "reasons": ["current_change"]}
POWER_MONITOR_RECORD {"timestamp_utc": "2026-07-23T02:18:29.418Z", "status": "ok", "reasons": ["current_change"]}
POWER_MONITOR_RECORD {"timestamp_utc": "2026-07-23T02:18:40.482Z", "status": "ok", "reasons": ["current_change"]}
POWER_MONITOR_RECORD {"timestamp_utc": "2026-07-23T02:18:41.488Z", "status": "ok", "reasons": ["current_change", "power_change"]}
POWER_MONITOR_RECORD {"timestamp_utc": "2026-07-23T02:18:42.495Z", "status": "ok", "reasons": ["current_change", "power_change"]}
POWER_MONITOR_RECORD {"timestamp_utc": "2026-07-23T02:18:43.501Z", "status": "ok", "reasons": ["current_change", "power_change"]}
POWER_MONITOR_RECORD {"timestamp_utc": "2026-07-23T02:18:44.507Z", "status": "ok", "reasons": ["current_change"]}
POWER_MONITOR_RECORD {"timestamp_utc": "2026-07-23T02:18:45.514Z", "status": "ok", "reasons": ["current_change"]}
POWER_MONITOR_RECORD {"timestamp_utc": "2026-07-23T02:18:46.523Z", "status": "ok", "reasons": ["current_change"]}
POWER_MONITOR_RECORD {"timestamp_utc": "2026-07-23T02:18:48.536Z", "status": "ok", "reasons": ["current_change"]}
POWER_MONITOR_RECORD {"timestamp_utc": "2026-07-23T02:18:49.542Z", "status": "ok", "reasons": ["current_change"]}
POWER_MONITOR_RECORD {"timestamp_utc": "2026-07-23T02:18:51.547Z", "status": "ok", "reasons": ["current_change"]}
POWER_MONITOR_RECORD {"timestamp_utc": "2026-07-23T02:18:53.552Z", "status": "ok", "reasons": ["current_change"]}
POWER_MONITOR_RECORD {"timestamp_utc": "2026-07-23T02:18:55.561Z", "status": "ok", "reasons": ["current_change"]}
POWER_MONITOR_RECORD {"timestamp_utc": "2026-07-23T02:18:57.573Z", "status": "ok", "reasons": ["current_change", "power_change"]}
POWER_MONITOR_RECORD {"timestamp_utc": "2026-07-23T02:18:58.580Z", "status": "ok", "reasons": ["current_change"]}
POWER_MONITOR_RECORD {"timestamp_utc": "2026-07-23T02:19:00.592Z", "status": "ok", "reasons": ["current_change"]}
POWER_MONITOR_RECORD {"timestamp_utc": "2026-07-23T02:19:03.610Z", "status": "ok", "reasons": ["current_change"]}
POWER_MONITOR_RECORD {"timestamp_utc": "2026-07-23T02:19:04.617Z", "status": "ok", "reasons": ["current_change"]}
POWER_MONITOR_RECORD {"timestamp_utc": "2026-07-23T02:19:05.623Z", "status": "ok", "reasons": ["current_change"]}
POWER_MONITOR_RECORD {"timestamp_utc": "2026-07-23T02:19:06.629Z", "status": "ok", "reasons": ["current_change"]}
POWER_MONITOR_RECORD {"timestamp_utc": "2026-07-23T02:19:07.636Z", "status": "ok", "reasons": ["current_change"]}
POWER_MONITOR_RECORD {"timestamp_utc": "2026-07-23T02:19:09.648Z", "status": "ok", "reasons": ["current_change"]}
POWER_MONITOR_RECORD {"timestamp_utc": "2026-07-23T02:19:13.672Z", "status": "ok", "reasons": ["current_change"]}
POWER_MONITOR_RECORD {"timestamp_utc": "2026-07-23T02:19:18.701Z", "status": "ok", "reasons": ["current_change"]}
POWER_MONITOR_RECORD {"timestamp_utc": "2026-07-23T02:19:19.707Z", "status": "ok", "reasons": ["current_change"]}
POWER_MONITOR_RECORD {"timestamp_utc": "2026-07-23T02:19:23.735Z", "status": "ok", "reasons": ["current_change"]}
POWER_MONITOR_RECORD {"timestamp_utc": "2026-07-23T02:19:26.753Z", "status": "ok", "reasons": ["current_change"]}
POWER_MONITOR_RECORD {"timestamp_utc": "2026-07-23T02:19:30.777Z", "status": "ok", "reasons": ["current_change"]}
POWER_MONITOR_RECORD {"timestamp_utc": "2026-07-23T02:19:45.863Z", "status": "ok", "reasons": ["current_change"]}
POWER_MONITOR_RECORD {"timestamp_utc": "2026-07-23T02:19:51.892Z", "status": "ok", "reasons": ["current_change"]}
POWER_MONITOR_RECORD {"timestamp_utc": "2026-07-23T02:19:52.894Z", "status": "ok", "reasons": ["current_change"]}
POWER_MONITOR_RECORD {"timestamp_utc": "2026-07-23T02:19:53.897Z", "status": "ok", "reasons": ["current_change"]}
POWER_MONITOR_RECORD {"timestamp_utc": "2026-07-23T02:19:56.915Z", "status": "ok", "reasons": ["current_change"]}
POWER_MONITOR_RECORD {"timestamp_utc": "2026-07-23T02:19:59.933Z", "status": "ok", "reasons": ["current_change"]}
POWER_MONITOR_RECORD {"timestamp_utc": "2026-07-23T02:20:01.945Z", "status": "ok", "reasons": ["current_change"]}
POWER_MONITOR_RECORD {"timestamp_utc": "2026-07-23T02:20:02.956Z", "status": "ok", "reasons": ["current_change"]}
POWER_MONITOR_RECORD {"timestamp_utc": "2026-07-23T02:20:03.962Z", "status": "ok", "reasons": ["current_change"]}
POWER_MONITOR_RECORD {"timestamp_utc": "2026-07-23T02:20:04.968Z", "status": "ok", "reasons": ["current_change"]}
POWER_MONITOR_RECORD {"timestamp_utc": "2026-07-23T02:20:05.975Z", "status": "ok", "reasons": ["current_change"]}
POWER_MONITOR_RECORD {"timestamp_utc": "2026-07-23T02:20:11.004Z", "status": "ok", "reasons": ["current_change"]}
POWER_MONITOR_RECORD {"timestamp_utc": "2026-07-23T02:20:12.011Z", "status": "ok", "reasons": ["current_change"]}
POWER_MONITOR_RECORD {"timestamp_utc": "2026-07-23T02:20:17.040Z", "status": "ok", "reasons": ["current_change"]}
POWER_MONITOR_RECORD {"timestamp_utc": "2026-07-23T02:20:18.047Z", "status": "ok", "reasons": ["current_change"]}
POWER_MONITOR_RECORD {"timestamp_utc": "2026-07-23T02:20:21.065Z", "status": "ok", "reasons": ["current_change"]}
POWER_MONITOR_RECORD {"timestamp_utc": "2026-07-23T02:20:22.071Z", "status": "ok", "reasons": ["current_change"]}
POWER_MONITOR_RECORD {"timestamp_utc": "2026-07-23T02:20:23.081Z", "status": "ok", "reasons": ["current_change"]}
POWER_MONITOR_RECORD {"timestamp_utc": "2026-07-23T02:20:25.093Z", "status": "ok", "reasons": ["current_change"]}
POWER_MONITOR_RECORD {"timestamp_utc": "2026-07-23T02:20:28.111Z", "status": "ok", "reasons": ["current_change"]}
POWER_MONITOR_RECORD {"timestamp_utc": "2026-07-23T02:20:33.140Z", "status": "ok", "reasons": ["current_change"]}
POWER_MONITOR_RECORD {"timestamp_utc": "2026-07-23T02:20:35.154Z", "status": "ok", "reasons": ["current_change"]}
POWER_MONITOR_RECORD {"timestamp_utc": "2026-07-23T02:20:38.172Z", "status": "ok", "reasons": ["current_change"]}
POWER_MONITOR_RECORD {"timestamp_utc": "2026-07-23T02:20:46.220Z", "status": "ok", "reasons": ["current_change"]}
POWER_MONITOR_RECORD {"timestamp_utc": "2026-07-23T02:21:13.358Z", "status": "ok", "reasons": ["current_change"]}
POWER_MONITOR_RECORD {"timestamp_utc": "2026-07-23T02:21:40.513Z", "status": "ok", "reasons": ["current_change"]}
POWER_MONITOR_RECORD {"timestamp_utc": "2026-07-23T02:21:42.526Z", "status": "ok", "reasons": ["current_change"]}
POWER_MONITOR_RECORD {"timestamp_utc": "2026-07-23T02:22:00.612Z", "status": "ok", "reasons": ["current_change"]}
POWER_MONITOR_RECORD {"timestamp_utc": "2026-07-23T02:22:01.619Z", "status": "ok", "reasons": ["current_change"]}
POWER_MONITOR_RECORD {"timestamp_utc": "2026-07-23T02:22:09.666Z", "status": "ok", "reasons": ["current_change"]}
POWER_MONITOR_RECORD {"timestamp_utc": "2026-07-23T02:22:19.723Z", "status": "ok", "reasons": ["current_change"]}
POWER_MONITOR_RECORD {"timestamp_utc": "2026-07-23T02:22:21.736Z", "status": "ok", "reasons": ["current_change"]}
POWER_MONITOR_RECORD {"timestamp_utc": "2026-07-23T02:22:36.822Z", "status": "ok", "reasons": ["current_change", "power_change"]}
POWER_MONITOR_RECORD {"timestamp_utc": "2026-07-23T02:22:45.875Z", "status": "ok", "reasons": ["current_change"]}
POWER_MONITOR_RECORD {"timestamp_utc": "2026-07-23T02:22:47.887Z", "status": "ok", "reasons": ["current_change"]}
POWER_MONITOR_RECORD {"timestamp_utc": "2026-07-23T02:22:48.893Z", "status": "ok", "reasons": ["current_change"]}
POWER_MONITOR_RECORD {"timestamp_utc": "2026-07-23T02:22:51.904Z", "status": "ok", "reasons": ["current_change"]}
POWER_MONITOR_RECORD {"timestamp_utc": "2026-07-23T02:22:53.909Z", "status": "ok", "reasons": ["current_change"]}
POWER_MONITOR_RECORD {"timestamp_utc": "2026-07-23T02:22:58.935Z", "status": "ok", "reasons": ["current_change"]}
POWER_MONITOR_RECORD {"timestamp_utc": "2026-07-23T02:22:59.942Z", "status": "ok", "reasons": ["current_change"]}
POWER_MONITOR_RECORD {"timestamp_utc": "2026-07-23T02:23:02.960Z", "status": "ok", "reasons": ["current_change"]}
POWER_MONITOR_RECORD {"timestamp_utc": "2026-07-23T02:23:04.972Z", "status": "ok", "reasons": ["current_change"]}
POWER_MONITOR_RECORD {"timestamp_utc": "2026-07-23T02:23:05.978Z", "status": "ok", "reasons": ["current_change"]}
POWER_MONITOR_RECORD {"timestamp_utc": "2026-07-23T02:23:10.002Z", "status": "ok", "reasons": ["current_change"]}
POWER_MONITOR_RECORD {"timestamp_utc": "2026-07-23T02:23:11.011Z", "status": "ok", "reasons": ["current_change"]}
POWER_MONITOR_RECORD {"timestamp_utc": "2026-07-23T02:23:13.023Z", "status": "ok", "reasons": ["current_change"]}
POWER_MONITOR_RECORD {"timestamp_utc": "2026-07-23T02:23:15.035Z", "status": "ok", "reasons": ["current_change"]}
POWER_MONITOR_RECORD {"timestamp_utc": "2026-07-23T02:23:18.062Z", "status": "ok", "reasons": ["current_change"]}
POWER_MONITOR_RECORD {"timestamp_utc": "2026-07-23T02:23:20.074Z", "status": "ok", "reasons": ["current_change"]}
POWER_MONITOR_RECORD {"timestamp_utc": "2026-07-23T02:23:25.105Z", "status": "ok", "reasons": ["current_change"]}
POWER_MONITOR_RECORD {"timestamp_utc": "2026-07-23T02:24:25.434Z", "status": "ok", "reasons": ["heartbeat"]}
POWER_MONITOR_RECORD {"timestamp_utc": "2026-07-23T02:25:25.760Z", "status": "ok", "reasons": ["heartbeat"]}
POWER_MONITOR_RECORD {"timestamp_utc": "2026-07-23T02:26:05.975Z", "status": "ok", "reasons": ["current_change", "power_change", "heater_off"]}
POWER_MONITOR_RECORD {"timestamp_utc": "2026-07-23T02:26:44.194Z", "status": "ok", "reasons": ["current_change", "power_change", "heater_on"]}
POWER_MONITOR_RECORD {"timestamp_utc": "2026-07-23T02:26:48.218Z", "status": "ok", "reasons": ["current_change"]}
POWER_MONITOR_RECORD {"timestamp_utc": "2026-07-23T02:26:52.231Z", "status": "ok", "reasons": ["current_change"]}
POWER_MONITOR_RECORD {"timestamp_utc": "2026-07-23T02:27:14.351Z", "status": "ok", "reasons": ["current_change"]}
POWER_MONITOR_RECORD {"timestamp_utc": "2026-07-23T02:27:17.369Z", "status": "ok", "reasons": ["current_change"]}
POWER_MONITOR_RECORD {"timestamp_utc": "2026-07-23T02:27:18.376Z", "status": "ok", "reasons": ["current_change"]}
POWER_MONITOR_RECORD {"timestamp_utc": "2026-07-23T02:27:20.388Z", "status": "ok", "reasons": ["current_change"]}
POWER_MONITOR_RECORD {"timestamp_utc": "2026-07-23T02:27:24.412Z", "status": "ok", "reasons": ["current_change"]}
POWER_MONITOR_RECORD {"timestamp_utc": "2026-07-23T02:27:25.418Z", "status": "ok", "reasons": ["current_change"]}
POWER_MONITOR_RECORD {"timestamp_utc": "2026-07-23T02:27:27.432Z", "status": "ok", "reasons": ["current_change"]}
POWER_MONITOR_RECORD {"timestamp_utc": "2026-07-23T02:27:29.444Z", "status": "ok", "reasons": ["current_change"]}
POWER_MONITOR_RECORD {"timestamp_utc": "2026-07-23T02:27:31.456Z", "status": "ok", "reasons": ["current_change"]}
POWER_MONITOR_RECORD {"timestamp_utc": "2026-07-23T02:27:36.486Z", "status": "ok", "reasons": ["current_change"]}
POWER_MONITOR_RECORD {"timestamp_utc": "2026-07-23T02:27:37.494Z", "status": "ok", "reasons": ["current_change"]}
POWER_MONITOR_RECORD {"timestamp_utc": "2026-07-23T02:27:47.552Z", "status": "ok", "reasons": ["current_change", "power_change"]}
POWER_MONITOR_RECORD {"timestamp_utc": "2026-07-23T02:27:48.559Z", "status": "ok", "reasons": ["current_change", "power_change"]}
POWER_MONITOR_RECORD {"timestamp_utc": "2026-07-23T02:27:49.565Z", "status": "ok", "reasons": ["current_change", "power_change"]}
POWER_MONITOR_RECORD {"timestamp_utc": "2026-07-23T02:27:51.570Z", "status": "ok", "reasons": ["current_change"]}
POWER_MONITOR_RECORD {"timestamp_utc": "2026-07-23T02:27:53.575Z", "status": "ok", "reasons": ["current_change"]}
POWER_MONITOR_RECORD {"timestamp_utc": "2026-07-23T02:27:54.578Z", "status": "ok", "reasons": ["current_change"]}
POWER_MONITOR_RECORD {"timestamp_utc": "2026-07-23T02:27:55.584Z", "status": "ok", "reasons": ["current_change"]}
POWER_MONITOR_RECORD {"timestamp_utc": "2026-07-23T02:27:58.602Z", "status": "ok", "reasons": ["current_change"]}
POWER_MONITOR_RECORD {"timestamp_utc": "2026-07-23T02:28:00.616Z", "status": "ok", "reasons": ["current_change"]}
POWER_MONITOR_RECORD {"timestamp_utc": "2026-07-23T02:28:01.623Z", "status": "ok", "reasons": ["current_change"]}
POWER_MONITOR_RECORD {"timestamp_utc": "2026-07-23T02:28:02.629Z", "status": "ok", "reasons": ["current_change"]}
POWER_MONITOR_RECORD {"timestamp_utc": "2026-07-23T02:28:03.636Z", "status": "ok", "reasons": ["current_change"]}
POWER_MONITOR_RECORD {"timestamp_utc": "2026-07-23T02:28:04.643Z", "status": "ok", "reasons": ["current_change", "power_change"]}
POWER_MONITOR_RECORD {"timestamp_utc": "2026-07-23T02:28:05.650Z", "status": "ok", "reasons": ["current_change"]}
POWER_MONITOR_RECORD {"timestamp_utc": "2026-07-23T02:28:06.656Z", "status": "ok", "reasons": ["current_change"]}
POWER_MONITOR_RECORD {"timestamp_utc": "2026-07-23T02:28:07.663Z", "status": "ok", "reasons": ["current_change"]}
POWER_MONITOR_RECORD {"timestamp_utc": "2026-07-23T02:28:08.669Z", "status": "ok", "reasons": ["current_change"]}
POWER_MONITOR_RECORD {"timestamp_utc": "2026-07-23T02:28:10.683Z", "status": "ok", "reasons": ["current_change"]}
POWER_MONITOR_RECORD {"timestamp_utc": "2026-07-23T02:28:11.689Z", "status": "ok", "reasons": ["current_change"]}
POWER_MONITOR_RECORD {"timestamp_utc": "2026-07-23T02:28:12.696Z", "status": "ok", "reasons": ["current_change"]}
POWER_MONITOR_RECORD {"timestamp_utc": "2026-07-23T02:28:13.702Z", "status": "ok", "reasons": ["current_change"]}
POWER_MONITOR_RECORD {"timestamp_utc": "2026-07-23T02:28:14.710Z", "status": "ok", "reasons": ["current_change"]}
POWER_MONITOR_RECORD {"timestamp_utc": "2026-07-23T02:28:15.716Z", "status": "ok", "reasons": ["current_change"]}
POWER_MONITOR_RECORD {"timestamp_utc": "2026-07-23T02:28:16.722Z", "status": "ok", "reasons": ["current_change"]}
POWER_MONITOR_RECORD {"timestamp_utc": "2026-07-23T02:28:17.729Z", "status": "ok", "reasons": ["current_change"]}
POWER_MONITOR_RECORD {"timestamp_utc": "2026-07-23T02:28:19.741Z", "status": "ok", "reasons": ["current_change"]}
POWER_MONITOR_RECORD {"timestamp_utc": "2026-07-23T02:28:20.748Z", "status": "ok", "reasons": ["current_change"]}
POWER_MONITOR_RECORD {"timestamp_utc": "2026-07-23T02:28:21.754Z", "status": "ok", "reasons": ["current_change"]}
POWER_MONITOR_RECORD {"timestamp_utc": "2026-07-23T02:28:22.761Z", "status": "ok", "reasons": ["current_change"]}
POWER_MONITOR_RECORD {"timestamp_utc": "2026-07-23T02:28:28.796Z", "status": "ok", "reasons": ["current_change"]}
POWER_MONITOR_RECORD {"timestamp_utc": "2026-07-23T02:28:35.837Z", "status": "ok", "reasons": ["current_change"]}
POWER_MONITOR_RECORD {"timestamp_utc": "2026-07-23T02:28:36.843Z", "status": "ok", "reasons": ["current_change"]}
POWER_MONITOR_RECORD {"timestamp_utc": "2026-07-23T02:28:41.873Z", "status": "ok", "reasons": ["current_change"]}
POWER_MONITOR_RECORD {"timestamp_utc": "2026-07-23T02:28:45.897Z", "status": "ok", "reasons": ["current_change"]}
POWER_MONITOR_RECORD {"timestamp_utc": "2026-07-23T02:28:47.909Z", "status": "ok", "reasons": ["current_change"]}
POWER_MONITOR_RECORD {"timestamp_utc": "2026-07-23T02:28:48.916Z", "status": "ok", "reasons": ["current_change"]}
POWER_MONITOR_RECORD {"timestamp_utc": "2026-07-23T02:28:49.922Z", "status": "ok", "reasons": ["current_change"]}
POWER_MONITOR_RECORD {"timestamp_utc": "2026-07-23T02:28:50.925Z", "status": "ok", "reasons": ["current_change"]}
POWER_MONITOR_RECORD {"timestamp_utc": "2026-07-23T02:28:51.928Z", "status": "ok", "reasons": ["current_change"]}
POWER_MONITOR_RECORD {"timestamp_utc": "2026-07-23T02:28:53.933Z", "status": "ok", "reasons": ["current_change"]}
POWER_MONITOR_RECORD {"timestamp_utc": "2026-07-23T02:28:54.935Z", "status": "ok", "reasons": ["current_change"]}
POWER_MONITOR_RECORD {"timestamp_utc": "2026-07-23T02:28:56.947Z", "status": "ok", "reasons": ["current_change"]}
POWER_MONITOR_RECORD {"timestamp_utc": "2026-07-23T02:28:57.954Z", "status": "ok", "reasons": ["current_change"]}
POWER_MONITOR_RECORD {"timestamp_utc": "2026-07-23T02:29:01.977Z", "status": "ok", "reasons": ["current_change"]}
POWER_MONITOR_RECORD {"timestamp_utc": "2026-07-23T02:29:02.984Z", "status": "ok", "reasons": ["current_change"]}
POWER_MONITOR_RECORD {"timestamp_utc": "2026-07-23T02:29:08.013Z", "status": "ok", "reasons": ["current_change"]}
POWER_MONITOR_RECORD {"timestamp_utc": "2026-07-23T02:29:09.020Z", "status": "ok", "reasons": ["current_change"]}
POWER_MONITOR_RECORD {"timestamp_utc": "2026-07-23T02:29:11.032Z", "status": "ok", "reasons": ["current_change"]}
POWER_MONITOR_RECORD {"timestamp_utc": "2026-07-23T02:29:12.038Z", "status": "ok", "reasons": ["current_change"]}
POWER_MONITOR_RECORD {"timestamp_utc": "2026-07-23T02:29:14.050Z", "status": "ok", "reasons": ["current_change"]}
POWER_MONITOR_RECORD {"timestamp_utc": "2026-07-23T02:29:15.057Z", "status": "ok", "reasons": ["current_change"]}
POWER_MONITOR_RECORD {"timestamp_utc": "2026-07-23T02:29:17.069Z", "status": "ok", "reasons": ["current_change"]}
POWER_MONITOR_RECORD {"timestamp_utc": "2026-07-23T02:29:19.081Z", "status": "ok", "reasons": ["current_change"]}
POWER_MONITOR_RECORD {"timestamp_utc": "2026-07-23T02:29:21.095Z", "status": "ok", "reasons": ["current_change"]}
POWER_MONITOR_RECORD {"timestamp_utc": "2026-07-23T02:29:22.102Z", "status": "ok", "reasons": ["current_change"]}
POWER_MONITOR_RECORD {"timestamp_utc": "2026-07-23T02:29:23.108Z", "status": "ok", "reasons": ["current_change"]}
POWER_MONITOR_RECORD {"timestamp_utc": "2026-07-23T02:29:24.115Z", "status": "ok", "reasons": ["current_change"]}
POWER_MONITOR_RECORD {"timestamp_utc": "2026-07-23T02:29:25.123Z", "status": "ok", "reasons": ["current_change"]}
POWER_MONITOR_RECORD {"timestamp_utc": "2026-07-23T02:29:26.129Z", "status": "ok", "reasons": ["current_change"]}
POWER_MONITOR_RECORD {"timestamp_utc": "2026-07-23T02:29:29.147Z", "status": "ok", "reasons": ["current_change"]}
POWER_MONITOR_RECORD {"timestamp_utc": "2026-07-23T02:29:30.155Z", "status": "ok", "reasons": ["current_change"]}
POWER_MONITOR_RECORD {"timestamp_utc": "2026-07-23T02:29:36.190Z", "status": "ok", "reasons": ["current_change"]}
POWER_MONITOR_RECORD {"timestamp_utc": "2026-07-23T02:29:38.202Z", "status": "ok", "reasons": ["current_change"]}
POWER_MONITOR_RECORD {"timestamp_utc": "2026-07-23T02:29:41.220Z", "status": "ok", "reasons": ["current_change"]}
POWER_MONITOR_RECORD {"timestamp_utc": "2026-07-23T02:29:46.252Z", "status": "ok", "reasons": ["current_change"]}
POWER_MONITOR_RECORD {"timestamp_utc": "2026-07-23T02:29:57.301Z", "status": "ok", "reasons": ["current_change"]}
POWER_MONITOR_RECORD {"timestamp_utc": "2026-07-23T02:30:03.336Z", "status": "ok", "reasons": ["current_change"]}
POWER_MONITOR_RECORD {"timestamp_utc": "2026-07-23T02:30:05.349Z", "status": "ok", "reasons": ["current_change"]}
POWER_MONITOR_RECORD {"timestamp_utc": "2026-07-23T02:30:15.406Z", "status": "ok", "reasons": ["current_change"]}
POWER_MONITOR_RECORD {"timestamp_utc": "2026-07-23T02:30:47.590Z", "status": "ok", "reasons": ["current_change"]}
POWER_MONITOR_RECORD {"timestamp_utc": "2026-07-23T02:30:48.597Z", "status": "ok", "reasons": ["current_change"]}
POWER_MONITOR_RECORD {"timestamp_utc": "2026-07-23T02:30:55.620Z", "status": "ok", "reasons": ["current_change"]}
POWER_MONITOR_RECORD {"timestamp_utc": "2026-07-23T02:31:00.650Z", "status": "ok", "reasons": ["current_change"]}
POWER_MONITOR_RECORD {"timestamp_utc": "2026-07-23T02:31:26.801Z", "status": "ok", "reasons": ["current_change"]}
POWER_MONITOR_RECORD {"timestamp_utc": "2026-07-23T02:31:43.900Z", "status": "ok", "reasons": ["current_change", "power_change"]}
POWER_MONITOR_RECORD {"timestamp_utc": "2026-07-23T02:31:49.935Z", "status": "ok", "reasons": ["current_change"]}
POWER_MONITOR_RECORD {"timestamp_utc": "2026-07-23T02:31:51.940Z", "status": "ok", "reasons": ["current_change"]}
POWER_MONITOR_RECORD {"timestamp_utc": "2026-07-23T02:31:53.945Z", "status": "ok", "reasons": ["current_change"]}
POWER_MONITOR_RECORD {"timestamp_utc": "2026-07-23T02:31:55.954Z", "status": "ok", "reasons": ["current_change"]}
POWER_MONITOR_RECORD {"timestamp_utc": "2026-07-23T02:31:59.977Z", "status": "ok", "reasons": ["current_change"]}
POWER_MONITOR_RECORD {"timestamp_utc": "2026-07-23T02:32:01.990Z", "status": "ok", "reasons": ["current_change"]}
POWER_MONITOR_RECORD {"timestamp_utc": "2026-07-23T02:32:04.002Z", "status": "ok", "reasons": ["current_change"]}
POWER_MONITOR_RECORD {"timestamp_utc": "2026-07-23T02:32:07.020Z", "status": "ok", "reasons": ["current_change"]}
POWER_MONITOR_RECORD {"timestamp_utc": "2026-07-23T02:32:13.056Z", "status": "ok", "reasons": ["current_change"]}
POWER_MONITOR_RECORD {"timestamp_utc": "2026-07-23T02:32:15.071Z", "status": "ok", "reasons": ["current_change"]}
POWER_MONITOR_RECORD {"timestamp_utc": "2026-07-23T02:32:16.077Z", "status": "ok", "reasons": ["current_change"]}
POWER_MONITOR_RECORD {"timestamp_utc": "2026-07-23T02:32:18.090Z", "status": "ok", "reasons": ["current_change"]}
POWER_MONITOR_RECORD {"timestamp_utc": "2026-07-23T02:32:19.098Z", "status": "ok", "reasons": ["current_change"]}
POWER_MONITOR_RECORD {"timestamp_utc": "2026-07-23T02:32:22.116Z", "status": "ok", "reasons": ["current_change"]}
POWER_MONITOR_RECORD {"timestamp_utc": "2026-07-23T02:32:24.128Z", "status": "ok", "reasons": ["current_change"]}
POWER_MONITOR_RECORD {"timestamp_utc": "2026-07-23T02:32:27.146Z", "status": "ok", "reasons": ["current_change"]}
POWER_MONITOR_RECORD {"timestamp_utc": "2026-07-23T02:32:31.169Z", "status": "ok", "reasons": ["current_change"]}
POWER_MONITOR_RECORD {"timestamp_utc": "2026-07-23T02:32:42.233Z", "status": "ok", "reasons": ["current_change"]}
POWER_MONITOR_RECORD {"timestamp_utc": "2026-07-23T02:32:44.245Z", "status": "ok", "reasons": ["current_change"]}
POWER_MONITOR_RECORD {"timestamp_utc": "2026-07-23T02:32:45.252Z", "status": "ok", "reasons": ["current_change"]}
POWER_MONITOR_RECORD {"timestamp_utc": "2026-07-23T02:33:12.390Z", "status": "ok", "reasons": ["current_change"]}
POWER_MONITOR_RECORD {"timestamp_utc": "2026-07-23T02:34:03.665Z", "status": "ok", "reasons": ["current_change"]}
POWER_MONITOR_RECORD {"timestamp_utc": "2026-07-23T02:34:15.734Z", "status": "ok", "reasons": ["current_change"]}
POWER_MONITOR_RECORD {"timestamp_utc": "2026-07-23T02:35:01.981Z", "status": "ok", "reasons": ["current_change"]}
POWER_MONITOR_RECORD {"timestamp_utc": "2026-07-23T02:35:02.988Z", "status": "ok", "reasons": ["current_change"]}
POWER_MONITOR_RECORD {"timestamp_utc": "2026-07-23T02:35:13.045Z", "status": "ok", "reasons": ["current_change", "power_change", "heater_off"]}
POWER_MONITOR_RECORD {"timestamp_utc": "2026-07-23T02:36:13.372Z", "status": "ok", "reasons": ["heartbeat"]}
POWER_MONITOR_RECORD {"timestamp_utc": "2026-07-23T02:36:50.580Z", "status": "ok", "reasons": ["current_change", "power_change", "heater_on"]}
POWER_MONITOR_RECORD {"timestamp_utc": "2026-07-23T02:36:54.590Z", "status": "ok", "reasons": ["current_change"]}
POWER_MONITOR_RECORD {"timestamp_utc": "2026-07-23T02:37:02.636Z", "status": "ok", "reasons": ["current_change"]}
POWER_MONITOR_RECORD {"timestamp_utc": "2026-07-23T02:37:20.741Z", "status": "ok", "reasons": ["current_change"]}
POWER_MONITOR_RECORD {"timestamp_utc": "2026-07-23T02:37:21.748Z", "status": "ok", "reasons": ["current_change"]}
POWER_MONITOR_RECORD {"timestamp_utc": "2026-07-23T02:37:23.762Z", "status": "ok", "reasons": ["current_change"]}
POWER_MONITOR_RECORD {"timestamp_utc": "2026-07-23T02:37:30.804Z", "status": "ok", "reasons": ["current_change"]}
POWER_MONITOR_RECORD {"timestamp_utc": "2026-07-23T02:37:36.839Z", "status": "ok", "reasons": ["current_change"]}
POWER_MONITOR_RECORD {"timestamp_utc": "2026-07-23T02:37:37.845Z", "status": "ok", "reasons": ["current_change"]}
POWER_MONITOR_RECORD {"timestamp_utc": "2026-07-23T02:37:41.869Z", "status": "ok", "reasons": ["current_change"]}
POWER_MONITOR_RECORD {"timestamp_utc": "2026-07-23T02:37:47.907Z", "status": "ok", "reasons": ["current_change"]}
POWER_MONITOR_RECORD {"timestamp_utc": "2026-07-23T02:37:49.919Z", "status": "ok", "reasons": ["current_change"]}
POWER_MONITOR_RECORD {"timestamp_utc": "2026-07-23T02:37:51.924Z", "status": "ok", "reasons": ["current_change"]}
POWER_MONITOR_RECORD {"timestamp_utc": "2026-07-23T02:37:53.929Z", "status": "ok", "reasons": ["current_change", "power_change"]}
POWER_MONITOR_RECORD {"timestamp_utc": "2026-07-23T02:37:54.932Z", "status": "ok", "reasons": ["current_change", "power_change"]}
POWER_MONITOR_RECORD {"timestamp_utc": "2026-07-23T02:37:55.938Z", "status": "ok", "reasons": ["current_change", "power_change"]}
POWER_MONITOR_RECORD {"timestamp_utc": "2026-07-23T02:37:56.945Z", "status": "ok", "reasons": ["current_change"]}
POWER_MONITOR_RECORD {"timestamp_utc": "2026-07-23T02:37:57.951Z", "status": "ok", "reasons": ["current_change"]}
POWER_MONITOR_RECORD {"timestamp_utc": "2026-07-23T02:37:58.958Z", "status": "ok", "reasons": ["current_change"]}
POWER_MONITOR_RECORD {"timestamp_utc": "2026-07-23T02:37:59.967Z", "status": "ok", "reasons": ["current_change"]}
POWER_MONITOR_RECORD {"timestamp_utc": "2026-07-23T02:38:03.991Z", "status": "ok", "reasons": ["current_change"]}
POWER_MONITOR_RECORD {"timestamp_utc": "2026-07-23T02:38:04.998Z", "status": "ok", "reasons": ["current_change"]}
POWER_MONITOR_RECORD {"timestamp_utc": "2026-07-23T02:38:07.011Z", "status": "ok", "reasons": ["current_change"]}
POWER_MONITOR_RECORD {"timestamp_utc": "2026-07-23T02:38:08.017Z", "status": "ok", "reasons": ["current_change"]}
POWER_MONITOR_RECORD {"timestamp_utc": "2026-07-23T02:38:09.024Z", "status": "ok", "reasons": ["current_change"]}
POWER_MONITOR_RECORD {"timestamp_utc": "2026-07-23T02:38:10.032Z", "status": "ok", "reasons": ["current_change"]}
POWER_MONITOR_RECORD {"timestamp_utc": "2026-07-23T02:38:11.038Z", "status": "ok", "reasons": ["current_change"]}
POWER_MONITOR_RECORD {"timestamp_utc": "2026-07-23T02:38:13.050Z", "status": "ok", "reasons": ["current_change"]}
POWER_MONITOR_RECORD {"timestamp_utc": "2026-07-23T02:38:14.057Z", "status": "ok", "reasons": ["current_change"]}
POWER_MONITOR_RECORD {"timestamp_utc": "2026-07-23T02:38:16.071Z", "status": "ok", "reasons": ["current_change"]}
POWER_MONITOR_RECORD {"timestamp_utc": "2026-07-23T02:38:18.083Z", "status": "ok", "reasons": ["current_change"]}
POWER_MONITOR_RECORD {"timestamp_utc": "2026-07-23T02:38:19.089Z", "status": "ok", "reasons": ["current_change"]}
POWER_MONITOR_RECORD {"timestamp_utc": "2026-07-23T02:38:21.106Z", "status": "ok", "reasons": ["current_change"]}
POWER_MONITOR_RECORD {"timestamp_utc": "2026-07-23T02:38:22.112Z", "status": "ok", "reasons": ["current_change"]}
POWER_MONITOR_RECORD {"timestamp_utc": "2026-07-23T02:38:23.118Z", "status": "ok", "reasons": ["current_change"]}
POWER_MONITOR_RECORD {"timestamp_utc": "2026-07-23T02:38:24.125Z", "status": "ok", "reasons": ["current_change"]}
POWER_MONITOR_RECORD {"timestamp_utc": "2026-07-23T02:38:25.133Z", "status": "ok", "reasons": ["current_change"]}
POWER_MONITOR_RECORD {"timestamp_utc": "2026-07-23T02:38:27.145Z", "status": "ok", "reasons": ["current_change"]}
POWER_MONITOR_RECORD {"timestamp_utc": "2026-07-23T02:38:32.175Z", "status": "ok", "reasons": ["current_change"]}
POWER_MONITOR_RECORD {"timestamp_utc": "2026-07-23T02:38:37.204Z", "status": "ok", "reasons": ["current_change"]}
POWER_MONITOR_RECORD {"timestamp_utc": "2026-07-23T02:38:38.212Z", "status": "ok", "reasons": ["current_change"]}
POWER_MONITOR_RECORD {"timestamp_utc": "2026-07-23T02:38:41.230Z", "status": "ok", "reasons": ["current_change"]}
POWER_MONITOR_RECORD {"timestamp_utc": "2026-07-23T02:38:46.260Z", "status": "ok", "reasons": ["current_change"]}
POWER_MONITOR_RECORD {"timestamp_utc": "2026-07-23T02:38:53.287Z", "status": "ok", "reasons": ["current_change"]}
POWER_MONITOR_RECORD {"timestamp_utc": "2026-07-23T02:38:54.290Z", "status": "ok", "reasons": ["current_change", "power_change"]}
POWER_MONITOR_RECORD {"timestamp_utc": "2026-07-23T02:38:55.296Z", "status": "ok", "reasons": ["current_change"]}
POWER_MONITOR_RECORD {"timestamp_utc": "2026-07-23T02:38:57.309Z", "status": "ok", "reasons": ["current_change"]}
POWER_MONITOR_RECORD {"timestamp_utc": "2026-07-23T02:38:58.315Z", "status": "ok", "reasons": ["current_change"]}
POWER_MONITOR_RECORD {"timestamp_utc": "2026-07-23T02:38:59.323Z", "status": "ok", "reasons": ["current_change"]}
POWER_MONITOR_RECORD {"timestamp_utc": "2026-07-23T02:39:02.342Z", "status": "ok", "reasons": ["current_change"]}
POWER_MONITOR_RECORD {"timestamp_utc": "2026-07-23T02:39:04.354Z", "status": "ok", "reasons": ["current_change"]}
POWER_MONITOR_RECORD {"timestamp_utc": "2026-07-23T02:39:10.389Z", "status": "ok", "reasons": ["current_change"]}
POWER_MONITOR_RECORD {"timestamp_utc": "2026-07-23T02:39:11.396Z", "status": "ok", "reasons": ["current_change"]}
POWER_MONITOR_RECORD {"timestamp_utc": "2026-07-23T02:39:18.437Z", "status": "ok", "reasons": ["current_change"]}
POWER_MONITOR_RECORD {"timestamp_utc": "2026-07-23T02:39:21.455Z", "status": "ok", "reasons": ["current_change"]}
POWER_MONITOR_RECORD {"timestamp_utc": "2026-07-23T02:39:22.461Z", "status": "ok", "reasons": ["current_change"]}
POWER_MONITOR_RECORD {"timestamp_utc": "2026-07-23T02:39:29.502Z", "status": "ok", "reasons": ["current_change"]}
POWER_MONITOR_RECORD {"timestamp_utc": "2026-07-23T02:39:30.509Z", "status": "ok", "reasons": ["current_change"]}
POWER_MONITOR_RECORD {"timestamp_utc": "2026-07-23T02:39:35.538Z", "status": "ok", "reasons": ["current_change"]}
POWER_MONITOR_RECORD {"timestamp_utc": "2026-07-23T02:39:36.545Z", "status": "ok", "reasons": ["current_change"]}
POWER_MONITOR_RECORD {"timestamp_utc": "2026-07-23T02:39:42.580Z", "status": "ok", "reasons": ["current_change"]}
POWER_MONITOR_RECORD {"timestamp_utc": "2026-07-23T02:39:44.592Z", "status": "ok", "reasons": ["current_change"]}
POWER_MONITOR_RECORD {"timestamp_utc": "2026-07-23T02:39:50.624Z", "status": "ok", "reasons": ["current_change"]}
POWER_MONITOR_RECORD {"timestamp_utc": "2026-07-23T02:39:51.627Z", "status": "ok", "reasons": ["current_change"]}
POWER_MONITOR_RECORD {"timestamp_utc": "2026-07-23T02:39:53.632Z", "status": "ok", "reasons": ["current_change"]}
POWER_MONITOR_RECORD {"timestamp_utc": "2026-07-23T02:39:57.652Z", "status": "ok", "reasons": ["current_change"]}
POWER_MONITOR_RECORD {"timestamp_utc": "2026-07-23T02:39:59.664Z", "status": "ok", "reasons": ["current_change"]}
POWER_MONITOR_RECORD {"timestamp_utc": "2026-07-23T02:40:05.700Z", "status": "ok", "reasons": ["current_change"]}
POWER_MONITOR_RECORD {"timestamp_utc": "2026-07-23T02:40:06.706Z", "status": "ok", "reasons": ["current_change"]}
POWER_MONITOR_RECORD {"timestamp_utc": "2026-07-23T02:40:07.713Z", "status": "ok", "reasons": ["current_change"]}
POWER_MONITOR_RECORD {"timestamp_utc": "2026-07-23T02:40:14.753Z", "status": "ok", "reasons": ["current_change"]}
POWER_MONITOR_RECORD {"timestamp_utc": "2026-07-23T02:40:19.783Z", "status": "ok", "reasons": ["current_change"]}
POWER_MONITOR_RECORD {"timestamp_utc": "2026-07-23T02:40:25.820Z", "status": "ok", "reasons": ["current_change"]}
POWER_MONITOR_RECORD {"timestamp_utc": "2026-07-23T02:40:30.849Z", "status": "ok", "reasons": ["current_change"]}
POWER_MONITOR_RECORD {"timestamp_utc": "2026-07-23T02:40:33.869Z", "status": "ok", "reasons": ["current_change"]}
POWER_MONITOR_RECORD {"timestamp_utc": "2026-07-23T02:40:37.893Z", "status": "ok", "reasons": ["current_change"]}
POWER_MONITOR_RECORD {"timestamp_utc": "2026-07-23T02:40:42.922Z", "status": "ok", "reasons": ["current_change"]}
POWER_MONITOR_RECORD {"timestamp_utc": "2026-07-23T02:40:45.942Z", "status": "ok", "reasons": ["current_change"]}
POWER_MONITOR_RECORD {"timestamp_utc": "2026-07-23T02:40:48.960Z", "status": "ok", "reasons": ["current_change"]}
POWER_MONITOR_RECORD {"timestamp_utc": "2026-07-23T02:40:49.966Z", "status": "ok", "reasons": ["current_change"]}
POWER_MONITOR_RECORD {"timestamp_utc": "2026-07-23T02:40:50.969Z", "status": "ok", "reasons": ["current_change"]}
POWER_MONITOR_RECORD {"timestamp_utc": "2026-07-23T02:40:52.974Z", "status": "ok", "reasons": ["current_change"]}
POWER_MONITOR_RECORD {"timestamp_utc": "2026-07-23T02:40:54.979Z", "status": "ok", "reasons": ["current_change"]}
POWER_MONITOR_RECORD {"timestamp_utc": "2026-07-23T02:41:04.032Z", "status": "ok", "reasons": ["current_change"]}
POWER_MONITOR_RECORD {"timestamp_utc": "2026-07-23T02:41:05.039Z", "status": "ok", "reasons": ["current_change"]}
POWER_MONITOR_RECORD {"timestamp_utc": "2026-07-23T02:41:19.119Z", "status": "ok", "reasons": ["current_change"]}
POWER_MONITOR_RECORD {"timestamp_utc": "2026-07-23T02:41:21.132Z", "status": "ok", "reasons": ["current_change"]}
POWER_MONITOR_RECORD {"timestamp_utc": "2026-07-23T02:41:22.138Z", "status": "ok", "reasons": ["current_change"]}
POWER_MONITOR_RECORD {"timestamp_utc": "2026-07-23T02:41:35.213Z", "status": "ok", "reasons": ["voltage_change"]}
POWER_MONITOR_STOPPED {"output_csv": "/home/pi/conformance_testing_team/saved_data/conformance_runs/run_2026_07_23_020120Z/power.csv", "timestamp_utc": "2026-07-23T02:41:38.626Z"}
