2026-07-29 14:27:38,399 INFO  [default] link ACK received: device_information
2026-07-29 14:27:38,527 INFO  [default] message type supported received: 2
2026-07-29 14:27:38,527 INFO  [default] device info response received. response code: 0 - success
2026-07-29 14:27:38,527 INFO  [default]   CTA-2045 version: 00
2026-07-29 14:27:38,527 INFO  [default]   device type: 3 - Water Heater - Heat Pump
2026-07-29 14:27:38,527 INFO  [default]   vendor ID: 4660
2026-07-29 14:27:38,568 INFO  [default] starting commodity service...
2026-07-29 14:27:38,713 INFO  [default] link ACK received: get_commodity
2026-07-29 14:27:38,838 INFO  [default] message type supported received: 2
2026-07-29 14:27:38,838 INFO  [default] commodity response received. response code: 0 - success; count: 3
2026-07-29 14:27:38,838 INFO  [default] commodity code: 0 - Electricity consumed (W & W-hr)
2026-07-29 14:27:38,838 INFO  [default]            source: Estimated
2026-07-29 14:27:38,838 INFO  [default]   cumulative: 9925
2026-07-29 14:27:38,838 INFO  [default]    inst rate: 0
2026-07-29 14:27:38,838 INFO  [default] commodity code: 6 - Total energy storage/take capacity (W-hr)
2026-07-29 14:27:38,838 INFO  [default]            source: Estimated
2026-07-29 14:27:38,838 INFO  [default]   cumulative: 4026
2026-07-29 14:27:38,838 INFO  [default]    inst rate: not used for this commodity code
2026-07-29 14:27:38,838 INFO  [default] commodity code: 7 - Present energy storage/take capacity (W-hr)
2026-07-29 14:27:38,838 INFO  [default]            source: Estimated
2026-07-29 14:27:38,838 INFO  [default]   cumulative: 525
2026-07-29 14:27:38,838 INFO  [default]    inst rate: not used for this commodity code
2026-07-29 14:27:39,022 INFO  [default] link ACK received: query_operational_state
2026-07-29 14:27:39,126 INFO  [default] operational state received: 0

Press Enter for a list of commands
1785360459,o,0 (PASSED!)
outside communication found
2026-07-29 14:27:40,210 INFO  [default] link ACK received: outside_communication
2026-07-29 14:27:40,313 INFO  [default] app ack received
a- Advanced Loadup
c- Critical Peak Event
e- End shed/Normal
g- Grid Emergency
l- Loadup
o- Outside Communication
s- Shed
v- Enable advanced load up capability
x- Disable advanced load up capability
z- Quit and return operation to normal
q- Quit
enter choice: 1785360474,s,0 (PASSED!)
shedding
2026-07-29 14:27:54,425 INFO  [default] link ACK received: shed
2026-07-29 14:27:54,528 INFO  [default] app ack received
2026-07-29 14:28:38,693 INFO  [default] link ACK received: get_commodity
2026-07-29 14:28:38,817 INFO  [default] message type supported received: 2
2026-07-29 14:28:38,817 INFO  [default] commodity response received. response code: 0 - success; count: 3
2026-07-29 14:28:38,818 INFO  [default] commodity code: 0 - Electricity consumed (W & W-hr)
2026-07-29 14:28:38,818 INFO  [default]            source: Estimated
2026-07-29 14:28:38,818 INFO  [default]   cumulative: 9925
2026-07-29 14:28:38,818 INFO  [default]    inst rate: 0
2026-07-29 14:28:38,818 INFO  [default] commodity code: 6 - Total energy storage/take capacity (W-hr)
2026-07-29 14:28:38,818 INFO  [default]            source: Estimated
2026-07-29 14:28:38,819 INFO  [default]   cumulative: 4026
2026-07-29 14:28:38,819 INFO  [default]    inst rate: not used for this commodity code
2026-07-29 14:28:38,819 INFO  [default] commodity code: 7 - Present energy storage/take capacity (W-hr)
2026-07-29 14:28:38,819 INFO  [default]            source: Estimated
2026-07-29 14:28:38,819 INFO  [default]   cumulative: 525
2026-07-29 14:28:38,819 INFO  [default]    inst rate: not used for this commodity code
2026-07-29 14:28:39,002 INFO  [default] link ACK received: query_operational_state
2026-07-29 14:28:39,105 INFO  [default] operational state received: 4

Press Enter for a list of commands
2026-07-29 14:29:39,303 INFO  [default] link ACK received: get_commodity
2026-07-29 14:29:39,428 INFO  [default] message type supported received: 2
2026-07-29 14:29:39,428 INFO  [default] commodity response received. response code: 0 - success; count: 3
2026-07-29 14:29:39,428 INFO  [default] commodity code: 0 - Electricity consumed (W & W-hr)
2026-07-29 14:29:39,428 INFO  [default]            source: Estimated
2026-07-29 14:29:39,429 INFO  [default]   cumulative: 9925
2026-07-29 14:29:39,429 INFO  [default]    inst rate: 0
2026-07-29 14:29:39,429 INFO  [default] commodity code: 6 - Total energy storage/take capacity (W-hr)
2026-07-29 14:29:39,429 INFO  [default]            source: Estimated
2026-07-29 14:29:39,429 INFO  [default]   cumulative: 4026
2026-07-29 14:29:39,429 INFO  [default]    inst rate: not used for this commodity code
2026-07-29 14:29:39,429 INFO  [default] commodity code: 7 - Present energy storage/take capacity (W-hr)
2026-07-29 14:29:39,429 INFO  [default]            source: Estimated
2026-07-29 14:29:39,430 INFO  [default]   cumulative: 525
2026-07-29 14:29:39,430 INFO  [default]    inst rate: not used for this commodity code
2026-07-29 14:29:39,612 INFO  [default] link ACK received: query_operational_state
2026-07-29 14:29:39,715 INFO  [default] operational state received: 4

Press Enter for a list of commands
2026-07-29 14:30:38,916 INFO  [default] link ACK received: get_commodity
2026-07-29 14:30:39,040 INFO  [default] message type supported received: 2
2026-07-29 14:30:39,041 INFO  [default] commodity response received. response code: 0 - success; count: 3
2026-07-29 14:30:39,041 INFO  [default] commodity code: 0 - Electricity consumed (W & W-hr)
2026-07-29 14:30:39,041 INFO  [default]            source: Estimated
2026-07-29 14:30:39,041 INFO  [default]   cumulative: 9925
2026-07-29 14:30:39,042 INFO  [default]    inst rate: 0
2026-07-29 14:30:39,042 INFO  [default] commodity code: 6 - Total energy storage/take capacity (W-hr)
2026-07-29 14:30:39,042 INFO  [default]            source: Estimated
2026-07-29 14:30:39,042 INFO  [default]   cumulative: 4026
2026-07-29 14:30:39,042 INFO  [default]    inst rate: not used for this commodity code
2026-07-29 14:30:39,042 INFO  [default] commodity code: 7 - Present energy storage/take capacity (W-hr)
2026-07-29 14:30:39,042 INFO  [default]            source: Estimated
2026-07-29 14:30:39,042 INFO  [default]   cumulative: 525
2026-07-29 14:30:39,043 INFO  [default]    inst rate: not used for this commodity code
2026-07-29 14:30:39,225 INFO  [default] link ACK received: query_operational_state
2026-07-29 14:30:39,328 INFO  [default] operational state received: 4

Press Enter for a list of commands
1785360639,o,0 (PASSED!)
outside communication found
2026-07-29 14:30:40,413 INFO  [default] link ACK received: outside_communication
2026-07-29 14:30:40,516 INFO  [default] app ack received
1785360654,a,0 (PASSED!)
advanced load up
Creating Advanced Load Up message...
Setting message fields:
Duration: 0
Value: 5
Units: 2
2026-07-29 14:30:54,630 WARN  [default] link NAK received for advanced_load_up. Reason: Request not supported (0x7)
2026-07-29 14:31:38,755 INFO  [default] link ACK received: get_commodity
2026-07-29 14:31:38,880 INFO  [default] message type supported received: 2
2026-07-29 14:31:38,880 INFO  [default] commodity response received. response code: 0 - success; count: 3
2026-07-29 14:31:38,880 INFO  [default] commodity code: 0 - Electricity consumed (W & W-hr)
2026-07-29 14:31:38,880 INFO  [default]            source: Estimated
2026-07-29 14:31:38,881 INFO  [default]   cumulative: 9925
2026-07-29 14:31:38,881 INFO  [default]    inst rate: 0
2026-07-29 14:31:38,881 INFO  [default] commodity code: 6 - Total energy storage/take capacity (W-hr)
2026-07-29 14:31:38,881 INFO  [default]            source: Estimated
2026-07-29 14:31:38,881 INFO  [default]   cumulative: 4026
2026-07-29 14:31:38,881 INFO  [default]    inst rate: not used for this commodity code
2026-07-29 14:31:38,881 INFO  [default] commodity code: 7 - Present energy storage/take capacity (W-hr)
2026-07-29 14:31:38,882 INFO  [default]            source: Estimated
2026-07-29 14:31:38,882 INFO  [default]   cumulative: 525
2026-07-29 14:31:38,882 INFO  [default]    inst rate: not used for this commodity code
2026-07-29 14:31:39,065 INFO  [default] link ACK received: query_operational_state
2026-07-29 14:31:39,168 INFO  [default] operational state received: 4

Press Enter for a list of commands
2026-07-29 14:32:39,367 INFO  [default] link ACK received: get_commodity
2026-07-29 14:32:39,492 INFO  [default] message type supported received: 2
2026-07-29 14:32:39,492 INFO  [default] commodity response received. response code: 0 - success; count: 3
2026-07-29 14:32:39,493 INFO  [default] commodity code: 0 - Electricity consumed (W & W-hr)
2026-07-29 14:32:39,493 INFO  [default]            source: Estimated
2026-07-29 14:32:39,493 INFO  [default]   cumulative: 9925
2026-07-29 14:32:39,493 INFO  [default]    inst rate: 0
2026-07-29 14:32:39,493 INFO  [default] commodity code: 6 - Total energy storage/take capacity (W-hr)
2026-07-29 14:32:39,493 INFO  [default]            source: Estimated
2026-07-29 14:32:39,493 INFO  [default]   cumulative: 4026
2026-07-29 14:32:39,494 INFO  [default]    inst rate: not used for this commodity code
2026-07-29 14:32:39,494 INFO  [default] commodity code: 7 - Present energy storage/take capacity (W-hr)
2026-07-29 14:32:39,494 INFO  [default]            source: Estimated
2026-07-29 14:32:39,494 INFO  [default]   cumulative: 525
2026-07-29 14:32:39,494 INFO  [default]    inst rate: not used for this commodity code
2026-07-29 14:32:39,677 INFO  [default] link ACK received: query_operational_state
2026-07-29 14:32:39,780 INFO  [default] operational state received: 4

Press Enter for a list of commands
2026-07-29 14:33:38,983 INFO  [default] link ACK received: get_commodity
2026-07-29 14:33:39,108 INFO  [default] message type supported received: 2
2026-07-29 14:33:39,108 INFO  [default] commodity response received. response code: 0 - success; count: 3
2026-07-29 14:33:39,109 INFO  [default] commodity code: 0 - Electricity consumed (W & W-hr)
2026-07-29 14:33:39,109 INFO  [default]            source: Estimated
2026-07-29 14:33:39,109 INFO  [default]   cumulative: 9925
2026-07-29 14:33:39,109 INFO  [default]    inst rate: 0
2026-07-29 14:33:39,109 INFO  [default] commodity code: 6 - Total energy storage/take capacity (W-hr)
2026-07-29 14:33:39,109 INFO  [default]            source: Estimated
2026-07-29 14:33:39,110 INFO  [default]   cumulative: 4026
2026-07-29 14:33:39,110 INFO  [default]    inst rate: not used for this commodity code
2026-07-29 14:33:39,110 INFO  [default] commodity code: 7 - Present energy storage/take capacity (W-hr)
2026-07-29 14:33:39,110 INFO  [default]            source: Estimated
2026-07-29 14:33:39,110 INFO  [default]   cumulative: 525
2026-07-29 14:33:39,110 INFO  [default]    inst rate: not used for this commodity code
2026-07-29 14:33:39,293 INFO  [default] link ACK received: query_operational_state
2026-07-29 14:33:39,396 INFO  [default] operational state received: 4

Press Enter for a list of commands
1785360819,o,0 (PASSED!)
outside communication found
2026-07-29 14:33:40,481 INFO  [default] link ACK received: outside_communication
2026-07-29 14:33:40,584 INFO  [default] app ack received
1785360834,e,0 (PASSED!)
2026-07-29 14:33:54,697 INFO  [default] link ACK received: run_normal
2026-07-29 14:33:54,800 INFO  [default] app ack received
endshedding
2026-07-29 14:34:38,969 INFO  [default] link ACK received: get_commodity
2026-07-29 14:34:39,094 INFO  [default] message type supported received: 2
2026-07-29 14:34:39,094 INFO  [default] commodity response received. response code: 0 - success; count: 3
2026-07-29 14:34:39,094 INFO  [default] commodity code: 0 - Electricity consumed (W & W-hr)
2026-07-29 14:34:39,095 INFO  [default]            source: Estimated
2026-07-29 14:34:39,095 INFO  [default]   cumulative: 9925
2026-07-29 14:34:39,095 INFO  [default]    inst rate: 0
2026-07-29 14:34:39,095 INFO  [default] commodity code: 6 - Total energy storage/take capacity (W-hr)
2026-07-29 14:34:39,095 INFO  [default]            source: Estimated
2026-07-29 14:34:39,095 INFO  [default]   cumulative: 4026
2026-07-29 14:34:39,095 INFO  [default]    inst rate: not used for this commodity code
2026-07-29 14:34:39,095 INFO  [default] commodity code: 7 - Present energy storage/take capacity (W-hr)
2026-07-29 14:34:39,096 INFO  [default]            source: Estimated
2026-07-29 14:34:39,096 INFO  [default]   cumulative: 525
2026-07-29 14:34:39,096 INFO  [default]    inst rate: not used for this commodity code
2026-07-29 14:34:39,279 INFO  [default] link ACK received: query_operational_state
2026-07-29 14:34:39,382 INFO  [default] operational state received: 0

Press Enter for a list of commands
1785360939,o,0 (PASSED!)
outside communication found
2026-07-29 14:35:39,583 INFO  [default] link ACK received: outside_communication
2026-07-29 14:35:39,686 INFO  [default] app ack received
2026-07-29 14:35:39,873 INFO  [default] link ACK received: get_commodity
2026-07-29 14:35:39,997 INFO  [default] message type supported received: 2
2026-07-29 14:35:39,998 INFO  [default] commodity response received. response code: 0 - success; count: 3
2026-07-29 14:35:39,998 INFO  [default] commodity code: 0 - Electricity consumed (W & W-hr)
2026-07-29 14:35:39,998 INFO  [default]            source: Estimated
2026-07-29 14:35:39,998 INFO  [default]   cumulative: 9925
2026-07-29 14:35:39,999 INFO  [default]    inst rate: 0
2026-07-29 14:35:39,999 INFO  [default] commodity code: 6 - Total energy storage/take capacity (W-hr)
2026-07-29 14:35:39,999 INFO  [default]            source: Estimated
2026-07-29 14:35:39,999 INFO  [default]   cumulative: 4026
2026-07-29 14:35:39,999 INFO  [default]    inst rate: not used for this commodity code
2026-07-29 14:35:39,999 INFO  [default] commodity code: 7 - Present energy storage/take capacity (W-hr)
2026-07-29 14:35:39,999 INFO  [default]            source: Estimated
2026-07-29 14:35:39,999 INFO  [default]   cumulative: 525
2026-07-29 14:35:40,000 INFO  [default]    inst rate: not used for this commodity code
2026-07-29 14:35:40,182 INFO  [default] link ACK received: query_operational_state
2026-07-29 14:35:40,285 INFO  [default] operational state received: 0

Press Enter for a list of commands
1785360954,l,0 (PASSED!)
loading up
2026-07-29 14:35:54,398 INFO  [default] link ACK received: load_up
2026-07-29 14:35:54,501 INFO  [default] app ack received
2026-07-29 14:36:39,673 INFO  [default] link ACK received: get_commodity
2026-07-29 14:36:39,797 INFO  [default] message type supported received: 2
2026-07-29 14:36:39,797 INFO  [default] commodity response received. response code: 0 - success; count: 3
2026-07-29 14:36:39,798 INFO  [default] commodity code: 0 - Electricity consumed (W & W-hr)
2026-07-29 14:36:39,798 INFO  [default]            source: Estimated
2026-07-29 14:36:39,798 INFO  [default]   cumulative: 9925
2026-07-29 14:36:39,798 INFO  [default]    inst rate: 0
2026-07-29 14:36:39,798 INFO  [default] commodity code: 6 - Total energy storage/take capacity (W-hr)
2026-07-29 14:36:39,798 INFO  [default]            source: Estimated
2026-07-29 14:36:39,799 INFO  [default]   cumulative: 4026
2026-07-29 14:36:39,799 INFO  [default]    inst rate: not used for this commodity code
2026-07-29 14:36:39,799 INFO  [default] commodity code: 7 - Present energy storage/take capacity (W-hr)
2026-07-29 14:36:39,799 INFO  [default]            source: Estimated
2026-07-29 14:36:39,799 INFO  [default]   cumulative: 525
2026-07-29 14:36:39,799 INFO  [default]    inst rate: not used for this commodity code
2026-07-29 14:36:39,982 INFO  [default] link ACK received: query_operational_state
2026-07-29 14:36:40,085 INFO  [default] operational state received: 4

Press Enter for a list of commands
2026-07-29 14:37:39,286 INFO  [default] link ACK received: get_commodity
2026-07-29 14:37:39,410 INFO  [default] message type supported received: 2
2026-07-29 14:37:39,411 INFO  [default] commodity response received. response code: 0 - success; count: 3
2026-07-29 14:37:39,411 INFO  [default] commodity code: 0 - Electricity consumed (W & W-hr)
2026-07-29 14:37:39,411 INFO  [default]            source: Estimated
2026-07-29 14:37:39,411 INFO  [default]   cumulative: 9925
2026-07-29 14:37:39,411 INFO  [default]    inst rate: 0
2026-07-29 14:37:39,412 INFO  [default] commodity code: 6 - Total energy storage/take capacity (W-hr)
2026-07-29 14:37:39,412 INFO  [default]            source: Estimated
2026-07-29 14:37:39,412 INFO  [default]   cumulative: 4026
2026-07-29 14:37:39,412 INFO  [default]    inst rate: not used for this commodity code
2026-07-29 14:37:39,412 INFO  [default] commodity code: 7 - Present energy storage/take capacity (W-hr)
2026-07-29 14:37:39,412 INFO  [default]            source: Estimated
2026-07-29 14:37:39,412 INFO  [default]   cumulative: 525
2026-07-29 14:37:39,413 INFO  [default]    inst rate: not used for this commodity code
2026-07-29 14:37:39,595 INFO  [default] link ACK received: query_operational_state
2026-07-29 14:37:39,698 INFO  [default] operational state received: 4

Press Enter for a list of commands
2026-07-29 14:38:38,897 INFO  [default] link ACK received: get_commodity
2026-07-29 14:38:39,021 INFO  [default] message type supported received: 2
2026-07-29 14:38:39,022 INFO  [default] commodity response received. response code: 0 - success; count: 3
2026-07-29 14:38:39,022 INFO  [default] commodity code: 0 - Electricity consumed (W & W-hr)
2026-07-29 14:38:39,022 INFO  [default]            source: Estimated
2026-07-29 14:38:39,022 INFO  [default]   cumulative: 9925
2026-07-29 14:38:39,022 INFO  [default]    inst rate: 0
2026-07-29 14:38:39,023 INFO  [default] commodity code: 6 - Total energy storage/take capacity (W-hr)
2026-07-29 14:38:39,023 INFO  [default]            source: Estimated
2026-07-29 14:38:39,023 INFO  [default]   cumulative: 4026
2026-07-29 14:38:39,023 INFO  [default]    inst rate: not used for this commodity code
2026-07-29 14:38:39,023 INFO  [default] commodity code: 7 - Present energy storage/take capacity (W-hr)
2026-07-29 14:38:39,023 INFO  [default]            source: Estimated
2026-07-29 14:38:39,023 INFO  [default]   cumulative: 525
2026-07-29 14:38:39,023 INFO  [default]    inst rate: not used for this commodity code
2026-07-29 14:38:39,206 INFO  [default] link ACK received: query_operational_state
2026-07-29 14:38:39,309 INFO  [default] operational state received: 4

Press Enter for a list of commands
2026-07-29 14:39:39,510 INFO  [default] link ACK received: get_commodity
2026-07-29 14:39:39,635 INFO  [default] message type supported received: 2
2026-07-29 14:39:39,635 INFO  [default] commodity response received. response code: 0 - success; count: 3
2026-07-29 14:39:39,635 INFO  [default] commodity code: 0 - Electricity consumed (W & W-hr)
2026-07-29 14:39:39,635 INFO  [default]            source: Estimated
2026-07-29 14:39:39,636 INFO  [default]   cumulative: 9925
2026-07-29 14:39:39,636 INFO  [default]    inst rate: 0
2026-07-29 14:39:39,636 INFO  [default] commodity code: 6 - Total energy storage/take capacity (W-hr)
2026-07-29 14:39:39,636 INFO  [default]            source: Estimated
2026-07-29 14:39:39,636 INFO  [default]   cumulative: 4026
2026-07-29 14:39:39,636 INFO  [default]    inst rate: not used for this commodity code
2026-07-29 14:39:39,636 INFO  [default] commodity code: 7 - Present energy storage/take capacity (W-hr)
2026-07-29 14:39:39,636 INFO  [default]            source: Estimated
2026-07-29 14:39:39,637 INFO  [default]   cumulative: 525
2026-07-29 14:39:39,637 INFO  [default]    inst rate: not used for this commodity code
2026-07-29 14:39:39,819 INFO  [default] link ACK received: query_operational_state
2026-07-29 14:39:39,922 INFO  [default] operational state received: 3

Press Enter for a list of commands
2026-07-29 14:40:39,124 INFO  [default] link ACK received: get_commodity
2026-07-29 14:40:39,248 INFO  [default] message type supported received: 2
2026-07-29 14:40:39,249 INFO  [default] commodity response received. response code: 0 - success; count: 3
2026-07-29 14:40:39,249 INFO  [default] commodity code: 0 - Electricity consumed (W & W-hr)
2026-07-29 14:40:39,249 INFO  [default]            source: Estimated
2026-07-29 14:40:39,249 INFO  [default]   cumulative: 9938
2026-07-29 14:40:39,249 INFO  [default]    inst rate: 800
2026-07-29 14:40:39,250 INFO  [default] commodity code: 6 - Total energy storage/take capacity (W-hr)
2026-07-29 14:40:39,250 INFO  [default]            source: Estimated
2026-07-29 14:40:39,250 INFO  [default]   cumulative: 4026
2026-07-29 14:40:39,250 INFO  [default]    inst rate: not used for this commodity code
2026-07-29 14:40:39,250 INFO  [default] commodity code: 7 - Present energy storage/take capacity (W-hr)
2026-07-29 14:40:39,250 INFO  [default]            source: Estimated
2026-07-29 14:40:39,250 INFO  [default]   cumulative: 825
2026-07-29 14:40:39,251 INFO  [default]    inst rate: not used for this commodity code
2026-07-29 14:40:39,433 INFO  [default] link ACK received: query_operational_state
2026-07-29 14:40:39,536 INFO  [default] operational state received: 3

Press Enter for a list of commands
2026-07-29 14:41:38,740 INFO  [default] link ACK received: get_commodity
2026-07-29 14:41:38,864 INFO  [default] message type supported received: 2
2026-07-29 14:41:38,864 INFO  [default] commodity response received. response code: 0 - success; count: 3
2026-07-29 14:41:38,865 INFO  [default] commodity code: 0 - Electricity consumed (W & W-hr)
2026-07-29 14:41:38,865 INFO  [default]            source: Estimated
2026-07-29 14:41:38,865 INFO  [default]   cumulative: 9951
2026-07-29 14:41:38,865 INFO  [default]    inst rate: 800
2026-07-29 14:41:38,866 INFO  [default] commodity code: 6 - Total energy storage/take capacity (W-hr)
2026-07-29 14:41:38,866 INFO  [default]            source: Estimated
2026-07-29 14:41:38,866 INFO  [default]   cumulative: 4026
2026-07-29 14:41:38,866 INFO  [default]    inst rate: not used for this commodity code
2026-07-29 14:41:38,866 INFO  [default] commodity code: 7 - Present energy storage/take capacity (W-hr)
2026-07-29 14:41:38,866 INFO  [default]            source: Estimated
2026-07-29 14:41:38,866 INFO  [default]   cumulative: 750
2026-07-29 14:41:38,866 INFO  [default]    inst rate: not used for this commodity code
2026-07-29 14:41:39,049 INFO  [default] link ACK received: query_operational_state
2026-07-29 14:41:39,152 INFO  [default] operational state received: 3

Press Enter for a list of commands
1785361299,o,0 (PASSED!)
outside communication found
2026-07-29 14:41:40,237 INFO  [default] link ACK received: outside_communication
2026-07-29 14:41:40,340 INFO  [default] app ack received
1785361314,s,0 (PASSED!)
shedding
2026-07-29 14:41:54,453 INFO  [default] link ACK received: shed
2026-07-29 14:41:54,556 INFO  [default] app ack received
2026-07-29 14:42:38,726 INFO  [default] link ACK received: get_commodity
2026-07-29 14:42:38,850 INFO  [default] message type supported received: 2
2026-07-29 14:42:38,850 INFO  [default] commodity response received. response code: 0 - success; count: 3
2026-07-29 14:42:38,851 INFO  [default] commodity code: 0 - Electricity consumed (W & W-hr)
2026-07-29 14:42:38,851 INFO  [default]            source: Estimated
2026-07-29 14:42:38,851 INFO  [default]   cumulative: 9964
2026-07-29 14:42:38,851 INFO  [default]    inst rate: 800
2026-07-29 14:42:38,851 INFO  [default] commodity code: 6 - Total energy storage/take capacity (W-hr)
2026-07-29 14:42:38,852 INFO  [default]            source: Estimated
2026-07-29 14:42:38,852 INFO  [default]   cumulative: 4026
2026-07-29 14:42:38,852 INFO  [default]    inst rate: not used for this commodity code
2026-07-29 14:42:38,852 INFO  [default] commodity code: 7 - Present energy storage/take capacity (W-hr)
2026-07-29 14:42:38,852 INFO  [default]            source: Estimated
2026-07-29 14:42:38,852 INFO  [default]   cumulative: 525
2026-07-29 14:42:38,852 INFO  [default]    inst rate: not used for this commodity code
2026-07-29 14:42:39,035 INFO  [default] link ACK received: query_operational_state
2026-07-29 14:42:39,138 INFO  [default] operational state received: 4

Press Enter for a list of commands
2026-07-29 14:43:39,342 INFO  [default] link ACK received: get_commodity
2026-07-29 14:43:39,467 INFO  [default] message type supported received: 2
2026-07-29 14:43:39,467 INFO  [default] commodity response received. response code: 0 - success; count: 3
2026-07-29 14:43:39,468 INFO  [default] commodity code: 0 - Electricity consumed (W & W-hr)
2026-07-29 14:43:39,468 INFO  [default]            source: Estimated
2026-07-29 14:43:39,468 INFO  [default]   cumulative: 9964
2026-07-29 14:43:39,468 INFO  [default]    inst rate: 0
2026-07-29 14:43:39,468 INFO  [default] commodity code: 6 - Total energy storage/take capacity (W-hr)
2026-07-29 14:43:39,468 INFO  [default]            source: Estimated
2026-07-29 14:43:39,468 INFO  [default]   cumulative: 4026
2026-07-29 14:43:39,469 INFO  [default]    inst rate: not used for this commodity code
2026-07-29 14:43:39,469 INFO  [default] commodity code: 7 - Present energy storage/take capacity (W-hr)
2026-07-29 14:43:39,469 INFO  [default]            source: Estimated
2026-07-29 14:43:39,469 INFO  [default]   cumulative: 525
2026-07-29 14:43:39,469 INFO  [default]    inst rate: not used for this commodity code
2026-07-29 14:43:39,652 INFO  [default] link ACK received: query_operational_state
2026-07-29 14:43:39,755 INFO  [default] operational state received: 4

Press Enter for a list of commands
2026-07-29 14:44:38,950 INFO  [default] link ACK received: get_commodity
2026-07-29 14:44:39,075 INFO  [default] message type supported received: 2
2026-07-29 14:44:39,075 INFO  [default] commodity response received. response code: 0 - success; count: 3
2026-07-29 14:44:39,076 INFO  [default] commodity code: 0 - Electricity consumed (W & W-hr)
2026-07-29 14:44:39,076 INFO  [default]            source: Estimated
2026-07-29 14:44:39,076 INFO  [default]   cumulative: 9964
2026-07-29 14:44:39,076 INFO  [default]    inst rate: 0
2026-07-29 14:44:39,076 INFO  [default] commodity code: 6 - Total energy storage/take capacity (W-hr)
2026-07-29 14:44:39,076 INFO  [default]            source: Estimated
2026-07-29 14:44:39,076 INFO  [default]   cumulative: 4026
2026-07-29 14:44:39,076 INFO  [default]    inst rate: not used for this commodity code
2026-07-29 14:44:39,077 INFO  [default] commodity code: 7 - Present energy storage/take capacity (W-hr)
2026-07-29 14:44:39,077 INFO  [default]            source: Estimated
2026-07-29 14:44:39,077 INFO  [default]   cumulative: 525
2026-07-29 14:44:39,077 INFO  [default]    inst rate: not used for this commodity code
2026-07-29 14:44:39,260 INFO  [default] link ACK received: query_operational_state
2026-07-29 14:44:39,363 INFO  [default] operational state received: 4

Press Enter for a list of commands
2026-07-29 14:45:39,566 INFO  [default] link ACK received: get_commodity
2026-07-29 14:45:39,690 INFO  [default] message type supported received: 2
2026-07-29 14:45:39,691 INFO  [default] commodity response received. response code: 0 - success; count: 3
2026-07-29 14:45:39,691 INFO  [default] commodity code: 0 - Electricity consumed (W & W-hr)
2026-07-29 14:45:39,691 INFO  [default]            source: Estimated
2026-07-29 14:45:39,691 INFO  [default]   cumulative: 9964
2026-07-29 14:45:39,692 INFO  [default]    inst rate: 0
2026-07-29 14:45:39,692 INFO  [default] commodity code: 6 - Total energy storage/take capacity (W-hr)
2026-07-29 14:45:39,692 INFO  [default]            source: Estimated
2026-07-29 14:45:39,692 INFO  [default]   cumulative: 4026
2026-07-29 14:45:39,692 INFO  [default]    inst rate: not used for this commodity code
2026-07-29 14:45:39,692 INFO  [default] commodity code: 7 - Present energy storage/take capacity (W-hr)
2026-07-29 14:45:39,692 INFO  [default]            source: Estimated
2026-07-29 14:45:39,692 INFO  [default]   cumulative: 975
2026-07-29 14:45:39,693 INFO  [default]    inst rate: not used for this commodity code
2026-07-29 14:45:39,875 INFO  [default] link ACK received: query_operational_state
2026-07-29 14:45:39,978 INFO  [default] operational state received: 4

Press Enter for a list of commands
2026-07-29 14:46:39,179 INFO  [default] link ACK received: get_commodity
2026-07-29 14:46:39,303 INFO  [default] message type supported received: 2
2026-07-29 14:46:39,303 INFO  [default] commodity response received. response code: 0 - success; count: 3
2026-07-29 14:46:39,304 INFO  [default] commodity code: 0 - Electricity consumed (W & W-hr)
2026-07-29 14:46:39,304 INFO  [default]            source: Estimated
2026-07-29 14:46:39,304 INFO  [default]   cumulative: 9964
2026-07-29 14:46:39,304 INFO  [default]    inst rate: 0
2026-07-29 14:46:39,305 INFO  [default] commodity code: 6 - Total energy storage/take capacity (W-hr)
2026-07-29 14:46:39,305 INFO  [default]            source: Estimated
2026-07-29 14:46:39,305 INFO  [default]   cumulative: 4026
2026-07-29 14:46:39,305 INFO  [default]    inst rate: not used for this commodity code
2026-07-29 14:46:39,305 INFO  [default] commodity code: 7 - Present energy storage/take capacity (W-hr)
2026-07-29 14:46:39,305 INFO  [default]            source: Estimated
2026-07-29 14:46:39,305 INFO  [default]   cumulative: 1350
2026-07-29 14:46:39,305 INFO  [default]    inst rate: not used for this commodity code
2026-07-29 14:46:39,488 INFO  [default] link ACK received: query_operational_state
2026-07-29 14:46:39,591 INFO  [default] operational state received: 4

Press Enter for a list of commands
2026-07-29 14:47:38,791 INFO  [default] link ACK received: get_commodity
2026-07-29 14:47:38,915 INFO  [default] message type supported received: 2
2026-07-29 14:47:38,916 INFO  [default] commodity response received. response code: 0 - success; count: 3
2026-07-29 14:47:38,916 INFO  [default] commodity code: 0 - Electricity consumed (W & W-hr)
2026-07-29 14:47:38,916 INFO  [default]            source: Estimated
2026-07-29 14:47:38,916 INFO  [default]   cumulative: 9964
2026-07-29 14:47:38,917 INFO  [default]    inst rate: 0
2026-07-29 14:47:38,917 INFO  [default] commodity code: 6 - Total energy storage/take capacity (W-hr)
2026-07-29 14:47:38,917 INFO  [default]            source: Estimated
2026-07-29 14:47:38,917 INFO  [default]   cumulative: 4026
2026-07-29 14:47:38,917 INFO  [default]    inst rate: not used for this commodity code
2026-07-29 14:47:38,917 INFO  [default] commodity code: 7 - Present energy storage/take capacity (W-hr)
2026-07-29 14:47:38,917 INFO  [default]            source: Estimated
2026-07-29 14:47:38,917 INFO  [default]   cumulative: 1200
2026-07-29 14:47:38,918 INFO  [default]    inst rate: not used for this commodity code
2026-07-29 14:47:39,100 INFO  [default] link ACK received: query_operational_state
2026-07-29 14:47:39,203 INFO  [default] operational state received: 4

Press Enter for a list of commands
1785361719,o,0 (PASSED!)
outside communication found
2026-07-29 14:48:39,407 INFO  [default] link ACK received: outside_communication
2026-07-29 14:48:39,510 INFO  [default] app ack received
2026-07-29 14:48:39,696 INFO  [default] link ACK received: get_commodity
2026-07-29 14:48:39,821 INFO  [default] message type supported received: 2
2026-07-29 14:48:39,821 INFO  [default] commodity response received. response code: 0 - success; count: 3
2026-07-29 14:48:39,822 INFO  [default] commodity code: 0 - Electricity consumed (W & W-hr)
2026-07-29 14:48:39,822 INFO  [default]            source: Estimated
2026-07-29 14:48:39,822 INFO  [default]   cumulative: 9964
2026-07-29 14:48:39,822 INFO  [default]    inst rate: 0
2026-07-29 14:48:39,822 INFO  [default] commodity code: 6 - Total energy storage/take capacity (W-hr)
2026-07-29 14:48:39,822 INFO  [default]            source: Estimated
2026-07-29 14:48:39,822 INFO  [default]   cumulative: 4026
2026-07-29 14:48:39,823 INFO  [default]    inst rate: not used for this commodity code
2026-07-29 14:48:39,823 INFO  [default] commodity code: 7 - Present energy storage/take capacity (W-hr)
2026-07-29 14:48:39,823 INFO  [default]            source: Estimated
2026-07-29 14:48:39,823 INFO  [default]   cumulative: 1050
2026-07-29 14:48:39,823 INFO  [default]    inst rate: not used for this commodity code
2026-07-29 14:48:40,006 INFO  [default] link ACK received: query_operational_state
2026-07-29 14:48:40,109 INFO  [default] operational state received: 2

Press Enter for a list of commands
1785361734,g,0 (PASSED!)
grid emergency
2026-07-29 14:48:54,222 INFO  [default] link ACK received: grid_emergency
2026-07-29 14:48:54,325 INFO  [default] app ack received
2026-07-29 14:49:39,499 INFO  [default] link ACK received: get_commodity
2026-07-29 14:49:39,623 INFO  [default] message type supported received: 2
2026-07-29 14:49:39,624 INFO  [default] commodity response received. response code: 0 - success; count: 3
2026-07-29 14:49:39,624 INFO  [default] commodity code: 0 - Electricity consumed (W & W-hr)
2026-07-29 14:49:39,624 INFO  [default]            source: Estimated
2026-07-29 14:49:39,624 INFO  [default]   cumulative: 9977
2026-07-29 14:49:39,624 INFO  [default]    inst rate: 800
2026-07-29 14:49:39,625 INFO  [default] commodity code: 6 - Total energy storage/take capacity (W-hr)
2026-07-29 14:49:39,625 INFO  [default]            source: Estimated
2026-07-29 14:49:39,625 INFO  [default]   cumulative: 4026
2026-07-29 14:49:39,625 INFO  [default]    inst rate: not used for this commodity code
2026-07-29 14:49:39,625 INFO  [default] commodity code: 7 - Present energy storage/take capacity (W-hr)
2026-07-29 14:49:39,625 INFO  [default]            source: Estimated
2026-07-29 14:49:39,625 INFO  [default]   cumulative: 1050
2026-07-29 14:49:39,626 INFO  [default]    inst rate: not used for this commodity code
2026-07-29 14:49:39,808 INFO  [default] link ACK received: query_operational_state
2026-07-29 14:49:39,911 INFO  [default] operational state received: 2

Press Enter for a list of commands
2026-07-29 14:50:39,107 INFO  [default] link ACK received: get_commodity
2026-07-29 14:50:39,231 INFO  [default] message type supported received: 2
2026-07-29 14:50:39,231 INFO  [default] commodity response received. response code: 0 - success; count: 3
2026-07-29 14:50:39,232 INFO  [default] commodity code: 0 - Electricity consumed (W & W-hr)
2026-07-29 14:50:39,232 INFO  [default]            source: Estimated
2026-07-29 14:50:39,232 INFO  [default]   cumulative: 9990
2026-07-29 14:50:39,232 INFO  [default]    inst rate: 800
2026-07-29 14:50:39,232 INFO  [default] commodity code: 6 - Total energy storage/take capacity (W-hr)
2026-07-29 14:50:39,233 INFO  [default]            source: Estimated
2026-07-29 14:50:39,233 INFO  [default]   cumulative: 4026
2026-07-29 14:50:39,233 INFO  [default]    inst rate: not used for this commodity code
2026-07-29 14:50:39,233 INFO  [default] commodity code: 7 - Present energy storage/take capacity (W-hr)
2026-07-29 14:50:39,233 INFO  [default]            source: Estimated
2026-07-29 14:50:39,233 INFO  [default]   cumulative: 1125
2026-07-29 14:50:39,233 INFO  [default]    inst rate: not used for this commodity code
2026-07-29 14:50:39,416 INFO  [default] link ACK received: query_operational_state
2026-07-29 14:50:39,519 INFO  [default] operational state received: 4

Press Enter for a list of commands
2026-07-29 14:51:38,719 INFO  [default] link ACK received: get_commodity
2026-07-29 14:51:38,844 INFO  [default] message type supported received: 2
2026-07-29 14:51:38,844 INFO  [default] commodity response received. response code: 0 - success; count: 3
2026-07-29 14:51:38,844 INFO  [default] commodity code: 0 - Electricity consumed (W & W-hr)
2026-07-29 14:51:38,844 INFO  [default]            source: Estimated
2026-07-29 14:51:38,845 INFO  [default]   cumulative: 9990
2026-07-29 14:51:38,845 INFO  [default]    inst rate: 0
2026-07-29 14:51:38,845 INFO  [default] commodity code: 6 - Total energy storage/take capacity (W-hr)
2026-07-29 14:51:38,845 INFO  [default]            source: Estimated
2026-07-29 14:51:38,845 INFO  [default]   cumulative: 4026
2026-07-29 14:51:38,845 INFO  [default]    inst rate: not used for this commodity code
2026-07-29 14:51:38,845 INFO  [default] commodity code: 7 - Present energy storage/take capacity (W-hr)
2026-07-29 14:51:38,846 INFO  [default]            source: Estimated
2026-07-29 14:51:38,846 INFO  [default]   cumulative: 1125
2026-07-29 14:51:38,846 INFO  [default]    inst rate: not used for this commodity code
2026-07-29 14:51:39,028 INFO  [default] link ACK received: query_operational_state
2026-07-29 14:51:39,131 INFO  [default] operational state received: 4

Press Enter for a list of commands
1785361959,o,0 (PASSED!)
outside communication found
2026-07-29 14:52:39,331 INFO  [default] link ACK received: outside_communication
2026-07-29 14:52:39,434 INFO  [default] app ack received
2026-07-29 14:52:39,621 INFO  [default] link ACK received: get_commodity
2026-07-29 14:52:39,745 INFO  [default] message type supported received: 2
2026-07-29 14:52:39,745 INFO  [default] commodity response received. response code: 0 - success; count: 3
2026-07-29 14:52:39,746 INFO  [default] commodity code: 0 - Electricity consumed (W & W-hr)
2026-07-29 14:52:39,746 INFO  [default]            source: Estimated
2026-07-29 14:52:39,746 INFO  [default]   cumulative: 9990
2026-07-29 14:52:39,746 INFO  [default]    inst rate: 0
2026-07-29 14:52:39,746 INFO  [default] commodity code: 6 - Total energy storage/take capacity (W-hr)
2026-07-29 14:52:39,746 INFO  [default]            source: Estimated
2026-07-29 14:52:39,747 INFO  [default]   cumulative: 4026
2026-07-29 14:52:39,747 INFO  [default]    inst rate: not used for this commodity code
2026-07-29 14:52:39,747 INFO  [default] commodity code: 7 - Present energy storage/take capacity (W-hr)
2026-07-29 14:52:39,747 INFO  [default]            source: Estimated
2026-07-29 14:52:39,747 INFO  [default]   cumulative: 1200
2026-07-29 14:52:39,747 INFO  [default]    inst rate: not used for this commodity code
2026-07-29 14:52:39,930 INFO  [default] link ACK received: query_operational_state
2026-07-29 14:52:40,033 INFO  [default] operational state received: 4

Press Enter for a list of commands
1785361974,e,0 (PASSED!)
2026-07-29 14:52:54,145 INFO  [default] link ACK received: run_normal
2026-07-29 14:52:54,248 INFO  [default] app ack received
endshedding
2026-07-29 14:53:39,420 INFO  [default] link ACK received: get_commodity
2026-07-29 14:53:39,545 INFO  [default] message type supported received: 2
2026-07-29 14:53:39,545 INFO  [default] commodity response received. response code: 0 - success; count: 3
2026-07-29 14:53:39,545 INFO  [default] commodity code: 0 - Electricity consumed (W & W-hr)
2026-07-29 14:53:39,546 INFO  [default]            source: Estimated
2026-07-29 14:53:39,546 INFO  [default]   cumulative: 9990
2026-07-29 14:53:39,546 INFO  [default]    inst rate: 0
2026-07-29 14:53:39,546 INFO  [default] commodity code: 6 - Total energy storage/take capacity (W-hr)
2026-07-29 14:53:39,546 INFO  [default]            source: Estimated
2026-07-29 14:53:39,546 INFO  [default]   cumulative: 4026
2026-07-29 14:53:39,546 INFO  [default]    inst rate: not used for this commodity code
2026-07-29 14:53:39,546 INFO  [default] commodity code: 7 - Present energy storage/take capacity (W-hr)
2026-07-29 14:53:39,547 INFO  [default]            source: Estimated
2026-07-29 14:53:39,547 INFO  [default]   cumulative: 1200
2026-07-29 14:53:39,547 INFO  [default]    inst rate: not used for this commodity code
2026-07-29 14:53:39,729 INFO  [default] link ACK received: query_operational_state
2026-07-29 14:53:39,832 INFO  [default] operational state received: 0

Press Enter for a list of commands
2026-07-29 14:54:39,027 INFO  [default] link ACK received: get_commodity
2026-07-29 14:54:39,152 INFO  [default] message type supported received: 2
2026-07-29 14:54:39,152 INFO  [default] commodity response received. response code: 0 - success; count: 3
2026-07-29 14:54:39,153 INFO  [default] commodity code: 0 - Electricity consumed (W & W-hr)
2026-07-29 14:54:39,153 INFO  [default]            source: Estimated
2026-07-29 14:54:39,153 INFO  [default]   cumulative: 9990
2026-07-29 14:54:39,153 INFO  [default]    inst rate: 0
2026-07-29 14:54:39,153 INFO  [default] commodity code: 6 - Total energy storage/take capacity (W-hr)
2026-07-29 14:54:39,153 INFO  [default]            source: Estimated
2026-07-29 14:54:39,153 INFO  [default]   cumulative: 4026
2026-07-29 14:54:39,154 INFO  [default]    inst rate: not used for this commodity code
2026-07-29 14:54:39,154 INFO  [default] commodity code: 7 - Present energy storage/take capacity (W-hr)
2026-07-29 14:54:39,154 INFO  [default]            source: Estimated
2026-07-29 14:54:39,154 INFO  [default]   cumulative: 1200
2026-07-29 14:54:39,154 INFO  [default]    inst rate: not used for this commodity code
2026-07-29 14:54:39,337 INFO  [default] link ACK received: query_operational_state
2026-07-29 14:54:39,440 INFO  [default] operational state received: 0

Press Enter for a list of commands
1785362079,o,0 (PASSED!)
outside communication found
2026-07-29 14:54:40,524 INFO  [default] link ACK received: outside_communication
2026-07-29 14:54:40,627 INFO  [default] app ack received
1785362094,c,0 (PASSED!)
critical peak event
2026-07-29 14:54:54,739 INFO  [default] link ACK received: critical_peak
2026-07-29 14:54:54,843 INFO  [default] app ack received
2026-07-29 14:55:39,013 INFO  [default] link ACK received: get_commodity
2026-07-29 14:55:39,137 INFO  [default] message type supported received: 2
2026-07-29 14:55:39,138 INFO  [default] commodity response received. response code: 0 - success; count: 3
2026-07-29 14:55:39,138 INFO  [default] commodity code: 0 - Electricity consumed (W & W-hr)
2026-07-29 14:55:39,138 INFO  [default]            source: Estimated
2026-07-29 14:55:39,138 INFO  [default]   cumulative: 9990
2026-07-29 14:55:39,139 INFO  [default]    inst rate: 0
2026-07-29 14:55:39,139 INFO  [default] commodity code: 6 - Total energy storage/take capacity (W-hr)
2026-07-29 14:55:39,139 INFO  [default]            source: Estimated
2026-07-29 14:55:39,139 INFO  [default]   cumulative: 4026
2026-07-29 14:55:39,139 INFO  [default]    inst rate: not used for this commodity code
2026-07-29 14:55:39,139 INFO  [default] commodity code: 7 - Present energy storage/take capacity (W-hr)
2026-07-29 14:55:39,139 INFO  [default]            source: Estimated
2026-07-29 14:55:39,139 INFO  [default]   cumulative: 1125
2026-07-29 14:55:39,140 INFO  [default]    inst rate: not used for this commodity code
2026-07-29 14:55:39,322 INFO  [default] link ACK received: query_operational_state
2026-07-29 14:55:39,425 INFO  [default] operational state received: 4

Press Enter for a list of commands
2026-07-29 14:56:39,628 INFO  [default] link ACK received: get_commodity
2026-07-29 14:56:39,752 INFO  [default] message type supported received: 2
2026-07-29 14:56:39,752 INFO  [default] commodity response received. response code: 0 - success; count: 3
2026-07-29 14:56:39,753 INFO  [default] commodity code: 0 - Electricity consumed (W & W-hr)
2026-07-29 14:56:39,753 INFO  [default]            source: Estimated
2026-07-29 14:56:39,753 INFO  [default]   cumulative: 10003
2026-07-29 14:56:39,753 INFO  [default]    inst rate: 800
2026-07-29 14:56:39,753 INFO  [default] commodity code: 6 - Total energy storage/take capacity (W-hr)
2026-07-29 14:56:39,754 INFO  [default]            source: Estimated
2026-07-29 14:56:39,754 INFO  [default]   cumulative: 4026
2026-07-29 14:56:39,754 INFO  [default]    inst rate: not used for this commodity code
2026-07-29 14:56:39,754 INFO  [default] commodity code: 7 - Present energy storage/take capacity (W-hr)
2026-07-29 14:56:39,754 INFO  [default]            source: Estimated
2026-07-29 14:56:39,754 INFO  [default]   cumulative: 1050
2026-07-29 14:56:39,754 INFO  [default]    inst rate: not used for this commodity code
2026-07-29 14:56:39,937 INFO  [default] link ACK received: query_operational_state
2026-07-29 14:56:40,040 INFO  [default] operational state received: 2

Press Enter for a list of commands
2026-07-29 14:57:39,244 INFO  [default] link ACK received: get_commodity
2026-07-29 14:57:39,368 INFO  [default] message type supported received: 2
2026-07-29 14:57:39,368 INFO  [default] commodity response received. response code: 0 - success; count: 3
2026-07-29 14:57:39,369 INFO  [default] commodity code: 0 - Electricity consumed (W & W-hr)
2026-07-29 14:57:39,369 INFO  [default]            source: Estimated
2026-07-29 14:57:39,369 INFO  [default]   cumulative: 10016
2026-07-29 14:57:39,369 INFO  [default]    inst rate: 800
2026-07-29 14:57:39,370 INFO  [default] commodity code: 6 - Total energy storage/take capacity (W-hr)
2026-07-29 14:57:39,370 INFO  [default]            source: Estimated
2026-07-29 14:57:39,370 INFO  [default]   cumulative: 4026
2026-07-29 14:57:39,370 INFO  [default]    inst rate: not used for this commodity code
2026-07-29 14:57:39,370 INFO  [default] commodity code: 7 - Present energy storage/take capacity (W-hr)
2026-07-29 14:57:39,370 INFO  [default]            source: Estimated
2026-07-29 14:57:39,370 INFO  [default]   cumulative: 1050
2026-07-29 14:57:39,370 INFO  [default]    inst rate: not used for this commodity code
2026-07-29 14:57:39,553 INFO  [default] link ACK received: query_operational_state
2026-07-29 14:57:39,656 INFO  [default] operational state received: 2

Press Enter for a list of commands
2026-07-29 14:58:38,858 INFO  [default] link ACK received: get_commodity
2026-07-29 14:58:38,982 INFO  [default] message type supported received: 2
2026-07-29 14:58:38,982 INFO  [default] commodity response received. response code: 0 - success; count: 3
2026-07-29 14:58:38,983 INFO  [default] commodity code: 0 - Electricity consumed (W & W-hr)
2026-07-29 14:58:38,983 INFO  [default]            source: Estimated
2026-07-29 14:58:38,983 INFO  [default]   cumulative: 10016
2026-07-29 14:58:38,983 INFO  [default]    inst rate: 800
2026-07-29 14:58:38,983 INFO  [default] commodity code: 6 - Total energy storage/take capacity (W-hr)
2026-07-29 14:58:38,983 INFO  [default]            source: Estimated
2026-07-29 14:58:38,984 INFO  [default]   cumulative: 4026
2026-07-29 14:58:38,984 INFO  [default]    inst rate: not used for this commodity code
2026-07-29 14:58:38,984 INFO  [default] commodity code: 7 - Present energy storage/take capacity (W-hr)
2026-07-29 14:58:38,984 INFO  [default]            source: Estimated
2026-07-29 14:58:38,984 INFO  [default]   cumulative: 975
2026-07-29 14:58:38,984 INFO  [default]    inst rate: not used for this commodity code
2026-07-29 14:58:39,167 INFO  [default] link ACK received: query_operational_state
2026-07-29 14:58:39,270 INFO  [default] operational state received: 2

Press Enter for a list of commands
1785362319,o,0 (PASSED!)
outside communication found
2026-07-29 14:58:40,354 INFO  [default] link ACK received: outside_communication
2026-07-29 14:58:40,457 INFO  [default] app ack received
1785362334,e,0 (PASSED!)
2026-07-29 14:58:54,568 INFO  [default] link ACK received: run_normal
2026-07-29 14:58:54,671 INFO  [default] app ack received
endshedding
2026-07-29 14:59:38,840 INFO  [default] link ACK received: get_commodity
2026-07-29 14:59:38,964 INFO  [default] message type supported received: 2
2026-07-29 14:59:38,964 INFO  [default] commodity response received. response code: 0 - success; count: 3
2026-07-29 14:59:38,965 INFO  [default] commodity code: 0 - Electricity consumed (W & W-hr)
2026-07-29 14:59:38,965 INFO  [default]            source: Estimated
2026-07-29 14:59:38,965 INFO  [default]   cumulative: 10029
2026-07-29 14:59:38,965 INFO  [default]    inst rate: 800
2026-07-29 14:59:38,965 INFO  [default] commodity code: 6 - Total energy storage/take capacity (W-hr)
2026-07-29 14:59:38,966 INFO  [default]            source: Estimated
2026-07-29 14:59:38,966 INFO  [default]   cumulative: 4026
2026-07-29 14:59:38,966 INFO  [default]    inst rate: not used for this commodity code
2026-07-29 14:59:38,966 INFO  [default] commodity code: 7 - Present energy storage/take capacity (W-hr)
2026-07-29 14:59:38,966 INFO  [default]            source: Estimated
2026-07-29 14:59:38,966 INFO  [default]   cumulative: 975
2026-07-29 14:59:38,966 INFO  [default]    inst rate: not used for this commodity code
2026-07-29 14:59:39,149 INFO  [default] link ACK received: query_operational_state
2026-07-29 14:59:39,252 INFO  [default] operational state received: 1

Press Enter for a list of commands
2026-07-29 15:00:39,355 INFO  [default] link ACK received: get_commodity
2026-07-29 15:00:39,479 INFO  [default] message type supported received: 2
2026-07-29 15:00:39,479 INFO  [default] commodity response received. response code: 0 - success; count: 3
2026-07-29 15:00:39,480 INFO  [default] commodity code: 0 - Electricity consumed (W & W-hr)
2026-07-29 15:00:39,480 INFO  [default]            source: Estimated
2026-07-29 15:00:39,480 INFO  [default]   cumulative: 10055
2026-07-29 15:00:39,480 INFO  [default]    inst rate: 800
2026-07-29 15:00:39,480 INFO  [default] commodity code: 6 - Total energy storage/take capacity (W-hr)
2026-07-29 15:00:39,481 INFO  [default]            source: Estimated
2026-07-29 15:00:39,481 INFO  [default]   cumulative: 4026
2026-07-29 15:00:39,481 INFO  [default]    inst rate: not used for this commodity code
2026-07-29 15:00:39,481 INFO  [default] commodity code: 7 - Present energy storage/take capacity (W-hr)
2026-07-29 15:00:39,481 INFO  [default]            source: Estimated
2026-07-29 15:00:39,481 INFO  [default]   cumulative: 975
2026-07-29 15:00:39,481 INFO  [default]    inst rate: not used for this commodity code
2026-07-29 15:00:39,664 INFO  [default] link ACK received: query_operational_state
2026-07-29 15:00:39,767 INFO  [default] operational state received: 1

Press Enter for a list of commands
Returning state to normal...
2026-07-29 15:00:54,082 INFO  [default] link ACK received: run_normal
2026-07-29 15:00:54,185 INFO  [default] app ack received
Loading...
Querying operational state after normal command...
2026-07-29 15:00:56,272 INFO  [default] link ACK received: query_operational_state
2026-07-29 15:00:56,375 INFO  [default] operational state received: 1

Press Enter for a list of commands
