2026-07-23 15:07:19,913 INFO  [default] starting commodity service...
2026-07-23 15:07:20,067 INFO  [default] link ACK received: GET_COMMODITY_REQUEST
2026-07-23 15:07:20,195 INFO  [default] message type supported received: 2
2026-07-23 15:07:20,196 INFO  [default] commodity response received.  count: 3
2026-07-23 15:07:20,196 INFO  [default] commodity data: 0
2026-07-23 15:07:20,196 INFO  [default]   commodity code: 0 - Electricity consumed (W & W-hr)
2026-07-23 15:07:20,196 INFO  [default]            source: Estimated
2026-07-23 15:07:20,196 INFO  [default]   cumulative: 6955
2026-07-23 15:07:20,196 INFO  [default]    inst rate: 800
2026-07-23 15:07:20,196 INFO  [default] commodity data: 1
2026-07-23 15:07:20,196 INFO  [default]   commodity code: 6 - Total energy storage/take capacity (W-hr)
2026-07-23 15:07:20,196 INFO  [default]            source: Estimated
2026-07-23 15:07:20,196 INFO  [default]   cumulative: 4026
2026-07-23 15:07:20,196 INFO  [default]    inst rate: 0
2026-07-23 15:07:20,196 INFO  [default] commodity data: 2
2026-07-23 15:07:20,196 INFO  [default]   commodity code: 7 - Present energy storage/take capacity (W-hr)
2026-07-23 15:07:20,196 INFO  [default]            source: Estimated
2026-07-23 15:07:20,196 INFO  [default]   cumulative: 525
2026-07-23 15:07:20,196 INFO  [default]    inst rate: 0
2026-07-23 15:07:20,387 INFO  [default] link ACK received: BASIC_QUERY_OPERATIONAL_STATE_REQUEST
2026-07-23 15:07:20,483 INFO  [default] operational state received: 1

Press Enter for a list of commands
1784844440,o,0 (PASSED!)
outside communication found
2026-07-23 15:07:21,571 INFO  [default] link ACK received: BASIC_OUTSIDE_COMM_CONNECTION_STATUS_MESSAGE
2026-07-23 15:07:21,683 INFO  [default] app ack received
a- Advanced Loadup
c- Critical Peak Event
e- End shed/Normal
g- Grid Emergency
l- Loadup
o- Outside Communication
s- Shed
v- Enable advanced load up capability
x- Disable advanced load up capability
z- Quit and return operation to normal
q- Quit
enter choice: 1784844455,l,13 (PASSED!)
loading up
2026-07-23 15:07:35,793 INFO  [default] link ACK received: BASIC_LOAD_UP_REQUEST
2026-07-23 15:07:35,905 INFO  [default] app ack received
2026-07-23 15:08:20,073 INFO  [default] link ACK received: GET_COMMODITY_REQUEST
2026-07-23 15:08:20,201 INFO  [default] message type supported received: 2
2026-07-23 15:08:20,201 INFO  [default] commodity response received.  count: 3
2026-07-23 15:08:20,202 INFO  [default] commodity data: 0
2026-07-23 15:08:20,202 INFO  [default]   commodity code: 0 - Electricity consumed (W & W-hr)
2026-07-23 15:08:20,202 INFO  [default]            source: Estimated
2026-07-23 15:08:20,202 INFO  [default]   cumulative: 6968
2026-07-23 15:08:20,202 INFO  [default]    inst rate: 800
2026-07-23 15:08:20,202 INFO  [default] commodity data: 1
2026-07-23 15:08:20,202 INFO  [default]   commodity code: 6 - Total energy storage/take capacity (W-hr)
2026-07-23 15:08:20,202 INFO  [default]            source: Estimated
2026-07-23 15:08:20,203 INFO  [default]   cumulative: 4026
2026-07-23 15:08:20,203 INFO  [default]    inst rate: 0
2026-07-23 15:08:20,203 INFO  [default] commodity data: 2
2026-07-23 15:08:20,203 INFO  [default]   commodity code: 7 - Present energy storage/take capacity (W-hr)
2026-07-23 15:08:20,203 INFO  [default]            source: Estimated
2026-07-23 15:08:20,203 INFO  [default]   cumulative: 450
2026-07-23 15:08:20,203 INFO  [default]    inst rate: 0
2026-07-23 15:08:20,393 INFO  [default] link ACK received: BASIC_QUERY_OPERATIONAL_STATE_REQUEST
2026-07-23 15:08:20,505 INFO  [default] operational state received: 3

Press Enter for a list of commands
2026-07-23 15:09:20,702 INFO  [default] link ACK received: GET_COMMODITY_REQUEST
2026-07-23 15:09:20,830 INFO  [default] message type supported received: 2
2026-07-23 15:09:20,831 INFO  [default] commodity response received.  count: 3
2026-07-23 15:09:20,831 INFO  [default] commodity data: 0
2026-07-23 15:09:20,831 INFO  [default]   commodity code: 0 - Electricity consumed (W & W-hr)
2026-07-23 15:09:20,831 INFO  [default]            source: Estimated
2026-07-23 15:09:20,831 INFO  [default]   cumulative: 6981
2026-07-23 15:09:20,831 INFO  [default]    inst rate: 800
2026-07-23 15:09:20,832 INFO  [default] commodity data: 1
2026-07-23 15:09:20,832 INFO  [default]   commodity code: 6 - Total energy storage/take capacity (W-hr)
2026-07-23 15:09:20,832 INFO  [default]            source: Estimated
2026-07-23 15:09:20,832 INFO  [default]   cumulative: 4026
2026-07-23 15:09:20,832 INFO  [default]    inst rate: 0
2026-07-23 15:09:20,832 INFO  [default] commodity data: 2
2026-07-23 15:09:20,832 INFO  [default]   commodity code: 7 - Present energy storage/take capacity (W-hr)
2026-07-23 15:09:20,832 INFO  [default]            source: Estimated
2026-07-23 15:09:20,833 INFO  [default]   cumulative: 450
2026-07-23 15:09:20,833 INFO  [default]    inst rate: 0
2026-07-23 15:09:21,022 INFO  [default] link ACK received: BASIC_QUERY_OPERATIONAL_STATE_REQUEST
2026-07-23 15:09:21,134 INFO  [default] operational state received: 3

Press Enter for a list of commands
2026-07-23 15:10:20,340 INFO  [default] link ACK received: GET_COMMODITY_REQUEST
2026-07-23 15:10:20,452 INFO  [default] message type supported received: 2
2026-07-23 15:10:20,452 INFO  [default] commodity response received.  count: 3
2026-07-23 15:10:20,452 INFO  [default] commodity data: 0
2026-07-23 15:10:20,453 INFO  [default]   commodity code: 0 - Electricity consumed (W & W-hr)
2026-07-23 15:10:20,453 INFO  [default]            source: Estimated
2026-07-23 15:10:20,453 INFO  [default]   cumulative: 6994
2026-07-23 15:10:20,453 INFO  [default]    inst rate: 800
2026-07-23 15:10:20,453 INFO  [default] commodity data: 1
2026-07-23 15:10:20,453 INFO  [default]   commodity code: 6 - Total energy storage/take capacity (W-hr)
2026-07-23 15:10:20,453 INFO  [default]            source: Estimated
2026-07-23 15:10:20,453 INFO  [default]   cumulative: 4026
2026-07-23 15:10:20,454 INFO  [default]    inst rate: 0
2026-07-23 15:10:20,454 INFO  [default] commodity data: 2
2026-07-23 15:10:20,454 INFO  [default]   commodity code: 7 - Present energy storage/take capacity (W-hr)
2026-07-23 15:10:20,454 INFO  [default]            source: Estimated
2026-07-23 15:10:20,454 INFO  [default]   cumulative: 450
2026-07-23 15:10:20,454 INFO  [default]    inst rate: 0
2026-07-23 15:10:20,644 INFO  [default] link ACK received: BASIC_QUERY_OPERATIONAL_STATE_REQUEST
2026-07-23 15:10:20,756 INFO  [default] operational state received: 3

Press Enter for a list of commands
2026-07-23 15:11:20,953 INFO  [default] link ACK received: GET_COMMODITY_REQUEST
2026-07-23 15:11:21,081 INFO  [default] message type supported received: 2
2026-07-23 15:11:21,082 INFO  [default] commodity response received.  count: 3
2026-07-23 15:11:21,082 INFO  [default] commodity data: 0
2026-07-23 15:11:21,082 INFO  [default]   commodity code: 0 - Electricity consumed (W & W-hr)
2026-07-23 15:11:21,082 INFO  [default]            source: Estimated
2026-07-23 15:11:21,082 INFO  [default]   cumulative: 7007
2026-07-23 15:11:21,082 INFO  [default]    inst rate: 800
2026-07-23 15:11:21,082 INFO  [default] commodity data: 1
2026-07-23 15:11:21,083 INFO  [default]   commodity code: 6 - Total energy storage/take capacity (W-hr)
2026-07-23 15:11:21,083 INFO  [default]            source: Estimated
2026-07-23 15:11:21,083 INFO  [default]   cumulative: 4026
2026-07-23 15:11:21,083 INFO  [default]    inst rate: 0
2026-07-23 15:11:21,083 INFO  [default] commodity data: 2
2026-07-23 15:11:21,083 INFO  [default]   commodity code: 7 - Present energy storage/take capacity (W-hr)
2026-07-23 15:11:21,083 INFO  [default]            source: Estimated
2026-07-23 15:11:21,084 INFO  [default]   cumulative: 450
2026-07-23 15:11:21,084 INFO  [default]    inst rate: 0
2026-07-23 15:11:21,273 INFO  [default] link ACK received: BASIC_QUERY_OPERATIONAL_STATE_REQUEST
2026-07-23 15:11:21,385 INFO  [default] operational state received: 3

Press Enter for a list of commands
2026-07-23 15:12:20,591 INFO  [default] link ACK received: GET_COMMODITY_REQUEST
2026-07-23 15:12:20,719 INFO  [default] message type supported received: 2
2026-07-23 15:12:20,719 INFO  [default] commodity response received.  count: 3
2026-07-23 15:12:20,719 INFO  [default] commodity data: 0
2026-07-23 15:12:20,720 INFO  [default]   commodity code: 0 - Electricity consumed (W & W-hr)
2026-07-23 15:12:20,720 INFO  [default]            source: Estimated
2026-07-23 15:12:20,720 INFO  [default]   cumulative: 7020
2026-07-23 15:12:20,720 INFO  [default]    inst rate: 800
2026-07-23 15:12:20,720 INFO  [default] commodity data: 1
2026-07-23 15:12:20,720 INFO  [default]   commodity code: 6 - Total energy storage/take capacity (W-hr)
2026-07-23 15:12:20,720 INFO  [default]            source: Estimated
2026-07-23 15:12:20,720 INFO  [default]   cumulative: 4026
2026-07-23 15:12:20,721 INFO  [default]    inst rate: 0
2026-07-23 15:12:20,721 INFO  [default] commodity data: 2
2026-07-23 15:12:20,721 INFO  [default]   commodity code: 7 - Present energy storage/take capacity (W-hr)
2026-07-23 15:12:20,721 INFO  [default]            source: Estimated
2026-07-23 15:12:20,721 INFO  [default]   cumulative: 375
2026-07-23 15:12:20,721 INFO  [default]    inst rate: 0
2026-07-23 15:12:20,911 INFO  [default] link ACK received: BASIC_QUERY_OPERATIONAL_STATE_REQUEST
2026-07-23 15:12:21,023 INFO  [default] operational state received: 3

Press Enter for a list of commands
2026-07-23 15:13:20,229 INFO  [default] link ACK received: GET_COMMODITY_REQUEST
2026-07-23 15:13:20,357 INFO  [default] message type supported received: 2
2026-07-23 15:13:20,357 INFO  [default] commodity response received.  count: 3
2026-07-23 15:13:20,357 INFO  [default] commodity data: 0
2026-07-23 15:13:20,357 INFO  [default]   commodity code: 0 - Electricity consumed (W & W-hr)
2026-07-23 15:13:20,357 INFO  [default]            source: Estimated
2026-07-23 15:13:20,357 INFO  [default]   cumulative: 7033
2026-07-23 15:13:20,357 INFO  [default]    inst rate: 800
2026-07-23 15:13:20,358 INFO  [default] commodity data: 1
2026-07-23 15:13:20,358 INFO  [default]   commodity code: 6 - Total energy storage/take capacity (W-hr)
2026-07-23 15:13:20,358 INFO  [default]            source: Estimated
2026-07-23 15:13:20,358 INFO  [default]   cumulative: 4026
2026-07-23 15:13:20,358 INFO  [default]    inst rate: 0
2026-07-23 15:13:20,358 INFO  [default] commodity data: 2
2026-07-23 15:13:20,358 INFO  [default]   commodity code: 7 - Present energy storage/take capacity (W-hr)
2026-07-23 15:13:20,358 INFO  [default]            source: Estimated
2026-07-23 15:13:20,359 INFO  [default]   cumulative: 375
2026-07-23 15:13:20,359 INFO  [default]    inst rate: 0
2026-07-23 15:13:20,549 INFO  [default] link ACK received: BASIC_QUERY_OPERATIONAL_STATE_REQUEST
2026-07-23 15:13:20,661 INFO  [default] operational state received: 1

Press Enter for a list of commands
1784844860,o,0 (PASSED!)
outside communication found
2026-07-23 15:14:20,858 INFO  [default] link ACK received: BASIC_OUTSIDE_COMM_CONNECTION_STATUS_MESSAGE
2026-07-23 15:14:20,970 INFO  [default] app ack received
2026-07-23 15:14:21,162 INFO  [default] link ACK received: GET_COMMODITY_REQUEST
2026-07-23 15:14:21,290 INFO  [default] message type supported received: 2
2026-07-23 15:14:21,290 INFO  [default] commodity response received.  count: 3
2026-07-23 15:14:21,290 INFO  [default] commodity data: 0
2026-07-23 15:14:21,290 INFO  [default]   commodity code: 0 - Electricity consumed (W & W-hr)
2026-07-23 15:14:21,291 INFO  [default]            source: Estimated
2026-07-23 15:14:21,291 INFO  [default]   cumulative: 7046
2026-07-23 15:14:21,291 INFO  [default]    inst rate: 800
2026-07-23 15:14:21,291 INFO  [default] commodity data: 1
2026-07-23 15:14:21,291 INFO  [default]   commodity code: 6 - Total energy storage/take capacity (W-hr)
2026-07-23 15:14:21,291 INFO  [default]            source: Estimated
2026-07-23 15:14:21,291 INFO  [default]   cumulative: 4026
2026-07-23 15:14:21,292 INFO  [default]    inst rate: 0
2026-07-23 15:14:21,292 INFO  [default] commodity data: 2
2026-07-23 15:14:21,292 INFO  [default]   commodity code: 7 - Present energy storage/take capacity (W-hr)
2026-07-23 15:14:21,292 INFO  [default]            source: Estimated
2026-07-23 15:14:21,292 INFO  [default]   cumulative: 375
2026-07-23 15:14:21,292 INFO  [default]    inst rate: 0
2026-07-23 15:14:21,482 INFO  [default] link ACK received: BASIC_QUERY_OPERATIONAL_STATE_REQUEST
2026-07-23 15:14:21,594 INFO  [default] operational state received: 1

Press Enter for a list of commands
1784844875,e,10 (PASSED!)
2026-07-23 15:14:35,703 INFO  [default] link ACK received: BASIC_END_SHED_REQUEST
2026-07-23 15:14:35,815 INFO  [default] app ack received
endshedding
2026-07-23 15:15:20,992 INFO  [default] link ACK received: GET_COMMODITY_REQUEST
2026-07-23 15:15:21,119 INFO  [default] message type supported received: 2
2026-07-23 15:15:21,120 INFO  [default] commodity response received.  count: 3
2026-07-23 15:15:21,120 INFO  [default] commodity data: 0
2026-07-23 15:15:21,120 INFO  [default]   commodity code: 0 - Electricity consumed (W & W-hr)
2026-07-23 15:15:21,120 INFO  [default]            source: Estimated
2026-07-23 15:15:21,120 INFO  [default]   cumulative: 7059
2026-07-23 15:15:21,120 INFO  [default]    inst rate: 800
2026-07-23 15:15:21,121 INFO  [default] commodity data: 1
2026-07-23 15:15:21,121 INFO  [default]   commodity code: 6 - Total energy storage/take capacity (W-hr)
2026-07-23 15:15:21,121 INFO  [default]            source: Estimated
2026-07-23 15:15:21,121 INFO  [default]   cumulative: 4026
2026-07-23 15:15:21,121 INFO  [default]    inst rate: 0
2026-07-23 15:15:21,121 INFO  [default] commodity data: 2
2026-07-23 15:15:21,121 INFO  [default]   commodity code: 7 - Present energy storage/take capacity (W-hr)
2026-07-23 15:15:21,121 INFO  [default]            source: Estimated
2026-07-23 15:15:21,122 INFO  [default]   cumulative: 375
2026-07-23 15:15:21,122 INFO  [default]    inst rate: 0
2026-07-23 15:15:21,311 INFO  [default] link ACK received: BASIC_QUERY_OPERATIONAL_STATE_REQUEST
2026-07-23 15:15:21,424 INFO  [default] operational state received: 1

Press Enter for a list of commands
2026-07-23 15:16:20,629 INFO  [default] link ACK received: GET_COMMODITY_REQUEST
2026-07-23 15:16:20,741 INFO  [default] message type supported received: 2
2026-07-23 15:16:20,741 INFO  [default] commodity response received.  count: 3
2026-07-23 15:16:20,742 INFO  [default] commodity data: 0
2026-07-23 15:16:20,742 INFO  [default]   commodity code: 0 - Electricity consumed (W & W-hr)
2026-07-23 15:16:20,742 INFO  [default]            source: Estimated
2026-07-23 15:16:20,742 INFO  [default]   cumulative: 7072
2026-07-23 15:16:20,742 INFO  [default]    inst rate: 800
2026-07-23 15:16:20,742 INFO  [default] commodity data: 1
2026-07-23 15:16:20,742 INFO  [default]   commodity code: 6 - Total energy storage/take capacity (W-hr)
2026-07-23 15:16:20,742 INFO  [default]            source: Estimated
2026-07-23 15:16:20,743 INFO  [default]   cumulative: 4026
2026-07-23 15:16:20,743 INFO  [default]    inst rate: 0
2026-07-23 15:16:20,743 INFO  [default] commodity data: 2
2026-07-23 15:16:20,743 INFO  [default]   commodity code: 7 - Present energy storage/take capacity (W-hr)
2026-07-23 15:16:20,743 INFO  [default]            source: Estimated
2026-07-23 15:16:20,743 INFO  [default]   cumulative: 375
2026-07-23 15:16:20,743 INFO  [default]    inst rate: 0
2026-07-23 15:16:20,933 INFO  [default] link ACK received: BASIC_QUERY_OPERATIONAL_STATE_REQUEST
2026-07-23 15:16:21,045 INFO  [default] operational state received: 1

Press Enter for a list of commands
2026-07-23 15:17:20,251 INFO  [default] link ACK received: GET_COMMODITY_REQUEST
2026-07-23 15:17:20,379 INFO  [default] message type supported received: 2
2026-07-23 15:17:20,379 INFO  [default] commodity response received.  count: 3
2026-07-23 15:17:20,379 INFO  [default] commodity data: 0
2026-07-23 15:17:20,379 INFO  [default]   commodity code: 0 - Electricity consumed (W & W-hr)
2026-07-23 15:17:20,379 INFO  [default]            source: Estimated
2026-07-23 15:17:20,379 INFO  [default]   cumulative: 7085
2026-07-23 15:17:20,380 INFO  [default]    inst rate: 800
2026-07-23 15:17:20,380 INFO  [default] commodity data: 1
2026-07-23 15:17:20,380 INFO  [default]   commodity code: 6 - Total energy storage/take capacity (W-hr)
2026-07-23 15:17:20,380 INFO  [default]            source: Estimated
2026-07-23 15:17:20,380 INFO  [default]   cumulative: 4026
2026-07-23 15:17:20,380 INFO  [default]    inst rate: 0
2026-07-23 15:17:20,380 INFO  [default] commodity data: 2
2026-07-23 15:17:20,380 INFO  [default]   commodity code: 7 - Present energy storage/take capacity (W-hr)
2026-07-23 15:17:20,381 INFO  [default]            source: Estimated
2026-07-23 15:17:20,381 INFO  [default]   cumulative: 225
2026-07-23 15:17:20,381 INFO  [default]    inst rate: 0
2026-07-23 15:17:20,571 INFO  [default] link ACK received: BASIC_QUERY_OPERATIONAL_STATE_REQUEST
2026-07-23 15:17:20,667 INFO  [default] operational state received: 1

Press Enter for a list of commands
2026-07-23 15:18:20,880 INFO  [default] link ACK received: GET_COMMODITY_REQUEST
2026-07-23 15:18:20,992 INFO  [default] message type supported received: 2
2026-07-23 15:18:20,992 INFO  [default] commodity response received.  count: 3
2026-07-23 15:18:20,992 INFO  [default] commodity data: 0
2026-07-23 15:18:20,993 INFO  [default]   commodity code: 0 - Electricity consumed (W & W-hr)
2026-07-23 15:18:20,993 INFO  [default]            source: Estimated
2026-07-23 15:18:20,993 INFO  [default]   cumulative: 7098
2026-07-23 15:18:20,993 INFO  [default]    inst rate: 800
2026-07-23 15:18:20,993 INFO  [default] commodity data: 1
2026-07-23 15:18:20,993 INFO  [default]   commodity code: 6 - Total energy storage/take capacity (W-hr)
2026-07-23 15:18:20,993 INFO  [default]            source: Estimated
2026-07-23 15:18:20,994 INFO  [default]   cumulative: 4026
2026-07-23 15:18:20,994 INFO  [default]    inst rate: 0
2026-07-23 15:18:20,994 INFO  [default] commodity data: 2
2026-07-23 15:18:20,994 INFO  [default]   commodity code: 7 - Present energy storage/take capacity (W-hr)
2026-07-23 15:18:20,994 INFO  [default]            source: Estimated
2026-07-23 15:18:20,994 INFO  [default]   cumulative: 225
2026-07-23 15:18:20,994 INFO  [default]    inst rate: 0
2026-07-23 15:18:21,184 INFO  [default] link ACK received: BASIC_QUERY_OPERATIONAL_STATE_REQUEST
2026-07-23 15:18:21,296 INFO  [default] operational state received: 1

Press Enter for a list of commands
1784845160,o,0 (PASSED!)
outside communication found
2026-07-23 15:19:20,502 INFO  [default] link ACK received: BASIC_OUTSIDE_COMM_CONNECTION_STATUS_MESSAGE
2026-07-23 15:19:20,598 INFO  [default] app ack received
2026-07-23 15:19:20,790 INFO  [default] link ACK received: GET_COMMODITY_REQUEST
2026-07-23 15:19:20,918 INFO  [default] message type supported received: 2
2026-07-23 15:19:20,918 INFO  [default] commodity response received.  count: 3
2026-07-23 15:19:20,918 INFO  [default] commodity data: 0
2026-07-23 15:19:20,918 INFO  [default]   commodity code: 0 - Electricity consumed (W & W-hr)
2026-07-23 15:19:20,918 INFO  [default]            source: Estimated
2026-07-23 15:19:20,918 INFO  [default]   cumulative: 7111
2026-07-23 15:19:20,919 INFO  [default]    inst rate: 800
2026-07-23 15:19:20,919 INFO  [default] commodity data: 1
2026-07-23 15:19:20,919 INFO  [default]   commodity code: 6 - Total energy storage/take capacity (W-hr)
2026-07-23 15:19:20,919 INFO  [default]            source: Estimated
2026-07-23 15:19:20,919 INFO  [default]   cumulative: 4026
2026-07-23 15:19:20,919 INFO  [default]    inst rate: 0
2026-07-23 15:19:20,919 INFO  [default] commodity data: 2
2026-07-23 15:19:20,919 INFO  [default]   commodity code: 7 - Present energy storage/take capacity (W-hr)
2026-07-23 15:19:20,920 INFO  [default]            source: Estimated
2026-07-23 15:19:20,920 INFO  [default]   cumulative: 225
2026-07-23 15:19:20,920 INFO  [default]    inst rate: 0
2026-07-23 15:19:21,110 INFO  [default] link ACK received: BASIC_QUERY_OPERATIONAL_STATE_REQUEST
2026-07-23 15:19:21,222 INFO  [default] operational state received: 1

Press Enter for a list of commands
1784845175,c,15 (PASSED!)
critical peak event
2026-07-23 15:19:35,331 INFO  [default] link ACK received: BASIC_CRITICAL_PEAK_EVENT_REQUEST
2026-07-23 15:19:35,443 INFO  [default] app ack received
2026-07-23 15:20:20,619 INFO  [default] link ACK received: GET_COMMODITY_REQUEST
2026-07-23 15:20:20,747 INFO  [default] message type supported received: 2
2026-07-23 15:20:20,747 INFO  [default] commodity response received.  count: 3
2026-07-23 15:20:20,748 INFO  [default] commodity data: 0
2026-07-23 15:20:20,748 INFO  [default]   commodity code: 0 - Electricity consumed (W & W-hr)
2026-07-23 15:20:20,748 INFO  [default]            source: Estimated
2026-07-23 15:20:20,748 INFO  [default]   cumulative: 7124
2026-07-23 15:20:20,748 INFO  [default]    inst rate: 800
2026-07-23 15:20:20,748 INFO  [default] commodity data: 1
2026-07-23 15:20:20,748 INFO  [default]   commodity code: 6 - Total energy storage/take capacity (W-hr)
2026-07-23 15:20:20,748 INFO  [default]            source: Estimated
2026-07-23 15:20:20,749 INFO  [default]   cumulative: 4026
2026-07-23 15:20:20,749 INFO  [default]    inst rate: 0
2026-07-23 15:20:20,749 INFO  [default] commodity data: 2
2026-07-23 15:20:20,749 INFO  [default]   commodity code: 7 - Present energy storage/take capacity (W-hr)
2026-07-23 15:20:20,749 INFO  [default]            source: Estimated
2026-07-23 15:20:20,749 INFO  [default]   cumulative: 225
2026-07-23 15:20:20,749 INFO  [default]    inst rate: 0
2026-07-23 15:20:20,939 INFO  [default] link ACK received: BASIC_QUERY_OPERATIONAL_STATE_REQUEST
2026-07-23 15:20:21,051 INFO  [default] operational state received: 4

Press Enter for a list of commands
2026-07-23 15:21:20,257 INFO  [default] link ACK received: GET_COMMODITY_REQUEST
2026-07-23 15:21:20,385 INFO  [default] message type supported received: 2
2026-07-23 15:21:20,385 INFO  [default] commodity response received.  count: 3
2026-07-23 15:21:20,385 INFO  [default] commodity data: 0
2026-07-23 15:21:20,385 INFO  [default]   commodity code: 0 - Electricity consumed (W & W-hr)
2026-07-23 15:21:20,385 INFO  [default]            source: Estimated
2026-07-23 15:21:20,386 INFO  [default]   cumulative: 7124
2026-07-23 15:21:20,386 INFO  [default]    inst rate: 0
2026-07-23 15:21:20,386 INFO  [default] commodity data: 1
2026-07-23 15:21:20,386 INFO  [default]   commodity code: 6 - Total energy storage/take capacity (W-hr)
2026-07-23 15:21:20,386 INFO  [default]            source: Estimated
2026-07-23 15:21:20,386 INFO  [default]   cumulative: 4026
2026-07-23 15:21:20,386 INFO  [default]    inst rate: 0
2026-07-23 15:21:20,386 INFO  [default] commodity data: 2
2026-07-23 15:21:20,387 INFO  [default]   commodity code: 7 - Present energy storage/take capacity (W-hr)
2026-07-23 15:21:20,387 INFO  [default]            source: Estimated
2026-07-23 15:21:20,387 INFO  [default]   cumulative: 375
2026-07-23 15:21:20,387 INFO  [default]    inst rate: 0
2026-07-23 15:21:20,577 INFO  [default] link ACK received: BASIC_QUERY_OPERATIONAL_STATE_REQUEST
2026-07-23 15:21:20,673 INFO  [default] operational state received: 4

Press Enter for a list of commands
2026-07-23 15:22:20,870 INFO  [default] link ACK received: GET_COMMODITY_REQUEST
2026-07-23 15:22:20,998 INFO  [default] message type supported received: 2
2026-07-23 15:22:20,998 INFO  [default] commodity response received.  count: 3
2026-07-23 15:22:20,999 INFO  [default] commodity data: 0
2026-07-23 15:22:20,999 INFO  [default]   commodity code: 0 - Electricity consumed (W & W-hr)
2026-07-23 15:22:20,999 INFO  [default]            source: Estimated
2026-07-23 15:22:20,999 INFO  [default]   cumulative: 7124
2026-07-23 15:22:20,999 INFO  [default]    inst rate: 0
2026-07-23 15:22:20,999 INFO  [default] commodity data: 1
2026-07-23 15:22:20,999 INFO  [default]   commodity code: 6 - Total energy storage/take capacity (W-hr)
2026-07-23 15:22:21,000 INFO  [default]            source: Estimated
2026-07-23 15:22:21,000 INFO  [default]   cumulative: 4026
2026-07-23 15:22:21,000 INFO  [default]    inst rate: 0
2026-07-23 15:22:21,000 INFO  [default] commodity data: 2
2026-07-23 15:22:21,000 INFO  [default]   commodity code: 7 - Present energy storage/take capacity (W-hr)
2026-07-23 15:22:21,000 INFO  [default]            source: Estimated
2026-07-23 15:22:21,000 INFO  [default]   cumulative: 450
2026-07-23 15:22:21,000 INFO  [default]    inst rate: 0
2026-07-23 15:22:21,190 INFO  [default] link ACK received: BASIC_QUERY_OPERATIONAL_STATE_REQUEST
2026-07-23 15:22:21,302 INFO  [default] operational state received: 4

Press Enter for a list of commands
2026-07-23 15:23:20,507 INFO  [default] link ACK received: GET_COMMODITY_REQUEST
2026-07-23 15:23:20,619 INFO  [default] message type supported received: 2
2026-07-23 15:23:20,620 INFO  [default] commodity response received.  count: 3
2026-07-23 15:23:20,620 INFO  [default] commodity data: 0
2026-07-23 15:23:20,620 INFO  [default]   commodity code: 0 - Electricity consumed (W & W-hr)
2026-07-23 15:23:20,620 INFO  [default]            source: Estimated
2026-07-23 15:23:20,620 INFO  [default]   cumulative: 7124
2026-07-23 15:23:20,620 INFO  [default]    inst rate: 0
2026-07-23 15:23:20,620 INFO  [default] commodity data: 1
2026-07-23 15:23:20,621 INFO  [default]   commodity code: 6 - Total energy storage/take capacity (W-hr)
2026-07-23 15:23:20,621 INFO  [default]            source: Estimated
2026-07-23 15:23:20,621 INFO  [default]   cumulative: 4026
2026-07-23 15:23:20,621 INFO  [default]    inst rate: 0
2026-07-23 15:23:20,621 INFO  [default] commodity data: 2
2026-07-23 15:23:20,621 INFO  [default]   commodity code: 7 - Present energy storage/take capacity (W-hr)
2026-07-23 15:23:20,621 INFO  [default]            source: Estimated
2026-07-23 15:23:20,621 INFO  [default]   cumulative: 450
2026-07-23 15:23:20,621 INFO  [default]    inst rate: 0
2026-07-23 15:23:20,811 INFO  [default] link ACK received: BASIC_QUERY_OPERATIONAL_STATE_REQUEST
2026-07-23 15:23:20,907 INFO  [default] operational state received: 4

Press Enter for a list of commands
2026-07-23 15:24:20,097 INFO  [default] link ACK received: GET_COMMODITY_REQUEST
2026-07-23 15:24:20,224 INFO  [default] message type supported received: 2
2026-07-23 15:24:20,225 INFO  [default] commodity response received.  count: 3
2026-07-23 15:24:20,225 INFO  [default] commodity data: 0
2026-07-23 15:24:20,225 INFO  [default]   commodity code: 0 - Electricity consumed (W & W-hr)
2026-07-23 15:24:20,225 INFO  [default]            source: Estimated
2026-07-23 15:24:20,225 INFO  [default]   cumulative: 7124
2026-07-23 15:24:20,225 INFO  [default]    inst rate: 0
2026-07-23 15:24:20,226 INFO  [default] commodity data: 1
2026-07-23 15:24:20,226 INFO  [default]   commodity code: 6 - Total energy storage/take capacity (W-hr)
2026-07-23 15:24:20,226 INFO  [default]            source: Estimated
2026-07-23 15:24:20,226 INFO  [default]   cumulative: 4026
2026-07-23 15:24:20,226 INFO  [default]    inst rate: 0
2026-07-23 15:24:20,226 INFO  [default] commodity data: 2
2026-07-23 15:24:20,226 INFO  [default]   commodity code: 7 - Present energy storage/take capacity (W-hr)
2026-07-23 15:24:20,226 INFO  [default]            source: Estimated
2026-07-23 15:24:20,226 INFO  [default]   cumulative: 450
2026-07-23 15:24:20,227 INFO  [default]    inst rate: 0
2026-07-23 15:24:20,416 INFO  [default] link ACK received: BASIC_QUERY_OPERATIONAL_STATE_REQUEST
2026-07-23 15:24:20,528 INFO  [default] operational state received: 4

Press Enter for a list of commands
2026-07-23 15:25:20,725 INFO  [default] link ACK received: GET_COMMODITY_REQUEST
2026-07-23 15:25:20,853 INFO  [default] message type supported received: 2
2026-07-23 15:25:20,854 INFO  [default] commodity response received.  count: 3
2026-07-23 15:25:20,854 INFO  [default] commodity data: 0
2026-07-23 15:25:20,854 INFO  [default]   commodity code: 0 - Electricity consumed (W & W-hr)
2026-07-23 15:25:20,854 INFO  [default]            source: Estimated
2026-07-23 15:25:20,854 INFO  [default]   cumulative: 7124
2026-07-23 15:25:20,854 INFO  [default]    inst rate: 0
2026-07-23 15:25:20,854 INFO  [default] commodity data: 1
2026-07-23 15:25:20,855 INFO  [default]   commodity code: 6 - Total energy storage/take capacity (W-hr)
2026-07-23 15:25:20,855 INFO  [default]            source: Estimated
2026-07-23 15:25:20,855 INFO  [default]   cumulative: 4026
2026-07-23 15:25:20,855 INFO  [default]    inst rate: 0
2026-07-23 15:25:20,855 INFO  [default] commodity data: 2
2026-07-23 15:25:20,855 INFO  [default]   commodity code: 7 - Present energy storage/take capacity (W-hr)
2026-07-23 15:25:20,855 INFO  [default]            source: Estimated
2026-07-23 15:25:20,856 INFO  [default]   cumulative: 450
2026-07-23 15:25:20,856 INFO  [default]    inst rate: 0
2026-07-23 15:25:21,045 INFO  [default] link ACK received: BASIC_QUERY_OPERATIONAL_STATE_REQUEST
2026-07-23 15:25:21,157 INFO  [default] operational state received: 4

Press Enter for a list of commands
2026-07-23 15:26:20,347 INFO  [default] link ACK received: GET_COMMODITY_REQUEST
2026-07-23 15:26:20,475 INFO  [default] message type supported received: 2
2026-07-23 15:26:20,475 INFO  [default] commodity response received.  count: 3
2026-07-23 15:26:20,475 INFO  [default] commodity data: 0
2026-07-23 15:26:20,475 INFO  [default]   commodity code: 0 - Electricity consumed (W & W-hr)
2026-07-23 15:26:20,475 INFO  [default]            source: Estimated
2026-07-23 15:26:20,475 INFO  [default]   cumulative: 7124
2026-07-23 15:26:20,475 INFO  [default]    inst rate: 0
2026-07-23 15:26:20,476 INFO  [default] commodity data: 1
2026-07-23 15:26:20,476 INFO  [default]   commodity code: 6 - Total energy storage/take capacity (W-hr)
2026-07-23 15:26:20,476 INFO  [default]            source: Estimated
2026-07-23 15:26:20,476 INFO  [default]   cumulative: 4026
2026-07-23 15:26:20,476 INFO  [default]    inst rate: 0
2026-07-23 15:26:20,476 INFO  [default] commodity data: 2
2026-07-23 15:26:20,476 INFO  [default]   commodity code: 7 - Present energy storage/take capacity (W-hr)
2026-07-23 15:26:20,476 INFO  [default]            source: Estimated
2026-07-23 15:26:20,477 INFO  [default]   cumulative: 450
2026-07-23 15:26:20,477 INFO  [default]    inst rate: 0
2026-07-23 15:26:20,667 INFO  [default] link ACK received: BASIC_QUERY_OPERATIONAL_STATE_REQUEST
2026-07-23 15:26:20,763 INFO  [default] operational state received: 4

Press Enter for a list of commands
2026-07-23 15:27:20,960 INFO  [default] link ACK received: GET_COMMODITY_REQUEST
2026-07-23 15:27:21,088 INFO  [default] message type supported received: 2
2026-07-23 15:27:21,088 INFO  [default] commodity response received.  count: 3
2026-07-23 15:27:21,088 INFO  [default] commodity data: 0
2026-07-23 15:27:21,088 INFO  [default]   commodity code: 0 - Electricity consumed (W & W-hr)
2026-07-23 15:27:21,088 INFO  [default]            source: Estimated
2026-07-23 15:27:21,088 INFO  [default]   cumulative: 7124
2026-07-23 15:27:21,089 INFO  [default]    inst rate: 0
2026-07-23 15:27:21,089 INFO  [default] commodity data: 1
2026-07-23 15:27:21,089 INFO  [default]   commodity code: 6 - Total energy storage/take capacity (W-hr)
2026-07-23 15:27:21,089 INFO  [default]            source: Estimated
2026-07-23 15:27:21,089 INFO  [default]   cumulative: 4026
2026-07-23 15:27:21,089 INFO  [default]    inst rate: 0
2026-07-23 15:27:21,089 INFO  [default] commodity data: 2
2026-07-23 15:27:21,089 INFO  [default]   commodity code: 7 - Present energy storage/take capacity (W-hr)
2026-07-23 15:27:21,090 INFO  [default]            source: Estimated
2026-07-23 15:27:21,090 INFO  [default]   cumulative: 450
2026-07-23 15:27:21,090 INFO  [default]    inst rate: 0
2026-07-23 15:27:21,280 INFO  [default] link ACK received: BASIC_QUERY_OPERATIONAL_STATE_REQUEST
2026-07-23 15:27:21,376 INFO  [default] operational state received: 0

Press Enter for a list of commands
2026-07-23 15:28:20,581 INFO  [default] link ACK received: GET_COMMODITY_REQUEST
2026-07-23 15:28:20,709 INFO  [default] message type supported received: 2
2026-07-23 15:28:20,709 INFO  [default] commodity response received.  count: 3
2026-07-23 15:28:20,709 INFO  [default] commodity data: 0
2026-07-23 15:28:20,709 INFO  [default]   commodity code: 0 - Electricity consumed (W & W-hr)
2026-07-23 15:28:20,710 INFO  [default]            source: Estimated
2026-07-23 15:28:20,710 INFO  [default]   cumulative: 7124
2026-07-23 15:28:20,710 INFO  [default]    inst rate: 0
2026-07-23 15:28:20,710 INFO  [default] commodity data: 1
2026-07-23 15:28:20,710 INFO  [default]   commodity code: 6 - Total energy storage/take capacity (W-hr)
2026-07-23 15:28:20,710 INFO  [default]            source: Estimated
2026-07-23 15:28:20,710 INFO  [default]   cumulative: 4026
2026-07-23 15:28:20,711 INFO  [default]    inst rate: 0
2026-07-23 15:28:20,711 INFO  [default] commodity data: 2
2026-07-23 15:28:20,711 INFO  [default]   commodity code: 7 - Present energy storage/take capacity (W-hr)
2026-07-23 15:28:20,711 INFO  [default]            source: Estimated
2026-07-23 15:28:20,711 INFO  [default]   cumulative: 450
2026-07-23 15:28:20,711 INFO  [default]    inst rate: 0
2026-07-23 15:28:20,901 INFO  [default] link ACK received: BASIC_QUERY_OPERATIONAL_STATE_REQUEST
2026-07-23 15:28:21,013 INFO  [default] operational state received: 0

Press Enter for a list of commands
1784845760,o,0 (PASSED!)
outside communication found
2026-07-23 15:29:20,218 INFO  [default] link ACK received: BASIC_OUTSIDE_COMM_CONNECTION_STATUS_MESSAGE
2026-07-23 15:29:20,314 INFO  [default] app ack received
2026-07-23 15:29:20,506 INFO  [default] link ACK received: GET_COMMODITY_REQUEST
2026-07-23 15:29:20,634 INFO  [default] message type supported received: 2
2026-07-23 15:29:20,634 INFO  [default] commodity response received.  count: 3
2026-07-23 15:29:20,634 INFO  [default] commodity data: 0
2026-07-23 15:29:20,635 INFO  [default]   commodity code: 0 - Electricity consumed (W & W-hr)
2026-07-23 15:29:20,635 INFO  [default]            source: Estimated
2026-07-23 15:29:20,635 INFO  [default]   cumulative: 7124
2026-07-23 15:29:20,635 INFO  [default]    inst rate: 0
2026-07-23 15:29:20,635 INFO  [default] commodity data: 1
2026-07-23 15:29:20,635 INFO  [default]   commodity code: 6 - Total energy storage/take capacity (W-hr)
2026-07-23 15:29:20,635 INFO  [default]            source: Estimated
2026-07-23 15:29:20,636 INFO  [default]   cumulative: 4026
2026-07-23 15:29:20,636 INFO  [default]    inst rate: 0
2026-07-23 15:29:20,636 INFO  [default] commodity data: 2
2026-07-23 15:29:20,636 INFO  [default]   commodity code: 7 - Present energy storage/take capacity (W-hr)
2026-07-23 15:29:20,636 INFO  [default]            source: Estimated
2026-07-23 15:29:20,636 INFO  [default]   cumulative: 450
2026-07-23 15:29:20,636 INFO  [default]    inst rate: 0
2026-07-23 15:29:20,826 INFO  [default] link ACK received: BASIC_QUERY_OPERATIONAL_STATE_REQUEST
2026-07-23 15:29:20,938 INFO  [default] operational state received: 0

Press Enter for a list of commands
1784845775,e,0 (PASSED!)
2026-07-23 15:29:36,055 INFO  [default] link ACK received: BASIC_END_SHED_REQUEST
2026-07-23 15:29:36,167 INFO  [default] app ack received
endshedding
2026-07-23 15:30:20,335 INFO  [default] link ACK received: GET_COMMODITY_REQUEST
2026-07-23 15:30:20,463 INFO  [default] message type supported received: 2
2026-07-23 15:30:20,464 INFO  [default] commodity response received.  count: 3
2026-07-23 15:30:20,464 INFO  [default] commodity data: 0
2026-07-23 15:30:20,464 INFO  [default]   commodity code: 0 - Electricity consumed (W & W-hr)
2026-07-23 15:30:20,464 INFO  [default]            source: Estimated
2026-07-23 15:30:20,464 INFO  [default]   cumulative: 7124
2026-07-23 15:30:20,464 INFO  [default]    inst rate: 0
2026-07-23 15:30:20,464 INFO  [default] commodity data: 1
2026-07-23 15:30:20,465 INFO  [default]   commodity code: 6 - Total energy storage/take capacity (W-hr)
2026-07-23 15:30:20,465 INFO  [default]            source: Estimated
2026-07-23 15:30:20,465 INFO  [default]   cumulative: 4026
2026-07-23 15:30:20,465 INFO  [default]    inst rate: 0
2026-07-23 15:30:20,465 INFO  [default] commodity data: 2
2026-07-23 15:30:20,465 INFO  [default]   commodity code: 7 - Present energy storage/take capacity (W-hr)
2026-07-23 15:30:20,465 INFO  [default]            source: Estimated
2026-07-23 15:30:20,465 INFO  [default]   cumulative: 375
2026-07-23 15:30:20,466 INFO  [default]    inst rate: 0
2026-07-23 15:30:20,655 INFO  [default] link ACK received: BASIC_QUERY_OPERATIONAL_STATE_REQUEST
2026-07-23 15:30:20,767 INFO  [default] operational state received: 1

Press Enter for a list of commands
2026-07-23 15:31:20,965 INFO  [default] link ACK received: GET_COMMODITY_REQUEST
2026-07-23 15:31:21,093 INFO  [default] message type supported received: 2
2026-07-23 15:31:21,093 INFO  [default] commodity response received.  count: 3
2026-07-23 15:31:21,093 INFO  [default] commodity data: 0
2026-07-23 15:31:21,093 INFO  [default]   commodity code: 0 - Electricity consumed (W & W-hr)
2026-07-23 15:31:21,093 INFO  [default]            source: Estimated
2026-07-23 15:31:21,093 INFO  [default]   cumulative: 7137
2026-07-23 15:31:21,093 INFO  [default]    inst rate: 800
2026-07-23 15:31:21,094 INFO  [default] commodity data: 1
2026-07-23 15:31:21,094 INFO  [default]   commodity code: 6 - Total energy storage/take capacity (W-hr)
2026-07-23 15:31:21,094 INFO  [default]            source: Estimated
2026-07-23 15:31:21,094 INFO  [default]   cumulative: 4026
2026-07-23 15:31:21,094 INFO  [default]    inst rate: 0
2026-07-23 15:31:21,094 INFO  [default] commodity data: 2
2026-07-23 15:31:21,094 INFO  [default]   commodity code: 7 - Present energy storage/take capacity (W-hr)
2026-07-23 15:31:21,094 INFO  [default]            source: Estimated
2026-07-23 15:31:21,095 INFO  [default]   cumulative: 375
2026-07-23 15:31:21,095 INFO  [default]    inst rate: 0
2026-07-23 15:31:21,284 INFO  [default] link ACK received: BASIC_QUERY_OPERATIONAL_STATE_REQUEST
2026-07-23 15:31:21,380 INFO  [default] operational state received: 1

Press Enter for a list of commands
1784845940,o,0 (PASSED!)
outside communication found
2026-07-23 15:32:20,586 INFO  [default] link ACK received: BASIC_OUTSIDE_COMM_CONNECTION_STATUS_MESSAGE
2026-07-23 15:32:20,682 INFO  [default] app ack received
2026-07-23 15:32:20,874 INFO  [default] link ACK received: GET_COMMODITY_REQUEST
2026-07-23 15:32:21,002 INFO  [default] message type supported received: 2
2026-07-23 15:32:21,002 INFO  [default] commodity response received.  count: 3
2026-07-23 15:32:21,002 INFO  [default] commodity data: 0
2026-07-23 15:32:21,002 INFO  [default]   commodity code: 0 - Electricity consumed (W & W-hr)
2026-07-23 15:32:21,002 INFO  [default]            source: Estimated
2026-07-23 15:32:21,003 INFO  [default]   cumulative: 7150
2026-07-23 15:32:21,003 INFO  [default]    inst rate: 800
2026-07-23 15:32:21,003 INFO  [default] commodity data: 1
2026-07-23 15:32:21,003 INFO  [default]   commodity code: 6 - Total energy storage/take capacity (W-hr)
2026-07-23 15:32:21,003 INFO  [default]            source: Estimated
2026-07-23 15:32:21,003 INFO  [default]   cumulative: 4026
2026-07-23 15:32:21,003 INFO  [default]    inst rate: 0
2026-07-23 15:32:21,003 INFO  [default] commodity data: 2
2026-07-23 15:32:21,004 INFO  [default]   commodity code: 7 - Present energy storage/take capacity (W-hr)
2026-07-23 15:32:21,004 INFO  [default]            source: Estimated
2026-07-23 15:32:21,004 INFO  [default]   cumulative: 375
2026-07-23 15:32:21,004 INFO  [default]    inst rate: 0
2026-07-23 15:32:21,194 INFO  [default] link ACK received: BASIC_QUERY_OPERATIONAL_STATE_REQUEST
2026-07-23 15:32:21,306 INFO  [default] operational state received: 1

Press Enter for a list of commands
1784845955,s,13 (PASSED!)
shedding
2026-07-23 15:32:35,415 INFO  [default] link ACK received: BASIC_SHED_REQUEST
2026-07-23 15:32:35,527 INFO  [default] app ack received
2026-07-23 15:33:20,703 INFO  [default] link ACK received: GET_COMMODITY_REQUEST
2026-07-23 15:33:20,831 INFO  [default] message type supported received: 2
2026-07-23 15:33:20,831 INFO  [default] commodity response received.  count: 3
2026-07-23 15:33:20,831 INFO  [default] commodity data: 0
2026-07-23 15:33:20,832 INFO  [default]   commodity code: 0 - Electricity consumed (W & W-hr)
2026-07-23 15:33:20,832 INFO  [default]            source: Estimated
2026-07-23 15:33:20,832 INFO  [default]   cumulative: 7163
2026-07-23 15:33:20,832 INFO  [default]    inst rate: 800
2026-07-23 15:33:20,832 INFO  [default] commodity data: 1
2026-07-23 15:33:20,832 INFO  [default]   commodity code: 6 - Total energy storage/take capacity (W-hr)
2026-07-23 15:33:20,832 INFO  [default]            source: Estimated
2026-07-23 15:33:20,833 INFO  [default]   cumulative: 4026
2026-07-23 15:33:20,833 INFO  [default]    inst rate: 0
2026-07-23 15:33:20,833 INFO  [default] commodity data: 2
2026-07-23 15:33:20,833 INFO  [default]   commodity code: 7 - Present energy storage/take capacity (W-hr)
2026-07-23 15:33:20,833 INFO  [default]            source: Estimated
2026-07-23 15:33:20,833 INFO  [default]   cumulative: 225
2026-07-23 15:33:20,833 INFO  [default]    inst rate: 0
2026-07-23 15:33:21,023 INFO  [default] link ACK received: BASIC_QUERY_OPERATIONAL_STATE_REQUEST
2026-07-23 15:33:21,119 INFO  [default] operational state received: 4

Press Enter for a list of commands
2026-07-23 15:34:20,324 INFO  [default] link ACK received: GET_COMMODITY_REQUEST
2026-07-23 15:34:20,452 INFO  [default] message type supported received: 2
2026-07-23 15:34:20,453 INFO  [default] commodity response received.  count: 3
2026-07-23 15:34:20,453 INFO  [default] commodity data: 0
2026-07-23 15:34:20,453 INFO  [default]   commodity code: 0 - Electricity consumed (W & W-hr)
2026-07-23 15:34:20,453 INFO  [default]            source: Estimated
2026-07-23 15:34:20,453 INFO  [default]   cumulative: 7163
2026-07-23 15:34:20,453 INFO  [default]    inst rate: 0
2026-07-23 15:34:20,453 INFO  [default] commodity data: 1
2026-07-23 15:34:20,454 INFO  [default]   commodity code: 6 - Total energy storage/take capacity (W-hr)
2026-07-23 15:34:20,454 INFO  [default]            source: Estimated
2026-07-23 15:34:20,454 INFO  [default]   cumulative: 4026
2026-07-23 15:34:20,454 INFO  [default]    inst rate: 0
2026-07-23 15:34:20,454 INFO  [default] commodity data: 2
2026-07-23 15:34:20,454 INFO  [default]   commodity code: 7 - Present energy storage/take capacity (W-hr)
2026-07-23 15:34:20,454 INFO  [default]            source: Estimated
2026-07-23 15:34:20,454 INFO  [default]   cumulative: 375
2026-07-23 15:34:20,455 INFO  [default]    inst rate: 0
2026-07-23 15:34:20,644 INFO  [default] link ACK received: BASIC_QUERY_OPERATIONAL_STATE_REQUEST
2026-07-23 15:34:20,756 INFO  [default] operational state received: 4

Press Enter for a list of commands
2026-07-23 15:35:20,954 INFO  [default] link ACK received: GET_COMMODITY_REQUEST
2026-07-23 15:35:21,082 INFO  [default] message type supported received: 2
2026-07-23 15:35:21,082 INFO  [default] commodity response received.  count: 3
2026-07-23 15:35:21,082 INFO  [default] commodity data: 0
2026-07-23 15:35:21,082 INFO  [default]   commodity code: 0 - Electricity consumed (W & W-hr)
2026-07-23 15:35:21,082 INFO  [default]            source: Estimated
2026-07-23 15:35:21,083 INFO  [default]   cumulative: 7163
2026-07-23 15:35:21,083 INFO  [default]    inst rate: 0
2026-07-23 15:35:21,083 INFO  [default] commodity data: 1
2026-07-23 15:35:21,083 INFO  [default]   commodity code: 6 - Total energy storage/take capacity (W-hr)
2026-07-23 15:35:21,083 INFO  [default]            source: Estimated
2026-07-23 15:35:21,083 INFO  [default]   cumulative: 4026
2026-07-23 15:35:21,083 INFO  [default]    inst rate: 0
2026-07-23 15:35:21,083 INFO  [default] commodity data: 2
2026-07-23 15:35:21,084 INFO  [default]   commodity code: 7 - Present energy storage/take capacity (W-hr)
2026-07-23 15:35:21,084 INFO  [default]            source: Estimated
2026-07-23 15:35:21,084 INFO  [default]   cumulative: 375
2026-07-23 15:35:21,084 INFO  [default]    inst rate: 0
2026-07-23 15:35:21,274 INFO  [default] link ACK received: BASIC_QUERY_OPERATIONAL_STATE_REQUEST
2026-07-23 15:35:21,370 INFO  [default] operational state received: 4

Press Enter for a list of commands
2026-07-23 15:36:20,575 INFO  [default] link ACK received: GET_COMMODITY_REQUEST
2026-07-23 15:36:20,687 INFO  [default] message type supported received: 2
2026-07-23 15:36:20,687 INFO  [default] commodity response received.  count: 3
2026-07-23 15:36:20,688 INFO  [default] commodity data: 0
2026-07-23 15:36:20,688 INFO  [default]   commodity code: 0 - Electricity consumed (W & W-hr)
2026-07-23 15:36:20,688 INFO  [default]            source: Estimated
2026-07-23 15:36:20,688 INFO  [default]   cumulative: 7163
2026-07-23 15:36:20,688 INFO  [default]    inst rate: 0
2026-07-23 15:36:20,688 INFO  [default] commodity data: 1
2026-07-23 15:36:20,688 INFO  [default]   commodity code: 6 - Total energy storage/take capacity (W-hr)
2026-07-23 15:36:20,688 INFO  [default]            source: Estimated
2026-07-23 15:36:20,689 INFO  [default]   cumulative: 4026
2026-07-23 15:36:20,689 INFO  [default]    inst rate: 0
2026-07-23 15:36:20,689 INFO  [default] commodity data: 2
2026-07-23 15:36:20,689 INFO  [default]   commodity code: 7 - Present energy storage/take capacity (W-hr)
2026-07-23 15:36:20,689 INFO  [default]            source: Estimated
2026-07-23 15:36:20,689 INFO  [default]   cumulative: 450
2026-07-23 15:36:20,689 INFO  [default]    inst rate: 0
2026-07-23 15:36:20,879 INFO  [default] link ACK received: BASIC_QUERY_OPERATIONAL_STATE_REQUEST
2026-07-23 15:36:20,975 INFO  [default] operational state received: 4

Press Enter for a list of commands
2026-07-23 15:37:20,181 INFO  [default] link ACK received: GET_COMMODITY_REQUEST
2026-07-23 15:37:20,293 INFO  [default] message type supported received: 2
2026-07-23 15:37:20,293 INFO  [default] commodity response received.  count: 3
2026-07-23 15:37:20,293 INFO  [default] commodity data: 0
2026-07-23 15:37:20,293 INFO  [default]   commodity code: 0 - Electricity consumed (W & W-hr)
2026-07-23 15:37:20,293 INFO  [default]            source: Estimated
2026-07-23 15:37:20,293 INFO  [default]   cumulative: 7163
2026-07-23 15:37:20,293 INFO  [default]    inst rate: 0
2026-07-23 15:37:20,294 INFO  [default] commodity data: 1
2026-07-23 15:37:20,294 INFO  [default]   commodity code: 6 - Total energy storage/take capacity (W-hr)
2026-07-23 15:37:20,294 INFO  [default]            source: Estimated
2026-07-23 15:37:20,294 INFO  [default]   cumulative: 4026
2026-07-23 15:37:20,294 INFO  [default]    inst rate: 0
2026-07-23 15:37:20,294 INFO  [default] commodity data: 2
2026-07-23 15:37:20,294 INFO  [default]   commodity code: 7 - Present energy storage/take capacity (W-hr)
2026-07-23 15:37:20,294 INFO  [default]            source: Estimated
2026-07-23 15:37:20,295 INFO  [default]   cumulative: 450
2026-07-23 15:37:20,295 INFO  [default]    inst rate: 0
2026-07-23 15:37:20,484 INFO  [default] link ACK received: BASIC_QUERY_OPERATIONAL_STATE_REQUEST
2026-07-23 15:37:20,581 INFO  [default] operational state received: 4

Press Enter for a list of commands
2026-07-23 15:38:20,778 INFO  [default] link ACK received: GET_COMMODITY_REQUEST
2026-07-23 15:38:20,906 INFO  [default] message type supported received: 2
2026-07-23 15:38:20,906 INFO  [default] commodity response received.  count: 3
2026-07-23 15:38:20,906 INFO  [default] commodity data: 0
2026-07-23 15:38:20,906 INFO  [default]   commodity code: 0 - Electricity consumed (W & W-hr)
2026-07-23 15:38:20,906 INFO  [default]            source: Estimated
2026-07-23 15:38:20,907 INFO  [default]   cumulative: 7163
2026-07-23 15:38:20,907 INFO  [default]    inst rate: 0
2026-07-23 15:38:20,907 INFO  [default] commodity data: 1
2026-07-23 15:38:20,907 INFO  [default]   commodity code: 6 - Total energy storage/take capacity (W-hr)
2026-07-23 15:38:20,907 INFO  [default]            source: Estimated
2026-07-23 15:38:20,907 INFO  [default]   cumulative: 4026
2026-07-23 15:38:20,907 INFO  [default]    inst rate: 0
2026-07-23 15:38:20,907 INFO  [default] commodity data: 2
2026-07-23 15:38:20,908 INFO  [default]   commodity code: 7 - Present energy storage/take capacity (W-hr)
2026-07-23 15:38:20,908 INFO  [default]            source: Estimated
2026-07-23 15:38:20,908 INFO  [default]   cumulative: 450
2026-07-23 15:38:20,908 INFO  [default]    inst rate: 0
2026-07-23 15:38:21,098 INFO  [default] link ACK received: BASIC_QUERY_OPERATIONAL_STATE_REQUEST
2026-07-23 15:38:21,194 INFO  [default] operational state received: 0

Press Enter for a list of commands
2026-07-23 15:39:20,399 INFO  [default] link ACK received: GET_COMMODITY_REQUEST
2026-07-23 15:39:20,511 INFO  [default] message type supported received: 2
2026-07-23 15:39:20,511 INFO  [default] commodity response received.  count: 3
2026-07-23 15:39:20,512 INFO  [default] commodity data: 0
2026-07-23 15:39:20,512 INFO  [default]   commodity code: 0 - Electricity consumed (W & W-hr)
2026-07-23 15:39:20,512 INFO  [default]            source: Estimated
2026-07-23 15:39:20,512 INFO  [default]   cumulative: 7163
2026-07-23 15:39:20,512 INFO  [default]    inst rate: 0
2026-07-23 15:39:20,512 INFO  [default] commodity data: 1
2026-07-23 15:39:20,512 INFO  [default]   commodity code: 6 - Total energy storage/take capacity (W-hr)
2026-07-23 15:39:20,512 INFO  [default]            source: Estimated
2026-07-23 15:39:20,513 INFO  [default]   cumulative: 4026
2026-07-23 15:39:20,513 INFO  [default]    inst rate: 0
2026-07-23 15:39:20,513 INFO  [default] commodity data: 2
2026-07-23 15:39:20,513 INFO  [default]   commodity code: 7 - Present energy storage/take capacity (W-hr)
2026-07-23 15:39:20,513 INFO  [default]            source: Estimated
2026-07-23 15:39:20,513 INFO  [default]   cumulative: 450
2026-07-23 15:39:20,513 INFO  [default]    inst rate: 0
2026-07-23 15:39:20,703 INFO  [default] link ACK received: BASIC_QUERY_OPERATIONAL_STATE_REQUEST
2026-07-23 15:39:20,815 INFO  [default] operational state received: 0

Press Enter for a list of commands
2026-07-23 15:40:21,029 INFO  [default] link ACK received: GET_COMMODITY_REQUEST
2026-07-23 15:40:21,140 INFO  [default] message type supported received: 2
2026-07-23 15:40:21,141 INFO  [default] commodity response received.  count: 3
2026-07-23 15:40:21,141 INFO  [default] commodity data: 0
2026-07-23 15:40:21,141 INFO  [default]   commodity code: 0 - Electricity consumed (W & W-hr)
2026-07-23 15:40:21,141 INFO  [default]            source: Estimated
2026-07-23 15:40:21,141 INFO  [default]   cumulative: 7163
2026-07-23 15:40:21,141 INFO  [default]    inst rate: 0
2026-07-23 15:40:21,141 INFO  [default] commodity data: 1
2026-07-23 15:40:21,142 INFO  [default]   commodity code: 6 - Total energy storage/take capacity (W-hr)
2026-07-23 15:40:21,142 INFO  [default]            source: Estimated
2026-07-23 15:40:21,142 INFO  [default]   cumulative: 4026
2026-07-23 15:40:21,142 INFO  [default]    inst rate: 0
2026-07-23 15:40:21,142 INFO  [default] commodity data: 2
2026-07-23 15:40:21,142 INFO  [default]   commodity code: 7 - Present energy storage/take capacity (W-hr)
2026-07-23 15:40:21,142 INFO  [default]            source: Estimated
2026-07-23 15:40:21,143 INFO  [default]   cumulative: 450
2026-07-23 15:40:21,143 INFO  [default]    inst rate: 0
2026-07-23 15:40:21,332 INFO  [default] link ACK received: BASIC_QUERY_OPERATIONAL_STATE_REQUEST
2026-07-23 15:40:21,444 INFO  [default] operational state received: 0

Press Enter for a list of commands
2026-07-23 15:41:20,634 INFO  [default] link ACK received: GET_COMMODITY_REQUEST
2026-07-23 15:41:20,762 INFO  [default] message type supported received: 2
2026-07-23 15:41:20,762 INFO  [default] commodity response received.  count: 3
2026-07-23 15:41:20,762 INFO  [default] commodity data: 0
2026-07-23 15:41:20,762 INFO  [default]   commodity code: 0 - Electricity consumed (W & W-hr)
2026-07-23 15:41:20,763 INFO  [default]            source: Estimated
2026-07-23 15:41:20,763 INFO  [default]   cumulative: 7163
2026-07-23 15:41:20,763 INFO  [default]    inst rate: 0
2026-07-23 15:41:20,763 INFO  [default] commodity data: 1
2026-07-23 15:41:20,763 INFO  [default]   commodity code: 6 - Total energy storage/take capacity (W-hr)
2026-07-23 15:41:20,763 INFO  [default]            source: Estimated
2026-07-23 15:41:20,763 INFO  [default]   cumulative: 4026
2026-07-23 15:41:20,764 INFO  [default]    inst rate: 0
2026-07-23 15:41:20,764 INFO  [default] commodity data: 2
2026-07-23 15:41:20,764 INFO  [default]   commodity code: 7 - Present energy storage/take capacity (W-hr)
2026-07-23 15:41:20,764 INFO  [default]            source: Estimated
2026-07-23 15:41:20,764 INFO  [default]   cumulative: 450
2026-07-23 15:41:20,764 INFO  [default]    inst rate: 0
2026-07-23 15:41:20,954 INFO  [default] link ACK received: BASIC_QUERY_OPERATIONAL_STATE_REQUEST
2026-07-23 15:41:21,066 INFO  [default] operational state received: 1

Press Enter for a list of commands
1784846540,o,0 (PASSED!)
outside communication found
2026-07-23 15:42:20,271 INFO  [default] link ACK received: BASIC_OUTSIDE_COMM_CONNECTION_STATUS_MESSAGE
2026-07-23 15:42:20,367 INFO  [default] app ack received
2026-07-23 15:42:20,559 INFO  [default] link ACK received: GET_COMMODITY_REQUEST
2026-07-23 15:42:20,687 INFO  [default] message type supported received: 2
2026-07-23 15:42:20,688 INFO  [default] commodity response received.  count: 3
2026-07-23 15:42:20,688 INFO  [default] commodity data: 0
2026-07-23 15:42:20,688 INFO  [default]   commodity code: 0 - Electricity consumed (W & W-hr)
2026-07-23 15:42:20,688 INFO  [default]            source: Estimated
2026-07-23 15:42:20,688 INFO  [default]   cumulative: 7176
2026-07-23 15:42:20,688 INFO  [default]    inst rate: 800
2026-07-23 15:42:20,688 INFO  [default] commodity data: 1
2026-07-23 15:42:20,688 INFO  [default]   commodity code: 6 - Total energy storage/take capacity (W-hr)
2026-07-23 15:42:20,689 INFO  [default]            source: Estimated
2026-07-23 15:42:20,689 INFO  [default]   cumulative: 4026
2026-07-23 15:42:20,689 INFO  [default]    inst rate: 0
2026-07-23 15:42:20,689 INFO  [default] commodity data: 2
2026-07-23 15:42:20,689 INFO  [default]   commodity code: 7 - Present energy storage/take capacity (W-hr)
2026-07-23 15:42:20,689 INFO  [default]            source: Estimated
2026-07-23 15:42:20,689 INFO  [default]   cumulative: 375
2026-07-23 15:42:20,689 INFO  [default]    inst rate: 0
2026-07-23 15:42:20,879 INFO  [default] link ACK received: BASIC_QUERY_OPERATIONAL_STATE_REQUEST
2026-07-23 15:42:20,975 INFO  [default] operational state received: 1

Press Enter for a list of commands
1784846555,e,0 (PASSED!)
2026-07-23 15:42:35,085 INFO  [default] link ACK received: BASIC_END_SHED_REQUEST
2026-07-23 15:42:35,197 INFO  [default] app ack received
endshedding
2026-07-23 15:43:20,373 INFO  [default] link ACK received: GET_COMMODITY_REQUEST
2026-07-23 15:43:20,501 INFO  [default] message type supported received: 2
2026-07-23 15:43:20,501 INFO  [default] commodity response received.  count: 3
2026-07-23 15:43:20,501 INFO  [default] commodity data: 0
2026-07-23 15:43:20,501 INFO  [default]   commodity code: 0 - Electricity consumed (W & W-hr)
2026-07-23 15:43:20,501 INFO  [default]            source: Estimated
2026-07-23 15:43:20,502 INFO  [default]   cumulative: 7189
2026-07-23 15:43:20,502 INFO  [default]    inst rate: 800
2026-07-23 15:43:20,502 INFO  [default] commodity data: 1
2026-07-23 15:43:20,502 INFO  [default]   commodity code: 6 - Total energy storage/take capacity (W-hr)
2026-07-23 15:43:20,502 INFO  [default]            source: Estimated
2026-07-23 15:43:20,502 INFO  [default]   cumulative: 4026
2026-07-23 15:43:20,502 INFO  [default]    inst rate: 0
2026-07-23 15:43:20,503 INFO  [default] commodity data: 2
2026-07-23 15:43:20,503 INFO  [default]   commodity code: 7 - Present energy storage/take capacity (W-hr)
2026-07-23 15:43:20,503 INFO  [default]            source: Estimated
2026-07-23 15:43:20,503 INFO  [default]   cumulative: 375
2026-07-23 15:43:20,503 INFO  [default]    inst rate: 0
2026-07-23 15:43:20,693 INFO  [default] link ACK received: BASIC_QUERY_OPERATIONAL_STATE_REQUEST
2026-07-23 15:43:20,805 INFO  [default] operational state received: 1

Press Enter for a list of commands
1784846660,o,0 (PASSED!)
outside communication found
2026-07-23 15:44:21,002 INFO  [default] link ACK received: BASIC_OUTSIDE_COMM_CONNECTION_STATUS_MESSAGE
2026-07-23 15:44:21,114 INFO  [default] app ack received
2026-07-23 15:44:21,306 INFO  [default] link ACK received: GET_COMMODITY_REQUEST
2026-07-23 15:44:21,434 INFO  [default] message type supported received: 2
2026-07-23 15:44:21,434 INFO  [default] commodity response received.  count: 3
2026-07-23 15:44:21,435 INFO  [default] commodity data: 0
2026-07-23 15:44:21,435 INFO  [default]   commodity code: 0 - Electricity consumed (W & W-hr)
2026-07-23 15:44:21,435 INFO  [default]            source: Estimated
2026-07-23 15:44:21,435 INFO  [default]   cumulative: 7202
2026-07-23 15:44:21,435 INFO  [default]    inst rate: 800
2026-07-23 15:44:21,435 INFO  [default] commodity data: 1
2026-07-23 15:44:21,435 INFO  [default]   commodity code: 6 - Total energy storage/take capacity (W-hr)
2026-07-23 15:44:21,435 INFO  [default]            source: Estimated
2026-07-23 15:44:21,436 INFO  [default]   cumulative: 4026
2026-07-23 15:44:21,436 INFO  [default]    inst rate: 0
2026-07-23 15:44:21,436 INFO  [default] commodity data: 2
2026-07-23 15:44:21,436 INFO  [default]   commodity code: 7 - Present energy storage/take capacity (W-hr)
2026-07-23 15:44:21,436 INFO  [default]            source: Estimated
2026-07-23 15:44:21,436 INFO  [default]   cumulative: 225
2026-07-23 15:44:21,436 INFO  [default]    inst rate: 0
2026-07-23 15:44:21,626 INFO  [default] link ACK received: BASIC_QUERY_OPERATIONAL_STATE_REQUEST
2026-07-23 15:44:21,738 INFO  [default] operational state received: 1

Press Enter for a list of commands
1784846675,g,13 (PASSED!)
grid emergency
2026-07-23 15:44:35,864 INFO  [default] link ACK received: BASIC_GRID_EMERGENCY_REQUEST
2026-07-23 15:44:35,959 INFO  [default] app ack received
2026-07-23 15:45:20,144 INFO  [default] link ACK received: GET_COMMODITY_REQUEST
2026-07-23 15:45:20,256 INFO  [default] message type supported received: 2
2026-07-23 15:45:20,256 INFO  [default] commodity response received.  count: 3
2026-07-23 15:45:20,256 INFO  [default] commodity data: 0
2026-07-23 15:45:20,256 INFO  [default]   commodity code: 0 - Electricity consumed (W & W-hr)
2026-07-23 15:45:20,256 INFO  [default]            source: Estimated
2026-07-23 15:45:20,256 INFO  [default]   cumulative: 7215
2026-07-23 15:45:20,257 INFO  [default]    inst rate: 800
2026-07-23 15:45:20,257 INFO  [default] commodity data: 1
2026-07-23 15:45:20,257 INFO  [default]   commodity code: 6 - Total energy storage/take capacity (W-hr)
2026-07-23 15:45:20,257 INFO  [default]            source: Estimated
2026-07-23 15:45:20,257 INFO  [default]   cumulative: 4026
2026-07-23 15:45:20,257 INFO  [default]    inst rate: 0
2026-07-23 15:45:20,257 INFO  [default] commodity data: 2
2026-07-23 15:45:20,257 INFO  [default]   commodity code: 7 - Present energy storage/take capacity (W-hr)
2026-07-23 15:45:20,258 INFO  [default]            source: Estimated
2026-07-23 15:45:20,258 INFO  [default]   cumulative: 75
2026-07-23 15:45:20,258 INFO  [default]    inst rate: 0
2026-07-23 15:45:20,448 INFO  [default] link ACK received: BASIC_QUERY_OPERATIONAL_STATE_REQUEST
2026-07-23 15:45:20,560 INFO  [default] operational state received: 4

Press Enter for a list of commands
2026-07-23 15:46:20,757 INFO  [default] link ACK received: GET_COMMODITY_REQUEST
2026-07-23 15:46:20,885 INFO  [default] message type supported received: 2
2026-07-23 15:46:20,885 INFO  [default] commodity response received.  count: 3
2026-07-23 15:46:20,885 INFO  [default] commodity data: 0
2026-07-23 15:46:20,885 INFO  [default]   commodity code: 0 - Electricity consumed (W & W-hr)
2026-07-23 15:46:20,886 INFO  [default]            source: Estimated
2026-07-23 15:46:20,886 INFO  [default]   cumulative: 7215
2026-07-23 15:46:20,886 INFO  [default]    inst rate: 0
2026-07-23 15:46:20,886 INFO  [default] commodity data: 1
2026-07-23 15:46:20,886 INFO  [default]   commodity code: 6 - Total energy storage/take capacity (W-hr)
2026-07-23 15:46:20,886 INFO  [default]            source: Estimated
2026-07-23 15:46:20,886 INFO  [default]   cumulative: 4026
2026-07-23 15:46:20,886 INFO  [default]    inst rate: 0
2026-07-23 15:46:20,887 INFO  [default] commodity data: 2
2026-07-23 15:46:20,887 INFO  [default]   commodity code: 7 - Present energy storage/take capacity (W-hr)
2026-07-23 15:46:20,887 INFO  [default]            source: Estimated
2026-07-23 15:46:20,887 INFO  [default]   cumulative: 375
2026-07-23 15:46:20,887 INFO  [default]    inst rate: 0
2026-07-23 15:46:21,077 INFO  [default] link ACK received: BASIC_QUERY_OPERATIONAL_STATE_REQUEST
2026-07-23 15:46:21,173 INFO  [default] operational state received: 4

Press Enter for a list of commands
2026-07-23 15:47:20,379 INFO  [default] link ACK received: GET_COMMODITY_REQUEST
2026-07-23 15:47:20,490 INFO  [default] message type supported received: 2
2026-07-23 15:47:20,491 INFO  [default] commodity response received.  count: 3
2026-07-23 15:47:20,491 INFO  [default] commodity data: 0
2026-07-23 15:47:20,491 INFO  [default]   commodity code: 0 - Electricity consumed (W & W-hr)
2026-07-23 15:47:20,491 INFO  [default]            source: Estimated
2026-07-23 15:47:20,491 INFO  [default]   cumulative: 7215
2026-07-23 15:47:20,491 INFO  [default]    inst rate: 0
2026-07-23 15:47:20,492 INFO  [default] commodity data: 1
2026-07-23 15:47:20,492 INFO  [default]   commodity code: 6 - Total energy storage/take capacity (W-hr)
2026-07-23 15:47:20,492 INFO  [default]            source: Estimated
2026-07-23 15:47:20,492 INFO  [default]   cumulative: 4026
2026-07-23 15:47:20,492 INFO  [default]    inst rate: 0
2026-07-23 15:47:20,492 INFO  [default] commodity data: 2
2026-07-23 15:47:20,492 INFO  [default]   commodity code: 7 - Present energy storage/take capacity (W-hr)
2026-07-23 15:47:20,492 INFO  [default]            source: Estimated
2026-07-23 15:47:20,493 INFO  [default]   cumulative: 375
2026-07-23 15:47:20,493 INFO  [default]    inst rate: 0
2026-07-23 15:47:20,682 INFO  [default] link ACK received: BASIC_QUERY_OPERATIONAL_STATE_REQUEST
2026-07-23 15:47:20,794 INFO  [default] operational state received: 4

Press Enter for a list of commands
2026-07-23 15:48:20,992 INFO  [default] link ACK received: GET_COMMODITY_REQUEST
2026-07-23 15:48:21,120 INFO  [default] message type supported received: 2
2026-07-23 15:48:21,120 INFO  [default] commodity response received.  count: 3
2026-07-23 15:48:21,120 INFO  [default] commodity data: 0
2026-07-23 15:48:21,120 INFO  [default]   commodity code: 0 - Electricity consumed (W & W-hr)
2026-07-23 15:48:21,120 INFO  [default]            source: Estimated
2026-07-23 15:48:21,121 INFO  [default]   cumulative: 7215
2026-07-23 15:48:21,121 INFO  [default]    inst rate: 0
2026-07-23 15:48:21,121 INFO  [default] commodity data: 1
2026-07-23 15:48:21,121 INFO  [default]   commodity code: 6 - Total energy storage/take capacity (W-hr)
2026-07-23 15:48:21,121 INFO  [default]            source: Estimated
2026-07-23 15:48:21,121 INFO  [default]   cumulative: 4026
2026-07-23 15:48:21,121 INFO  [default]    inst rate: 0
2026-07-23 15:48:21,121 INFO  [default] commodity data: 2
2026-07-23 15:48:21,122 INFO  [default]   commodity code: 7 - Present energy storage/take capacity (W-hr)
2026-07-23 15:48:21,122 INFO  [default]            source: Estimated
2026-07-23 15:48:21,122 INFO  [default]   cumulative: 375
2026-07-23 15:48:21,122 INFO  [default]    inst rate: 0
2026-07-23 15:48:21,312 INFO  [default] link ACK received: BASIC_QUERY_OPERATIONAL_STATE_REQUEST
2026-07-23 15:48:21,424 INFO  [default] operational state received: 4

Press Enter for a list of commands
2026-07-23 15:49:20,629 INFO  [default] link ACK received: GET_COMMODITY_REQUEST
2026-07-23 15:49:20,741 INFO  [default] message type supported received: 2
2026-07-23 15:49:20,742 INFO  [default] commodity response received.  count: 3
2026-07-23 15:49:20,742 INFO  [default] commodity data: 0
2026-07-23 15:49:20,742 INFO  [default]   commodity code: 0 - Electricity consumed (W & W-hr)
2026-07-23 15:49:20,742 INFO  [default]            source: Estimated
2026-07-23 15:49:20,742 INFO  [default]   cumulative: 7215
2026-07-23 15:49:20,742 INFO  [default]    inst rate: 0
2026-07-23 15:49:20,742 INFO  [default] commodity data: 1
2026-07-23 15:49:20,742 INFO  [default]   commodity code: 6 - Total energy storage/take capacity (W-hr)
2026-07-23 15:49:20,743 INFO  [default]            source: Estimated
2026-07-23 15:49:20,743 INFO  [default]   cumulative: 4026
2026-07-23 15:49:20,743 INFO  [default]    inst rate: 0
2026-07-23 15:49:20,743 INFO  [default] commodity data: 2
2026-07-23 15:49:20,743 INFO  [default]   commodity code: 7 - Present energy storage/take capacity (W-hr)
2026-07-23 15:49:20,743 INFO  [default]            source: Estimated
2026-07-23 15:49:20,743 INFO  [default]   cumulative: 375
2026-07-23 15:49:20,744 INFO  [default]    inst rate: 0
2026-07-23 15:49:20,933 INFO  [default] link ACK received: BASIC_QUERY_OPERATIONAL_STATE_REQUEST
2026-07-23 15:49:21,045 INFO  [default] operational state received: 4

Press Enter for a list of commands
2026-07-23 15:50:20,251 INFO  [default] link ACK received: GET_COMMODITY_REQUEST
2026-07-23 15:50:20,379 INFO  [default] message type supported received: 2
2026-07-23 15:50:20,379 INFO  [default] commodity response received.  count: 3
2026-07-23 15:50:20,379 INFO  [default] commodity data: 0
2026-07-23 15:50:20,379 INFO  [default]   commodity code: 0 - Electricity consumed (W & W-hr)
2026-07-23 15:50:20,379 INFO  [default]            source: Estimated
2026-07-23 15:50:20,380 INFO  [default]   cumulative: 7215
2026-07-23 15:50:20,380 INFO  [default]    inst rate: 0
2026-07-23 15:50:20,380 INFO  [default] commodity data: 1
2026-07-23 15:50:20,380 INFO  [default]   commodity code: 6 - Total energy storage/take capacity (W-hr)
2026-07-23 15:50:20,380 INFO  [default]            source: Estimated
2026-07-23 15:50:20,380 INFO  [default]   cumulative: 4026
2026-07-23 15:50:20,380 INFO  [default]    inst rate: 0
2026-07-23 15:50:20,380 INFO  [default] commodity data: 2
2026-07-23 15:50:20,381 INFO  [default]   commodity code: 7 - Present energy storage/take capacity (W-hr)
2026-07-23 15:50:20,381 INFO  [default]            source: Estimated
2026-07-23 15:50:20,381 INFO  [default]   cumulative: 375
2026-07-23 15:50:20,381 INFO  [default]    inst rate: 0
2026-07-23 15:50:20,571 INFO  [default] link ACK received: BASIC_QUERY_OPERATIONAL_STATE_REQUEST
2026-07-23 15:50:20,683 INFO  [default] operational state received: 0

Press Enter for a list of commands
2026-07-23 15:51:20,880 INFO  [default] link ACK received: GET_COMMODITY_REQUEST
2026-07-23 15:51:21,008 INFO  [default] message type supported received: 2
2026-07-23 15:51:21,008 INFO  [default] commodity response received.  count: 3
2026-07-23 15:51:21,008 INFO  [default] commodity data: 0
2026-07-23 15:51:21,009 INFO  [default]   commodity code: 0 - Electricity consumed (W & W-hr)
2026-07-23 15:51:21,009 INFO  [default]            source: Estimated
2026-07-23 15:51:21,009 INFO  [default]   cumulative: 7215
2026-07-23 15:51:21,009 INFO  [default]    inst rate: 0
2026-07-23 15:51:21,009 INFO  [default] commodity data: 1
2026-07-23 15:51:21,009 INFO  [default]   commodity code: 6 - Total energy storage/take capacity (W-hr)
2026-07-23 15:51:21,009 INFO  [default]            source: Estimated
2026-07-23 15:51:21,009 INFO  [default]   cumulative: 4026
2026-07-23 15:51:21,010 INFO  [default]    inst rate: 0
2026-07-23 15:51:21,010 INFO  [default] commodity data: 2
2026-07-23 15:51:21,010 INFO  [default]   commodity code: 7 - Present energy storage/take capacity (W-hr)
2026-07-23 15:51:21,010 INFO  [default]            source: Estimated
2026-07-23 15:51:21,010 INFO  [default]   cumulative: 375
2026-07-23 15:51:21,010 INFO  [default]    inst rate: 0
2026-07-23 15:51:21,200 INFO  [default] link ACK received: BASIC_QUERY_OPERATIONAL_STATE_REQUEST
2026-07-23 15:51:21,312 INFO  [default] operational state received: 0

Press Enter for a list of commands
2026-07-23 15:52:20,518 INFO  [default] link ACK received: GET_COMMODITY_REQUEST
2026-07-23 15:52:20,630 INFO  [default] message type supported received: 2
2026-07-23 15:52:20,630 INFO  [default] commodity response received.  count: 3
2026-07-23 15:52:20,630 INFO  [default] commodity data: 0
2026-07-23 15:52:20,630 INFO  [default]   commodity code: 0 - Electricity consumed (W & W-hr)
2026-07-23 15:52:20,630 INFO  [default]            source: Estimated
2026-07-23 15:52:20,630 INFO  [default]   cumulative: 7215
2026-07-23 15:52:20,631 INFO  [default]    inst rate: 0
2026-07-23 15:52:20,631 INFO  [default] commodity data: 1
2026-07-23 15:52:20,631 INFO  [default]   commodity code: 6 - Total energy storage/take capacity (W-hr)
2026-07-23 15:52:20,631 INFO  [default]            source: Estimated
2026-07-23 15:52:20,631 INFO  [default]   cumulative: 4026
2026-07-23 15:52:20,631 INFO  [default]    inst rate: 0
2026-07-23 15:52:20,631 INFO  [default] commodity data: 2
2026-07-23 15:52:20,631 INFO  [default]   commodity code: 7 - Present energy storage/take capacity (W-hr)
2026-07-23 15:52:20,632 INFO  [default]            source: Estimated
2026-07-23 15:52:20,632 INFO  [default]   cumulative: 375
2026-07-23 15:52:20,632 INFO  [default]    inst rate: 0
2026-07-23 15:52:20,822 INFO  [default] link ACK received: BASIC_QUERY_OPERATIONAL_STATE_REQUEST
2026-07-23 15:52:20,918 INFO  [default] operational state received: 0

Press Enter for a list of commands
2026-07-23 15:53:20,123 INFO  [default] link ACK received: GET_COMMODITY_REQUEST
2026-07-23 15:53:20,235 INFO  [default] message type supported received: 2
2026-07-23 15:53:20,235 INFO  [default] commodity response received.  count: 3
2026-07-23 15:53:20,235 INFO  [default] commodity data: 0
2026-07-23 15:53:20,236 INFO  [default]   commodity code: 0 - Electricity consumed (W & W-hr)
2026-07-23 15:53:20,236 INFO  [default]            source: Estimated
2026-07-23 15:53:20,236 INFO  [default]   cumulative: 7215
2026-07-23 15:53:20,236 INFO  [default]    inst rate: 0
2026-07-23 15:53:20,236 INFO  [default] commodity data: 1
2026-07-23 15:53:20,236 INFO  [default]   commodity code: 6 - Total energy storage/take capacity (W-hr)
2026-07-23 15:53:20,236 INFO  [default]            source: Estimated
2026-07-23 15:53:20,236 INFO  [default]   cumulative: 4026
2026-07-23 15:53:20,237 INFO  [default]    inst rate: 0
2026-07-23 15:53:20,237 INFO  [default] commodity data: 2
2026-07-23 15:53:20,237 INFO  [default]   commodity code: 7 - Present energy storage/take capacity (W-hr)
2026-07-23 15:53:20,237 INFO  [default]            source: Estimated
2026-07-23 15:53:20,237 INFO  [default]   cumulative: 375
2026-07-23 15:53:20,237 INFO  [default]    inst rate: 0
2026-07-23 15:53:20,427 INFO  [default] link ACK received: BASIC_QUERY_OPERATIONAL_STATE_REQUEST
2026-07-23 15:53:20,539 INFO  [default] operational state received: 1

Press Enter for a list of commands
1784847260,o,0 (PASSED!)
outside communication found
2026-07-23 15:54:20,737 INFO  [default] link ACK received: BASIC_OUTSIDE_COMM_CONNECTION_STATUS_MESSAGE
2026-07-23 15:54:20,848 INFO  [default] app ack received
2026-07-23 15:54:21,040 INFO  [default] link ACK received: GET_COMMODITY_REQUEST
2026-07-23 15:54:21,168 INFO  [default] message type supported received: 2
2026-07-23 15:54:21,169 INFO  [default] commodity response received.  count: 3
2026-07-23 15:54:21,169 INFO  [default] commodity data: 0
2026-07-23 15:54:21,169 INFO  [default]   commodity code: 0 - Electricity consumed (W & W-hr)
2026-07-23 15:54:21,169 INFO  [default]            source: Estimated
2026-07-23 15:54:21,169 INFO  [default]   cumulative: 7228
2026-07-23 15:54:21,169 INFO  [default]    inst rate: 800
2026-07-23 15:54:21,169 INFO  [default] commodity data: 1
2026-07-23 15:54:21,170 INFO  [default]   commodity code: 6 - Total energy storage/take capacity (W-hr)
2026-07-23 15:54:21,170 INFO  [default]            source: Estimated
2026-07-23 15:54:21,170 INFO  [default]   cumulative: 4026
2026-07-23 15:54:21,170 INFO  [default]    inst rate: 0
2026-07-23 15:54:21,170 INFO  [default] commodity data: 2
2026-07-23 15:54:21,170 INFO  [default]   commodity code: 7 - Present energy storage/take capacity (W-hr)
2026-07-23 15:54:21,170 INFO  [default]            source: Estimated
2026-07-23 15:54:21,170 INFO  [default]   cumulative: 375
2026-07-23 15:54:21,171 INFO  [default]    inst rate: 0
2026-07-23 15:54:21,360 INFO  [default] link ACK received: BASIC_QUERY_OPERATIONAL_STATE_REQUEST
2026-07-23 15:54:21,456 INFO  [default] operational state received: 1

Press Enter for a list of commands
1784847275,e,0 (PASSED!)
2026-07-23 15:54:35,582 INFO  [default] link ACK received: BASIC_END_SHED_REQUEST
2026-07-23 15:54:35,678 INFO  [default] app ack received
endshedding
2026-07-23 15:55:20,854 INFO  [default] link ACK received: GET_COMMODITY_REQUEST
2026-07-23 15:55:20,982 INFO  [default] message type supported received: 2
2026-07-23 15:55:20,982 INFO  [default] commodity response received.  count: 3
2026-07-23 15:55:20,982 INFO  [default] commodity data: 0
2026-07-23 15:55:20,982 INFO  [default]   commodity code: 0 - Electricity consumed (W & W-hr)
2026-07-23 15:55:20,982 INFO  [default]            source: Estimated
2026-07-23 15:55:20,983 INFO  [default]   cumulative: 7241
2026-07-23 15:55:20,983 INFO  [default]    inst rate: 800
2026-07-23 15:55:20,983 INFO  [default] commodity data: 1
2026-07-23 15:55:20,983 INFO  [default]   commodity code: 6 - Total energy storage/take capacity (W-hr)
2026-07-23 15:55:20,983 INFO  [default]            source: Estimated
2026-07-23 15:55:20,983 INFO  [default]   cumulative: 4026
2026-07-23 15:55:20,983 INFO  [default]    inst rate: 0
2026-07-23 15:55:20,984 INFO  [default] commodity data: 2
2026-07-23 15:55:20,984 INFO  [default]   commodity code: 7 - Present energy storage/take capacity (W-hr)
2026-07-23 15:55:20,984 INFO  [default]            source: Estimated
2026-07-23 15:55:20,984 INFO  [default]   cumulative: 225
2026-07-23 15:55:20,984 INFO  [default]    inst rate: 0
2026-07-23 15:55:21,174 INFO  [default] link ACK received: BASIC_QUERY_OPERATIONAL_STATE_REQUEST
2026-07-23 15:55:21,286 INFO  [default] operational state received: 1

Press Enter for a list of commands
2026-07-23 15:56:20,475 INFO  [default] link ACK received: GET_COMMODITY_REQUEST
2026-07-23 15:56:20,603 INFO  [default] message type supported received: 2
2026-07-23 15:56:20,604 INFO  [default] commodity response received.  count: 3
2026-07-23 15:56:20,604 INFO  [default] commodity data: 0
2026-07-23 15:56:20,604 INFO  [default]   commodity code: 0 - Electricity consumed (W & W-hr)
2026-07-23 15:56:20,604 INFO  [default]            source: Estimated
2026-07-23 15:56:20,604 INFO  [default]   cumulative: 7254
2026-07-23 15:56:20,604 INFO  [default]    inst rate: 800
2026-07-23 15:56:20,604 INFO  [default] commodity data: 1
2026-07-23 15:56:20,605 INFO  [default]   commodity code: 6 - Total energy storage/take capacity (W-hr)
2026-07-23 15:56:20,605 INFO  [default]            source: Estimated
2026-07-23 15:56:20,605 INFO  [default]   cumulative: 4026
2026-07-23 15:56:20,605 INFO  [default]    inst rate: 0
2026-07-23 15:56:20,605 INFO  [default] commodity data: 2
2026-07-23 15:56:20,605 INFO  [default]   commodity code: 7 - Present energy storage/take capacity (W-hr)
2026-07-23 15:56:20,605 INFO  [default]            source: Estimated
2026-07-23 15:56:20,605 INFO  [default]   cumulative: 75
2026-07-23 15:56:20,606 INFO  [default]    inst rate: 0
2026-07-23 15:56:20,795 INFO  [default] link ACK received: BASIC_QUERY_OPERATIONAL_STATE_REQUEST
2026-07-23 15:56:20,907 INFO  [default] operational state received: 1

Press Enter for a list of commands
2026-07-23 15:57:20,113 INFO  [default] link ACK received: GET_COMMODITY_REQUEST
2026-07-23 15:57:20,241 INFO  [default] message type supported received: 2
2026-07-23 15:57:20,241 INFO  [default] commodity response received.  count: 3
2026-07-23 15:57:20,241 INFO  [default] commodity data: 0
2026-07-23 15:57:20,242 INFO  [default]   commodity code: 0 - Electricity consumed (W & W-hr)
2026-07-23 15:57:20,242 INFO  [default]            source: Estimated
2026-07-23 15:57:20,242 INFO  [default]   cumulative: 7267
2026-07-23 15:57:20,242 INFO  [default]    inst rate: 800
2026-07-23 15:57:20,242 INFO  [default] commodity data: 1
2026-07-23 15:57:20,242 INFO  [default]   commodity code: 6 - Total energy storage/take capacity (W-hr)
2026-07-23 15:57:20,242 INFO  [default]            source: Estimated
2026-07-23 15:57:20,242 INFO  [default]   cumulative: 4026
2026-07-23 15:57:20,243 INFO  [default]    inst rate: 0
2026-07-23 15:57:20,243 INFO  [default] commodity data: 2
2026-07-23 15:57:20,243 INFO  [default]   commodity code: 7 - Present energy storage/take capacity (W-hr)
2026-07-23 15:57:20,243 INFO  [default]            source: Estimated
2026-07-23 15:57:20,243 INFO  [default]   cumulative: 75
2026-07-23 15:57:20,243 INFO  [default]    inst rate: 0
2026-07-23 15:57:20,433 INFO  [default] link ACK received: BASIC_QUERY_OPERATIONAL_STATE_REQUEST
2026-07-23 15:57:20,545 INFO  [default] operational state received: 1

Press Enter for a list of commands
2026-07-23 15:58:20,743 INFO  [default] link ACK received: GET_COMMODITY_REQUEST
2026-07-23 15:58:20,871 INFO  [default] message type supported received: 2
2026-07-23 15:58:20,871 INFO  [default] commodity response received.  count: 3
2026-07-23 15:58:20,871 INFO  [default] commodity data: 0
2026-07-23 15:58:20,872 INFO  [default]   commodity code: 0 - Electricity consumed (W & W-hr)
2026-07-23 15:58:20,872 INFO  [default]            source: Estimated
2026-07-23 15:58:20,872 INFO  [default]   cumulative: 7280
2026-07-23 15:58:20,872 INFO  [default]    inst rate: 800
2026-07-23 15:58:20,872 INFO  [default] commodity data: 1
2026-07-23 15:58:20,872 INFO  [default]   commodity code: 6 - Total energy storage/take capacity (W-hr)
2026-07-23 15:58:20,872 INFO  [default]            source: Estimated
2026-07-23 15:58:20,872 INFO  [default]   cumulative: 4026
2026-07-23 15:58:20,873 INFO  [default]    inst rate: 0
2026-07-23 15:58:20,873 INFO  [default] commodity data: 2
2026-07-23 15:58:20,873 INFO  [default]   commodity code: 7 - Present energy storage/take capacity (W-hr)
2026-07-23 15:58:20,873 INFO  [default]            source: Estimated
2026-07-23 15:58:20,873 INFO  [default]   cumulative: 75
2026-07-23 15:58:20,873 INFO  [default]    inst rate: 0
2026-07-23 15:58:21,063 INFO  [default] link ACK received: BASIC_QUERY_OPERATIONAL_STATE_REQUEST
2026-07-23 15:58:21,175 INFO  [default] operational state received: 1

Press Enter for a list of commands
2026-07-23 15:59:20,365 INFO  [default] link ACK received: GET_COMMODITY_REQUEST
2026-07-23 15:59:20,493 INFO  [default] message type supported received: 2
2026-07-23 15:59:20,493 INFO  [default] commodity response received.  count: 3
2026-07-23 15:59:20,494 INFO  [default] commodity data: 0
2026-07-23 15:59:20,494 INFO  [default]   commodity code: 0 - Electricity consumed (W & W-hr)
2026-07-23 15:59:20,494 INFO  [default]            source: Estimated
2026-07-23 15:59:20,494 INFO  [default]   cumulative: 7293
2026-07-23 15:59:20,494 INFO  [default]    inst rate: 800
2026-07-23 15:59:20,494 INFO  [default] commodity data: 1
2026-07-23 15:59:20,494 INFO  [default]   commodity code: 6 - Total energy storage/take capacity (W-hr)
2026-07-23 15:59:20,495 INFO  [default]            source: Estimated
2026-07-23 15:59:20,495 INFO  [default]   cumulative: 4026
2026-07-23 15:59:20,495 INFO  [default]    inst rate: 0
2026-07-23 15:59:20,495 INFO  [default] commodity data: 2
2026-07-23 15:59:20,495 INFO  [default]   commodity code: 7 - Present energy storage/take capacity (W-hr)
2026-07-23 15:59:20,495 INFO  [default]            source: Estimated
2026-07-23 15:59:20,495 INFO  [default]   cumulative: 75
2026-07-23 15:59:20,495 INFO  [default]    inst rate: 0
2026-07-23 15:59:20,685 INFO  [default] link ACK received: BASIC_QUERY_OPERATIONAL_STATE_REQUEST
2026-07-23 15:59:20,797 INFO  [default] operational state received: 1

Press Enter for a list of commands
Returning state to normal...
2026-07-23 15:59:35,115 INFO  [default] link ACK received: BASIC_END_SHED_REQUEST
2026-07-23 15:59:35,227 INFO  [default] app ack received
Loading...
Querying operational state after normal command...
2026-07-23 15:59:37,322 INFO  [default] link ACK received: BASIC_QUERY_OPERATIONAL_STATE_REQUEST
2026-07-23 15:59:37,418 INFO  [default] operational state received: 1

Press Enter for a list of commands
