POWER_MONITOR_READY {"output_csv": "/home/pi/conformance_testing_team/saved_data/conformance_runs/run_2026_07_28_002233Z/power.csv", "timestamp_utc": "2026-07-28T00:22:34.008Z"}
POWER_MONITOR_RECORD {"timestamp_utc": "2026-07-28T00:22:34.011Z", "status": "ok", "reasons": ["initial_sample"]}
POWER_MONITOR_RECORD {"timestamp_utc": "2026-07-28T00:23:05.175Z", "status": "ok", "reasons": ["current_change", "power_change", "heater_on"]}
POWER_MONITOR_RECORD {"timestamp_utc": "2026-07-28T00:23:07.187Z", "status": "ok", "reasons": ["current_change"]}
POWER_MONITOR_RECORD {"timestamp_utc": "2026-07-28T00:23:10.205Z", "status": "ok", "reasons": ["current_change"]}
POWER_MONITOR_RECORD {"timestamp_utc": "2026-07-28T00:23:34.346Z", "status": "ok", "reasons": ["current_change"]}
POWER_MONITOR_RECORD {"timestamp_utc": "2026-07-28T00:23:35.352Z", "status": "ok", "reasons": ["current_change"]}
POWER_MONITOR_RECORD {"timestamp_utc": "2026-07-28T00:23:37.364Z", "status": "ok", "reasons": ["current_change"]}
POWER_MONITOR_RECORD {"timestamp_utc": "2026-07-28T00:23:38.371Z", "status": "ok", "reasons": ["current_change"]}
POWER_MONITOR_RECORD {"timestamp_utc": "2026-07-28T00:23:40.383Z", "status": "ok", "reasons": ["current_change"]}
POWER_MONITOR_RECORD {"timestamp_utc": "2026-07-28T00:23:41.390Z", "status": "ok", "reasons": ["current_change"]}
POWER_MONITOR_RECORD {"timestamp_utc": "2026-07-28T00:23:47.425Z", "status": "ok", "reasons": ["current_change"]}
POWER_MONITOR_RECORD {"timestamp_utc": "2026-07-28T00:23:48.432Z", "status": "ok", "reasons": ["current_change"]}
POWER_MONITOR_RECORD {"timestamp_utc": "2026-07-28T00:23:52.456Z", "status": "ok", "reasons": ["current_change"]}
POWER_MONITOR_RECORD {"timestamp_utc": "2026-07-28T00:23:55.474Z", "status": "ok", "reasons": ["current_change"]}
POWER_MONITOR_RECORD {"timestamp_utc": "2026-07-28T00:24:08.550Z", "status": "ok", "reasons": ["current_change", "power_change"]}
POWER_MONITOR_RECORD {"timestamp_utc": "2026-07-28T00:24:09.557Z", "status": "ok", "reasons": ["current_change"]}
POWER_MONITOR_RECORD {"timestamp_utc": "2026-07-28T00:24:10.563Z", "status": "ok", "reasons": ["current_change"]}
POWER_MONITOR_RECORD {"timestamp_utc": "2026-07-28T00:24:11.570Z", "status": "ok", "reasons": ["current_change"]}
POWER_MONITOR_RECORD {"timestamp_utc": "2026-07-28T00:24:12.576Z", "status": "ok", "reasons": ["current_change"]}
POWER_MONITOR_RECORD {"timestamp_utc": "2026-07-28T00:24:13.583Z", "status": "ok", "reasons": ["current_change"]}
POWER_MONITOR_RECORD {"timestamp_utc": "2026-07-28T00:24:14.589Z", "status": "ok", "reasons": ["current_change"]}
POWER_MONITOR_RECORD {"timestamp_utc": "2026-07-28T00:24:15.596Z", "status": "ok", "reasons": ["current_change"]}
POWER_MONITOR_RECORD {"timestamp_utc": "2026-07-28T00:24:17.608Z", "status": "ok", "reasons": ["current_change"]}
POWER_MONITOR_RECORD {"timestamp_utc": "2026-07-28T00:24:20.626Z", "status": "ok", "reasons": ["current_change"]}
POWER_MONITOR_RECORD {"timestamp_utc": "2026-07-28T00:24:21.633Z", "status": "ok", "reasons": ["current_change"]}
POWER_MONITOR_RECORD {"timestamp_utc": "2026-07-28T00:24:22.639Z", "status": "ok", "reasons": ["current_change", "power_change"]}
POWER_MONITOR_RECORD {"timestamp_utc": "2026-07-28T00:24:23.646Z", "status": "ok", "reasons": ["current_change"]}
POWER_MONITOR_RECORD {"timestamp_utc": "2026-07-28T00:24:24.652Z", "status": "ok", "reasons": ["current_change"]}
POWER_MONITOR_RECORD {"timestamp_utc": "2026-07-28T00:24:25.659Z", "status": "ok", "reasons": ["current_change", "power_change"]}
POWER_MONITOR_RECORD {"timestamp_utc": "2026-07-28T00:24:26.665Z", "status": "ok", "reasons": ["current_change"]}
POWER_MONITOR_RECORD {"timestamp_utc": "2026-07-28T00:24:28.678Z", "status": "ok", "reasons": ["current_change"]}
POWER_MONITOR_RECORD {"timestamp_utc": "2026-07-28T00:24:29.684Z", "status": "ok", "reasons": ["current_change"]}
POWER_MONITOR_RECORD {"timestamp_utc": "2026-07-28T00:24:31.697Z", "status": "ok", "reasons": ["current_change"]}
POWER_MONITOR_RECORD {"timestamp_utc": "2026-07-28T00:24:32.703Z", "status": "ok", "reasons": ["current_change"]}
POWER_MONITOR_RECORD {"timestamp_utc": "2026-07-28T00:24:37.733Z", "status": "ok", "reasons": ["current_change"]}
POWER_MONITOR_RECORD {"timestamp_utc": "2026-07-28T00:24:38.740Z", "status": "ok", "reasons": ["current_change"]}
POWER_MONITOR_RECORD {"timestamp_utc": "2026-07-28T00:24:39.746Z", "status": "ok", "reasons": ["current_change"]}
POWER_MONITOR_RECORD {"timestamp_utc": "2026-07-28T00:24:41.758Z", "status": "ok", "reasons": ["current_change"]}
POWER_MONITOR_RECORD {"timestamp_utc": "2026-07-28T00:24:45.782Z", "status": "ok", "reasons": ["current_change"]}
POWER_MONITOR_RECORD {"timestamp_utc": "2026-07-28T00:24:47.795Z", "status": "ok", "reasons": ["current_change"]}
POWER_MONITOR_RECORD {"timestamp_utc": "2026-07-28T00:24:48.801Z", "status": "ok", "reasons": ["current_change"]}
POWER_MONITOR_RECORD {"timestamp_utc": "2026-07-28T00:24:54.837Z", "status": "ok", "reasons": ["current_change"]}
POWER_MONITOR_RECORD {"timestamp_utc": "2026-07-28T00:24:55.844Z", "status": "ok", "reasons": ["current_change"]}
POWER_MONITOR_RECORD {"timestamp_utc": "2026-07-28T00:25:15.961Z", "status": "ok", "reasons": ["current_change"]}
POWER_MONITOR_RECORD {"timestamp_utc": "2026-07-28T00:25:16.968Z", "status": "ok", "reasons": ["current_change"]}
POWER_MONITOR_RECORD {"timestamp_utc": "2026-07-28T00:25:18.980Z", "status": "ok", "reasons": ["current_change"]}
POWER_MONITOR_RECORD {"timestamp_utc": "2026-07-28T00:25:31.050Z", "status": "ok", "reasons": ["current_change"]}
POWER_MONITOR_RECORD {"timestamp_utc": "2026-07-28T00:25:34.069Z", "status": "ok", "reasons": ["current_change"]}
POWER_MONITOR_RECORD {"timestamp_utc": "2026-07-28T00:25:37.087Z", "status": "ok", "reasons": ["current_change"]}
POWER_MONITOR_RECORD {"timestamp_utc": "2026-07-28T00:25:38.093Z", "status": "ok", "reasons": ["current_change"]}
POWER_MONITOR_RECORD {"timestamp_utc": "2026-07-28T00:25:39.100Z", "status": "ok", "reasons": ["current_change"]}
POWER_MONITOR_RECORD {"timestamp_utc": "2026-07-28T00:25:41.112Z", "status": "ok", "reasons": ["current_change"]}
POWER_MONITOR_RECORD {"timestamp_utc": "2026-07-28T00:25:54.189Z", "status": "ok", "reasons": ["current_change"]}
POWER_MONITOR_RECORD {"timestamp_utc": "2026-07-28T00:26:03.242Z", "status": "ok", "reasons": ["current_change"]}
POWER_MONITOR_RECORD {"timestamp_utc": "2026-07-28T00:26:04.248Z", "status": "ok", "reasons": ["current_change"]}
POWER_MONITOR_RECORD {"timestamp_utc": "2026-07-28T00:26:06.260Z", "status": "ok", "reasons": ["current_change"]}
POWER_MONITOR_RECORD {"timestamp_utc": "2026-07-28T00:26:09.279Z", "status": "ok", "reasons": ["current_change"]}
POWER_MONITOR_RECORD {"timestamp_utc": "2026-07-28T00:26:15.314Z", "status": "ok", "reasons": ["current_change"]}
POWER_MONITOR_RECORD {"timestamp_utc": "2026-07-28T00:26:26.379Z", "status": "ok", "reasons": ["current_change"]}
POWER_MONITOR_RECORD {"timestamp_utc": "2026-07-28T00:26:27.386Z", "status": "ok", "reasons": ["current_change"]}
POWER_MONITOR_RECORD {"timestamp_utc": "2026-07-28T00:26:31.410Z", "status": "ok", "reasons": ["current_change"]}
POWER_MONITOR_RECORD {"timestamp_utc": "2026-07-28T00:26:32.416Z", "status": "ok", "reasons": ["current_change"]}
POWER_MONITOR_RECORD {"timestamp_utc": "2026-07-28T00:26:34.428Z", "status": "ok", "reasons": ["current_change"]}
POWER_MONITOR_RECORD {"timestamp_utc": "2026-07-28T00:26:41.470Z", "status": "ok", "reasons": ["current_change"]}
POWER_MONITOR_RECORD {"timestamp_utc": "2026-07-28T00:26:42.477Z", "status": "ok", "reasons": ["current_change"]}
POWER_MONITOR_RECORD {"timestamp_utc": "2026-07-28T00:26:58.571Z", "status": "ok", "reasons": ["current_change"]}
POWER_MONITOR_RECORD {"timestamp_utc": "2026-07-28T00:26:59.577Z", "status": "ok", "reasons": ["current_change"]}
POWER_MONITOR_RECORD {"timestamp_utc": "2026-07-28T00:27:01.590Z", "status": "ok", "reasons": ["current_change"]}
POWER_MONITOR_RECORD {"timestamp_utc": "2026-07-28T00:27:03.602Z", "status": "ok", "reasons": ["current_change"]}
POWER_MONITOR_RECORD {"timestamp_utc": "2026-07-28T00:27:06.620Z", "status": "ok", "reasons": ["current_change"]}
POWER_MONITOR_RECORD {"timestamp_utc": "2026-07-28T00:27:07.627Z", "status": "ok", "reasons": ["current_change"]}
POWER_MONITOR_RECORD {"timestamp_utc": "2026-07-28T00:27:08.633Z", "status": "ok", "reasons": ["current_change"]}
POWER_MONITOR_RECORD {"timestamp_utc": "2026-07-28T00:27:09.640Z", "status": "ok", "reasons": ["current_change"]}
POWER_MONITOR_RECORD {"timestamp_utc": "2026-07-28T00:27:10.646Z", "status": "ok", "reasons": ["current_change"]}
POWER_MONITOR_RECORD {"timestamp_utc": "2026-07-28T00:27:11.653Z", "status": "ok", "reasons": ["current_change"]}
POWER_MONITOR_RECORD {"timestamp_utc": "2026-07-28T00:27:13.665Z", "status": "ok", "reasons": ["current_change"]}
POWER_MONITOR_RECORD {"timestamp_utc": "2026-07-28T00:27:14.672Z", "status": "ok", "reasons": ["current_change"]}
POWER_MONITOR_RECORD {"timestamp_utc": "2026-07-28T00:27:15.678Z", "status": "ok", "reasons": ["current_change"]}
POWER_MONITOR_RECORD {"timestamp_utc": "2026-07-28T00:27:17.691Z", "status": "ok", "reasons": ["current_change"]}
POWER_MONITOR_RECORD {"timestamp_utc": "2026-07-28T00:27:19.703Z", "status": "ok", "reasons": ["current_change"]}
POWER_MONITOR_RECORD {"timestamp_utc": "2026-07-28T00:27:20.709Z", "status": "ok", "reasons": ["current_change"]}
POWER_MONITOR_RECORD {"timestamp_utc": "2026-07-28T00:27:22.722Z", "status": "ok", "reasons": ["current_change"]}
POWER_MONITOR_RECORD {"timestamp_utc": "2026-07-28T00:27:27.752Z", "status": "ok", "reasons": ["current_change"]}
POWER_MONITOR_RECORD {"timestamp_utc": "2026-07-28T00:27:32.782Z", "status": "ok", "reasons": ["current_change"]}
POWER_MONITOR_RECORD {"timestamp_utc": "2026-07-28T00:27:36.806Z", "status": "ok", "reasons": ["current_change"]}
POWER_MONITOR_RECORD {"timestamp_utc": "2026-07-28T00:27:41.836Z", "status": "ok", "reasons": ["current_change"]}
POWER_MONITOR_RECORD {"timestamp_utc": "2026-07-28T00:27:46.866Z", "status": "ok", "reasons": ["current_change"]}
POWER_MONITOR_RECORD {"timestamp_utc": "2026-07-28T00:27:50.890Z", "status": "ok", "reasons": ["current_change"]}
POWER_MONITOR_RECORD {"timestamp_utc": "2026-07-28T00:27:56.926Z", "status": "ok", "reasons": ["current_change"]}
POWER_MONITOR_RECORD {"timestamp_utc": "2026-07-28T00:27:57.932Z", "status": "ok", "reasons": ["current_change"]}
POWER_MONITOR_RECORD {"timestamp_utc": "2026-07-28T00:28:07.991Z", "status": "ok", "reasons": ["current_change"]}
POWER_MONITOR_RECORD {"timestamp_utc": "2026-07-28T00:28:10.004Z", "status": "ok", "reasons": ["current_change"]}
POWER_MONITOR_RECORD {"timestamp_utc": "2026-07-28T00:28:17.045Z", "status": "ok", "reasons": ["current_change"]}
POWER_MONITOR_RECORD {"timestamp_utc": "2026-07-28T00:28:23.081Z", "status": "ok", "reasons": ["current_change"]}
POWER_MONITOR_RECORD {"timestamp_utc": "2026-07-28T00:28:39.175Z", "status": "ok", "reasons": ["current_change"]}
POWER_MONITOR_RECORD {"timestamp_utc": "2026-07-28T00:28:40.182Z", "status": "ok", "reasons": ["current_change"]}
POWER_MONITOR_RECORD {"timestamp_utc": "2026-07-28T00:28:46.218Z", "status": "ok", "reasons": ["current_change"]}
POWER_MONITOR_RECORD {"timestamp_utc": "2026-07-28T00:29:08.347Z", "status": "ok", "reasons": ["current_change"]}
POWER_MONITOR_RECORD {"timestamp_utc": "2026-07-28T00:29:09.353Z", "status": "ok", "reasons": ["current_change"]}
POWER_MONITOR_RECORD {"timestamp_utc": "2026-07-28T00:29:17.400Z", "status": "ok", "reasons": ["current_change"]}
POWER_MONITOR_RECORD {"timestamp_utc": "2026-07-28T00:29:18.407Z", "status": "ok", "reasons": ["current_change"]}
POWER_MONITOR_RECORD {"timestamp_utc": "2026-07-28T00:29:19.414Z", "status": "ok", "reasons": ["current_change"]}
POWER_MONITOR_RECORD {"timestamp_utc": "2026-07-28T00:29:20.420Z", "status": "ok", "reasons": ["current_change"]}
POWER_MONITOR_RECORD {"timestamp_utc": "2026-07-28T00:29:37.519Z", "status": "ok", "reasons": ["current_change"]}
POWER_MONITOR_RECORD {"timestamp_utc": "2026-07-28T00:29:39.532Z", "status": "ok", "reasons": ["current_change"]}
POWER_MONITOR_RECORD {"timestamp_utc": "2026-07-28T00:29:45.567Z", "status": "ok", "reasons": ["current_change"]}
POWER_MONITOR_RECORD {"timestamp_utc": "2026-07-28T00:29:46.574Z", "status": "ok", "reasons": ["current_change"]}
POWER_MONITOR_RECORD {"timestamp_utc": "2026-07-28T00:29:48.586Z", "status": "ok", "reasons": ["current_change"]}
POWER_MONITOR_RECORD {"timestamp_utc": "2026-07-28T00:29:53.616Z", "status": "ok", "reasons": ["current_change"]}
POWER_MONITOR_RECORD {"timestamp_utc": "2026-07-28T00:30:01.663Z", "status": "ok", "reasons": ["current_change"]}
POWER_MONITOR_RECORD {"timestamp_utc": "2026-07-28T00:30:04.681Z", "status": "ok", "reasons": ["current_change"]}
POWER_MONITOR_RECORD {"timestamp_utc": "2026-07-28T00:30:06.694Z", "status": "ok", "reasons": ["current_change"]}
POWER_MONITOR_RECORD {"timestamp_utc": "2026-07-28T00:30:07.700Z", "status": "ok", "reasons": ["current_change"]}
POWER_MONITOR_RECORD {"timestamp_utc": "2026-07-28T00:30:08.706Z", "status": "ok", "reasons": ["current_change"]}
POWER_MONITOR_RECORD {"timestamp_utc": "2026-07-28T00:30:09.713Z", "status": "ok", "reasons": ["current_change"]}
POWER_MONITOR_RECORD {"timestamp_utc": "2026-07-28T00:30:11.725Z", "status": "ok", "reasons": ["current_change"]}
POWER_MONITOR_RECORD {"timestamp_utc": "2026-07-28T00:30:33.853Z", "status": "ok", "reasons": ["current_change"]}
POWER_MONITOR_RECORD {"timestamp_utc": "2026-07-28T00:30:44.918Z", "status": "ok", "reasons": ["current_change"]}
POWER_MONITOR_RECORD {"timestamp_utc": "2026-07-28T00:30:46.930Z", "status": "ok", "reasons": ["current_change"]}
POWER_MONITOR_RECORD {"timestamp_utc": "2026-07-28T00:30:57.994Z", "status": "ok", "reasons": ["current_change"]}
POWER_MONITOR_RECORD {"timestamp_utc": "2026-07-28T00:31:12.076Z", "status": "ok", "reasons": ["current_change"]}
POWER_MONITOR_RECORD {"timestamp_utc": "2026-07-28T00:31:40.239Z", "status": "ok", "reasons": ["current_change"]}
POWER_MONITOR_RECORD {"timestamp_utc": "2026-07-28T00:32:03.374Z", "status": "ok", "reasons": ["current_change"]}
POWER_MONITOR_RECORD {"timestamp_utc": "2026-07-28T00:32:30.532Z", "status": "ok", "reasons": ["current_change"]}
POWER_MONITOR_RECORD {"timestamp_utc": "2026-07-28T00:33:08.753Z", "status": "ok", "reasons": ["current_change"]}
POWER_MONITOR_RECORD {"timestamp_utc": "2026-07-28T00:33:09.760Z", "status": "ok", "reasons": ["current_change"]}
POWER_MONITOR_RECORD {"timestamp_utc": "2026-07-28T00:33:13.784Z", "status": "ok", "reasons": ["current_change"]}
POWER_MONITOR_RECORD {"timestamp_utc": "2026-07-28T00:33:16.802Z", "status": "ok", "reasons": ["current_change"]}
POWER_MONITOR_RECORD {"timestamp_utc": "2026-07-28T00:33:18.814Z", "status": "ok", "reasons": ["current_change"]}
POWER_MONITOR_RECORD {"timestamp_utc": "2026-07-28T00:33:30.885Z", "status": "ok", "reasons": ["current_change"]}
POWER_MONITOR_RECORD {"timestamp_utc": "2026-07-28T00:33:51.002Z", "status": "ok", "reasons": ["current_change"]}
POWER_MONITOR_RECORD {"timestamp_utc": "2026-07-28T00:33:53.014Z", "status": "ok", "reasons": ["current_change"]}
POWER_MONITOR_RECORD {"timestamp_utc": "2026-07-28T00:33:56.032Z", "status": "ok", "reasons": ["current_change"]}
POWER_MONITOR_RECORD {"timestamp_utc": "2026-07-28T00:34:00.056Z", "status": "ok", "reasons": ["current_change"]}
POWER_MONITOR_RECORD {"timestamp_utc": "2026-07-28T00:34:01.062Z", "status": "ok", "reasons": ["current_change"]}
POWER_MONITOR_RECORD {"timestamp_utc": "2026-07-28T00:34:07.098Z", "status": "ok", "reasons": ["current_change"]}
POWER_MONITOR_RECORD {"timestamp_utc": "2026-07-28T00:34:08.104Z", "status": "ok", "reasons": ["current_change"]}
POWER_MONITOR_RECORD {"timestamp_utc": "2026-07-28T00:34:11.122Z", "status": "ok", "reasons": ["current_change"]}
POWER_MONITOR_RECORD {"timestamp_utc": "2026-07-28T00:34:15.146Z", "status": "ok", "reasons": ["current_change"]}
POWER_MONITOR_RECORD {"timestamp_utc": "2026-07-28T00:34:16.153Z", "status": "ok", "reasons": ["current_change"]}
POWER_MONITOR_RECORD {"timestamp_utc": "2026-07-28T00:34:26.211Z", "status": "ok", "reasons": ["current_change"]}
POWER_MONITOR_RECORD {"timestamp_utc": "2026-07-28T00:34:29.230Z", "status": "ok", "reasons": ["current_change"]}
POWER_MONITOR_RECORD {"timestamp_utc": "2026-07-28T00:34:30.236Z", "status": "ok", "reasons": ["current_change"]}
POWER_MONITOR_RECORD {"timestamp_utc": "2026-07-28T00:34:32.248Z", "status": "ok", "reasons": ["current_change"]}
POWER_MONITOR_RECORD {"timestamp_utc": "2026-07-28T00:34:36.272Z", "status": "ok", "reasons": ["current_change"]}
POWER_MONITOR_RECORD {"timestamp_utc": "2026-07-28T00:34:38.285Z", "status": "ok", "reasons": ["current_change"]}
POWER_MONITOR_RECORD {"timestamp_utc": "2026-07-28T00:34:41.303Z", "status": "ok", "reasons": ["current_change"]}
POWER_MONITOR_RECORD {"timestamp_utc": "2026-07-28T00:34:53.374Z", "status": "ok", "reasons": ["current_change", "power_change"]}
POWER_MONITOR_RECORD {"timestamp_utc": "2026-07-28T00:34:59.409Z", "status": "ok", "reasons": ["current_change"]}
POWER_MONITOR_RECORD {"timestamp_utc": "2026-07-28T00:35:03.433Z", "status": "ok", "reasons": ["current_change"]}
POWER_MONITOR_RECORD {"timestamp_utc": "2026-07-28T00:35:08.463Z", "status": "ok", "reasons": ["current_change"]}
POWER_MONITOR_RECORD {"timestamp_utc": "2026-07-28T00:35:39.643Z", "status": "ok", "reasons": ["current_change"]}
POWER_MONITOR_RECORD {"timestamp_utc": "2026-07-28T00:36:39.994Z", "status": "ok", "reasons": ["heartbeat"]}
POWER_MONITOR_RECORD {"timestamp_utc": "2026-07-28T00:37:40.343Z", "status": "ok", "reasons": ["heartbeat"]}
POWER_MONITOR_RECORD {"timestamp_utc": "2026-07-28T00:38:22.589Z", "status": "ok", "reasons": ["current_change", "power_change", "heater_off"]}
POWER_MONITOR_RECORD {"timestamp_utc": "2026-07-28T00:39:22.937Z", "status": "ok", "reasons": ["heartbeat"]}
POWER_MONITOR_RECORD {"timestamp_utc": "2026-07-28T00:40:23.286Z", "status": "ok", "reasons": ["heartbeat"]}
POWER_MONITOR_RECORD {"timestamp_utc": "2026-07-28T00:40:49.438Z", "status": "ok", "reasons": ["voltage_change"]}
POWER_MONITOR_RECORD {"timestamp_utc": "2026-07-28T00:41:49.788Z", "status": "ok", "reasons": ["heartbeat"]}
POWER_MONITOR_RECORD {"timestamp_utc": "2026-07-28T00:42:24.992Z", "status": "ok", "reasons": ["current_change", "power_change", "heater_on"]}
POWER_MONITOR_RECORD {"timestamp_utc": "2026-07-28T00:42:25.999Z", "status": "ok", "reasons": ["current_change"]}
POWER_MONITOR_RECORD {"timestamp_utc": "2026-07-28T00:42:31.028Z", "status": "ok", "reasons": ["current_change"]}
POWER_MONITOR_RECORD {"timestamp_utc": "2026-07-28T00:42:56.175Z", "status": "ok", "reasons": ["current_change"]}
POWER_MONITOR_RECORD {"timestamp_utc": "2026-07-28T00:42:57.181Z", "status": "ok", "reasons": ["current_change"]}
POWER_MONITOR_RECORD {"timestamp_utc": "2026-07-28T00:42:59.194Z", "status": "ok", "reasons": ["current_change"]}
POWER_MONITOR_RECORD {"timestamp_utc": "2026-07-28T00:43:00.200Z", "status": "ok", "reasons": ["current_change"]}
POWER_MONITOR_RECORD {"timestamp_utc": "2026-07-28T00:43:02.212Z", "status": "ok", "reasons": ["current_change"]}
POWER_MONITOR_RECORD {"timestamp_utc": "2026-07-28T00:43:03.218Z", "status": "ok", "reasons": ["current_change"]}
POWER_MONITOR_RECORD {"timestamp_utc": "2026-07-28T00:43:05.230Z", "status": "ok", "reasons": ["current_change"]}
POWER_MONITOR_RECORD {"timestamp_utc": "2026-07-28T00:43:07.243Z", "status": "ok", "reasons": ["current_change"]}
POWER_MONITOR_RECORD {"timestamp_utc": "2026-07-28T00:43:08.249Z", "status": "ok", "reasons": ["current_change"]}
POWER_MONITOR_RECORD {"timestamp_utc": "2026-07-28T00:43:09.255Z", "status": "ok", "reasons": ["current_change"]}
POWER_MONITOR_RECORD {"timestamp_utc": "2026-07-28T00:43:11.268Z", "status": "ok", "reasons": ["current_change"]}
POWER_MONITOR_RECORD {"timestamp_utc": "2026-07-28T00:43:13.280Z", "status": "ok", "reasons": ["current_change"]}
POWER_MONITOR_RECORD {"timestamp_utc": "2026-07-28T00:43:17.304Z", "status": "ok", "reasons": ["current_change"]}
POWER_MONITOR_RECORD {"timestamp_utc": "2026-07-28T00:43:29.374Z", "status": "ok", "reasons": ["current_change", "power_change"]}
POWER_MONITOR_RECORD {"timestamp_utc": "2026-07-28T00:43:30.380Z", "status": "ok", "reasons": ["current_change", "power_change"]}
POWER_MONITOR_RECORD {"timestamp_utc": "2026-07-28T00:43:31.387Z", "status": "ok", "reasons": ["current_change", "power_change"]}
POWER_MONITOR_RECORD {"timestamp_utc": "2026-07-28T00:43:32.393Z", "status": "ok", "reasons": ["current_change"]}
POWER_MONITOR_RECORD {"timestamp_utc": "2026-07-28T00:43:33.400Z", "status": "ok", "reasons": ["current_change", "power_change"]}
POWER_MONITOR_RECORD {"timestamp_utc": "2026-07-28T00:43:34.406Z", "status": "ok", "reasons": ["current_change", "power_change"]}
POWER_MONITOR_RECORD {"timestamp_utc": "2026-07-28T00:43:37.424Z", "status": "ok", "reasons": ["current_change"]}
POWER_MONITOR_RECORD {"timestamp_utc": "2026-07-28T00:43:39.436Z", "status": "ok", "reasons": ["current_change"]}
POWER_MONITOR_RECORD {"timestamp_utc": "2026-07-28T00:43:41.449Z", "status": "ok", "reasons": ["current_change"]}
POWER_MONITOR_RECORD {"timestamp_utc": "2026-07-28T00:43:42.455Z", "status": "ok", "reasons": ["current_change"]}
POWER_MONITOR_RECORD {"timestamp_utc": "2026-07-28T00:43:43.462Z", "status": "ok", "reasons": ["current_change"]}
POWER_MONITOR_RECORD {"timestamp_utc": "2026-07-28T00:43:44.468Z", "status": "ok", "reasons": ["current_change"]}
POWER_MONITOR_RECORD {"timestamp_utc": "2026-07-28T00:43:45.474Z", "status": "ok", "reasons": ["current_change", "power_change"]}
POWER_MONITOR_RECORD {"timestamp_utc": "2026-07-28T00:43:47.487Z", "status": "ok", "reasons": ["current_change"]}
POWER_MONITOR_RECORD {"timestamp_utc": "2026-07-28T00:43:50.505Z", "status": "ok", "reasons": ["current_change"]}
POWER_MONITOR_RECORD {"timestamp_utc": "2026-07-28T00:43:51.511Z", "status": "ok", "reasons": ["current_change"]}
POWER_MONITOR_RECORD {"timestamp_utc": "2026-07-28T00:43:52.518Z", "status": "ok", "reasons": ["current_change"]}
POWER_MONITOR_RECORD {"timestamp_utc": "2026-07-28T00:43:53.524Z", "status": "ok", "reasons": ["current_change"]}
POWER_MONITOR_RECORD {"timestamp_utc": "2026-07-28T00:43:55.536Z", "status": "ok", "reasons": ["current_change"]}
POWER_MONITOR_RECORD {"timestamp_utc": "2026-07-28T00:43:59.560Z", "status": "ok", "reasons": ["current_change"]}
POWER_MONITOR_RECORD {"timestamp_utc": "2026-07-28T00:44:05.595Z", "status": "ok", "reasons": ["current_change"]}
POWER_MONITOR_RECORD {"timestamp_utc": "2026-07-28T00:44:06.602Z", "status": "ok", "reasons": ["current_change"]}
POWER_MONITOR_RECORD {"timestamp_utc": "2026-07-28T00:44:13.643Z", "status": "ok", "reasons": ["current_change"]}
POWER_MONITOR_RECORD {"timestamp_utc": "2026-07-28T00:44:14.650Z", "status": "ok", "reasons": ["current_change"]}
POWER_MONITOR_RECORD {"timestamp_utc": "2026-07-28T00:44:19.679Z", "status": "ok", "reasons": ["current_change"]}
POWER_MONITOR_RECORD {"timestamp_utc": "2026-07-28T00:44:23.703Z", "status": "ok", "reasons": ["current_change"]}
POWER_MONITOR_RECORD {"timestamp_utc": "2026-07-28T00:44:27.727Z", "status": "ok", "reasons": ["current_change"]}
POWER_MONITOR_RECORD {"timestamp_utc": "2026-07-28T00:44:28.734Z", "status": "ok", "reasons": ["current_change"]}
POWER_MONITOR_RECORD {"timestamp_utc": "2026-07-28T00:44:33.763Z", "status": "ok", "reasons": ["current_change"]}
POWER_MONITOR_RECORD {"timestamp_utc": "2026-07-28T00:44:43.822Z", "status": "ok", "reasons": ["current_change"]}
POWER_MONITOR_RECORD {"timestamp_utc": "2026-07-28T00:44:49.857Z", "status": "ok", "reasons": ["current_change"]}
POWER_MONITOR_RECORD {"timestamp_utc": "2026-07-28T00:44:58.910Z", "status": "ok", "reasons": ["current_change"]}
POWER_MONITOR_RECORD {"timestamp_utc": "2026-07-28T00:45:00.922Z", "status": "ok", "reasons": ["current_change"]}
POWER_MONITOR_RECORD {"timestamp_utc": "2026-07-28T00:45:01.929Z", "status": "ok", "reasons": ["current_change"]}
POWER_MONITOR_RECORD {"timestamp_utc": "2026-07-28T00:45:04.947Z", "status": "ok", "reasons": ["current_change"]}
POWER_MONITOR_RECORD {"timestamp_utc": "2026-07-28T00:45:06.959Z", "status": "ok", "reasons": ["current_change"]}
POWER_MONITOR_RECORD {"timestamp_utc": "2026-07-28T00:45:21.041Z", "status": "ok", "reasons": ["current_change"]}
POWER_MONITOR_RECORD {"timestamp_utc": "2026-07-28T00:45:22.048Z", "status": "ok", "reasons": ["current_change"]}
POWER_MONITOR_RECORD {"timestamp_utc": "2026-07-28T00:45:23.054Z", "status": "ok", "reasons": ["current_change"]}
POWER_MONITOR_RECORD {"timestamp_utc": "2026-07-28T00:45:40.154Z", "status": "ok", "reasons": ["current_change"]}
POWER_MONITOR_RECORD {"timestamp_utc": "2026-07-28T00:45:51.218Z", "status": "ok", "reasons": ["current_change"]}
POWER_MONITOR_RECORD {"timestamp_utc": "2026-07-28T00:46:08.318Z", "status": "ok", "reasons": ["current_change"]}
POWER_MONITOR_RECORD {"timestamp_utc": "2026-07-28T00:46:15.360Z", "status": "ok", "reasons": ["current_change"]}
POWER_MONITOR_RECORD {"timestamp_utc": "2026-07-28T00:46:19.384Z", "status": "ok", "reasons": ["current_change"]}
POWER_MONITOR_RECORD {"timestamp_utc": "2026-07-28T00:46:24.413Z", "status": "ok", "reasons": ["current_change"]}
POWER_MONITOR_RECORD {"timestamp_utc": "2026-07-28T00:46:30.449Z", "status": "ok", "reasons": ["current_change"]}
POWER_MONITOR_RECORD {"timestamp_utc": "2026-07-28T00:46:31.456Z", "status": "ok", "reasons": ["current_change"]}
POWER_MONITOR_RECORD {"timestamp_utc": "2026-07-28T00:47:03.643Z", "status": "ok", "reasons": ["current_change"]}
POWER_MONITOR_RECORD {"timestamp_utc": "2026-07-28T00:47:06.661Z", "status": "ok", "reasons": ["current_change"]}
POWER_MONITOR_RECORD {"timestamp_utc": "2026-07-28T00:47:09.679Z", "status": "ok", "reasons": ["current_change"]}
POWER_MONITOR_RECORD {"timestamp_utc": "2026-07-28T00:47:25.773Z", "status": "ok", "reasons": ["current_change"]}
POWER_MONITOR_RECORD {"timestamp_utc": "2026-07-28T00:47:35.832Z", "status": "ok", "reasons": ["current_change"]}
POWER_MONITOR_RECORD {"timestamp_utc": "2026-07-28T00:47:44.885Z", "status": "ok", "reasons": ["current_change"]}
POWER_MONITOR_RECORD {"timestamp_utc": "2026-07-28T00:47:51.926Z", "status": "ok", "reasons": ["current_change", "power_change"]}
POWER_MONITOR_RECORD {"timestamp_utc": "2026-07-28T00:47:57.962Z", "status": "ok", "reasons": ["current_change"]}
POWER_MONITOR_RECORD {"timestamp_utc": "2026-07-28T00:48:02.992Z", "status": "ok", "reasons": ["current_change"]}
POWER_MONITOR_RECORD {"timestamp_utc": "2026-07-28T00:48:08.022Z", "status": "ok", "reasons": ["current_change"]}
POWER_MONITOR_RECORD {"timestamp_utc": "2026-07-28T00:48:16.069Z", "status": "ok", "reasons": ["current_change"]}
POWER_MONITOR_RECORD {"timestamp_utc": "2026-07-28T00:48:18.081Z", "status": "ok", "reasons": ["current_change"]}
POWER_MONITOR_RECORD {"timestamp_utc": "2026-07-28T00:48:19.088Z", "status": "ok", "reasons": ["current_change"]}
POWER_MONITOR_RECORD {"timestamp_utc": "2026-07-28T00:48:21.100Z", "status": "ok", "reasons": ["current_change"]}
POWER_MONITOR_RECORD {"timestamp_utc": "2026-07-28T00:48:22.107Z", "status": "ok", "reasons": ["current_change"]}
POWER_MONITOR_RECORD {"timestamp_utc": "2026-07-28T00:48:24.119Z", "status": "ok", "reasons": ["current_change"]}
POWER_MONITOR_RECORD {"timestamp_utc": "2026-07-28T00:48:26.131Z", "status": "ok", "reasons": ["current_change"]}
POWER_MONITOR_RECORD {"timestamp_utc": "2026-07-28T00:48:28.144Z", "status": "ok", "reasons": ["current_change"]}
POWER_MONITOR_RECORD {"timestamp_utc": "2026-07-28T00:48:29.150Z", "status": "ok", "reasons": ["current_change"]}
POWER_MONITOR_RECORD {"timestamp_utc": "2026-07-28T00:48:30.157Z", "status": "ok", "reasons": ["current_change"]}
POWER_MONITOR_RECORD {"timestamp_utc": "2026-07-28T00:48:38.204Z", "status": "ok", "reasons": ["current_change"]}
POWER_MONITOR_RECORD {"timestamp_utc": "2026-07-28T00:48:40.216Z", "status": "ok", "reasons": ["current_change"]}
POWER_MONITOR_RECORD {"timestamp_utc": "2026-07-28T00:49:40.565Z", "status": "ok", "reasons": ["heartbeat"]}
POWER_MONITOR_RECORD {"timestamp_utc": "2026-07-28T00:50:40.914Z", "status": "ok", "reasons": ["heartbeat"]}
POWER_MONITOR_RECORD {"timestamp_utc": "2026-07-28T00:51:22.152Z", "status": "ok", "reasons": ["current_change", "power_change", "heater_off"]}
POWER_MONITOR_RECORD {"timestamp_utc": "2026-07-28T00:52:22.502Z", "status": "ok", "reasons": ["heartbeat"]}
POWER_MONITOR_RECORD {"timestamp_utc": "2026-07-28T00:53:22.851Z", "status": "ok", "reasons": ["heartbeat"]}
POWER_MONITOR_RECORD {"timestamp_utc": "2026-07-28T00:53:32.910Z", "status": "ok", "reasons": ["current_change", "power_change", "heater_on"]}
POWER_MONITOR_RECORD {"timestamp_utc": "2026-07-28T00:53:36.935Z", "status": "ok", "reasons": ["current_change"]}
POWER_MONITOR_RECORD {"timestamp_utc": "2026-07-28T00:53:39.956Z", "status": "ok", "reasons": ["current_change"]}
POWER_MONITOR_RECORD {"timestamp_utc": "2026-07-28T00:53:45.992Z", "status": "ok", "reasons": ["current_change"]}
POWER_MONITOR_RECORD {"timestamp_utc": "2026-07-28T00:53:55.045Z", "status": "ok", "reasons": ["current_change"]}
POWER_MONITOR_RECORD {"timestamp_utc": "2026-07-28T00:54:03.091Z", "status": "ok", "reasons": ["current_change"]}
POWER_MONITOR_RECORD {"timestamp_utc": "2026-07-28T00:54:05.103Z", "status": "ok", "reasons": ["current_change"]}
POWER_MONITOR_RECORD {"timestamp_utc": "2026-07-28T00:54:10.133Z", "status": "ok", "reasons": ["current_change"]}
POWER_MONITOR_RECORD {"timestamp_utc": "2026-07-28T00:54:11.140Z", "status": "ok", "reasons": ["current_change"]}
POWER_MONITOR_RECORD {"timestamp_utc": "2026-07-28T00:54:16.170Z", "status": "ok", "reasons": ["current_change"]}
POWER_MONITOR_RECORD {"timestamp_utc": "2026-07-28T00:54:17.176Z", "status": "ok", "reasons": ["current_change"]}
POWER_MONITOR_RECORD {"timestamp_utc": "2026-07-28T00:54:19.188Z", "status": "ok", "reasons": ["current_change"]}
POWER_MONITOR_RECORD {"timestamp_utc": "2026-07-28T00:54:20.195Z", "status": "ok", "reasons": ["current_change"]}
POWER_MONITOR_RECORD {"timestamp_utc": "2026-07-28T00:54:25.224Z", "status": "ok", "reasons": ["current_change"]}
POWER_MONITOR_RECORD {"timestamp_utc": "2026-07-28T00:54:27.237Z", "status": "ok", "reasons": ["current_change"]}
POWER_MONITOR_RECORD {"timestamp_utc": "2026-07-28T00:54:28.244Z", "status": "ok", "reasons": ["current_change"]}
POWER_MONITOR_RECORD {"timestamp_utc": "2026-07-28T00:54:30.256Z", "status": "ok", "reasons": ["current_change"]}
POWER_MONITOR_RECORD {"timestamp_utc": "2026-07-28T00:54:31.262Z", "status": "ok", "reasons": ["current_change"]}
POWER_MONITOR_RECORD {"timestamp_utc": "2026-07-28T00:54:36.292Z", "status": "ok", "reasons": ["current_change"]}
POWER_MONITOR_RECORD {"timestamp_utc": "2026-07-28T00:54:37.298Z", "status": "ok", "reasons": ["current_change", "power_change"]}
POWER_MONITOR_RECORD {"timestamp_utc": "2026-07-28T00:54:38.309Z", "status": "ok", "reasons": ["current_change", "power_change"]}
POWER_MONITOR_RECORD {"timestamp_utc": "2026-07-28T00:54:39.315Z", "status": "ok", "reasons": ["current_change"]}
POWER_MONITOR_RECORD {"timestamp_utc": "2026-07-28T00:54:40.322Z", "status": "ok", "reasons": ["current_change", "power_change"]}
POWER_MONITOR_RECORD {"timestamp_utc": "2026-07-28T00:54:41.328Z", "status": "ok", "reasons": ["current_change", "power_change"]}
POWER_MONITOR_RECORD {"timestamp_utc": "2026-07-28T00:54:42.335Z", "status": "ok", "reasons": ["current_change"]}
POWER_MONITOR_RECORD {"timestamp_utc": "2026-07-28T00:54:43.345Z", "status": "ok", "reasons": ["current_change"]}
POWER_MONITOR_RECORD {"timestamp_utc": "2026-07-28T00:54:45.357Z", "status": "ok", "reasons": ["current_change"]}
POWER_MONITOR_RECORD {"timestamp_utc": "2026-07-28T00:54:46.363Z", "status": "ok", "reasons": ["current_change"]}
POWER_MONITOR_RECORD {"timestamp_utc": "2026-07-28T00:54:48.376Z", "status": "ok", "reasons": ["current_change"]}
POWER_MONITOR_RECORD {"timestamp_utc": "2026-07-28T00:54:50.388Z", "status": "ok", "reasons": ["current_change"]}
POWER_MONITOR_RECORD {"timestamp_utc": "2026-07-28T00:54:51.394Z", "status": "ok", "reasons": ["current_change"]}
POWER_MONITOR_RECORD {"timestamp_utc": "2026-07-28T00:54:52.401Z", "status": "ok", "reasons": ["current_change", "power_change"]}
POWER_MONITOR_RECORD {"timestamp_utc": "2026-07-28T00:54:54.413Z", "status": "ok", "reasons": ["current_change"]}
POWER_MONITOR_RECORD {"timestamp_utc": "2026-07-28T00:54:55.420Z", "status": "ok", "reasons": ["current_change", "power_change"]}
POWER_MONITOR_RECORD {"timestamp_utc": "2026-07-28T00:54:56.426Z", "status": "ok", "reasons": ["current_change"]}
POWER_MONITOR_RECORD {"timestamp_utc": "2026-07-28T00:54:58.439Z", "status": "ok", "reasons": ["current_change"]}
POWER_MONITOR_RECORD {"timestamp_utc": "2026-07-28T00:54:59.445Z", "status": "ok", "reasons": ["current_change"]}
POWER_MONITOR_RECORD {"timestamp_utc": "2026-07-28T00:55:00.451Z", "status": "ok", "reasons": ["current_change"]}
POWER_MONITOR_RECORD {"timestamp_utc": "2026-07-28T00:55:01.458Z", "status": "ok", "reasons": ["current_change"]}
POWER_MONITOR_RECORD {"timestamp_utc": "2026-07-28T00:55:02.464Z", "status": "ok", "reasons": ["current_change"]}
POWER_MONITOR_RECORD {"timestamp_utc": "2026-07-28T00:55:04.477Z", "status": "ok", "reasons": ["current_change"]}
POWER_MONITOR_RECORD {"timestamp_utc": "2026-07-28T00:55:05.483Z", "status": "ok", "reasons": ["current_change"]}
POWER_MONITOR_RECORD {"timestamp_utc": "2026-07-28T00:55:08.501Z", "status": "ok", "reasons": ["current_change"]}
POWER_MONITOR_RECORD {"timestamp_utc": "2026-07-28T00:55:09.508Z", "status": "ok", "reasons": ["current_change"]}
POWER_MONITOR_RECORD {"timestamp_utc": "2026-07-28T00:55:12.526Z", "status": "ok", "reasons": ["current_change"]}
POWER_MONITOR_RECORD {"timestamp_utc": "2026-07-28T00:55:16.550Z", "status": "ok", "reasons": ["current_change"]}
POWER_MONITOR_RECORD {"timestamp_utc": "2026-07-28T00:55:17.556Z", "status": "ok", "reasons": ["current_change"]}
POWER_MONITOR_RECORD {"timestamp_utc": "2026-07-28T00:55:21.580Z", "status": "ok", "reasons": ["current_change"]}
POWER_MONITOR_RECORD {"timestamp_utc": "2026-07-28T00:55:24.598Z", "status": "ok", "reasons": ["current_change"]}
POWER_MONITOR_RECORD {"timestamp_utc": "2026-07-28T00:55:27.616Z", "status": "ok", "reasons": ["current_change"]}
POWER_MONITOR_RECORD {"timestamp_utc": "2026-07-28T00:55:28.623Z", "status": "ok", "reasons": ["current_change"]}
POWER_MONITOR_RECORD {"timestamp_utc": "2026-07-28T00:55:35.664Z", "status": "ok", "reasons": ["current_change"]}
POWER_MONITOR_RECORD {"timestamp_utc": "2026-07-28T00:55:41.698Z", "status": "ok", "reasons": ["current_change"]}
POWER_MONITOR_RECORD {"timestamp_utc": "2026-07-28T00:55:45.722Z", "status": "ok", "reasons": ["current_change"]}
POWER_MONITOR_RECORD {"timestamp_utc": "2026-07-28T00:55:50.752Z", "status": "ok", "reasons": ["current_change"]}
POWER_MONITOR_RECORD {"timestamp_utc": "2026-07-28T00:55:57.793Z", "status": "ok", "reasons": ["current_change"]}
POWER_MONITOR_RECORD {"timestamp_utc": "2026-07-28T00:55:59.805Z", "status": "ok", "reasons": ["current_change"]}
POWER_MONITOR_RECORD {"timestamp_utc": "2026-07-28T00:56:04.835Z", "status": "ok", "reasons": ["current_change"]}
POWER_MONITOR_RECORD {"timestamp_utc": "2026-07-28T00:56:05.842Z", "status": "ok", "reasons": ["current_change"]}
POWER_MONITOR_RECORD {"timestamp_utc": "2026-07-28T00:56:06.848Z", "status": "ok", "reasons": ["current_change"]}
POWER_MONITOR_RECORD {"timestamp_utc": "2026-07-28T00:56:07.854Z", "status": "ok", "reasons": ["current_change"]}
POWER_MONITOR_RECORD {"timestamp_utc": "2026-07-28T00:56:09.867Z", "status": "ok", "reasons": ["current_change"]}
POWER_MONITOR_RECORD {"timestamp_utc": "2026-07-28T00:56:14.897Z", "status": "ok", "reasons": ["current_change"]}
POWER_MONITOR_RECORD {"timestamp_utc": "2026-07-28T00:56:26.967Z", "status": "ok", "reasons": ["current_change"]}
POWER_MONITOR_RECORD {"timestamp_utc": "2026-07-28T00:56:29.985Z", "status": "ok", "reasons": ["current_change"]}
POWER_MONITOR_RECORD {"timestamp_utc": "2026-07-28T00:56:46.079Z", "status": "ok", "reasons": ["current_change"]}
POWER_MONITOR_RECORD {"timestamp_utc": "2026-07-28T00:56:52.114Z", "status": "ok", "reasons": ["current_change"]}
POWER_MONITOR_RECORD {"timestamp_utc": "2026-07-28T00:57:02.172Z", "status": "ok", "reasons": ["current_change"]}
POWER_MONITOR_RECORD {"timestamp_utc": "2026-07-28T00:57:03.179Z", "status": "ok", "reasons": ["current_change"]}
POWER_MONITOR_RECORD {"timestamp_utc": "2026-07-28T00:57:10.220Z", "status": "ok", "reasons": ["current_change"]}
POWER_MONITOR_RECORD {"timestamp_utc": "2026-07-28T00:57:37.377Z", "status": "ok", "reasons": ["current_change"]}
POWER_MONITOR_RECORD {"timestamp_utc": "2026-07-28T00:57:38.383Z", "status": "ok", "reasons": ["current_change"]}
POWER_MONITOR_RECORD {"timestamp_utc": "2026-07-28T00:57:39.390Z", "status": "ok", "reasons": ["current_change"]}
POWER_MONITOR_RECORD {"timestamp_utc": "2026-07-28T00:58:05.541Z", "status": "ok", "reasons": ["current_change"]}
POWER_MONITOR_RECORD {"timestamp_utc": "2026-07-28T00:58:18.617Z", "status": "ok", "reasons": ["current_change"]}
POWER_MONITOR_RECORD {"timestamp_utc": "2026-07-28T00:58:21.635Z", "status": "ok", "reasons": ["current_change"]}
POWER_MONITOR_RECORD {"timestamp_utc": "2026-07-28T00:58:22.642Z", "status": "ok", "reasons": ["current_change"]}
POWER_MONITOR_RECORD {"timestamp_utc": "2026-07-28T00:58:26.666Z", "status": "ok", "reasons": ["current_change"]}
POWER_MONITOR_RECORD {"timestamp_utc": "2026-07-28T00:58:40.748Z", "status": "ok", "reasons": ["current_change"]}
POWER_MONITOR_RECORD {"timestamp_utc": "2026-07-28T00:59:07.905Z", "status": "ok", "reasons": ["current_change"]}
POWER_MONITOR_RECORD {"timestamp_utc": "2026-07-28T00:59:26.010Z", "status": "ok", "reasons": ["current_change"]}
POWER_MONITOR_RECORD {"timestamp_utc": "2026-07-28T00:59:29.028Z", "status": "ok", "reasons": ["current_change"]}
POWER_MONITOR_RECORD {"timestamp_utc": "2026-07-28T00:59:33.052Z", "status": "ok", "reasons": ["current_change"]}
POWER_MONITOR_RECORD {"timestamp_utc": "2026-07-28T00:59:34.058Z", "status": "ok", "reasons": ["current_change"]}
POWER_MONITOR_RECORD {"timestamp_utc": "2026-07-28T00:59:53.169Z", "status": "ok", "reasons": ["current_change", "power_change"]}
POWER_MONITOR_RECORD {"timestamp_utc": "2026-07-28T01:00:00.210Z", "status": "ok", "reasons": ["current_change"]}
POWER_MONITOR_RECORD {"timestamp_utc": "2026-07-28T01:00:01.217Z", "status": "ok", "reasons": ["current_change"]}
POWER_MONITOR_RECORD {"timestamp_utc": "2026-07-28T01:00:03.229Z", "status": "ok", "reasons": ["current_change"]}
POWER_MONITOR_RECORD {"timestamp_utc": "2026-07-28T01:00:04.236Z", "status": "ok", "reasons": ["current_change"]}
POWER_MONITOR_RECORD {"timestamp_utc": "2026-07-28T01:00:09.265Z", "status": "ok", "reasons": ["current_change"]}
POWER_MONITOR_RECORD {"timestamp_utc": "2026-07-28T01:00:15.301Z", "status": "ok", "reasons": ["current_change"]}
POWER_MONITOR_RECORD {"timestamp_utc": "2026-07-28T01:00:19.325Z", "status": "ok", "reasons": ["current_change"]}
POWER_MONITOR_RECORD {"timestamp_utc": "2026-07-28T01:00:21.337Z", "status": "ok", "reasons": ["current_change"]}
POWER_MONITOR_RECORD {"timestamp_utc": "2026-07-28T01:00:25.361Z", "status": "ok", "reasons": ["current_change"]}
POWER_MONITOR_RECORD {"timestamp_utc": "2026-07-28T01:00:33.408Z", "status": "ok", "reasons": ["current_change"]}
POWER_MONITOR_RECORD {"timestamp_utc": "2026-07-28T01:00:35.421Z", "status": "ok", "reasons": ["current_change"]}
POWER_MONITOR_RECORD {"timestamp_utc": "2026-07-28T01:00:36.427Z", "status": "ok", "reasons": ["current_change"]}
POWER_MONITOR_RECORD {"timestamp_utc": "2026-07-28T01:00:40.451Z", "status": "ok", "reasons": ["current_change"]}
POWER_MONITOR_RECORD {"timestamp_utc": "2026-07-28T01:01:40.801Z", "status": "ok", "reasons": ["heartbeat"]}
POWER_MONITOR_RECORD {"timestamp_utc": "2026-07-28T01:01:51.866Z", "status": "ok", "reasons": ["current_change"]}
POWER_MONITOR_RECORD {"timestamp_utc": "2026-07-28T01:02:03.936Z", "status": "ok", "reasons": ["current_change"]}
POWER_MONITOR_RECORD {"timestamp_utc": "2026-07-28T01:02:11.983Z", "status": "ok", "reasons": ["current_change"]}
POWER_MONITOR_RECORD {"timestamp_utc": "2026-07-28T01:02:22.042Z", "status": "ok", "reasons": ["current_change"]}
POWER_MONITOR_RECORD {"timestamp_utc": "2026-07-28T01:02:33.107Z", "status": "ok", "reasons": ["current_change"]}
POWER_MONITOR_RECORD {"timestamp_utc": "2026-07-28T01:03:23.398Z", "status": "ok", "reasons": ["current_change", "power_change", "heater_off"]}
POWER_MONITOR_RECORD {"timestamp_utc": "2026-07-28T01:04:23.748Z", "status": "ok", "reasons": ["heartbeat"]}
POWER_MONITOR_RECORD {"timestamp_utc": "2026-07-28T01:05:24.098Z", "status": "ok", "reasons": ["heartbeat"]}
POWER_MONITOR_RECORD {"timestamp_utc": "2026-07-28T01:05:34.157Z", "status": "ok", "reasons": ["current_change", "power_change", "heater_on"]}
POWER_MONITOR_RECORD {"timestamp_utc": "2026-07-28T01:05:37.175Z", "status": "ok", "reasons": ["current_change"]}
POWER_MONITOR_RECORD {"timestamp_utc": "2026-07-28T01:05:40.193Z", "status": "ok", "reasons": ["current_change"]}
POWER_MONITOR_RECORD {"timestamp_utc": "2026-07-28T01:06:04.336Z", "status": "ok", "reasons": ["current_change"]}
POWER_MONITOR_RECORD {"timestamp_utc": "2026-07-28T01:06:21.436Z", "status": "ok", "reasons": ["current_change"]}
POWER_MONITOR_RECORD {"timestamp_utc": "2026-07-28T01:06:25.460Z", "status": "ok", "reasons": ["current_change"]}
POWER_MONITOR_RECORD {"timestamp_utc": "2026-07-28T01:06:27.472Z", "status": "ok", "reasons": ["current_change"]}
POWER_MONITOR_RECORD {"timestamp_utc": "2026-07-28T01:06:28.479Z", "status": "ok", "reasons": ["current_change"]}
POWER_MONITOR_RECORD {"timestamp_utc": "2026-07-28T01:06:30.491Z", "status": "ok", "reasons": ["current_change"]}
POWER_MONITOR_RECORD {"timestamp_utc": "2026-07-28T01:06:32.503Z", "status": "ok", "reasons": ["current_change"]}
POWER_MONITOR_RECORD {"timestamp_utc": "2026-07-28T01:06:38.539Z", "status": "ok", "reasons": ["current_change", "power_change"]}
POWER_MONITOR_RECORD {"timestamp_utc": "2026-07-28T01:06:39.546Z", "status": "ok", "reasons": ["current_change", "power_change"]}
POWER_MONITOR_RECORD {"timestamp_utc": "2026-07-28T01:06:40.552Z", "status": "ok", "reasons": ["current_change", "power_change"]}
POWER_MONITOR_RECORD {"timestamp_utc": "2026-07-28T01:06:41.559Z", "status": "ok", "reasons": ["current_change", "power_change"]}
POWER_MONITOR_RECORD {"timestamp_utc": "2026-07-28T01:06:42.565Z", "status": "ok", "reasons": ["current_change"]}
POWER_MONITOR_RECORD {"timestamp_utc": "2026-07-28T01:06:43.572Z", "status": "ok", "reasons": ["current_change", "power_change"]}
POWER_MONITOR_RECORD {"timestamp_utc": "2026-07-28T01:06:47.596Z", "status": "ok", "reasons": ["current_change"]}
POWER_MONITOR_RECORD {"timestamp_utc": "2026-07-28T01:06:49.608Z", "status": "ok", "reasons": ["current_change"]}
POWER_MONITOR_RECORD {"timestamp_utc": "2026-07-28T01:06:51.620Z", "status": "ok", "reasons": ["current_change"]}
POWER_MONITOR_RECORD {"timestamp_utc": "2026-07-28T01:06:53.632Z", "status": "ok", "reasons": ["current_change", "power_change"]}
POWER_MONITOR_RECORD {"timestamp_utc": "2026-07-28T01:06:54.639Z", "status": "ok", "reasons": ["current_change", "power_change"]}
POWER_MONITOR_RECORD {"timestamp_utc": "2026-07-28T01:06:55.645Z", "status": "ok", "reasons": ["current_change"]}
POWER_MONITOR_RECORD {"timestamp_utc": "2026-07-28T01:06:56.652Z", "status": "ok", "reasons": ["current_change"]}
POWER_MONITOR_RECORD {"timestamp_utc": "2026-07-28T01:06:57.658Z", "status": "ok", "reasons": ["current_change"]}
POWER_MONITOR_RECORD {"timestamp_utc": "2026-07-28T01:06:59.671Z", "status": "ok", "reasons": ["current_change"]}
POWER_MONITOR_RECORD {"timestamp_utc": "2026-07-28T01:07:00.677Z", "status": "ok", "reasons": ["current_change"]}
POWER_MONITOR_RECORD {"timestamp_utc": "2026-07-28T01:07:01.684Z", "status": "ok", "reasons": ["current_change"]}
POWER_MONITOR_RECORD {"timestamp_utc": "2026-07-28T01:07:02.690Z", "status": "ok", "reasons": ["current_change"]}
POWER_MONITOR_RECORD {"timestamp_utc": "2026-07-28T01:07:03.697Z", "status": "ok", "reasons": ["current_change"]}
POWER_MONITOR_RECORD {"timestamp_utc": "2026-07-28T01:07:05.709Z", "status": "ok", "reasons": ["current_change"]}
POWER_MONITOR_RECORD {"timestamp_utc": "2026-07-28T01:07:07.721Z", "status": "ok", "reasons": ["current_change"]}
POWER_MONITOR_RECORD {"timestamp_utc": "2026-07-28T01:07:12.751Z", "status": "ok", "reasons": ["current_change"]}
POWER_MONITOR_RECORD {"timestamp_utc": "2026-07-28T01:07:18.787Z", "status": "ok", "reasons": ["current_change"]}
POWER_MONITOR_RECORD {"timestamp_utc": "2026-07-28T01:07:28.846Z", "status": "ok", "reasons": ["current_change"]}
POWER_MONITOR_RECORD {"timestamp_utc": "2026-07-28T01:07:29.852Z", "status": "ok", "reasons": ["current_change"]}
POWER_MONITOR_RECORD {"timestamp_utc": "2026-07-28T01:07:32.870Z", "status": "ok", "reasons": ["current_change"]}
POWER_MONITOR_RECORD {"timestamp_utc": "2026-07-28T01:07:35.889Z", "status": "ok", "reasons": ["current_change"]}
POWER_MONITOR_RECORD {"timestamp_utc": "2026-07-28T01:07:37.903Z", "status": "ok", "reasons": ["current_change"]}
POWER_MONITOR_RECORD {"timestamp_utc": "2026-07-28T01:07:39.915Z", "status": "ok", "reasons": ["current_change"]}
POWER_MONITOR_RECORD {"timestamp_utc": "2026-07-28T01:07:40.922Z", "status": "ok", "reasons": ["current_change"]}
POWER_MONITOR_RECORD {"timestamp_utc": "2026-07-28T01:07:41.930Z", "status": "ok", "reasons": ["current_change"]}
POWER_MONITOR_RECORD {"timestamp_utc": "2026-07-28T01:07:45.954Z", "status": "ok", "reasons": ["current_change"]}
POWER_MONITOR_RECORD {"timestamp_utc": "2026-07-28T01:07:52.997Z", "status": "ok", "reasons": ["current_change"]}
POWER_MONITOR_RECORD {"timestamp_utc": "2026-07-28T01:08:08.085Z", "status": "ok", "reasons": ["current_change"]}
POWER_MONITOR_RECORD {"timestamp_utc": "2026-07-28T01:08:13.115Z", "status": "ok", "reasons": ["current_change"]}
POWER_MONITOR_RECORD {"timestamp_utc": "2026-07-28T01:08:42.285Z", "status": "ok", "reasons": ["current_change"]}
POWER_MONITOR_RECORD {"timestamp_utc": "2026-07-28T01:08:48.321Z", "status": "ok", "reasons": ["current_change"]}
POWER_MONITOR_RECORD {"timestamp_utc": "2026-07-28T01:08:49.327Z", "status": "ok", "reasons": ["current_change"]}
POWER_MONITOR_RECORD {"timestamp_utc": "2026-07-28T01:08:55.363Z", "status": "ok", "reasons": ["current_change"]}
POWER_MONITOR_RECORD {"timestamp_utc": "2026-07-28T01:09:06.427Z", "status": "ok", "reasons": ["current_change"]}
POWER_MONITOR_RECORD {"timestamp_utc": "2026-07-28T01:09:09.446Z", "status": "ok", "reasons": ["current_change"]}
POWER_MONITOR_RECORD {"timestamp_utc": "2026-07-28T01:09:19.505Z", "status": "ok", "reasons": ["current_change"]}
POWER_MONITOR_RECORD {"timestamp_utc": "2026-07-28T01:09:24.534Z", "status": "ok", "reasons": ["current_change"]}
POWER_MONITOR_RECORD {"timestamp_utc": "2026-07-28T01:09:36.605Z", "status": "ok", "reasons": ["current_change"]}
POWER_MONITOR_RECORD {"timestamp_utc": "2026-07-28T01:09:39.623Z", "status": "ok", "reasons": ["current_change"]}
POWER_MONITOR_RECORD {"timestamp_utc": "2026-07-28T01:09:40.630Z", "status": "ok", "reasons": ["current_change"]}
POWER_MONITOR_RECORD {"timestamp_utc": "2026-07-28T01:09:47.671Z", "status": "ok", "reasons": ["current_change"]}
POWER_MONITOR_RECORD {"timestamp_utc": "2026-07-28T01:09:51.695Z", "status": "ok", "reasons": ["current_change"]}
POWER_MONITOR_RECORD {"timestamp_utc": "2026-07-28T01:10:21.870Z", "status": "ok", "reasons": ["current_change"]}
POWER_MONITOR_RECORD {"timestamp_utc": "2026-07-28T01:10:31.929Z", "status": "ok", "reasons": ["current_change"]}
POWER_MONITOR_RECORD {"timestamp_utc": "2026-07-28T01:10:38.971Z", "status": "ok", "reasons": ["current_change"]}
POWER_MONITOR_RECORD {"timestamp_utc": "2026-07-28T01:10:39.977Z", "status": "ok", "reasons": ["current_change"]}
POWER_MONITOR_RECORD {"timestamp_utc": "2026-07-28T01:10:50.036Z", "status": "ok", "reasons": ["current_change"]}
POWER_MONITOR_RECORD {"timestamp_utc": "2026-07-28T01:10:52.048Z", "status": "ok", "reasons": ["current_change"]}
POWER_MONITOR_RECORD {"timestamp_utc": "2026-07-28T01:11:01.101Z", "status": "ok", "reasons": ["current_change"]}
POWER_MONITOR_RECORD {"timestamp_utc": "2026-07-28T01:11:16.189Z", "status": "ok", "reasons": ["current_change"]}
POWER_MONITOR_RECORD {"timestamp_utc": "2026-07-28T01:11:19.207Z", "status": "ok", "reasons": ["current_change"]}
POWER_MONITOR_RECORD {"timestamp_utc": "2026-07-28T01:11:22.225Z", "status": "ok", "reasons": ["current_change"]}
POWER_MONITOR_RECORD {"timestamp_utc": "2026-07-28T01:11:41.336Z", "status": "ok", "reasons": ["current_change"]}
POWER_MONITOR_RECORD {"timestamp_utc": "2026-07-28T01:11:42.343Z", "status": "ok", "reasons": ["current_change"]}
POWER_MONITOR_RECORD {"timestamp_utc": "2026-07-28T01:12:14.530Z", "status": "ok", "reasons": ["current_change"]}
POWER_MONITOR_RECORD {"timestamp_utc": "2026-07-28T01:12:37.664Z", "status": "ok", "reasons": ["current_change"]}
POWER_MONITOR_RECORD {"timestamp_utc": "2026-07-28T01:12:44.705Z", "status": "ok", "reasons": ["current_change"]}
POWER_MONITOR_RECORD {"timestamp_utc": "2026-07-28T01:12:46.717Z", "status": "ok", "reasons": ["current_change"]}
POWER_MONITOR_RECORD {"timestamp_utc": "2026-07-28T01:12:47.724Z", "status": "ok", "reasons": ["current_change"]}
POWER_MONITOR_RECORD {"timestamp_utc": "2026-07-28T01:13:13.876Z", "status": "ok", "reasons": ["current_change"]}
POWER_MONITOR_RECORD {"timestamp_utc": "2026-07-28T01:13:24.940Z", "status": "ok", "reasons": ["current_change"]}
POWER_MONITOR_RECORD {"timestamp_utc": "2026-07-28T01:13:26.953Z", "status": "ok", "reasons": ["current_change"]}
POWER_MONITOR_RECORD {"timestamp_utc": "2026-07-28T01:13:46.064Z", "status": "ok", "reasons": ["current_change"]}
POWER_MONITOR_RECORD {"timestamp_utc": "2026-07-28T01:13:47.070Z", "status": "ok", "reasons": ["current_change"]}
POWER_MONITOR_RECORD {"timestamp_utc": "2026-07-28T01:13:55.118Z", "status": "ok", "reasons": ["current_change"]}
POWER_MONITOR_RECORD {"timestamp_utc": "2026-07-28T01:14:02.159Z", "status": "ok", "reasons": ["current_change"]}
POWER_MONITOR_RECORD {"timestamp_utc": "2026-07-28T01:14:03.165Z", "status": "ok", "reasons": ["current_change"]}
POWER_MONITOR_RECORD {"timestamp_utc": "2026-07-28T01:14:06.183Z", "status": "ok", "reasons": ["current_change"]}
POWER_MONITOR_RECORD {"timestamp_utc": "2026-07-28T01:14:08.196Z", "status": "ok", "reasons": ["current_change"]}
POWER_MONITOR_RECORD {"timestamp_utc": "2026-07-28T01:14:10.208Z", "status": "ok", "reasons": ["current_change"]}
POWER_MONITOR_RECORD {"timestamp_utc": "2026-07-28T01:14:44.406Z", "status": "ok", "reasons": ["current_change"]}
POWER_MONITOR_RECORD {"timestamp_utc": "2026-07-28T01:14:45.413Z", "status": "ok", "reasons": ["current_change"]}
POWER_MONITOR_RECORD {"timestamp_utc": "2026-07-28T01:14:46.420Z", "status": "ok", "reasons": ["current_change"]}
POWER_MONITOR_RECORD {"timestamp_utc": "2026-07-28T01:14:54.467Z", "status": "ok", "reasons": ["current_change"]}
POWER_MONITOR_RECORD {"timestamp_utc": "2026-07-28T01:14:55.473Z", "status": "ok", "reasons": ["current_change"]}
POWER_MONITOR_RECORD {"timestamp_utc": "2026-07-28T01:14:56.480Z", "status": "ok", "reasons": ["current_change"]}
POWER_MONITOR_RECORD {"timestamp_utc": "2026-07-28T01:15:23.637Z", "status": "ok", "reasons": ["current_change"]}
POWER_MONITOR_RECORD {"timestamp_utc": "2026-07-28T01:15:25.650Z", "status": "ok", "reasons": ["current_change"]}
POWER_MONITOR_RECORD {"timestamp_utc": "2026-07-28T01:15:26.656Z", "status": "ok", "reasons": ["current_change"]}
POWER_MONITOR_RECORD {"timestamp_utc": "2026-07-28T01:15:27.662Z", "status": "ok", "reasons": ["current_change"]}
POWER_MONITOR_RECORD {"timestamp_utc": "2026-07-28T01:15:28.669Z", "status": "ok", "reasons": ["current_change"]}
POWER_MONITOR_RECORD {"timestamp_utc": "2026-07-28T01:15:29.675Z", "status": "ok", "reasons": ["current_change"]}
POWER_MONITOR_RECORD {"timestamp_utc": "2026-07-28T01:15:34.705Z", "status": "ok", "reasons": ["current_change"]}
POWER_MONITOR_RECORD {"timestamp_utc": "2026-07-28T01:15:36.718Z", "status": "ok", "reasons": ["current_change"]}
POWER_MONITOR_RECORD {"timestamp_utc": "2026-07-28T01:15:39.736Z", "status": "ok", "reasons": ["current_change"]}
POWER_MONITOR_RECORD {"timestamp_utc": "2026-07-28T01:15:41.748Z", "status": "ok", "reasons": ["current_change"]}
POWER_MONITOR_RECORD {"timestamp_utc": "2026-07-28T01:15:42.755Z", "status": "ok", "reasons": ["current_change"]}
POWER_MONITOR_RECORD {"timestamp_utc": "2026-07-28T01:15:43.761Z", "status": "ok", "reasons": ["current_change"]}
POWER_MONITOR_RECORD {"timestamp_utc": "2026-07-28T01:15:50.803Z", "status": "ok", "reasons": ["current_change"]}
POWER_MONITOR_STOPPED {"output_csv": "/home/pi/conformance_testing_team/saved_data/conformance_runs/run_2026_07_28_002233Z/power.csv", "timestamp_utc": "2026-07-28T01:15:52.649Z"}
