2026-08-10 20:05:07,699 INFO  [default] link ACK received: device_information
2026-08-10 20:05:07,827 INFO  [default] message type supported received: 2
2026-08-10 20:05:07,827 INFO  [default] device info response received. response code: 0 - success
2026-08-10 20:05:07,827 INFO  [default]   CTA-2045 version: B
2026-08-10 20:05:07,827 INFO  [default]   device type: 3 - Water Heater - Heat Pump
2026-08-10 20:05:07,827 INFO  [default]   vendor ID: 280
2026-08-10 20:05:07,868 INFO  [default] starting commodity service...
2026-08-10 20:05:08,019 INFO  [default] link ACK received: get_commodity
2026-08-10 20:05:08,163 INFO  [default] message type supported received: 2
2026-08-10 20:05:08,163 INFO  [default] commodity response received. response code: 0 - success; count: 5
2026-08-10 20:05:08,163 INFO  [default] commodity code: 0 - Electricity consumed (W & W-hr)
2026-08-10 20:05:08,163 INFO  [default]            source: Estimated
2026-08-10 20:05:08,163 INFO  [default]   cumulative: 367407
2026-08-10 20:05:08,163 INFO  [default]    inst rate: 0
2026-08-10 20:05:08,163 INFO  [default] commodity code: 6 - Total energy storage/take capacity (W-hr)
2026-08-10 20:05:08,163 INFO  [default]            source: Estimated
2026-08-10 20:05:08,163 INFO  [default]   cumulative: 2202
2026-08-10 20:05:08,163 INFO  [default]    inst rate: not used for this commodity code
2026-08-10 20:05:08,163 INFO  [default] commodity code: 7 - Present energy storage/take capacity (W-hr)
2026-08-10 20:05:08,163 INFO  [default]            source: Estimated
2026-08-10 20:05:08,163 INFO  [default]   cumulative: 0
2026-08-10 20:05:08,163 INFO  [default]    inst rate: not used for this commodity code
2026-08-10 20:05:08,163 INFO  [default] commodity code: 10 - Advanced load up total energy storage/take capacity (W-hr)
2026-08-10 20:05:08,163 INFO  [default]            source: Estimated
2026-08-10 20:05:08,163 INFO  [default]   cumulative: 2412
2026-08-10 20:05:08,164 INFO  [default]    inst rate: not used for this commodity code
2026-08-10 20:05:08,164 INFO  [default] commodity code: 11 - Advanced load up present energy storage/take capacity (W-hr)
2026-08-10 20:05:08,164 INFO  [default]            source: Estimated
2026-08-10 20:05:08,164 INFO  [default]   cumulative: 240
2026-08-10 20:05:08,164 INFO  [default]    inst rate: not used for this commodity code
2026-08-10 20:05:08,355 INFO  [default] link ACK received: query_operational_state
2026-08-10 20:05:08,467 INFO  [default] operational state received: 0

Press Enter for a list of commands
1786417508,o,0 (PASSED!)
outside communication found
2026-08-10 20:05:09,554 INFO  [default] link ACK received: outside_communication
2026-08-10 20:05:09,666 INFO  [default] app ack received
a- Advanced Loadup
c- Critical Peak Event
e- End shed/Normal
g- Grid Emergency
l- Loadup
o- Outside Communication
s- Shed
v- Enable advanced load up capability
x- Disable advanced load up capability
z- Quit and return operation to normal
q- Quit
enter choice: 1786417523,a,60 (PASSED!)
advanced load up
Creating Advanced Load Up message...
Setting message fields:
Duration: 60
Value: 10
Units: 3
Suggested efficiency: 1
2026-08-10 20:05:23,792 INFO  [default] link ACK received: advanced_load_up
2026-08-10 20:05:23,888 INFO  [default] message type supported received: 2
2026-08-10 20:05:23,888 INFO  [default] advanced load up response received. response code: 0 - success
2026-08-10 20:05:37,998 INFO  [default] link ACK received: query_operational_state
2026-08-10 20:05:38,109 INFO  [default] operational state received: 6

Press Enter for a list of commands
2026-08-10 20:06:08,264 INFO  [default] link ACK received: get_commodity
2026-08-10 20:06:08,408 INFO  [default] message type supported received: 2
2026-08-10 20:06:08,408 INFO  [default] commodity response received. response code: 0 - success; count: 5
2026-08-10 20:06:08,409 INFO  [default] commodity code: 0 - Electricity consumed (W & W-hr)
2026-08-10 20:06:08,409 INFO  [default]            source: Estimated
2026-08-10 20:06:08,409 INFO  [default]   cumulative: 367407
2026-08-10 20:06:08,409 INFO  [default]    inst rate: 0
2026-08-10 20:06:08,409 INFO  [default] commodity code: 6 - Total energy storage/take capacity (W-hr)
2026-08-10 20:06:08,410 INFO  [default]            source: Estimated
2026-08-10 20:06:08,410 INFO  [default]   cumulative: 2202
2026-08-10 20:06:08,410 INFO  [default]    inst rate: not used for this commodity code
2026-08-10 20:06:08,410 INFO  [default] commodity code: 7 - Present energy storage/take capacity (W-hr)
2026-08-10 20:06:08,410 INFO  [default]            source: Estimated
2026-08-10 20:06:08,410 INFO  [default]   cumulative: 0
2026-08-10 20:06:08,410 INFO  [default]    inst rate: not used for this commodity code
2026-08-10 20:06:08,410 INFO  [default] commodity code: 10 - Advanced load up total energy storage/take capacity (W-hr)
2026-08-10 20:06:08,411 INFO  [default]            source: Estimated
2026-08-10 20:06:08,411 INFO  [default]   cumulative: 2412
2026-08-10 20:06:08,411 INFO  [default]    inst rate: not used for this commodity code
2026-08-10 20:06:08,411 INFO  [default] commodity code: 11 - Advanced load up present energy storage/take capacity (W-hr)
2026-08-10 20:06:08,411 INFO  [default]            source: Estimated
2026-08-10 20:06:08,411 INFO  [default]   cumulative: 240
2026-08-10 20:06:08,411 INFO  [default]    inst rate: not used for this commodity code
2026-08-10 20:06:08,600 INFO  [default] link ACK received: query_operational_state
2026-08-10 20:06:08,712 INFO  [default] operational state received: 6

Press Enter for a list of commands
2026-08-10 20:06:38,867 INFO  [default] link ACK received: query_operational_state
2026-08-10 20:06:38,963 INFO  [default] operational state received: 6

Press Enter for a list of commands
1786417628,o,0 (PASSED!)
outside communication found
2026-08-10 20:07:08,110 INFO  [default] link ACK received: outside_communication
2026-08-10 20:07:08,206 INFO  [default] app ack received
2026-08-10 20:07:08,398 INFO  [default] link ACK received: get_commodity
2026-08-10 20:07:08,542 INFO  [default] message type supported received: 2
2026-08-10 20:07:08,542 INFO  [default] commodity response received. response code: 0 - success; count: 5
2026-08-10 20:07:08,542 INFO  [default] commodity code: 0 - Electricity consumed (W & W-hr)
2026-08-10 20:07:08,542 INFO  [default]            source: Estimated
2026-08-10 20:07:08,542 INFO  [default]   cumulative: 367407
2026-08-10 20:07:08,543 INFO  [default]    inst rate: 0
2026-08-10 20:07:08,543 INFO  [default] commodity code: 6 - Total energy storage/take capacity (W-hr)
2026-08-10 20:07:08,543 INFO  [default]            source: Estimated
2026-08-10 20:07:08,543 INFO  [default]   cumulative: 2202
2026-08-10 20:07:08,543 INFO  [default]    inst rate: not used for this commodity code
2026-08-10 20:07:08,543 INFO  [default] commodity code: 7 - Present energy storage/take capacity (W-hr)
2026-08-10 20:07:08,543 INFO  [default]            source: Estimated
2026-08-10 20:07:08,544 INFO  [default]   cumulative: 0
2026-08-10 20:07:08,544 INFO  [default]    inst rate: not used for this commodity code
2026-08-10 20:07:08,544 INFO  [default] commodity code: 10 - Advanced load up total energy storage/take capacity (W-hr)
2026-08-10 20:07:08,544 INFO  [default]            source: Estimated
2026-08-10 20:07:08,544 INFO  [default]   cumulative: 2412
2026-08-10 20:07:08,544 INFO  [default]    inst rate: not used for this commodity code
2026-08-10 20:07:08,544 INFO  [default] commodity code: 11 - Advanced load up present energy storage/take capacity (W-hr)
2026-08-10 20:07:08,544 INFO  [default]            source: Estimated
2026-08-10 20:07:08,545 INFO  [default]   cumulative: 240
2026-08-10 20:07:08,545 INFO  [default]    inst rate: not used for this commodity code
2026-08-10 20:07:08,734 INFO  [default] link ACK received: query_operational_state
2026-08-10 20:07:08,846 INFO  [default] operational state received: 6

Press Enter for a list of commands
1786417643,e,0 (PASSED!)
2026-08-10 20:07:23,963 INFO  [default] link ACK received: run_normal
2026-08-10 20:07:24,059 INFO  [default] app ack received
endshedding
2026-08-10 20:07:38,184 INFO  [default] link ACK received: query_operational_state
2026-08-10 20:07:38,280 INFO  [default] operational state received: 0

Press Enter for a list of commands
1786417688,o,0 (PASSED!)
outside communication found
2026-08-10 20:08:08,419 INFO  [default] link ACK received: outside_communication
2026-08-10 20:08:08,531 INFO  [default] app ack received
2026-08-10 20:08:08,723 INFO  [default] link ACK received: get_commodity
2026-08-10 20:08:08,867 INFO  [default] message type supported received: 2
2026-08-10 20:08:08,867 INFO  [default] commodity response received. response code: 0 - success; count: 5
2026-08-10 20:08:08,868 INFO  [default] commodity code: 0 - Electricity consumed (W & W-hr)
2026-08-10 20:08:08,868 INFO  [default]            source: Estimated
2026-08-10 20:08:08,868 INFO  [default]   cumulative: 367407
2026-08-10 20:08:08,868 INFO  [default]    inst rate: 0
2026-08-10 20:08:08,868 INFO  [default] commodity code: 6 - Total energy storage/take capacity (W-hr)
2026-08-10 20:08:08,868 INFO  [default]            source: Estimated
2026-08-10 20:08:08,868 INFO  [default]   cumulative: 2202
2026-08-10 20:08:08,869 INFO  [default]    inst rate: not used for this commodity code
2026-08-10 20:08:08,869 INFO  [default] commodity code: 7 - Present energy storage/take capacity (W-hr)
2026-08-10 20:08:08,869 INFO  [default]            source: Estimated
2026-08-10 20:08:08,869 INFO  [default]   cumulative: 0
2026-08-10 20:08:08,869 INFO  [default]    inst rate: not used for this commodity code
2026-08-10 20:08:08,869 INFO  [default] commodity code: 10 - Advanced load up total energy storage/take capacity (W-hr)
2026-08-10 20:08:08,869 INFO  [default]            source: Estimated
2026-08-10 20:08:08,870 INFO  [default]   cumulative: 2412
2026-08-10 20:08:08,870 INFO  [default]    inst rate: not used for this commodity code
2026-08-10 20:08:08,870 INFO  [default] commodity code: 11 - Advanced load up present energy storage/take capacity (W-hr)
2026-08-10 20:08:08,870 INFO  [default]            source: Estimated
2026-08-10 20:08:08,870 INFO  [default]   cumulative: 240
2026-08-10 20:08:08,870 INFO  [default]    inst rate: not used for this commodity code
2026-08-10 20:08:09,059 INFO  [default] link ACK received: query_operational_state
2026-08-10 20:08:09,155 INFO  [default] operational state received: 0

Press Enter for a list of commands
1786417703,a,0 (PASSED!)
advanced load up
Creating Advanced Load Up message...
Setting message fields:
Duration: 0
Value: 100
Units: 1
Suggested efficiency: 2
2026-08-10 20:08:23,280 INFO  [default] link ACK received: advanced_load_up
2026-08-10 20:08:23,377 INFO  [default] message type supported received: 2
2026-08-10 20:08:23,377 INFO  [default] advanced load up response received. response code: 2 - bad_value
2026-08-10 20:08:38,494 INFO  [default] link ACK received: query_operational_state
2026-08-10 20:08:38,590 INFO  [default] operational state received: 0

Press Enter for a list of commands
1786417748,o,0 (PASSED!)
outside communication found
2026-08-10 20:09:08,745 INFO  [default] link ACK received: outside_communication
2026-08-10 20:09:08,841 INFO  [default] app ack received
2026-08-10 20:09:09,032 INFO  [default] link ACK received: get_commodity
2026-08-10 20:09:09,176 INFO  [default] message type supported received: 2
2026-08-10 20:09:09,177 INFO  [default] commodity response received. response code: 0 - success; count: 5
2026-08-10 20:09:09,177 INFO  [default] commodity code: 0 - Electricity consumed (W & W-hr)
2026-08-10 20:09:09,177 INFO  [default]            source: Estimated
2026-08-10 20:09:09,178 INFO  [default]   cumulative: 367407
2026-08-10 20:09:09,178 INFO  [default]    inst rate: 0
2026-08-10 20:09:09,178 INFO  [default] commodity code: 6 - Total energy storage/take capacity (W-hr)
2026-08-10 20:09:09,178 INFO  [default]            source: Estimated
2026-08-10 20:09:09,178 INFO  [default]   cumulative: 2202
2026-08-10 20:09:09,178 INFO  [default]    inst rate: not used for this commodity code
2026-08-10 20:09:09,178 INFO  [default] commodity code: 7 - Present energy storage/take capacity (W-hr)
2026-08-10 20:09:09,179 INFO  [default]            source: Estimated
2026-08-10 20:09:09,179 INFO  [default]   cumulative: 0
2026-08-10 20:09:09,179 INFO  [default]    inst rate: not used for this commodity code
2026-08-10 20:09:09,179 INFO  [default] commodity code: 10 - Advanced load up total energy storage/take capacity (W-hr)
2026-08-10 20:09:09,179 INFO  [default]            source: Estimated
2026-08-10 20:09:09,179 INFO  [default]   cumulative: 2412
2026-08-10 20:09:09,179 INFO  [default]    inst rate: not used for this commodity code
2026-08-10 20:09:09,179 INFO  [default] commodity code: 11 - Advanced load up present energy storage/take capacity (W-hr)
2026-08-10 20:09:09,179 INFO  [default]            source: Estimated
2026-08-10 20:09:09,180 INFO  [default]   cumulative: 240
2026-08-10 20:09:09,180 INFO  [default]    inst rate: not used for this commodity code
2026-08-10 20:09:09,368 INFO  [default] link ACK received: query_operational_state
2026-08-10 20:09:09,480 INFO  [default] operational state received: 0

Press Enter for a list of commands
1786417763,e,0 (PASSED!)
2026-08-10 20:09:23,590 INFO  [default] link ACK received: run_normal
2026-08-10 20:09:23,702 INFO  [default] app ack received
endshedding
2026-08-10 20:09:38,819 INFO  [default] link ACK received: query_operational_state
2026-08-10 20:09:38,931 INFO  [default] operational state received: 0

Press Enter for a list of commands
2026-08-10 20:10:08,078 INFO  [default] link ACK received: get_commodity
2026-08-10 20:10:08,222 INFO  [default] message type supported received: 2
2026-08-10 20:10:08,222 INFO  [default] commodity response received. response code: 0 - success; count: 5
2026-08-10 20:10:08,223 INFO  [default] commodity code: 0 - Electricity consumed (W & W-hr)
2026-08-10 20:10:08,223 INFO  [default]            source: Estimated
2026-08-10 20:10:08,223 INFO  [default]   cumulative: 367407
2026-08-10 20:10:08,223 INFO  [default]    inst rate: 0
2026-08-10 20:10:08,223 INFO  [default] commodity code: 6 - Total energy storage/take capacity (W-hr)
2026-08-10 20:10:08,224 INFO  [default]            source: Estimated
2026-08-10 20:10:08,224 INFO  [default]   cumulative: 2202
2026-08-10 20:10:08,224 INFO  [default]    inst rate: not used for this commodity code
2026-08-10 20:10:08,224 INFO  [default] commodity code: 7 - Present energy storage/take capacity (W-hr)
2026-08-10 20:10:08,224 INFO  [default]            source: Estimated
2026-08-10 20:10:08,224 INFO  [default]   cumulative: 0
2026-08-10 20:10:08,224 INFO  [default]    inst rate: not used for this commodity code
2026-08-10 20:10:08,224 INFO  [default] commodity code: 10 - Advanced load up total energy storage/take capacity (W-hr)
2026-08-10 20:10:08,225 INFO  [default]            source: Estimated
2026-08-10 20:10:08,225 INFO  [default]   cumulative: 2412
2026-08-10 20:10:08,225 INFO  [default]    inst rate: not used for this commodity code
2026-08-10 20:10:08,225 INFO  [default] commodity code: 11 - Advanced load up present energy storage/take capacity (W-hr)
2026-08-10 20:10:08,225 INFO  [default]            source: Estimated
2026-08-10 20:10:08,225 INFO  [default]   cumulative: 240
2026-08-10 20:10:08,225 INFO  [default]    inst rate: not used for this commodity code
2026-08-10 20:10:08,414 INFO  [default] link ACK received: query_operational_state
2026-08-10 20:10:08,526 INFO  [default] operational state received: 0

Press Enter for a list of commands
1786417808,o,0 (PASSED!)
outside communication found
2026-08-10 20:10:09,614 INFO  [default] link ACK received: outside_communication
2026-08-10 20:10:09,726 INFO  [default] app ack received
1786417823,a,0 (PASSED!)
advanced load up
Creating Advanced Load Up message...
Setting message fields:
Duration: 0
Value: 1000
Units: 0
Suggested efficiency: 4
2026-08-10 20:10:23,851 INFO  [default] link ACK received: advanced_load_up
2026-08-10 20:10:23,947 INFO  [default] message type supported received: 2
2026-08-10 20:10:23,947 INFO  [default] advanced load up response received. response code: 2 - bad_value
2026-08-10 20:10:38,073 INFO  [default] link ACK received: query_operational_state
2026-08-10 20:10:38,169 INFO  [default] operational state received: 0

Press Enter for a list of commands
1786417868,o,0 (PASSED!)
outside communication found
2026-08-10 20:11:08,308 INFO  [default] link ACK received: outside_communication
2026-08-10 20:11:08,420 INFO  [default] app ack received
2026-08-10 20:11:08,612 INFO  [default] link ACK received: get_commodity
2026-08-10 20:11:08,739 INFO  [default] message type supported received: 2
2026-08-10 20:11:08,740 INFO  [default] commodity response received. response code: 0 - success; count: 5
2026-08-10 20:11:08,740 INFO  [default] commodity code: 0 - Electricity consumed (W & W-hr)
2026-08-10 20:11:08,740 INFO  [default]            source: Estimated
2026-08-10 20:11:08,740 INFO  [default]   cumulative: 367407
2026-08-10 20:11:08,741 INFO  [default]    inst rate: 0
2026-08-10 20:11:08,741 INFO  [default] commodity code: 6 - Total energy storage/take capacity (W-hr)
2026-08-10 20:11:08,741 INFO  [default]            source: Estimated
2026-08-10 20:11:08,741 INFO  [default]   cumulative: 2202
2026-08-10 20:11:08,741 INFO  [default]    inst rate: not used for this commodity code
2026-08-10 20:11:08,741 INFO  [default] commodity code: 7 - Present energy storage/take capacity (W-hr)
2026-08-10 20:11:08,741 INFO  [default]            source: Estimated
2026-08-10 20:11:08,741 INFO  [default]   cumulative: 0
2026-08-10 20:11:08,742 INFO  [default]    inst rate: not used for this commodity code
2026-08-10 20:11:08,742 INFO  [default] commodity code: 10 - Advanced load up total energy storage/take capacity (W-hr)
2026-08-10 20:11:08,742 INFO  [default]            source: Estimated
2026-08-10 20:11:08,742 INFO  [default]   cumulative: 2412
2026-08-10 20:11:08,742 INFO  [default]    inst rate: not used for this commodity code
2026-08-10 20:11:08,742 INFO  [default] commodity code: 11 - Advanced load up present energy storage/take capacity (W-hr)
2026-08-10 20:11:08,742 INFO  [default]            source: Estimated
2026-08-10 20:11:08,742 INFO  [default]   cumulative: 240
2026-08-10 20:11:08,743 INFO  [default]    inst rate: not used for this commodity code
2026-08-10 20:11:08,931 INFO  [default] link ACK received: query_operational_state
2026-08-10 20:11:09,043 INFO  [default] operational state received: 0

Press Enter for a list of commands
1786417883,e,0 (PASSED!)
2026-08-10 20:11:23,153 INFO  [default] link ACK received: run_normal
2026-08-10 20:11:23,265 INFO  [default] app ack received
endshedding
2026-08-10 20:11:38,382 INFO  [default] link ACK received: query_operational_state
2026-08-10 20:11:38,494 INFO  [default] operational state received: 0

Press Enter for a list of commands
1786417928,o,0 (PASSED!)
outside communication found
2026-08-10 20:12:08,649 INFO  [default] link ACK received: outside_communication
2026-08-10 20:12:08,745 INFO  [default] app ack received
2026-08-10 20:12:08,937 INFO  [default] link ACK received: get_commodity
2026-08-10 20:12:09,081 INFO  [default] message type supported received: 2
2026-08-10 20:12:09,081 INFO  [default] commodity response received. response code: 0 - success; count: 5
2026-08-10 20:12:09,082 INFO  [default] commodity code: 0 - Electricity consumed (W & W-hr)
2026-08-10 20:12:09,082 INFO  [default]            source: Estimated
2026-08-10 20:12:09,082 INFO  [default]   cumulative: 367407
2026-08-10 20:12:09,082 INFO  [default]    inst rate: 0
2026-08-10 20:12:09,082 INFO  [default] commodity code: 6 - Total energy storage/take capacity (W-hr)
2026-08-10 20:12:09,082 INFO  [default]            source: Estimated
2026-08-10 20:12:09,082 INFO  [default]   cumulative: 2202
2026-08-10 20:12:09,082 INFO  [default]    inst rate: not used for this commodity code
2026-08-10 20:12:09,083 INFO  [default] commodity code: 7 - Present energy storage/take capacity (W-hr)
2026-08-10 20:12:09,083 INFO  [default]            source: Estimated
2026-08-10 20:12:09,083 INFO  [default]   cumulative: 0
2026-08-10 20:12:09,083 INFO  [default]    inst rate: not used for this commodity code
2026-08-10 20:12:09,083 INFO  [default] commodity code: 10 - Advanced load up total energy storage/take capacity (W-hr)
2026-08-10 20:12:09,083 INFO  [default]            source: Estimated
2026-08-10 20:12:09,083 INFO  [default]   cumulative: 2412
2026-08-10 20:12:09,084 INFO  [default]    inst rate: not used for this commodity code
2026-08-10 20:12:09,084 INFO  [default] commodity code: 11 - Advanced load up present energy storage/take capacity (W-hr)
2026-08-10 20:12:09,084 INFO  [default]            source: Estimated
2026-08-10 20:12:09,084 INFO  [default]   cumulative: 240
2026-08-10 20:12:09,084 INFO  [default]    inst rate: not used for this commodity code
2026-08-10 20:12:09,273 INFO  [default] link ACK received: query_operational_state
2026-08-10 20:12:09,369 INFO  [default] operational state received: 0

Press Enter for a list of commands
1786417943,a,0 (PASSED!)
advanced load up
Creating Advanced Load Up message...
Setting message fields:
Duration: 0
Value: 500
Units: 1
Suggested efficiency: 5
2026-08-10 20:12:23,478 INFO  [default] link ACK received: advanced_load_up
2026-08-10 20:12:23,590 INFO  [default] message type supported received: 2
2026-08-10 20:12:23,591 INFO  [default] advanced load up response received. response code: 2 - bad_value
2026-08-10 20:12:38,708 INFO  [default] link ACK received: query_operational_state
2026-08-10 20:12:38,820 INFO  [default] operational state received: 0

Press Enter for a list of commands
2026-08-10 20:13:07,967 INFO  [default] link ACK received: get_commodity
2026-08-10 20:13:08,111 INFO  [default] message type supported received: 2
2026-08-10 20:13:08,111 INFO  [default] commodity response received. response code: 0 - success; count: 5
2026-08-10 20:13:08,111 INFO  [default] commodity code: 0 - Electricity consumed (W & W-hr)
2026-08-10 20:13:08,111 INFO  [default]            source: Estimated
2026-08-10 20:13:08,112 INFO  [default]   cumulative: 367407
2026-08-10 20:13:08,112 INFO  [default]    inst rate: 0
2026-08-10 20:13:08,112 INFO  [default] commodity code: 6 - Total energy storage/take capacity (W-hr)
2026-08-10 20:13:08,112 INFO  [default]            source: Estimated
2026-08-10 20:13:08,112 INFO  [default]   cumulative: 2202
2026-08-10 20:13:08,112 INFO  [default]    inst rate: not used for this commodity code
2026-08-10 20:13:08,112 INFO  [default] commodity code: 7 - Present energy storage/take capacity (W-hr)
2026-08-10 20:13:08,112 INFO  [default]            source: Estimated
2026-08-10 20:13:08,113 INFO  [default]   cumulative: 0
2026-08-10 20:13:08,113 INFO  [default]    inst rate: not used for this commodity code
2026-08-10 20:13:08,113 INFO  [default] commodity code: 10 - Advanced load up total energy storage/take capacity (W-hr)
2026-08-10 20:13:08,113 INFO  [default]            source: Estimated
2026-08-10 20:13:08,113 INFO  [default]   cumulative: 2412
2026-08-10 20:13:08,113 INFO  [default]    inst rate: not used for this commodity code
2026-08-10 20:13:08,113 INFO  [default] commodity code: 11 - Advanced load up present energy storage/take capacity (W-hr)
2026-08-10 20:13:08,113 INFO  [default]            source: Estimated
2026-08-10 20:13:08,114 INFO  [default]   cumulative: 240
2026-08-10 20:13:08,114 INFO  [default]    inst rate: not used for this commodity code
2026-08-10 20:13:08,303 INFO  [default] link ACK received: query_operational_state
2026-08-10 20:13:08,398 INFO  [default] operational state received: 0

Press Enter for a list of commands
1786417988,o,0 (PASSED!)
outside communication found
2026-08-10 20:13:09,486 INFO  [default] link ACK received: outside_communication
2026-08-10 20:13:09,598 INFO  [default] app ack received
1786418003,e,0 (PASSED!)
2026-08-10 20:13:23,724 INFO  [default] link ACK received: run_normal
2026-08-10 20:13:23,820 INFO  [default] app ack received
endshedding
2026-08-10 20:13:37,929 INFO  [default] link ACK received: query_operational_state
2026-08-10 20:13:38,041 INFO  [default] operational state received: 0

Press Enter for a list of commands
1786418048,o,0 (PASSED!)
outside communication found
2026-08-10 20:14:08,196 INFO  [default] link ACK received: outside_communication
2026-08-10 20:14:08,292 INFO  [default] app ack received
2026-08-10 20:14:08,484 INFO  [default] link ACK received: get_commodity
2026-08-10 20:14:08,628 INFO  [default] message type supported received: 2
2026-08-10 20:14:08,628 INFO  [default] commodity response received. response code: 0 - success; count: 5
2026-08-10 20:14:08,629 INFO  [default] commodity code: 0 - Electricity consumed (W & W-hr)
2026-08-10 20:14:08,629 INFO  [default]            source: Estimated
2026-08-10 20:14:08,629 INFO  [default]   cumulative: 367407
2026-08-10 20:14:08,629 INFO  [default]    inst rate: 0
2026-08-10 20:14:08,629 INFO  [default] commodity code: 6 - Total energy storage/take capacity (W-hr)
2026-08-10 20:14:08,629 INFO  [default]            source: Estimated
2026-08-10 20:14:08,630 INFO  [default]   cumulative: 2202
2026-08-10 20:14:08,630 INFO  [default]    inst rate: not used for this commodity code
2026-08-10 20:14:08,630 INFO  [default] commodity code: 7 - Present energy storage/take capacity (W-hr)
2026-08-10 20:14:08,630 INFO  [default]            source: Estimated
2026-08-10 20:14:08,630 INFO  [default]   cumulative: 0
2026-08-10 20:14:08,630 INFO  [default]    inst rate: not used for this commodity code
2026-08-10 20:14:08,630 INFO  [default] commodity code: 10 - Advanced load up total energy storage/take capacity (W-hr)
2026-08-10 20:14:08,630 INFO  [default]            source: Estimated
2026-08-10 20:14:08,631 INFO  [default]   cumulative: 2412
2026-08-10 20:14:08,631 INFO  [default]    inst rate: not used for this commodity code
2026-08-10 20:14:08,631 INFO  [default] commodity code: 11 - Advanced load up present energy storage/take capacity (W-hr)
2026-08-10 20:14:08,631 INFO  [default]            source: Estimated
2026-08-10 20:14:08,631 INFO  [default]   cumulative: 240
2026-08-10 20:14:08,631 INFO  [default]    inst rate: not used for this commodity code
2026-08-10 20:14:08,820 INFO  [default] link ACK received: query_operational_state
2026-08-10 20:14:08,932 INFO  [default] operational state received: 0

Press Enter for a list of commands
1786418063,a,100 (PASSED!)
advanced load up
Creating Advanced Load Up message...
Setting message fields:
Duration: 100
Value: 70
Units: 2
Suggested efficiency: 6
2026-08-10 20:14:24,049 INFO  [default] link ACK received: advanced_load_up
2026-08-10 20:14:24,161 INFO  [default] message type supported received: 2
2026-08-10 20:14:24,162 INFO  [default] advanced load up response received. response code: 2 - bad_value
2026-08-10 20:14:38,287 INFO  [default] link ACK received: query_operational_state
2026-08-10 20:14:38,383 INFO  [default] operational state received: 0

Press Enter for a list of commands
1786418108,o,0 (PASSED!)
outside communication found
2026-08-10 20:15:08,538 INFO  [default] link ACK received: outside_communication
2026-08-10 20:15:08,634 INFO  [default] app ack received
2026-08-10 20:15:08,826 INFO  [default] link ACK received: get_commodity
2026-08-10 20:15:08,970 INFO  [default] message type supported received: 2
2026-08-10 20:15:08,970 INFO  [default] commodity response received. response code: 0 - success; count: 5
2026-08-10 20:15:08,970 INFO  [default] commodity code: 0 - Electricity consumed (W & W-hr)
2026-08-10 20:15:08,971 INFO  [default]            source: Estimated
2026-08-10 20:15:08,971 INFO  [default]   cumulative: 367407
2026-08-10 20:15:08,971 INFO  [default]    inst rate: 0
2026-08-10 20:15:08,971 INFO  [default] commodity code: 6 - Total energy storage/take capacity (W-hr)
2026-08-10 20:15:08,971 INFO  [default]            source: Estimated
2026-08-10 20:15:08,971 INFO  [default]   cumulative: 2202
2026-08-10 20:15:08,971 INFO  [default]    inst rate: not used for this commodity code
2026-08-10 20:15:08,971 INFO  [default] commodity code: 7 - Present energy storage/take capacity (W-hr)
2026-08-10 20:15:08,972 INFO  [default]            source: Estimated
2026-08-10 20:15:08,972 INFO  [default]   cumulative: 0
2026-08-10 20:15:08,972 INFO  [default]    inst rate: not used for this commodity code
2026-08-10 20:15:08,972 INFO  [default] commodity code: 10 - Advanced load up total energy storage/take capacity (W-hr)
2026-08-10 20:15:08,972 INFO  [default]            source: Estimated
2026-08-10 20:15:08,972 INFO  [default]   cumulative: 2412
2026-08-10 20:15:08,972 INFO  [default]    inst rate: not used for this commodity code
2026-08-10 20:15:08,972 INFO  [default] commodity code: 11 - Advanced load up present energy storage/take capacity (W-hr)
2026-08-10 20:15:08,973 INFO  [default]            source: Estimated
2026-08-10 20:15:08,973 INFO  [default]   cumulative: 240
2026-08-10 20:15:08,973 INFO  [default]    inst rate: not used for this commodity code
2026-08-10 20:15:09,162 INFO  [default] link ACK received: query_operational_state
2026-08-10 20:15:09,258 INFO  [default] operational state received: 0

Press Enter for a list of commands
1786418123,e,0 (PASSED!)
2026-08-10 20:15:23,367 INFO  [default] link ACK received: run_normal
2026-08-10 20:15:23,479 INFO  [default] app ack received
endshedding
2026-08-10 20:15:38,596 INFO  [default] link ACK received: query_operational_state
2026-08-10 20:15:38,708 INFO  [default] operational state received: 0

Press Enter for a list of commands
1786418168,o,0 (PASSED!)
outside communication found
2026-08-10 20:16:08,863 INFO  [default] link ACK received: outside_communication
2026-08-10 20:16:08,959 INFO  [default] app ack received
2026-08-10 20:16:09,151 INFO  [default] link ACK received: get_commodity
2026-08-10 20:16:09,295 INFO  [default] message type supported received: 2
2026-08-10 20:16:09,295 INFO  [default] commodity response received. response code: 0 - success; count: 5
2026-08-10 20:16:09,296 INFO  [default] commodity code: 0 - Electricity consumed (W & W-hr)
2026-08-10 20:16:09,296 INFO  [default]            source: Estimated
2026-08-10 20:16:09,296 INFO  [default]   cumulative: 367407
2026-08-10 20:16:09,296 INFO  [default]    inst rate: 0
2026-08-10 20:16:09,296 INFO  [default] commodity code: 6 - Total energy storage/take capacity (W-hr)
2026-08-10 20:16:09,296 INFO  [default]            source: Estimated
2026-08-10 20:16:09,297 INFO  [default]   cumulative: 2202
2026-08-10 20:16:09,297 INFO  [default]    inst rate: not used for this commodity code
2026-08-10 20:16:09,297 INFO  [default] commodity code: 7 - Present energy storage/take capacity (W-hr)
2026-08-10 20:16:09,297 INFO  [default]            source: Estimated
2026-08-10 20:16:09,297 INFO  [default]   cumulative: 0
2026-08-10 20:16:09,297 INFO  [default]    inst rate: not used for this commodity code
2026-08-10 20:16:09,297 INFO  [default] commodity code: 10 - Advanced load up total energy storage/take capacity (W-hr)
2026-08-10 20:16:09,297 INFO  [default]            source: Estimated
2026-08-10 20:16:09,298 INFO  [default]   cumulative: 2412
2026-08-10 20:16:09,298 INFO  [default]    inst rate: not used for this commodity code
2026-08-10 20:16:09,298 INFO  [default] commodity code: 11 - Advanced load up present energy storage/take capacity (W-hr)
2026-08-10 20:16:09,298 INFO  [default]            source: Estimated
2026-08-10 20:16:09,298 INFO  [default]   cumulative: 240
2026-08-10 20:16:09,298 INFO  [default]    inst rate: not used for this commodity code
2026-08-10 20:16:09,487 INFO  [default] link ACK received: query_operational_state
2026-08-10 20:16:09,599 INFO  [default] operational state received: 0

Press Enter for a list of commands
1786418183,a,60 (PASSED!)
advanced load up
Creating Advanced Load Up message...
Setting message fields:
Duration: 60
Value: 10
Units: 3
Suggested efficiency: 7
2026-08-10 20:16:23,725 INFO  [default] link ACK received: advanced_load_up
2026-08-10 20:16:23,821 INFO  [default] message type supported received: 2
2026-08-10 20:16:23,821 INFO  [default] advanced load up response received. response code: 2 - bad_value
2026-08-10 20:16:37,930 INFO  [default] link ACK received: query_operational_state
2026-08-10 20:16:38,042 INFO  [default] operational state received: 0

Press Enter for a list of commands
1786418228,o,0 (PASSED!)
outside communication found
2026-08-10 20:17:08,197 INFO  [default] link ACK received: outside_communication
2026-08-10 20:17:08,293 INFO  [default] app ack received
2026-08-10 20:17:08,485 INFO  [default] link ACK received: get_commodity
2026-08-10 20:17:08,629 INFO  [default] message type supported received: 2
2026-08-10 20:17:08,629 INFO  [default] commodity response received. response code: 0 - success; count: 5
2026-08-10 20:17:08,630 INFO  [default] commodity code: 0 - Electricity consumed (W & W-hr)
2026-08-10 20:17:08,630 INFO  [default]            source: Estimated
2026-08-10 20:17:08,630 INFO  [default]   cumulative: 367407
2026-08-10 20:17:08,630 INFO  [default]    inst rate: 0
2026-08-10 20:17:08,630 INFO  [default] commodity code: 6 - Total energy storage/take capacity (W-hr)
2026-08-10 20:17:08,630 INFO  [default]            source: Estimated
2026-08-10 20:17:08,630 INFO  [default]   cumulative: 2202
2026-08-10 20:17:08,631 INFO  [default]    inst rate: not used for this commodity code
2026-08-10 20:17:08,631 INFO  [default] commodity code: 7 - Present energy storage/take capacity (W-hr)
2026-08-10 20:17:08,631 INFO  [default]            source: Estimated
2026-08-10 20:17:08,631 INFO  [default]   cumulative: 0
2026-08-10 20:17:08,631 INFO  [default]    inst rate: not used for this commodity code
2026-08-10 20:17:08,631 INFO  [default] commodity code: 10 - Advanced load up total energy storage/take capacity (W-hr)
2026-08-10 20:17:08,631 INFO  [default]            source: Estimated
2026-08-10 20:17:08,631 INFO  [default]   cumulative: 2412
2026-08-10 20:17:08,631 INFO  [default]    inst rate: not used for this commodity code
2026-08-10 20:17:08,632 INFO  [default] commodity code: 11 - Advanced load up present energy storage/take capacity (W-hr)
2026-08-10 20:17:08,632 INFO  [default]            source: Estimated
2026-08-10 20:17:08,632 INFO  [default]   cumulative: 240
2026-08-10 20:17:08,632 INFO  [default]    inst rate: not used for this commodity code
2026-08-10 20:17:08,821 INFO  [default] link ACK received: query_operational_state
2026-08-10 20:17:08,933 INFO  [default] operational state received: 0

Press Enter for a list of commands
1786418243,e,0 (PASSED!)
2026-08-10 20:17:24,050 INFO  [default] link ACK received: run_normal
2026-08-10 20:17:24,146 INFO  [default] app ack received
endshedding
2026-08-10 20:17:38,272 INFO  [default] link ACK received: query_operational_state
2026-08-10 20:17:38,368 INFO  [default] operational state received: 0

Press Enter for a list of commands
1786418288,o,0 (PASSED!)
outside communication found
2026-08-10 20:18:08,506 INFO  [default] link ACK received: outside_communication
2026-08-10 20:18:08,618 INFO  [default] app ack received
2026-08-10 20:18:08,810 INFO  [default] link ACK received: get_commodity
2026-08-10 20:18:08,954 INFO  [default] message type supported received: 2
2026-08-10 20:18:08,955 INFO  [default] commodity response received. response code: 0 - success; count: 5
2026-08-10 20:18:08,955 INFO  [default] commodity code: 0 - Electricity consumed (W & W-hr)
2026-08-10 20:18:08,955 INFO  [default]            source: Estimated
2026-08-10 20:18:08,955 INFO  [default]   cumulative: 367407
2026-08-10 20:18:08,955 INFO  [default]    inst rate: 0
2026-08-10 20:18:08,956 INFO  [default] commodity code: 6 - Total energy storage/take capacity (W-hr)
2026-08-10 20:18:08,956 INFO  [default]            source: Estimated
2026-08-10 20:18:08,956 INFO  [default]   cumulative: 2202
2026-08-10 20:18:08,956 INFO  [default]    inst rate: not used for this commodity code
2026-08-10 20:18:08,956 INFO  [default] commodity code: 7 - Present energy storage/take capacity (W-hr)
2026-08-10 20:18:08,956 INFO  [default]            source: Estimated
2026-08-10 20:18:08,956 INFO  [default]   cumulative: 0
2026-08-10 20:18:08,956 INFO  [default]    inst rate: not used for this commodity code
2026-08-10 20:18:08,956 INFO  [default] commodity code: 10 - Advanced load up total energy storage/take capacity (W-hr)
2026-08-10 20:18:08,957 INFO  [default]            source: Estimated
2026-08-10 20:18:08,957 INFO  [default]   cumulative: 2412
2026-08-10 20:18:08,957 INFO  [default]    inst rate: not used for this commodity code
2026-08-10 20:18:08,957 INFO  [default] commodity code: 11 - Advanced load up present energy storage/take capacity (W-hr)
2026-08-10 20:18:08,957 INFO  [default]            source: Estimated
2026-08-10 20:18:08,957 INFO  [default]   cumulative: 240
2026-08-10 20:18:08,957 INFO  [default]    inst rate: not used for this commodity code
2026-08-10 20:18:09,146 INFO  [default] link ACK received: query_operational_state
2026-08-10 20:18:09,242 INFO  [default] operational state received: 0

Press Enter for a list of commands
1786418303,a,60 (PASSED!)
advanced load up
Creating Advanced Load Up message...
Setting message fields:
Duration: 60
Value: 10
Units: 3
Suggested efficiency: 8
2026-08-10 20:18:23,368 INFO  [default] link ACK received: advanced_load_up
2026-08-10 20:18:23,464 INFO  [default] message type supported received: 2
2026-08-10 20:18:23,464 INFO  [default] advanced load up response received. response code: 2 - bad_value
1786418318,o,0 (PASSED!)
outside communication found
2026-08-10 20:18:38,581 INFO  [default] link ACK received: outside_communication
2026-08-10 20:18:38,677 INFO  [default] app ack received
2026-08-10 20:18:38,869 INFO  [default] link ACK received: query_operational_state
2026-08-10 20:18:38,981 INFO  [default] operational state received: 0

Press Enter for a list of commands
2026-08-10 20:19:08,128 INFO  [default] link ACK received: get_commodity
2026-08-10 20:19:08,272 INFO  [default] message type supported received: 2
2026-08-10 20:19:08,272 INFO  [default] commodity response received. response code: 0 - success; count: 5
2026-08-10 20:19:08,273 INFO  [default] commodity code: 0 - Electricity consumed (W & W-hr)
2026-08-10 20:19:08,273 INFO  [default]            source: Estimated
2026-08-10 20:19:08,273 INFO  [default]   cumulative: 367407
2026-08-10 20:19:08,273 INFO  [default]    inst rate: 0
2026-08-10 20:19:08,273 INFO  [default] commodity code: 6 - Total energy storage/take capacity (W-hr)
2026-08-10 20:19:08,273 INFO  [default]            source: Estimated
2026-08-10 20:19:08,274 INFO  [default]   cumulative: 2202
2026-08-10 20:19:08,274 INFO  [default]    inst rate: not used for this commodity code
2026-08-10 20:19:08,274 INFO  [default] commodity code: 7 - Present energy storage/take capacity (W-hr)
2026-08-10 20:19:08,274 INFO  [default]            source: Estimated
2026-08-10 20:19:08,274 INFO  [default]   cumulative: 0
2026-08-10 20:19:08,274 INFO  [default]    inst rate: not used for this commodity code
2026-08-10 20:19:08,274 INFO  [default] commodity code: 10 - Advanced load up total energy storage/take capacity (W-hr)
2026-08-10 20:19:08,274 INFO  [default]            source: Estimated
2026-08-10 20:19:08,275 INFO  [default]   cumulative: 2412
2026-08-10 20:19:08,275 INFO  [default]    inst rate: not used for this commodity code
2026-08-10 20:19:08,275 INFO  [default] commodity code: 11 - Advanced load up present energy storage/take capacity (W-hr)
2026-08-10 20:19:08,275 INFO  [default]            source: Estimated
2026-08-10 20:19:08,275 INFO  [default]   cumulative: 240
2026-08-10 20:19:08,275 INFO  [default]    inst rate: not used for this commodity code
2026-08-10 20:19:08,464 INFO  [default] link ACK received: query_operational_state
2026-08-10 20:19:08,576 INFO  [default] operational state received: 0

Press Enter for a list of commands
Returning state to normal...
2026-08-10 20:19:23,086 INFO  [default] link ACK received: run_normal
2026-08-10 20:19:23,197 INFO  [default] app ack received
Loading...
Querying operational state after normal command...
2026-08-10 20:19:25,293 INFO  [default] link ACK received: query_operational_state
2026-08-10 20:19:25,389 INFO  [default] operational state received: 0

Press Enter for a list of commands
