POWER_MONITOR_READY {"output_csv": "/home/pi/conformance_testing_team/saved_data/conformance_runs/run_2026_07_28_001933Z/power.csv", "timestamp_utc": "2026-07-28T00:19:33.405Z"}
POWER_MONITOR_RECORD {"timestamp_utc": "2026-07-28T00:19:33.407Z", "status": "ok", "reasons": ["initial_sample"]}
POWER_MONITOR_RECORD {"timestamp_utc": "2026-07-28T00:20:33.709Z", "status": "ok", "reasons": ["heartbeat"]}
POWER_MONITOR_RECORD {"timestamp_utc": "2026-07-28T00:21:34.060Z", "status": "ok", "reasons": ["heartbeat"]}
POWER_MONITOR_RECORD {"timestamp_utc": "2026-07-28T00:22:34.409Z", "status": "ok", "reasons": ["heartbeat"]}
POWER_MONITOR_RECORD {"timestamp_utc": "2026-07-28T00:23:34.759Z", "status": "ok", "reasons": ["heartbeat"]}
POWER_MONITOR_RECORD {"timestamp_utc": "2026-07-28T00:24:35.109Z", "status": "ok", "reasons": ["heartbeat"]}
POWER_MONITOR_RECORD {"timestamp_utc": "2026-07-28T00:25:35.458Z", "status": "ok", "reasons": ["heartbeat"]}
POWER_MONITOR_RECORD {"timestamp_utc": "2026-07-28T00:26:35.808Z", "status": "ok", "reasons": ["heartbeat"]}
POWER_MONITOR_RECORD {"timestamp_utc": "2026-07-28T00:27:36.161Z", "status": "ok", "reasons": ["heartbeat"]}
POWER_MONITOR_RECORD {"timestamp_utc": "2026-07-28T00:28:36.512Z", "status": "ok", "reasons": ["heartbeat"]}
POWER_MONITOR_RECORD {"timestamp_utc": "2026-07-28T00:29:36.860Z", "status": "ok", "reasons": ["heartbeat"]}
POWER_MONITOR_RECORD {"timestamp_utc": "2026-07-28T00:30:37.210Z", "status": "ok", "reasons": ["heartbeat"]}
POWER_MONITOR_RECORD {"timestamp_utc": "2026-07-28T00:31:37.560Z", "status": "ok", "reasons": ["heartbeat"]}
POWER_MONITOR_RECORD {"timestamp_utc": "2026-07-28T00:32:37.909Z", "status": "ok", "reasons": ["heartbeat"]}
POWER_MONITOR_RECORD {"timestamp_utc": "2026-07-28T00:33:38.259Z", "status": "ok", "reasons": ["heartbeat"]}
POWER_MONITOR_RECORD {"timestamp_utc": "2026-07-28T00:34:38.610Z", "status": "ok", "reasons": ["heartbeat"]}
POWER_MONITOR_RECORD {"timestamp_utc": "2026-07-28T00:35:38.960Z", "status": "ok", "reasons": ["heartbeat"]}
POWER_MONITOR_RECORD {"timestamp_utc": "2026-07-28T00:36:39.309Z", "status": "ok", "reasons": ["heartbeat"]}
POWER_MONITOR_RECORD {"timestamp_utc": "2026-07-28T00:37:39.658Z", "status": "ok", "reasons": ["heartbeat"]}
POWER_MONITOR_RECORD {"timestamp_utc": "2026-07-28T00:38:40.008Z", "status": "ok", "reasons": ["heartbeat"]}
POWER_MONITOR_RECORD {"timestamp_utc": "2026-07-28T00:39:40.356Z", "status": "ok", "reasons": ["heartbeat"]}
POWER_MONITOR_RECORD {"timestamp_utc": "2026-07-28T00:40:40.706Z", "status": "ok", "reasons": ["heartbeat"]}
POWER_MONITOR_RECORD {"timestamp_utc": "2026-07-28T00:41:41.055Z", "status": "ok", "reasons": ["heartbeat"]}
POWER_MONITOR_RECORD {"timestamp_utc": "2026-07-28T00:42:41.404Z", "status": "ok", "reasons": ["heartbeat"]}
POWER_MONITOR_RECORD {"timestamp_utc": "2026-07-28T00:43:41.754Z", "status": "ok", "reasons": ["heartbeat"]}
POWER_MONITOR_RECORD {"timestamp_utc": "2026-07-28T00:44:42.106Z", "status": "ok", "reasons": ["heartbeat"]}
POWER_MONITOR_RECORD {"timestamp_utc": "2026-07-28T00:45:42.455Z", "status": "ok", "reasons": ["heartbeat"]}
POWER_MONITOR_RECORD {"timestamp_utc": "2026-07-28T00:46:42.805Z", "status": "ok", "reasons": ["heartbeat"]}
POWER_MONITOR_RECORD {"timestamp_utc": "2026-07-28T00:47:43.156Z", "status": "ok", "reasons": ["heartbeat"]}
POWER_MONITOR_RECORD {"timestamp_utc": "2026-07-28T00:48:43.505Z", "status": "ok", "reasons": ["heartbeat"]}
POWER_MONITOR_RECORD {"timestamp_utc": "2026-07-28T00:49:43.855Z", "status": "ok", "reasons": ["heartbeat"]}
POWER_MONITOR_RECORD {"timestamp_utc": "2026-07-28T00:50:44.205Z", "status": "ok", "reasons": ["heartbeat"]}
POWER_MONITOR_RECORD {"timestamp_utc": "2026-07-28T00:51:44.554Z", "status": "ok", "reasons": ["heartbeat"]}
POWER_MONITOR_RECORD {"timestamp_utc": "2026-07-28T00:52:44.903Z", "status": "ok", "reasons": ["heartbeat"]}
POWER_MONITOR_RECORD {"timestamp_utc": "2026-07-28T00:53:45.251Z", "status": "ok", "reasons": ["heartbeat"]}
POWER_MONITOR_RECORD {"timestamp_utc": "2026-07-28T00:54:45.585Z", "status": "ok", "reasons": ["heartbeat"]}
POWER_MONITOR_RECORD {"timestamp_utc": "2026-07-28T00:55:45.933Z", "status": "ok", "reasons": ["heartbeat"]}
POWER_MONITOR_RECORD {"timestamp_utc": "2026-07-28T00:56:46.281Z", "status": "ok", "reasons": ["heartbeat"]}
POWER_MONITOR_RECORD {"timestamp_utc": "2026-07-28T00:57:46.630Z", "status": "ok", "reasons": ["heartbeat"]}
POWER_MONITOR_RECORD {"timestamp_utc": "2026-07-28T00:58:46.979Z", "status": "ok", "reasons": ["heartbeat"]}
POWER_MONITOR_RECORD {"timestamp_utc": "2026-07-28T00:59:47.329Z", "status": "ok", "reasons": ["heartbeat"]}
POWER_MONITOR_RECORD {"timestamp_utc": "2026-07-28T01:00:47.679Z", "status": "ok", "reasons": ["heartbeat"]}
POWER_MONITOR_RECORD {"timestamp_utc": "2026-07-28T01:01:48.030Z", "status": "ok", "reasons": ["heartbeat"]}
POWER_MONITOR_RECORD {"timestamp_utc": "2026-07-28T01:02:48.379Z", "status": "ok", "reasons": ["heartbeat"]}
POWER_MONITOR_RECORD {"timestamp_utc": "2026-07-28T01:03:48.729Z", "status": "ok", "reasons": ["heartbeat"]}
POWER_MONITOR_RECORD {"timestamp_utc": "2026-07-28T01:04:49.078Z", "status": "ok", "reasons": ["heartbeat"]}
POWER_MONITOR_RECORD {"timestamp_utc": "2026-07-28T01:05:49.428Z", "status": "ok", "reasons": ["heartbeat"]}
POWER_MONITOR_RECORD {"timestamp_utc": "2026-07-28T01:06:49.778Z", "status": "ok", "reasons": ["heartbeat"]}
POWER_MONITOR_RECORD {"timestamp_utc": "2026-07-28T01:07:50.129Z", "status": "ok", "reasons": ["heartbeat"]}
POWER_MONITOR_RECORD {"timestamp_utc": "2026-07-28T01:08:50.479Z", "status": "ok", "reasons": ["heartbeat"]}
POWER_MONITOR_RECORD {"timestamp_utc": "2026-07-28T01:09:50.829Z", "status": "ok", "reasons": ["heartbeat"]}
POWER_MONITOR_RECORD {"timestamp_utc": "2026-07-28T01:10:51.180Z", "status": "ok", "reasons": ["heartbeat"]}
POWER_MONITOR_RECORD {"timestamp_utc": "2026-07-28T01:11:50.524Z", "status": "ok", "reasons": ["voltage_change"]}
POWER_MONITOR_RECORD {"timestamp_utc": "2026-07-28T01:11:51.531Z", "status": "ok", "reasons": ["voltage_change"]}
POWER_MONITOR_STOPPED {"output_csv": "/home/pi/conformance_testing_team/saved_data/conformance_runs/run_2026_07_28_001933Z/power.csv", "timestamp_utc": "2026-07-28T01:12:51.560Z"}
