2026-08-10 18:51:57,157 INFO  [default] link ACK received: device_information
2026-08-10 18:51:57,285 INFO  [default] message type supported received: 2
2026-08-10 18:51:57,285 INFO  [default] device info response received. response code: 0 - success
2026-08-10 18:51:57,285 INFO  [default]   CTA-2045 version: B
2026-08-10 18:51:57,285 INFO  [default]   device type: 3 - Water Heater - Heat Pump
2026-08-10 18:51:57,285 INFO  [default]   vendor ID: 280
2026-08-10 18:51:57,326 INFO  [default] starting commodity service...
1786413117,o,0 (PASSED!)
outside communication found
2026-08-10 18:51:57,477 INFO  [default] link ACK received: outside_communication
2026-08-10 18:51:57,589 INFO  [default] app ack received
2026-08-10 18:51:57,781 INFO  [default] link ACK received: get_commodity
2026-08-10 18:51:57,925 INFO  [default] message type supported received: 2
2026-08-10 18:51:57,925 INFO  [default] commodity response received. response code: 0 - success; count: 5
2026-08-10 18:51:57,925 INFO  [default] commodity code: 0 - Electricity consumed (W & W-hr)
2026-08-10 18:51:57,925 INFO  [default]            source: Estimated
2026-08-10 18:51:57,925 INFO  [default]   cumulative: 367251
2026-08-10 18:51:57,925 INFO  [default]    inst rate: 0
2026-08-10 18:51:57,925 INFO  [default] commodity code: 6 - Total energy storage/take capacity (W-hr)
2026-08-10 18:51:57,925 INFO  [default]            source: Estimated
2026-08-10 18:51:57,925 INFO  [default]   cumulative: 2202
2026-08-10 18:51:57,925 INFO  [default]    inst rate: not used for this commodity code
2026-08-10 18:51:57,925 INFO  [default] commodity code: 7 - Present energy storage/take capacity (W-hr)
2026-08-10 18:51:57,925 INFO  [default]            source: Estimated
2026-08-10 18:51:57,925 INFO  [default]   cumulative: 90
2026-08-10 18:51:57,925 INFO  [default]    inst rate: not used for this commodity code
2026-08-10 18:51:57,925 INFO  [default] commodity code: 10 - Advanced load up total energy storage/take capacity (W-hr)
2026-08-10 18:51:57,925 INFO  [default]            source: Estimated
2026-08-10 18:51:57,926 INFO  [default]   cumulative: 2412
2026-08-10 18:51:57,926 INFO  [default]    inst rate: not used for this commodity code
2026-08-10 18:51:57,926 INFO  [default] commodity code: 11 - Advanced load up present energy storage/take capacity (W-hr)
2026-08-10 18:51:57,926 INFO  [default]            source: Estimated
2026-08-10 18:51:57,926 INFO  [default]   cumulative: 300
2026-08-10 18:51:57,926 INFO  [default]    inst rate: not used for this commodity code
2026-08-10 18:51:58,117 INFO  [default] link ACK received: query_operational_state
2026-08-10 18:51:58,229 INFO  [default] operational state received: 0

Press Enter for a list of commands
a- Advanced Loadup
c- Critical Peak Event
e- End shed/Normal
g- Grid Emergency
l- Loadup
o- Outside Communication
s- Shed
v- Enable advanced load up capability
x- Disable advanced load up capability
z- Quit and return operation to normal
q- Quit
enter choice: 1786413132,a,2 (PASSED!)
advanced load up
Creating Advanced Load Up message...
Setting message fields:
Duration: 2
Value: 2
Units: 2
2026-08-10 18:52:12,354 INFO  [default] link ACK received: advanced_load_up
2026-08-10 18:52:12,450 INFO  [default] message type supported received: 2
2026-08-10 18:52:12,450 INFO  [default] advanced load up response received. response code: 2 - bad_value
2026-08-10 18:52:27,568 INFO  [default] link ACK received: query_operational_state
2026-08-10 18:52:27,663 INFO  [default] operational state received: 0

Press Enter for a list of commands
2026-08-10 18:52:57,818 INFO  [default] link ACK received: get_commodity
2026-08-10 18:52:57,962 INFO  [default] message type supported received: 2
2026-08-10 18:52:57,962 INFO  [default] commodity response received. response code: 0 - success; count: 5
2026-08-10 18:52:57,963 INFO  [default] commodity code: 0 - Electricity consumed (W & W-hr)
2026-08-10 18:52:57,963 INFO  [default]            source: Estimated
2026-08-10 18:52:57,963 INFO  [default]   cumulative: 367251
2026-08-10 18:52:57,963 INFO  [default]    inst rate: 0
2026-08-10 18:52:57,963 INFO  [default] commodity code: 6 - Total energy storage/take capacity (W-hr)
2026-08-10 18:52:57,963 INFO  [default]            source: Estimated
2026-08-10 18:52:57,964 INFO  [default]   cumulative: 2202
2026-08-10 18:52:57,964 INFO  [default]    inst rate: not used for this commodity code
2026-08-10 18:52:57,964 INFO  [default] commodity code: 7 - Present energy storage/take capacity (W-hr)
2026-08-10 18:52:57,964 INFO  [default]            source: Estimated
2026-08-10 18:52:57,964 INFO  [default]   cumulative: 90
2026-08-10 18:52:57,964 INFO  [default]    inst rate: not used for this commodity code
2026-08-10 18:52:57,964 INFO  [default] commodity code: 10 - Advanced load up total energy storage/take capacity (W-hr)
2026-08-10 18:52:57,964 INFO  [default]            source: Estimated
2026-08-10 18:52:57,965 INFO  [default]   cumulative: 2412
2026-08-10 18:52:57,965 INFO  [default]    inst rate: not used for this commodity code
2026-08-10 18:52:57,965 INFO  [default] commodity code: 11 - Advanced load up present energy storage/take capacity (W-hr)
2026-08-10 18:52:57,965 INFO  [default]            source: Estimated
2026-08-10 18:52:57,965 INFO  [default]   cumulative: 300
2026-08-10 18:52:57,965 INFO  [default]    inst rate: not used for this commodity code
2026-08-10 18:52:58,154 INFO  [default] link ACK received: query_operational_state
2026-08-10 18:52:58,266 INFO  [default] operational state received: 0

Press Enter for a list of commands
2026-08-10 18:53:28,421 INFO  [default] link ACK received: query_operational_state
2026-08-10 18:53:28,517 INFO  [default] operational state received: 0

Press Enter for a list of commands
2026-08-10 18:53:57,664 INFO  [default] link ACK received: get_commodity
2026-08-10 18:53:57,808 INFO  [default] message type supported received: 2
2026-08-10 18:53:57,808 INFO  [default] commodity response received. response code: 0 - success; count: 5
2026-08-10 18:53:57,808 INFO  [default] commodity code: 0 - Electricity consumed (W & W-hr)
2026-08-10 18:53:57,808 INFO  [default]            source: Estimated
2026-08-10 18:53:57,808 INFO  [default]   cumulative: 367251
2026-08-10 18:53:57,809 INFO  [default]    inst rate: 0
2026-08-10 18:53:57,809 INFO  [default] commodity code: 6 - Total energy storage/take capacity (W-hr)
2026-08-10 18:53:57,809 INFO  [default]            source: Estimated
2026-08-10 18:53:57,809 INFO  [default]   cumulative: 2202
2026-08-10 18:53:57,809 INFO  [default]    inst rate: not used for this commodity code
2026-08-10 18:53:57,809 INFO  [default] commodity code: 7 - Present energy storage/take capacity (W-hr)
2026-08-10 18:53:57,809 INFO  [default]            source: Estimated
2026-08-10 18:53:57,810 INFO  [default]   cumulative: 90
2026-08-10 18:53:57,810 INFO  [default]    inst rate: not used for this commodity code
2026-08-10 18:53:57,810 INFO  [default] commodity code: 10 - Advanced load up total energy storage/take capacity (W-hr)
2026-08-10 18:53:57,810 INFO  [default]            source: Estimated
2026-08-10 18:53:57,810 INFO  [default]   cumulative: 2412
2026-08-10 18:53:57,810 INFO  [default]    inst rate: not used for this commodity code
2026-08-10 18:53:57,810 INFO  [default] commodity code: 11 - Advanced load up present energy storage/take capacity (W-hr)
2026-08-10 18:53:57,810 INFO  [default]            source: Estimated
2026-08-10 18:53:57,811 INFO  [default]   cumulative: 300
2026-08-10 18:53:57,811 INFO  [default]    inst rate: not used for this commodity code
2026-08-10 18:53:58,000 INFO  [default] link ACK received: query_operational_state
2026-08-10 18:53:58,112 INFO  [default] operational state received: 0

Press Enter for a list of commands
Returning state to normal...
2026-08-10 18:54:12,237 INFO  [default] link ACK received: run_normal
2026-08-10 18:54:12,333 INFO  [default] app ack received
Loading...
Querying operational state after normal command...
2026-08-10 18:54:14,429 INFO  [default] link ACK received: query_operational_state
2026-08-10 18:54:14,525 INFO  [default] operational state received: 0

Press Enter for a list of commands
