2026-08-30 17:04:02,859 INFO  [default] link ACK received: device_information
2026-08-30 17:04:02,987 INFO  [default] message type supported received: 2
2026-08-30 17:04:02,987 INFO  [default] device info response received. response code: 0 - success
2026-08-30 17:04:02,987 INFO  [default]   CTA-2045 version: B
2026-08-30 17:04:02,987 INFO  [default]   device type: 3 - Water Heater - Heat Pump
2026-08-30 17:04:02,988 INFO  [default]   vendor ID: 280
2026-08-30 17:04:03,028 INFO  [default] starting commodity service...
1788134643,o,0 (PASSED!)
outside communication found
2026-08-30 17:04:03,179 WARN  [default] link NAK received for none. Reason: Checksum error (0x3)
2026-08-30 17:04:03,291 WARN  [default] application NAK received. Reason: No reason given (0x0)
2026-08-30 17:04:03,483 INFO  [default] link ACK received: get_commodity
2026-08-30 17:04:03,627 INFO  [default] message type supported received: 2
2026-08-30 17:04:03,627 INFO  [default] commodity response received. response code: 0 - success; count: 5
2026-08-30 17:04:03,627 INFO  [default] commodity code: 0 - Electricity consumed (W & W-hr)
2026-08-30 17:04:03,628 INFO  [default]            source: Estimated
2026-08-30 17:04:03,628 INFO  [default]   cumulative: 383013
2026-08-30 17:04:03,628 INFO  [default]    inst rate: 356
2026-08-30 17:04:03,628 INFO  [default] commodity code: 6 - Total energy storage/take capacity (W-hr)
2026-08-30 17:04:03,628 INFO  [default]            source: Estimated
2026-08-30 17:04:03,628 INFO  [default]   cumulative: 2202
2026-08-30 17:04:03,628 INFO  [default]    inst rate: not used for this commodity code
2026-08-30 17:04:03,628 INFO  [default] commodity code: 7 - Present energy storage/take capacity (W-hr)
2026-08-30 17:04:03,628 INFO  [default]            source: Estimated
2026-08-30 17:04:03,628 INFO  [default]   cumulative: 0
2026-08-30 17:04:03,628 INFO  [default]    inst rate: not used for this commodity code
2026-08-30 17:04:03,628 INFO  [default] commodity code: 10 - Advanced load up total energy storage/take capacity (W-hr)
2026-08-30 17:04:03,628 INFO  [default]            source: Estimated
2026-08-30 17:04:03,628 INFO  [default]   cumulative: 2412
2026-08-30 17:04:03,628 INFO  [default]    inst rate: not used for this commodity code
2026-08-30 17:04:03,628 INFO  [default] commodity code: 11 - Advanced load up present energy storage/take capacity (W-hr)
2026-08-30 17:04:03,628 INFO  [default]            source: Estimated
2026-08-30 17:04:03,628 INFO  [default]   cumulative: 60
2026-08-30 17:04:03,628 INFO  [default]    inst rate: not used for this commodity code
2026-08-30 17:04:03,819 INFO  [default] link ACK received: query_operational_state
2026-08-30 17:04:03,931 INFO  [default] operational state received: 5

Press Enter for a list of commands
a- Advanced Loadup
c- Critical Peak Event
e- End shed/Normal
g- Grid Emergency
l- Loadup
o- Outside Communication
s- Shed
v- Enable advanced load up capability
x- Disable advanced load up capability
z- Quit and return operation to normal
q- Quit
enter choice: 1788134658,s,0 (PASSED!)
shedding
2026-08-30 17:04:19,049 INFO  [default] link ACK received: shed
2026-08-30 17:04:19,161 INFO  [default] app ack received
2026-08-30 17:04:33,286 INFO  [default] link ACK received: query_operational_state
2026-08-30 17:04:33,382 INFO  [default] operational state received: 5

Press Enter for a list of commands
2026-08-30 17:05:03,537 INFO  [default] link ACK received: get_commodity
2026-08-30 17:05:03,665 INFO  [default] message type supported received: 2
2026-08-30 17:05:03,665 INFO  [default] commodity response received. response code: 0 - success; count: 5
2026-08-30 17:05:03,666 INFO  [default] commodity code: 0 - Electricity consumed (W & W-hr)
2026-08-30 17:05:03,666 INFO  [default]            source: Estimated
2026-08-30 17:05:03,666 INFO  [default]   cumulative: 383019
2026-08-30 17:05:03,666 INFO  [default]    inst rate: 356
2026-08-30 17:05:03,666 INFO  [default] commodity code: 6 - Total energy storage/take capacity (W-hr)
2026-08-30 17:05:03,666 INFO  [default]            source: Estimated
2026-08-30 17:05:03,666 INFO  [default]   cumulative: 2202
2026-08-30 17:05:03,667 INFO  [default]    inst rate: not used for this commodity code
2026-08-30 17:05:03,667 INFO  [default] commodity code: 7 - Present energy storage/take capacity (W-hr)
2026-08-30 17:05:03,667 INFO  [default]            source: Estimated
2026-08-30 17:05:03,667 INFO  [default]   cumulative: 0
2026-08-30 17:05:03,667 INFO  [default]    inst rate: not used for this commodity code
2026-08-30 17:05:03,667 INFO  [default] commodity code: 10 - Advanced load up total energy storage/take capacity (W-hr)
2026-08-30 17:05:03,667 INFO  [default]            source: Estimated
2026-08-30 17:05:03,668 INFO  [default]   cumulative: 2412
2026-08-30 17:05:03,668 INFO  [default]    inst rate: not used for this commodity code
2026-08-30 17:05:03,668 INFO  [default] commodity code: 11 - Advanced load up present energy storage/take capacity (W-hr)
2026-08-30 17:05:03,668 INFO  [default]            source: Estimated
2026-08-30 17:05:03,668 INFO  [default]   cumulative: 60
2026-08-30 17:05:03,668 INFO  [default]    inst rate: not used for this commodity code
2026-08-30 17:05:03,857 INFO  [default] link ACK received: query_operational_state
2026-08-30 17:05:03,969 INFO  [default] operational state received: 5

Press Enter for a list of commands
2026-08-30 17:05:33,116 INFO  [default] link ACK received: query_operational_state
2026-08-30 17:05:33,228 INFO  [default] operational state received: 5

Press Enter for a list of commands
Returning state to normal...
2026-08-30 17:05:33,420 INFO  [default] link ACK received: run_normal
2026-08-30 17:05:33,516 INFO  [default] app ack received
Reporting outside communication disconnected...
2026-08-30 17:05:33,708 INFO  [default] link ACK received: outside_communication
2026-08-30 17:05:33,804 INFO  [default] app ack received
Loading...
Querying operational state after normal command...
2026-08-30 17:05:35,899 INFO  [default] link ACK received: query_operational_state
2026-08-30 17:05:35,995 INFO  [default] operational state received: 5

Press Enter for a list of commands
