2026-07-27 20:04:41,440 INFO  [default] link ACK received: device_information
2026-07-27 20:04:41,568 INFO  [default] message type supported received: 2
2026-07-27 20:04:41,568 INFO  [default] device info response received. response code: 0 - success
2026-07-27 20:04:41,568 INFO  [default]   CTA-2045 version: 00
2026-07-27 20:04:41,569 INFO  [default]   device type: 3 - Water Heater - Heat Pump
2026-07-27 20:04:41,569 INFO  [default]   vendor ID: 4660
2026-07-27 20:04:41,609 INFO  [default] starting commodity service...
2026-07-27 20:04:41,760 INFO  [default] link ACK received: get_commodity
2026-07-27 20:04:41,888 INFO  [default] message type supported received: 2
2026-07-27 20:04:41,888 INFO  [default] commodity response received. response code: 0 - success; count: 3
2026-07-27 20:04:41,889 INFO  [default] commodity code: 0 - Electricity consumed (W & W-hr)
2026-07-27 20:04:41,889 INFO  [default]            source: Estimated
2026-07-27 20:04:41,889 INFO  [default]   cumulative: 10543
2026-07-27 20:04:41,889 INFO  [default]    inst rate: 0
2026-07-27 20:04:41,889 INFO  [default] commodity code: 6 - Total energy storage/take capacity (W-hr)
2026-07-27 20:04:41,889 INFO  [default]            source: Estimated
2026-07-27 20:04:41,889 INFO  [default]   cumulative: 4026
2026-07-27 20:04:41,889 INFO  [default]    inst rate: not used for this commodity code
2026-07-27 20:04:41,889 INFO  [default] commodity code: 7 - Present energy storage/take capacity (W-hr)
2026-07-27 20:04:41,889 INFO  [default]            source: Estimated
2026-07-27 20:04:41,889 INFO  [default]   cumulative: 0
2026-07-27 20:04:41,889 INFO  [default]    inst rate: not used for this commodity code
2026-07-27 20:04:42,080 INFO  [default] link ACK received: query_operational_state
2026-07-27 20:04:42,176 INFO  [default] operational state received: 0

Press Enter for a list of commands
1785207882,o,0 (PASSED!)
outside communication found
2026-07-27 20:04:43,264 INFO  [default] link ACK received: outside_communication
2026-07-27 20:04:43,376 INFO  [default] app ack received
a- Advanced Loadup
c- Critical Peak Event
e- End shed/Normal
g- Grid Emergency
l- Loadup
o- Outside Communication
s- Shed
v- Enable advanced load up capability
x- Disable advanced load up capability
z- Quit and return operation to normal
q- Quit
enter choice: 1785207897,s,10 (PASSED!)
shedding
2026-07-27 20:04:57,486 INFO  [default] link ACK received: shed
2026-07-27 20:04:57,598 INFO  [default] app ack received
2026-07-27 20:05:41,782 INFO  [default] link ACK received: get_commodity
2026-07-27 20:05:41,894 INFO  [default] message type supported received: 2
2026-07-27 20:05:41,894 INFO  [default] commodity response received. response code: 0 - success; count: 3
2026-07-27 20:05:41,894 INFO  [default] commodity code: 0 - Electricity consumed (W & W-hr)
2026-07-27 20:05:41,895 INFO  [default]            source: Estimated
2026-07-27 20:05:41,895 INFO  [default]   cumulative: 10543
2026-07-27 20:05:41,895 INFO  [default]    inst rate: 0
2026-07-27 20:05:41,895 INFO  [default] commodity code: 6 - Total energy storage/take capacity (W-hr)
2026-07-27 20:05:41,895 INFO  [default]            source: Estimated
2026-07-27 20:05:41,895 INFO  [default]   cumulative: 4026
2026-07-27 20:05:41,895 INFO  [default]    inst rate: not used for this commodity code
2026-07-27 20:05:41,895 INFO  [default] commodity code: 7 - Present energy storage/take capacity (W-hr)
2026-07-27 20:05:41,896 INFO  [default]            source: Estimated
2026-07-27 20:05:41,896 INFO  [default]   cumulative: 0
2026-07-27 20:05:41,896 INFO  [default]    inst rate: not used for this commodity code
2026-07-27 20:05:42,086 INFO  [default] link ACK received: query_operational_state
2026-07-27 20:05:42,198 INFO  [default] operational state received: 4

Press Enter for a list of commands
2026-07-27 20:06:42,411 INFO  [default] link ACK received: get_commodity
2026-07-27 20:06:42,539 INFO  [default] message type supported received: 2
2026-07-27 20:06:42,539 INFO  [default] commodity response received. response code: 0 - success; count: 3
2026-07-27 20:06:42,540 INFO  [default] commodity code: 0 - Electricity consumed (W & W-hr)
2026-07-27 20:06:42,540 INFO  [default]            source: Estimated
2026-07-27 20:06:42,540 INFO  [default]   cumulative: 10543
2026-07-27 20:06:42,540 INFO  [default]    inst rate: 0
2026-07-27 20:06:42,540 INFO  [default] commodity code: 6 - Total energy storage/take capacity (W-hr)
2026-07-27 20:06:42,541 INFO  [default]            source: Estimated
2026-07-27 20:06:42,541 INFO  [default]   cumulative: 4026
2026-07-27 20:06:42,541 INFO  [default]    inst rate: not used for this commodity code
2026-07-27 20:06:42,541 INFO  [default] commodity code: 7 - Present energy storage/take capacity (W-hr)
2026-07-27 20:06:42,541 INFO  [default]            source: Estimated
2026-07-27 20:06:42,541 INFO  [default]   cumulative: 0
2026-07-27 20:06:42,541 INFO  [default]    inst rate: not used for this commodity code
2026-07-27 20:06:42,731 INFO  [default] link ACK received: query_operational_state
2026-07-27 20:06:42,843 INFO  [default] operational state received: 4

Press Enter for a list of commands
2026-07-27 20:07:42,049 INFO  [default] link ACK received: get_commodity
2026-07-27 20:07:42,177 INFO  [default] message type supported received: 2
2026-07-27 20:07:42,177 INFO  [default] commodity response received. response code: 0 - success; count: 3
2026-07-27 20:07:42,177 INFO  [default] commodity code: 0 - Electricity consumed (W & W-hr)
2026-07-27 20:07:42,177 INFO  [default]            source: Estimated
2026-07-27 20:07:42,178 INFO  [default]   cumulative: 10543
2026-07-27 20:07:42,178 INFO  [default]    inst rate: 0
2026-07-27 20:07:42,178 INFO  [default] commodity code: 6 - Total energy storage/take capacity (W-hr)
2026-07-27 20:07:42,178 INFO  [default]            source: Estimated
2026-07-27 20:07:42,178 INFO  [default]   cumulative: 4026
2026-07-27 20:07:42,178 INFO  [default]    inst rate: not used for this commodity code
2026-07-27 20:07:42,178 INFO  [default] commodity code: 7 - Present energy storage/take capacity (W-hr)
2026-07-27 20:07:42,178 INFO  [default]            source: Estimated
2026-07-27 20:07:42,179 INFO  [default]   cumulative: 0
2026-07-27 20:07:42,179 INFO  [default]    inst rate: not used for this commodity code
2026-07-27 20:07:42,369 INFO  [default] link ACK received: query_operational_state
2026-07-27 20:07:42,480 INFO  [default] operational state received: 4

Press Enter for a list of commands
1785208062,o,0 (PASSED!)
outside communication found
2026-07-27 20:07:43,584 INFO  [default] link ACK received: outside_communication
2026-07-27 20:07:43,680 INFO  [default] app ack received
1785208077,a,0 (PASSED!)
advanced load up
Creating Advanced Load Up message...
Setting message fields:
Duration: 0
Value: 5
Units: 2
2026-07-27 20:07:57,806 WARN  [default] link NAK received for advanced_load_up. Reason: Request not supported (0x7)
2026-07-27 20:08:41,942 INFO  [default] link ACK received: get_commodity
2026-07-27 20:08:42,070 INFO  [default] message type supported received: 2
2026-07-27 20:08:42,070 INFO  [default] commodity response received. response code: 0 - success; count: 3
2026-07-27 20:08:42,071 INFO  [default] commodity code: 0 - Electricity consumed (W & W-hr)
2026-07-27 20:08:42,071 INFO  [default]            source: Estimated
2026-07-27 20:08:42,071 INFO  [default]   cumulative: 10543
2026-07-27 20:08:42,071 INFO  [default]    inst rate: 0
2026-07-27 20:08:42,071 INFO  [default] commodity code: 6 - Total energy storage/take capacity (W-hr)
2026-07-27 20:08:42,071 INFO  [default]            source: Estimated
2026-07-27 20:08:42,071 INFO  [default]   cumulative: 4026
2026-07-27 20:08:42,071 INFO  [default]    inst rate: not used for this commodity code
2026-07-27 20:08:42,072 INFO  [default] commodity code: 7 - Present energy storage/take capacity (W-hr)
2026-07-27 20:08:42,072 INFO  [default]            source: Estimated
2026-07-27 20:08:42,072 INFO  [default]   cumulative: 0
2026-07-27 20:08:42,072 INFO  [default]    inst rate: not used for this commodity code
2026-07-27 20:08:42,262 INFO  [default] link ACK received: query_operational_state
2026-07-27 20:08:42,374 INFO  [default] operational state received: 0

Press Enter for a list of commands
2026-07-27 20:09:42,587 INFO  [default] link ACK received: get_commodity
2026-07-27 20:09:42,715 INFO  [default] message type supported received: 2
2026-07-27 20:09:42,715 INFO  [default] commodity response received. response code: 0 - success; count: 3
2026-07-27 20:09:42,716 INFO  [default] commodity code: 0 - Electricity consumed (W & W-hr)
2026-07-27 20:09:42,716 INFO  [default]            source: Estimated
2026-07-27 20:09:42,716 INFO  [default]   cumulative: 10543
2026-07-27 20:09:42,716 INFO  [default]    inst rate: 0
2026-07-27 20:09:42,716 INFO  [default] commodity code: 6 - Total energy storage/take capacity (W-hr)
2026-07-27 20:09:42,717 INFO  [default]            source: Estimated
2026-07-27 20:09:42,717 INFO  [default]   cumulative: 4026
2026-07-27 20:09:42,717 INFO  [default]    inst rate: not used for this commodity code
2026-07-27 20:09:42,717 INFO  [default] commodity code: 7 - Present energy storage/take capacity (W-hr)
2026-07-27 20:09:42,717 INFO  [default]            source: Estimated
2026-07-27 20:09:42,717 INFO  [default]   cumulative: 0
2026-07-27 20:09:42,717 INFO  [default]    inst rate: not used for this commodity code
2026-07-27 20:09:42,907 INFO  [default] link ACK received: query_operational_state
2026-07-27 20:09:43,003 INFO  [default] operational state received: 0

Press Enter for a list of commands
1785208242,o,0 (PASSED!)
outside communication found
2026-07-27 20:10:42,209 INFO  [default] link ACK received: outside_communication
2026-07-27 20:10:42,321 INFO  [default] app ack received
2026-07-27 20:10:42,513 INFO  [default] link ACK received: get_commodity
2026-07-27 20:10:42,641 INFO  [default] message type supported received: 2
2026-07-27 20:10:42,641 INFO  [default] commodity response received. response code: 0 - success; count: 3
2026-07-27 20:10:42,641 INFO  [default] commodity code: 0 - Electricity consumed (W & W-hr)
2026-07-27 20:10:42,641 INFO  [default]            source: Estimated
2026-07-27 20:10:42,642 INFO  [default]   cumulative: 10543
2026-07-27 20:10:42,642 INFO  [default]    inst rate: 0
2026-07-27 20:10:42,642 INFO  [default] commodity code: 6 - Total energy storage/take capacity (W-hr)
2026-07-27 20:10:42,642 INFO  [default]            source: Estimated
2026-07-27 20:10:42,642 INFO  [default]   cumulative: 4026
2026-07-27 20:10:42,642 INFO  [default]    inst rate: not used for this commodity code
2026-07-27 20:10:42,642 INFO  [default] commodity code: 7 - Present energy storage/take capacity (W-hr)
2026-07-27 20:10:42,642 INFO  [default]            source: Estimated
2026-07-27 20:10:42,642 INFO  [default]   cumulative: 0
2026-07-27 20:10:42,643 INFO  [default]    inst rate: not used for this commodity code
2026-07-27 20:10:42,833 INFO  [default] link ACK received: query_operational_state
2026-07-27 20:10:42,945 INFO  [default] operational state received: 0

Press Enter for a list of commands
1785208257,e,15 (PASSED!)
2026-07-27 20:10:58,062 INFO  [default] link ACK received: run_normal
2026-07-27 20:10:58,174 INFO  [default] app ack received
endshedding
2026-07-27 20:11:42,358 INFO  [default] link ACK received: get_commodity
2026-07-27 20:11:42,470 INFO  [default] message type supported received: 2
2026-07-27 20:11:42,470 INFO  [default] commodity response received. response code: 0 - success; count: 3
2026-07-27 20:11:42,471 INFO  [default] commodity code: 0 - Electricity consumed (W & W-hr)
2026-07-27 20:11:42,471 INFO  [default]            source: Estimated
2026-07-27 20:11:42,471 INFO  [default]   cumulative: 10543
2026-07-27 20:11:42,471 INFO  [default]    inst rate: 0
2026-07-27 20:11:42,471 INFO  [default] commodity code: 6 - Total energy storage/take capacity (W-hr)
2026-07-27 20:11:42,471 INFO  [default]            source: Estimated
2026-07-27 20:11:42,472 INFO  [default]   cumulative: 4026
2026-07-27 20:11:42,472 INFO  [default]    inst rate: not used for this commodity code
2026-07-27 20:11:42,472 INFO  [default] commodity code: 7 - Present energy storage/take capacity (W-hr)
2026-07-27 20:11:42,472 INFO  [default]            source: Estimated
2026-07-27 20:11:42,472 INFO  [default]   cumulative: 0
2026-07-27 20:11:42,472 INFO  [default]    inst rate: not used for this commodity code
2026-07-27 20:11:42,662 INFO  [default] link ACK received: query_operational_state
2026-07-27 20:11:42,774 INFO  [default] operational state received: 0

Press Enter for a list of commands
2026-07-27 20:12:41,980 INFO  [default] link ACK received: get_commodity
2026-07-27 20:12:42,107 INFO  [default] message type supported received: 2
2026-07-27 20:12:42,108 INFO  [default] commodity response received. response code: 0 - success; count: 3
2026-07-27 20:12:42,108 INFO  [default] commodity code: 0 - Electricity consumed (W & W-hr)
2026-07-27 20:12:42,108 INFO  [default]            source: Estimated
2026-07-27 20:12:42,108 INFO  [default]   cumulative: 10543
2026-07-27 20:12:42,109 INFO  [default]    inst rate: 0
2026-07-27 20:12:42,109 INFO  [default] commodity code: 6 - Total energy storage/take capacity (W-hr)
2026-07-27 20:12:42,109 INFO  [default]            source: Estimated
2026-07-27 20:12:42,109 INFO  [default]   cumulative: 4026
2026-07-27 20:12:42,109 INFO  [default]    inst rate: not used for this commodity code
2026-07-27 20:12:42,109 INFO  [default] commodity code: 7 - Present energy storage/take capacity (W-hr)
2026-07-27 20:12:42,109 INFO  [default]            source: Estimated
2026-07-27 20:12:42,109 INFO  [default]   cumulative: 0
2026-07-27 20:12:42,110 INFO  [default]    inst rate: not used for this commodity code
2026-07-27 20:12:42,300 INFO  [default] link ACK received: query_operational_state
2026-07-27 20:12:42,411 INFO  [default] operational state received: 0

Press Enter for a list of commands
Returning state to normal...
2026-07-27 20:12:57,225 INFO  [default] link ACK received: run_normal
2026-07-27 20:12:57,337 INFO  [default] app ack received
Loading...
Querying operational state after normal command...
2026-07-27 20:12:59,432 INFO  [default] link ACK received: query_operational_state
2026-07-27 20:12:59,528 INFO  [default] operational state received: 0

Press Enter for a list of commands
