2026-08-02 18:21:18,086 INFO  [default] link ACK received: device_information
2026-08-02 18:21:18,214 INFO  [default] message type supported received: 2
2026-08-02 18:21:18,214 INFO  [default] device info response received. response code: 0 - success
2026-08-02 18:21:18,215 INFO  [default]   CTA-2045 version: B
2026-08-02 18:21:18,215 INFO  [default]   device type: 3 - Water Heater - Heat Pump
2026-08-02 18:21:18,215 INFO  [default]   vendor ID: 280
2026-08-02 18:21:18,255 INFO  [default] starting commodity service...
1785720078,o,0 (PASSED!)
outside communication found
2026-08-02 18:21:18,406 INFO  [default] link ACK received: outside_communication
2026-08-02 18:21:18,502 INFO  [default] app ack received
2026-08-02 18:21:18,694 INFO  [default] link ACK received: get_commodity
2026-08-02 18:21:18,838 INFO  [default] message type supported received: 2
2026-08-02 18:21:18,838 INFO  [default] commodity response received. response code: 0 - success; count: 5
2026-08-02 18:21:18,839 INFO  [default] commodity code: 0 - Electricity consumed (W & W-hr)
2026-08-02 18:21:18,839 INFO  [default]            source: Estimated
2026-08-02 18:21:18,839 INFO  [default]   cumulative: 359181
2026-08-02 18:21:18,839 INFO  [default]    inst rate: 0
2026-08-02 18:21:18,839 INFO  [default] commodity code: 6 - Total energy storage/take capacity (W-hr)
2026-08-02 18:21:18,839 INFO  [default]            source: Estimated
2026-08-02 18:21:18,839 INFO  [default]   cumulative: 2202
2026-08-02 18:21:18,839 INFO  [default]    inst rate: not used for this commodity code
2026-08-02 18:21:18,839 INFO  [default] commodity code: 7 - Present energy storage/take capacity (W-hr)
2026-08-02 18:21:18,839 INFO  [default]            source: Estimated
2026-08-02 18:21:18,839 INFO  [default]   cumulative: 60
2026-08-02 18:21:18,839 INFO  [default]    inst rate: not used for this commodity code
2026-08-02 18:21:18,839 INFO  [default] commodity code: 10 - Advanced load up total energy storage/take capacity (W-hr)
2026-08-02 18:21:18,839 INFO  [default]            source: Estimated
2026-08-02 18:21:18,839 INFO  [default]   cumulative: 2412
2026-08-02 18:21:18,839 INFO  [default]    inst rate: not used for this commodity code
2026-08-02 18:21:18,839 INFO  [default] commodity code: 11 - Advanced load up present energy storage/take capacity (W-hr)
2026-08-02 18:21:18,839 INFO  [default]            source: Estimated
2026-08-02 18:21:18,839 INFO  [default]   cumulative: 270
2026-08-02 18:21:18,839 INFO  [default]    inst rate: not used for this commodity code
2026-08-02 18:21:18,918 INFO  [default] app cust override received: 0
2026-08-02 18:21:19,110 INFO  [default] link ACK received: none
2026-08-02 18:21:19,254 INFO  [default] link ACK received: query_operational_state
2026-08-02 18:21:19,366 INFO  [default] operational state received: 11

Press Enter for a list of commands
a- Advanced Loadup
c- Critical Peak Event
e- End shed/Normal
g- Grid Emergency
l- Loadup
o- Outside Communication
s- Shed
v- Enable advanced load up capability
x- Disable advanced load up capability
z- Quit and return operation to normal
q- Quit
enter choice: 1785720093,l,25 (PASSED!)
loading up
2026-08-02 18:21:33,476 INFO  [default] link ACK received: load_up
2026-08-02 18:21:33,588 INFO  [default] app ack received
2026-08-02 18:22:18,764 INFO  [default] link ACK received: get_commodity
2026-08-02 18:22:18,908 INFO  [default] message type supported received: 2
2026-08-02 18:22:18,908 INFO  [default] commodity response received. response code: 0 - success; count: 5
2026-08-02 18:22:18,909 INFO  [default] commodity code: 0 - Electricity consumed (W & W-hr)
2026-08-02 18:22:18,909 INFO  [default]            source: Estimated
2026-08-02 18:22:18,909 INFO  [default]   cumulative: 359181
2026-08-02 18:22:18,909 INFO  [default]    inst rate: 0
2026-08-02 18:22:18,909 INFO  [default] commodity code: 6 - Total energy storage/take capacity (W-hr)
2026-08-02 18:22:18,909 INFO  [default]            source: Estimated
2026-08-02 18:22:18,909 INFO  [default]   cumulative: 2202
2026-08-02 18:22:18,910 INFO  [default]    inst rate: not used for this commodity code
2026-08-02 18:22:18,910 INFO  [default] commodity code: 7 - Present energy storage/take capacity (W-hr)
2026-08-02 18:22:18,910 INFO  [default]            source: Estimated
2026-08-02 18:22:18,910 INFO  [default]   cumulative: 60
2026-08-02 18:22:18,910 INFO  [default]    inst rate: not used for this commodity code
2026-08-02 18:22:18,910 INFO  [default] commodity code: 10 - Advanced load up total energy storage/take capacity (W-hr)
2026-08-02 18:22:18,910 INFO  [default]            source: Estimated
2026-08-02 18:22:18,911 INFO  [default]   cumulative: 2412
2026-08-02 18:22:18,911 INFO  [default]    inst rate: not used for this commodity code
2026-08-02 18:22:18,911 INFO  [default] commodity code: 11 - Advanced load up present energy storage/take capacity (W-hr)
2026-08-02 18:22:18,911 INFO  [default]            source: Estimated
2026-08-02 18:22:18,911 INFO  [default]   cumulative: 270
2026-08-02 18:22:18,911 INFO  [default]    inst rate: not used for this commodity code
2026-08-02 18:22:19,100 INFO  [default] link ACK received: query_operational_state
2026-08-02 18:22:19,196 INFO  [default] operational state received: 6

Press Enter for a list of commands
2026-08-02 18:23:18,402 INFO  [default] link ACK received: get_commodity
2026-08-02 18:23:18,530 INFO  [default] message type supported received: 2
2026-08-02 18:23:18,530 INFO  [default] commodity response received. response code: 0 - success; count: 5
2026-08-02 18:23:18,530 INFO  [default] commodity code: 0 - Electricity consumed (W & W-hr)
2026-08-02 18:23:18,531 INFO  [default]            source: Estimated
2026-08-02 18:23:18,531 INFO  [default]   cumulative: 359181
2026-08-02 18:23:18,531 INFO  [default]    inst rate: 0
2026-08-02 18:23:18,531 INFO  [default] commodity code: 6 - Total energy storage/take capacity (W-hr)
2026-08-02 18:23:18,531 INFO  [default]            source: Estimated
2026-08-02 18:23:18,531 INFO  [default]   cumulative: 2202
2026-08-02 18:23:18,531 INFO  [default]    inst rate: not used for this commodity code
2026-08-02 18:23:18,531 INFO  [default] commodity code: 7 - Present energy storage/take capacity (W-hr)
2026-08-02 18:23:18,532 INFO  [default]            source: Estimated
2026-08-02 18:23:18,532 INFO  [default]   cumulative: 60
2026-08-02 18:23:18,532 INFO  [default]    inst rate: not used for this commodity code
2026-08-02 18:23:18,532 INFO  [default] commodity code: 10 - Advanced load up total energy storage/take capacity (W-hr)
2026-08-02 18:23:18,532 INFO  [default]            source: Estimated
2026-08-02 18:23:18,532 INFO  [default]   cumulative: 2412
2026-08-02 18:23:18,532 INFO  [default]    inst rate: not used for this commodity code
2026-08-02 18:23:18,532 INFO  [default] commodity code: 11 - Advanced load up present energy storage/take capacity (W-hr)
2026-08-02 18:23:18,532 INFO  [default]            source: Estimated
2026-08-02 18:23:18,533 INFO  [default]   cumulative: 270
2026-08-02 18:23:18,533 INFO  [default]    inst rate: not used for this commodity code
2026-08-02 18:23:18,722 INFO  [default] link ACK received: query_operational_state
2026-08-02 18:23:18,834 INFO  [default] operational state received: 6

Press Enter for a list of commands
2026-08-02 18:24:19,047 INFO  [default] link ACK received: get_commodity
2026-08-02 18:24:19,175 INFO  [default] message type supported received: 2
2026-08-02 18:24:19,175 INFO  [default] commodity response received. response code: 0 - success; count: 5
2026-08-02 18:24:19,176 INFO  [default] commodity code: 0 - Electricity consumed (W & W-hr)
2026-08-02 18:24:19,176 INFO  [default]            source: Estimated
2026-08-02 18:24:19,176 INFO  [default]   cumulative: 359181
2026-08-02 18:24:19,176 INFO  [default]    inst rate: 0
2026-08-02 18:24:19,176 INFO  [default] commodity code: 6 - Total energy storage/take capacity (W-hr)
2026-08-02 18:24:19,176 INFO  [default]            source: Estimated
2026-08-02 18:24:19,177 INFO  [default]   cumulative: 2202
2026-08-02 18:24:19,177 INFO  [default]    inst rate: not used for this commodity code
2026-08-02 18:24:19,177 INFO  [default] commodity code: 7 - Present energy storage/take capacity (W-hr)
2026-08-02 18:24:19,177 INFO  [default]            source: Estimated
2026-08-02 18:24:19,177 INFO  [default]   cumulative: 60
2026-08-02 18:24:19,177 INFO  [default]    inst rate: not used for this commodity code
2026-08-02 18:24:19,177 INFO  [default] commodity code: 10 - Advanced load up total energy storage/take capacity (W-hr)
2026-08-02 18:24:19,178 INFO  [default]            source: Estimated
2026-08-02 18:24:19,178 INFO  [default]   cumulative: 2412
2026-08-02 18:24:19,178 INFO  [default]    inst rate: not used for this commodity code
2026-08-02 18:24:19,178 INFO  [default] commodity code: 11 - Advanced load up present energy storage/take capacity (W-hr)
2026-08-02 18:24:19,178 INFO  [default]            source: Estimated
2026-08-02 18:24:19,178 INFO  [default]   cumulative: 270
2026-08-02 18:24:19,178 INFO  [default]    inst rate: not used for this commodity code
2026-08-02 18:24:19,367 INFO  [default] link ACK received: query_operational_state
2026-08-02 18:24:19,479 INFO  [default] operational state received: 6

Press Enter for a list of commands
2026-08-02 18:25:18,685 INFO  [default] link ACK received: get_commodity
2026-08-02 18:25:18,829 INFO  [default] message type supported received: 2
2026-08-02 18:25:18,829 INFO  [default] commodity response received. response code: 0 - success; count: 5
2026-08-02 18:25:18,829 INFO  [default] commodity code: 0 - Electricity consumed (W & W-hr)
2026-08-02 18:25:18,830 INFO  [default]            source: Estimated
2026-08-02 18:25:18,830 INFO  [default]   cumulative: 359181
2026-08-02 18:25:18,830 INFO  [default]    inst rate: 0
2026-08-02 18:25:18,830 INFO  [default] commodity code: 6 - Total energy storage/take capacity (W-hr)
2026-08-02 18:25:18,830 INFO  [default]            source: Estimated
2026-08-02 18:25:18,830 INFO  [default]   cumulative: 2202
2026-08-02 18:25:18,830 INFO  [default]    inst rate: not used for this commodity code
2026-08-02 18:25:18,830 INFO  [default] commodity code: 7 - Present energy storage/take capacity (W-hr)
2026-08-02 18:25:18,831 INFO  [default]            source: Estimated
2026-08-02 18:25:18,831 INFO  [default]   cumulative: 60
2026-08-02 18:25:18,831 INFO  [default]    inst rate: not used for this commodity code
2026-08-02 18:25:18,831 INFO  [default] commodity code: 10 - Advanced load up total energy storage/take capacity (W-hr)
2026-08-02 18:25:18,831 INFO  [default]            source: Estimated
2026-08-02 18:25:18,831 INFO  [default]   cumulative: 2412
2026-08-02 18:25:18,831 INFO  [default]    inst rate: not used for this commodity code
2026-08-02 18:25:18,831 INFO  [default] commodity code: 11 - Advanced load up present energy storage/take capacity (W-hr)
2026-08-02 18:25:18,832 INFO  [default]            source: Estimated
2026-08-02 18:25:18,832 INFO  [default]   cumulative: 270
2026-08-02 18:25:18,832 INFO  [default]    inst rate: not used for this commodity code
2026-08-02 18:25:19,021 INFO  [default] link ACK received: query_operational_state
2026-08-02 18:25:19,117 INFO  [default] operational state received: 6

Press Enter for a list of commands
2026-08-02 18:26:19,330 INFO  [default] link ACK received: get_commodity
2026-08-02 18:26:19,458 INFO  [default] message type supported received: 2
2026-08-02 18:26:19,458 INFO  [default] commodity response received. response code: 0 - success; count: 5
2026-08-02 18:26:19,459 INFO  [default] commodity code: 0 - Electricity consumed (W & W-hr)
2026-08-02 18:26:19,459 INFO  [default]            source: Estimated
2026-08-02 18:26:19,459 INFO  [default]   cumulative: 359181
2026-08-02 18:26:19,459 INFO  [default]    inst rate: 0
2026-08-02 18:26:19,459 INFO  [default] commodity code: 6 - Total energy storage/take capacity (W-hr)
2026-08-02 18:26:19,460 INFO  [default]            source: Estimated
2026-08-02 18:26:19,460 INFO  [default]   cumulative: 2202
2026-08-02 18:26:19,460 INFO  [default]    inst rate: not used for this commodity code
2026-08-02 18:26:19,460 INFO  [default] commodity code: 7 - Present energy storage/take capacity (W-hr)
2026-08-02 18:26:19,460 INFO  [default]            source: Estimated
2026-08-02 18:26:19,460 INFO  [default]   cumulative: 60
2026-08-02 18:26:19,460 INFO  [default]    inst rate: not used for this commodity code
2026-08-02 18:26:19,460 INFO  [default] commodity code: 10 - Advanced load up total energy storage/take capacity (W-hr)
2026-08-02 18:26:19,461 INFO  [default]            source: Estimated
2026-08-02 18:26:19,461 INFO  [default]   cumulative: 2412
2026-08-02 18:26:19,461 INFO  [default]    inst rate: not used for this commodity code
2026-08-02 18:26:19,461 INFO  [default] commodity code: 11 - Advanced load up present energy storage/take capacity (W-hr)
2026-08-02 18:26:19,461 INFO  [default]            source: Estimated
2026-08-02 18:26:19,461 INFO  [default]   cumulative: 270
2026-08-02 18:26:19,461 INFO  [default]    inst rate: not used for this commodity code
2026-08-02 18:26:19,650 INFO  [default] link ACK received: query_operational_state
2026-08-02 18:26:19,762 INFO  [default] operational state received: 6

Press Enter for a list of commands
2026-08-02 18:27:18,968 INFO  [default] link ACK received: get_commodity
2026-08-02 18:27:19,112 INFO  [default] message type supported received: 2
2026-08-02 18:27:19,112 INFO  [default] commodity response received. response code: 0 - success; count: 5
2026-08-02 18:27:19,113 INFO  [default] commodity code: 0 - Electricity consumed (W & W-hr)
2026-08-02 18:27:19,113 INFO  [default]            source: Estimated
2026-08-02 18:27:19,113 INFO  [default]   cumulative: 359181
2026-08-02 18:27:19,113 INFO  [default]    inst rate: 0
2026-08-02 18:27:19,113 INFO  [default] commodity code: 6 - Total energy storage/take capacity (W-hr)
2026-08-02 18:27:19,113 INFO  [default]            source: Estimated
2026-08-02 18:27:19,113 INFO  [default]   cumulative: 2202
2026-08-02 18:27:19,114 INFO  [default]    inst rate: not used for this commodity code
2026-08-02 18:27:19,114 INFO  [default] commodity code: 7 - Present energy storage/take capacity (W-hr)
2026-08-02 18:27:19,114 INFO  [default]            source: Estimated
2026-08-02 18:27:19,114 INFO  [default]   cumulative: 60
2026-08-02 18:27:19,114 INFO  [default]    inst rate: not used for this commodity code
2026-08-02 18:27:19,114 INFO  [default] commodity code: 10 - Advanced load up total energy storage/take capacity (W-hr)
2026-08-02 18:27:19,114 INFO  [default]            source: Estimated
2026-08-02 18:27:19,114 INFO  [default]   cumulative: 2412
2026-08-02 18:27:19,114 INFO  [default]    inst rate: not used for this commodity code
2026-08-02 18:27:19,115 INFO  [default] commodity code: 11 - Advanced load up present energy storage/take capacity (W-hr)
2026-08-02 18:27:19,115 INFO  [default]            source: Estimated
2026-08-02 18:27:19,115 INFO  [default]   cumulative: 270
2026-08-02 18:27:19,115 INFO  [default]    inst rate: not used for this commodity code
2026-08-02 18:27:19,304 INFO  [default] link ACK received: query_operational_state
2026-08-02 18:27:19,400 INFO  [default] operational state received: 6

Press Enter for a list of commands
2026-08-02 18:28:18,606 INFO  [default] link ACK received: get_commodity
2026-08-02 18:28:18,750 INFO  [default] message type supported received: 2
2026-08-02 18:28:18,750 INFO  [default] commodity response received. response code: 0 - success; count: 5
2026-08-02 18:28:18,750 INFO  [default] commodity code: 0 - Electricity consumed (W & W-hr)
2026-08-02 18:28:18,750 INFO  [default]            source: Estimated
2026-08-02 18:28:18,751 INFO  [default]   cumulative: 359181
2026-08-02 18:28:18,751 INFO  [default]    inst rate: 0
2026-08-02 18:28:18,751 INFO  [default] commodity code: 6 - Total energy storage/take capacity (W-hr)
2026-08-02 18:28:18,751 INFO  [default]            source: Estimated
2026-08-02 18:28:18,751 INFO  [default]   cumulative: 2202
2026-08-02 18:28:18,751 INFO  [default]    inst rate: not used for this commodity code
2026-08-02 18:28:18,751 INFO  [default] commodity code: 7 - Present energy storage/take capacity (W-hr)
2026-08-02 18:28:18,751 INFO  [default]            source: Estimated
2026-08-02 18:28:18,752 INFO  [default]   cumulative: 60
2026-08-02 18:28:18,752 INFO  [default]    inst rate: not used for this commodity code
2026-08-02 18:28:18,752 INFO  [default] commodity code: 10 - Advanced load up total energy storage/take capacity (W-hr)
2026-08-02 18:28:18,752 INFO  [default]            source: Estimated
2026-08-02 18:28:18,752 INFO  [default]   cumulative: 2412
2026-08-02 18:28:18,752 INFO  [default]    inst rate: not used for this commodity code
2026-08-02 18:28:18,752 INFO  [default] commodity code: 11 - Advanced load up present energy storage/take capacity (W-hr)
2026-08-02 18:28:18,752 INFO  [default]            source: Estimated
2026-08-02 18:28:18,753 INFO  [default]   cumulative: 270
2026-08-02 18:28:18,753 INFO  [default]    inst rate: not used for this commodity code
2026-08-02 18:28:18,942 INFO  [default] link ACK received: query_operational_state
2026-08-02 18:28:19,053 INFO  [default] operational state received: 6

Press Enter for a list of commands
2026-08-02 18:29:19,267 INFO  [default] link ACK received: get_commodity
2026-08-02 18:29:19,411 INFO  [default] message type supported received: 2
2026-08-02 18:29:19,411 INFO  [default] commodity response received. response code: 0 - success; count: 5
2026-08-02 18:29:19,412 INFO  [default] commodity code: 0 - Electricity consumed (W & W-hr)
2026-08-02 18:29:19,412 INFO  [default]            source: Estimated
2026-08-02 18:29:19,412 INFO  [default]   cumulative: 359181
2026-08-02 18:29:19,412 INFO  [default]    inst rate: 0
2026-08-02 18:29:19,412 INFO  [default] commodity code: 6 - Total energy storage/take capacity (W-hr)
2026-08-02 18:29:19,412 INFO  [default]            source: Estimated
2026-08-02 18:29:19,412 INFO  [default]   cumulative: 2202
2026-08-02 18:29:19,413 INFO  [default]    inst rate: not used for this commodity code
2026-08-02 18:29:19,413 INFO  [default] commodity code: 7 - Present energy storage/take capacity (W-hr)
2026-08-02 18:29:19,413 INFO  [default]            source: Estimated
2026-08-02 18:29:19,413 INFO  [default]   cumulative: 60
2026-08-02 18:29:19,413 INFO  [default]    inst rate: not used for this commodity code
2026-08-02 18:29:19,413 INFO  [default] commodity code: 10 - Advanced load up total energy storage/take capacity (W-hr)
2026-08-02 18:29:19,413 INFO  [default]            source: Estimated
2026-08-02 18:29:19,414 INFO  [default]   cumulative: 2412
2026-08-02 18:29:19,414 INFO  [default]    inst rate: not used for this commodity code
2026-08-02 18:29:19,414 INFO  [default] commodity code: 11 - Advanced load up present energy storage/take capacity (W-hr)
2026-08-02 18:29:19,414 INFO  [default]            source: Estimated
2026-08-02 18:29:19,414 INFO  [default]   cumulative: 270
2026-08-02 18:29:19,414 INFO  [default]    inst rate: not used for this commodity code
2026-08-02 18:29:19,603 INFO  [default] link ACK received: query_operational_state
2026-08-02 18:29:19,715 INFO  [default] operational state received: 6

Press Enter for a list of commands
2026-08-02 18:30:18,921 INFO  [default] link ACK received: get_commodity
2026-08-02 18:30:19,065 INFO  [default] message type supported received: 2
2026-08-02 18:30:19,065 INFO  [default] commodity response received. response code: 0 - success; count: 5
2026-08-02 18:30:19,065 INFO  [default] commodity code: 0 - Electricity consumed (W & W-hr)
2026-08-02 18:30:19,066 INFO  [default]            source: Estimated
2026-08-02 18:30:19,066 INFO  [default]   cumulative: 359181
2026-08-02 18:30:19,066 INFO  [default]    inst rate: 0
2026-08-02 18:30:19,066 INFO  [default] commodity code: 6 - Total energy storage/take capacity (W-hr)
2026-08-02 18:30:19,066 INFO  [default]            source: Estimated
2026-08-02 18:30:19,066 INFO  [default]   cumulative: 2202
2026-08-02 18:30:19,066 INFO  [default]    inst rate: not used for this commodity code
2026-08-02 18:30:19,066 INFO  [default] commodity code: 7 - Present energy storage/take capacity (W-hr)
2026-08-02 18:30:19,067 INFO  [default]            source: Estimated
2026-08-02 18:30:19,067 INFO  [default]   cumulative: 60
2026-08-02 18:30:19,067 INFO  [default]    inst rate: not used for this commodity code
2026-08-02 18:30:19,067 INFO  [default] commodity code: 10 - Advanced load up total energy storage/take capacity (W-hr)
2026-08-02 18:30:19,067 INFO  [default]            source: Estimated
2026-08-02 18:30:19,067 INFO  [default]   cumulative: 2412
2026-08-02 18:30:19,067 INFO  [default]    inst rate: not used for this commodity code
2026-08-02 18:30:19,067 INFO  [default] commodity code: 11 - Advanced load up present energy storage/take capacity (W-hr)
2026-08-02 18:30:19,068 INFO  [default]            source: Estimated
2026-08-02 18:30:19,068 INFO  [default]   cumulative: 270
2026-08-02 18:30:19,068 INFO  [default]    inst rate: not used for this commodity code
2026-08-02 18:30:19,257 INFO  [default] link ACK received: query_operational_state
2026-08-02 18:30:19,369 INFO  [default] operational state received: 6

Press Enter for a list of commands
2026-08-02 18:31:18,574 INFO  [default] link ACK received: get_commodity
2026-08-02 18:31:18,702 INFO  [default] message type supported received: 2
2026-08-02 18:31:18,703 INFO  [default] commodity response received. response code: 0 - success; count: 5
2026-08-02 18:31:18,703 INFO  [default] commodity code: 0 - Electricity consumed (W & W-hr)
2026-08-02 18:31:18,703 INFO  [default]            source: Estimated
2026-08-02 18:31:18,703 INFO  [default]   cumulative: 359181
2026-08-02 18:31:18,703 INFO  [default]    inst rate: 0
2026-08-02 18:31:18,704 INFO  [default] commodity code: 6 - Total energy storage/take capacity (W-hr)
2026-08-02 18:31:18,704 INFO  [default]            source: Estimated
2026-08-02 18:31:18,704 INFO  [default]   cumulative: 2202
2026-08-02 18:31:18,704 INFO  [default]    inst rate: not used for this commodity code
2026-08-02 18:31:18,704 INFO  [default] commodity code: 7 - Present energy storage/take capacity (W-hr)
2026-08-02 18:31:18,704 INFO  [default]            source: Estimated
2026-08-02 18:31:18,704 INFO  [default]   cumulative: 60
2026-08-02 18:31:18,704 INFO  [default]    inst rate: not used for this commodity code
2026-08-02 18:31:18,705 INFO  [default] commodity code: 10 - Advanced load up total energy storage/take capacity (W-hr)
2026-08-02 18:31:18,705 INFO  [default]            source: Estimated
2026-08-02 18:31:18,705 INFO  [default]   cumulative: 2412
2026-08-02 18:31:18,705 INFO  [default]    inst rate: not used for this commodity code
2026-08-02 18:31:18,705 INFO  [default] commodity code: 11 - Advanced load up present energy storage/take capacity (W-hr)
2026-08-02 18:31:18,705 INFO  [default]            source: Estimated
2026-08-02 18:31:18,705 INFO  [default]   cumulative: 270
2026-08-02 18:31:18,706 INFO  [default]    inst rate: not used for this commodity code
2026-08-02 18:31:18,894 INFO  [default] link ACK received: query_operational_state
2026-08-02 18:31:19,006 INFO  [default] operational state received: 6

Press Enter for a list of commands
2026-08-02 18:32:19,220 INFO  [default] link ACK received: get_commodity
2026-08-02 18:32:19,348 INFO  [default] message type supported received: 2
2026-08-02 18:32:19,348 INFO  [default] commodity response received. response code: 0 - success; count: 5
2026-08-02 18:32:19,348 INFO  [default] commodity code: 0 - Electricity consumed (W & W-hr)
2026-08-02 18:32:19,349 INFO  [default]            source: Estimated
2026-08-02 18:32:19,349 INFO  [default]   cumulative: 359181
2026-08-02 18:32:19,349 INFO  [default]    inst rate: 0
2026-08-02 18:32:19,349 INFO  [default] commodity code: 6 - Total energy storage/take capacity (W-hr)
2026-08-02 18:32:19,349 INFO  [default]            source: Estimated
2026-08-02 18:32:19,349 INFO  [default]   cumulative: 2202
2026-08-02 18:32:19,349 INFO  [default]    inst rate: not used for this commodity code
2026-08-02 18:32:19,350 INFO  [default] commodity code: 7 - Present energy storage/take capacity (W-hr)
2026-08-02 18:32:19,350 INFO  [default]            source: Estimated
2026-08-02 18:32:19,350 INFO  [default]   cumulative: 60
2026-08-02 18:32:19,350 INFO  [default]    inst rate: not used for this commodity code
2026-08-02 18:32:19,350 INFO  [default] commodity code: 10 - Advanced load up total energy storage/take capacity (W-hr)
2026-08-02 18:32:19,350 INFO  [default]            source: Estimated
2026-08-02 18:32:19,350 INFO  [default]   cumulative: 2412
2026-08-02 18:32:19,351 INFO  [default]    inst rate: not used for this commodity code
2026-08-02 18:32:19,351 INFO  [default] commodity code: 11 - Advanced load up present energy storage/take capacity (W-hr)
2026-08-02 18:32:19,351 INFO  [default]            source: Estimated
2026-08-02 18:32:19,351 INFO  [default]   cumulative: 270
2026-08-02 18:32:19,351 INFO  [default]    inst rate: not used for this commodity code
2026-08-02 18:32:19,540 INFO  [default] link ACK received: query_operational_state
2026-08-02 18:32:19,652 INFO  [default] operational state received: 6

Press Enter for a list of commands
2026-08-02 18:33:18,858 INFO  [default] link ACK received: get_commodity
2026-08-02 18:33:19,002 INFO  [default] message type supported received: 2
2026-08-02 18:33:19,002 INFO  [default] commodity response received. response code: 0 - success; count: 5
2026-08-02 18:33:19,002 INFO  [default] commodity code: 0 - Electricity consumed (W & W-hr)
2026-08-02 18:33:19,002 INFO  [default]            source: Estimated
2026-08-02 18:33:19,003 INFO  [default]   cumulative: 359181
2026-08-02 18:33:19,003 INFO  [default]    inst rate: 0
2026-08-02 18:33:19,003 INFO  [default] commodity code: 6 - Total energy storage/take capacity (W-hr)
2026-08-02 18:33:19,003 INFO  [default]            source: Estimated
2026-08-02 18:33:19,003 INFO  [default]   cumulative: 2202
2026-08-02 18:33:19,003 INFO  [default]    inst rate: not used for this commodity code
2026-08-02 18:33:19,003 INFO  [default] commodity code: 7 - Present energy storage/take capacity (W-hr)
2026-08-02 18:33:19,003 INFO  [default]            source: Estimated
2026-08-02 18:33:19,004 INFO  [default]   cumulative: 60
2026-08-02 18:33:19,004 INFO  [default]    inst rate: not used for this commodity code
2026-08-02 18:33:19,004 INFO  [default] commodity code: 10 - Advanced load up total energy storage/take capacity (W-hr)
2026-08-02 18:33:19,004 INFO  [default]            source: Estimated
2026-08-02 18:33:19,004 INFO  [default]   cumulative: 2412
2026-08-02 18:33:19,004 INFO  [default]    inst rate: not used for this commodity code
2026-08-02 18:33:19,004 INFO  [default] commodity code: 11 - Advanced load up present energy storage/take capacity (W-hr)
2026-08-02 18:33:19,004 INFO  [default]            source: Estimated
2026-08-02 18:33:19,004 INFO  [default]   cumulative: 270
2026-08-02 18:33:19,005 INFO  [default]    inst rate: not used for this commodity code
2026-08-02 18:33:19,193 INFO  [default] link ACK received: query_operational_state
2026-08-02 18:33:19,289 INFO  [default] operational state received: 6

Press Enter for a list of commands
2026-08-02 18:34:18,495 INFO  [default] link ACK received: get_commodity
2026-08-02 18:34:18,639 INFO  [default] message type supported received: 2
2026-08-02 18:34:18,639 INFO  [default] commodity response received. response code: 0 - success; count: 5
2026-08-02 18:34:18,640 INFO  [default] commodity code: 0 - Electricity consumed (W & W-hr)
2026-08-02 18:34:18,640 INFO  [default]            source: Estimated
2026-08-02 18:34:18,640 INFO  [default]   cumulative: 359181
2026-08-02 18:34:18,640 INFO  [default]    inst rate: 0
2026-08-02 18:34:18,641 INFO  [default] commodity code: 6 - Total energy storage/take capacity (W-hr)
2026-08-02 18:34:18,641 INFO  [default]            source: Estimated
2026-08-02 18:34:18,641 INFO  [default]   cumulative: 2202
2026-08-02 18:34:18,641 INFO  [default]    inst rate: not used for this commodity code
2026-08-02 18:34:18,641 INFO  [default] commodity code: 7 - Present energy storage/take capacity (W-hr)
2026-08-02 18:34:18,641 INFO  [default]            source: Estimated
2026-08-02 18:34:18,641 INFO  [default]   cumulative: 60
2026-08-02 18:34:18,642 INFO  [default]    inst rate: not used for this commodity code
2026-08-02 18:34:18,642 INFO  [default] commodity code: 10 - Advanced load up total energy storage/take capacity (W-hr)
2026-08-02 18:34:18,642 INFO  [default]            source: Estimated
2026-08-02 18:34:18,642 INFO  [default]   cumulative: 2412
2026-08-02 18:34:18,642 INFO  [default]    inst rate: not used for this commodity code
2026-08-02 18:34:18,642 INFO  [default] commodity code: 11 - Advanced load up present energy storage/take capacity (W-hr)
2026-08-02 18:34:18,642 INFO  [default]            source: Estimated
2026-08-02 18:34:18,643 INFO  [default]   cumulative: 270
2026-08-02 18:34:18,643 INFO  [default]    inst rate: not used for this commodity code
2026-08-02 18:34:18,831 INFO  [default] link ACK received: query_operational_state
2026-08-02 18:34:18,943 INFO  [default] operational state received: 6

Press Enter for a list of commands
2026-08-02 18:35:19,061 INFO  [default] link ACK received: get_commodity
2026-08-02 18:35:19,189 INFO  [default] message type supported received: 2
2026-08-02 18:35:19,189 INFO  [default] commodity response received. response code: 0 - success; count: 5
2026-08-02 18:35:19,189 INFO  [default] commodity code: 0 - Electricity consumed (W & W-hr)
2026-08-02 18:35:19,190 INFO  [default]            source: Estimated
2026-08-02 18:35:19,190 INFO  [default]   cumulative: 359181
2026-08-02 18:35:19,190 INFO  [default]    inst rate: 0
2026-08-02 18:35:19,190 INFO  [default] commodity code: 6 - Total energy storage/take capacity (W-hr)
2026-08-02 18:35:19,190 INFO  [default]            source: Estimated
2026-08-02 18:35:19,190 INFO  [default]   cumulative: 2202
2026-08-02 18:35:19,190 INFO  [default]    inst rate: not used for this commodity code
2026-08-02 18:35:19,190 INFO  [default] commodity code: 7 - Present energy storage/take capacity (W-hr)
2026-08-02 18:35:19,191 INFO  [default]            source: Estimated
2026-08-02 18:35:19,191 INFO  [default]   cumulative: 60
2026-08-02 18:35:19,191 INFO  [default]    inst rate: not used for this commodity code
2026-08-02 18:35:19,191 INFO  [default] commodity code: 10 - Advanced load up total energy storage/take capacity (W-hr)
2026-08-02 18:35:19,191 INFO  [default]            source: Estimated
2026-08-02 18:35:19,191 INFO  [default]   cumulative: 2412
2026-08-02 18:35:19,191 INFO  [default]    inst rate: not used for this commodity code
2026-08-02 18:35:19,191 INFO  [default] commodity code: 11 - Advanced load up present energy storage/take capacity (W-hr)
2026-08-02 18:35:19,192 INFO  [default]            source: Estimated
2026-08-02 18:35:19,192 INFO  [default]   cumulative: 270
2026-08-02 18:35:19,192 INFO  [default]    inst rate: not used for this commodity code
2026-08-02 18:35:19,381 INFO  [default] link ACK received: query_operational_state
2026-08-02 18:35:19,493 INFO  [default] operational state received: 5

Press Enter for a list of commands
2026-08-02 18:36:18,698 INFO  [default] link ACK received: get_commodity
2026-08-02 18:36:18,842 INFO  [default] message type supported received: 2
2026-08-02 18:36:18,843 INFO  [default] commodity response received. response code: 0 - success; count: 5
2026-08-02 18:36:18,843 INFO  [default] commodity code: 0 - Electricity consumed (W & W-hr)
2026-08-02 18:36:18,843 INFO  [default]            source: Estimated
2026-08-02 18:36:18,843 INFO  [default]   cumulative: 359181
2026-08-02 18:36:18,843 INFO  [default]    inst rate: 0
2026-08-02 18:36:18,844 INFO  [default] commodity code: 6 - Total energy storage/take capacity (W-hr)
2026-08-02 18:36:18,844 INFO  [default]            source: Estimated
2026-08-02 18:36:18,844 INFO  [default]   cumulative: 2202
2026-08-02 18:36:18,844 INFO  [default]    inst rate: not used for this commodity code
2026-08-02 18:36:18,844 INFO  [default] commodity code: 7 - Present energy storage/take capacity (W-hr)
2026-08-02 18:36:18,844 INFO  [default]            source: Estimated
2026-08-02 18:36:18,844 INFO  [default]   cumulative: 60
2026-08-02 18:36:18,844 INFO  [default]    inst rate: not used for this commodity code
2026-08-02 18:36:18,845 INFO  [default] commodity code: 10 - Advanced load up total energy storage/take capacity (W-hr)
2026-08-02 18:36:18,845 INFO  [default]            source: Estimated
2026-08-02 18:36:18,845 INFO  [default]   cumulative: 2412
2026-08-02 18:36:18,845 INFO  [default]    inst rate: not used for this commodity code
2026-08-02 18:36:18,845 INFO  [default] commodity code: 11 - Advanced load up present energy storage/take capacity (W-hr)
2026-08-02 18:36:18,845 INFO  [default]            source: Estimated
2026-08-02 18:36:18,845 INFO  [default]   cumulative: 270
2026-08-02 18:36:18,846 INFO  [default]    inst rate: not used for this commodity code
2026-08-02 18:36:19,034 INFO  [default] link ACK received: query_operational_state
2026-08-02 18:36:19,146 INFO  [default] operational state received: 5

Press Enter for a list of commands
2026-08-02 18:37:19,360 INFO  [default] link ACK received: get_commodity
2026-08-02 18:37:19,504 INFO  [default] message type supported received: 2
2026-08-02 18:37:19,504 INFO  [default] commodity response received. response code: 0 - success; count: 5
2026-08-02 18:37:19,505 INFO  [default] commodity code: 0 - Electricity consumed (W & W-hr)
2026-08-02 18:37:19,505 INFO  [default]            source: Estimated
2026-08-02 18:37:19,505 INFO  [default]   cumulative: 359181
2026-08-02 18:37:19,505 INFO  [default]    inst rate: 0
2026-08-02 18:37:19,505 INFO  [default] commodity code: 6 - Total energy storage/take capacity (W-hr)
2026-08-02 18:37:19,505 INFO  [default]            source: Estimated
2026-08-02 18:37:19,505 INFO  [default]   cumulative: 2202
2026-08-02 18:37:19,505 INFO  [default]    inst rate: not used for this commodity code
2026-08-02 18:37:19,506 INFO  [default] commodity code: 7 - Present energy storage/take capacity (W-hr)
2026-08-02 18:37:19,506 INFO  [default]            source: Estimated
2026-08-02 18:37:19,506 INFO  [default]   cumulative: 60
2026-08-02 18:37:19,506 INFO  [default]    inst rate: not used for this commodity code
2026-08-02 18:37:19,506 INFO  [default] commodity code: 10 - Advanced load up total energy storage/take capacity (W-hr)
2026-08-02 18:37:19,506 INFO  [default]            source: Estimated
2026-08-02 18:37:19,506 INFO  [default]   cumulative: 2412
2026-08-02 18:37:19,506 INFO  [default]    inst rate: not used for this commodity code
2026-08-02 18:37:19,507 INFO  [default] commodity code: 11 - Advanced load up present energy storage/take capacity (W-hr)
2026-08-02 18:37:19,507 INFO  [default]            source: Estimated
2026-08-02 18:37:19,507 INFO  [default]   cumulative: 270
2026-08-02 18:37:19,507 INFO  [default]    inst rate: not used for this commodity code
2026-08-02 18:37:19,696 INFO  [default] link ACK received: query_operational_state
2026-08-02 18:37:19,808 INFO  [default] operational state received: 5

Press Enter for a list of commands
2026-08-02 18:38:18,998 INFO  [default] link ACK received: get_commodity
2026-08-02 18:38:19,142 INFO  [default] message type supported received: 2
2026-08-02 18:38:19,142 INFO  [default] commodity response received. response code: 0 - success; count: 5
2026-08-02 18:38:19,142 INFO  [default] commodity code: 0 - Electricity consumed (W & W-hr)
2026-08-02 18:38:19,142 INFO  [default]            source: Estimated
2026-08-02 18:38:19,143 INFO  [default]   cumulative: 359181
2026-08-02 18:38:19,143 INFO  [default]    inst rate: 0
2026-08-02 18:38:19,143 INFO  [default] commodity code: 6 - Total energy storage/take capacity (W-hr)
2026-08-02 18:38:19,143 INFO  [default]            source: Estimated
2026-08-02 18:38:19,143 INFO  [default]   cumulative: 2202
2026-08-02 18:38:19,143 INFO  [default]    inst rate: not used for this commodity code
2026-08-02 18:38:19,143 INFO  [default] commodity code: 7 - Present energy storage/take capacity (W-hr)
2026-08-02 18:38:19,143 INFO  [default]            source: Estimated
2026-08-02 18:38:19,144 INFO  [default]   cumulative: 60
2026-08-02 18:38:19,144 INFO  [default]    inst rate: not used for this commodity code
2026-08-02 18:38:19,144 INFO  [default] commodity code: 10 - Advanced load up total energy storage/take capacity (W-hr)
2026-08-02 18:38:19,144 INFO  [default]            source: Estimated
2026-08-02 18:38:19,144 INFO  [default]   cumulative: 2412
2026-08-02 18:38:19,144 INFO  [default]    inst rate: not used for this commodity code
2026-08-02 18:38:19,144 INFO  [default] commodity code: 11 - Advanced load up present energy storage/take capacity (W-hr)
2026-08-02 18:38:19,144 INFO  [default]            source: Estimated
2026-08-02 18:38:19,145 INFO  [default]   cumulative: 270
2026-08-02 18:38:19,145 INFO  [default]    inst rate: not used for this commodity code
2026-08-02 18:38:19,333 INFO  [default] link ACK received: query_operational_state
2026-08-02 18:38:19,445 INFO  [default] operational state received: 5

Press Enter for a list of commands
2026-08-02 18:39:18,651 INFO  [default] link ACK received: get_commodity
2026-08-02 18:39:18,795 INFO  [default] message type supported received: 2
2026-08-02 18:39:18,795 INFO  [default] commodity response received. response code: 0 - success; count: 5
2026-08-02 18:39:18,796 INFO  [default] commodity code: 0 - Electricity consumed (W & W-hr)
2026-08-02 18:39:18,796 INFO  [default]            source: Estimated
2026-08-02 18:39:18,796 INFO  [default]   cumulative: 359181
2026-08-02 18:39:18,796 INFO  [default]    inst rate: 0
2026-08-02 18:39:18,796 INFO  [default] commodity code: 6 - Total energy storage/take capacity (W-hr)
2026-08-02 18:39:18,796 INFO  [default]            source: Estimated
2026-08-02 18:39:18,797 INFO  [default]   cumulative: 2202
2026-08-02 18:39:18,797 INFO  [default]    inst rate: not used for this commodity code
2026-08-02 18:39:18,797 INFO  [default] commodity code: 7 - Present energy storage/take capacity (W-hr)
2026-08-02 18:39:18,797 INFO  [default]            source: Estimated
2026-08-02 18:39:18,797 INFO  [default]   cumulative: 60
2026-08-02 18:39:18,797 INFO  [default]    inst rate: not used for this commodity code
2026-08-02 18:39:18,797 INFO  [default] commodity code: 10 - Advanced load up total energy storage/take capacity (W-hr)
2026-08-02 18:39:18,797 INFO  [default]            source: Estimated
2026-08-02 18:39:18,798 INFO  [default]   cumulative: 2412
2026-08-02 18:39:18,798 INFO  [default]    inst rate: not used for this commodity code
2026-08-02 18:39:18,798 INFO  [default] commodity code: 11 - Advanced load up present energy storage/take capacity (W-hr)
2026-08-02 18:39:18,798 INFO  [default]            source: Estimated
2026-08-02 18:39:18,798 INFO  [default]   cumulative: 270
2026-08-02 18:39:18,798 INFO  [default]    inst rate: not used for this commodity code
2026-08-02 18:39:18,987 INFO  [default] link ACK received: query_operational_state
2026-08-02 18:39:19,099 INFO  [default] operational state received: 5

Press Enter for a list of commands
2026-08-02 18:40:19,313 INFO  [default] link ACK received: get_commodity
2026-08-02 18:40:19,457 INFO  [default] message type supported received: 2
2026-08-02 18:40:19,457 INFO  [default] commodity response received. response code: 0 - success; count: 5
2026-08-02 18:40:19,457 INFO  [default] commodity code: 0 - Electricity consumed (W & W-hr)
2026-08-02 18:40:19,458 INFO  [default]            source: Estimated
2026-08-02 18:40:19,458 INFO  [default]   cumulative: 359181
2026-08-02 18:40:19,458 INFO  [default]    inst rate: 0
2026-08-02 18:40:19,458 INFO  [default] commodity code: 6 - Total energy storage/take capacity (W-hr)
2026-08-02 18:40:19,458 INFO  [default]            source: Estimated
2026-08-02 18:40:19,458 INFO  [default]   cumulative: 2202
2026-08-02 18:40:19,458 INFO  [default]    inst rate: not used for this commodity code
2026-08-02 18:40:19,458 INFO  [default] commodity code: 7 - Present energy storage/take capacity (W-hr)
2026-08-02 18:40:19,459 INFO  [default]            source: Estimated
2026-08-02 18:40:19,459 INFO  [default]   cumulative: 60
2026-08-02 18:40:19,459 INFO  [default]    inst rate: not used for this commodity code
2026-08-02 18:40:19,459 INFO  [default] commodity code: 10 - Advanced load up total energy storage/take capacity (W-hr)
2026-08-02 18:40:19,459 INFO  [default]            source: Estimated
2026-08-02 18:40:19,459 INFO  [default]   cumulative: 2412
2026-08-02 18:40:19,459 INFO  [default]    inst rate: not used for this commodity code
2026-08-02 18:40:19,460 INFO  [default] commodity code: 11 - Advanced load up present energy storage/take capacity (W-hr)
2026-08-02 18:40:19,460 INFO  [default]            source: Estimated
2026-08-02 18:40:19,460 INFO  [default]   cumulative: 270
2026-08-02 18:40:19,460 INFO  [default]    inst rate: not used for this commodity code
2026-08-02 18:40:19,649 INFO  [default] link ACK received: query_operational_state
2026-08-02 18:40:19,745 INFO  [default] operational state received: 5

Press Enter for a list of commands
2026-08-02 18:41:18,950 INFO  [default] link ACK received: get_commodity
2026-08-02 18:41:19,094 INFO  [default] message type supported received: 2
2026-08-02 18:41:19,094 INFO  [default] commodity response received. response code: 0 - success; count: 5
2026-08-02 18:41:19,095 INFO  [default] commodity code: 0 - Electricity consumed (W & W-hr)
2026-08-02 18:41:19,095 INFO  [default]            source: Estimated
2026-08-02 18:41:19,095 INFO  [default]   cumulative: 359181
2026-08-02 18:41:19,095 INFO  [default]    inst rate: 0
2026-08-02 18:41:19,095 INFO  [default] commodity code: 6 - Total energy storage/take capacity (W-hr)
2026-08-02 18:41:19,095 INFO  [default]            source: Estimated
2026-08-02 18:41:19,096 INFO  [default]   cumulative: 2202
2026-08-02 18:41:19,096 INFO  [default]    inst rate: not used for this commodity code
2026-08-02 18:41:19,096 INFO  [default] commodity code: 7 - Present energy storage/take capacity (W-hr)
2026-08-02 18:41:19,096 INFO  [default]            source: Estimated
2026-08-02 18:41:19,096 INFO  [default]   cumulative: 60
2026-08-02 18:41:19,096 INFO  [default]    inst rate: not used for this commodity code
2026-08-02 18:41:19,096 INFO  [default] commodity code: 10 - Advanced load up total energy storage/take capacity (W-hr)
2026-08-02 18:41:19,096 INFO  [default]            source: Estimated
2026-08-02 18:41:19,097 INFO  [default]   cumulative: 2412
2026-08-02 18:41:19,097 INFO  [default]    inst rate: not used for this commodity code
2026-08-02 18:41:19,097 INFO  [default] commodity code: 11 - Advanced load up present energy storage/take capacity (W-hr)
2026-08-02 18:41:19,097 INFO  [default]            source: Estimated
2026-08-02 18:41:19,097 INFO  [default]   cumulative: 270
2026-08-02 18:41:19,097 INFO  [default]    inst rate: not used for this commodity code
2026-08-02 18:41:19,286 INFO  [default] link ACK received: query_operational_state
2026-08-02 18:41:19,382 INFO  [default] operational state received: 5

Press Enter for a list of commands
2026-08-02 18:42:18,588 INFO  [default] link ACK received: get_commodity
2026-08-02 18:42:18,732 INFO  [default] message type supported received: 2
2026-08-02 18:42:18,732 INFO  [default] commodity response received. response code: 0 - success; count: 5
2026-08-02 18:42:18,733 INFO  [default] commodity code: 0 - Electricity consumed (W & W-hr)
2026-08-02 18:42:18,733 INFO  [default]            source: Estimated
2026-08-02 18:42:18,733 INFO  [default]   cumulative: 359181
2026-08-02 18:42:18,733 INFO  [default]    inst rate: 0
2026-08-02 18:42:18,733 INFO  [default] commodity code: 6 - Total energy storage/take capacity (W-hr)
2026-08-02 18:42:18,733 INFO  [default]            source: Estimated
2026-08-02 18:42:18,733 INFO  [default]   cumulative: 2202
2026-08-02 18:42:18,734 INFO  [default]    inst rate: not used for this commodity code
2026-08-02 18:42:18,734 INFO  [default] commodity code: 7 - Present energy storage/take capacity (W-hr)
2026-08-02 18:42:18,734 INFO  [default]            source: Estimated
2026-08-02 18:42:18,734 INFO  [default]   cumulative: 60
2026-08-02 18:42:18,734 INFO  [default]    inst rate: not used for this commodity code
2026-08-02 18:42:18,734 INFO  [default] commodity code: 10 - Advanced load up total energy storage/take capacity (W-hr)
2026-08-02 18:42:18,734 INFO  [default]            source: Estimated
2026-08-02 18:42:18,735 INFO  [default]   cumulative: 2412
2026-08-02 18:42:18,735 INFO  [default]    inst rate: not used for this commodity code
2026-08-02 18:42:18,735 INFO  [default] commodity code: 11 - Advanced load up present energy storage/take capacity (W-hr)
2026-08-02 18:42:18,735 INFO  [default]            source: Estimated
2026-08-02 18:42:18,735 INFO  [default]   cumulative: 270
2026-08-02 18:42:18,735 INFO  [default]    inst rate: not used for this commodity code
2026-08-02 18:42:18,924 INFO  [default] link ACK received: query_operational_state
2026-08-02 18:42:19,020 INFO  [default] operational state received: 5

Press Enter for a list of commands
2026-08-02 18:43:19,233 INFO  [default] link ACK received: get_commodity
2026-08-02 18:43:19,361 INFO  [default] message type supported received: 2
2026-08-02 18:43:19,361 INFO  [default] commodity response received. response code: 0 - success; count: 5
2026-08-02 18:43:19,362 INFO  [default] commodity code: 0 - Electricity consumed (W & W-hr)
2026-08-02 18:43:19,362 INFO  [default]            source: Estimated
2026-08-02 18:43:19,362 INFO  [default]   cumulative: 359181
2026-08-02 18:43:19,362 INFO  [default]    inst rate: 0
2026-08-02 18:43:19,362 INFO  [default] commodity code: 6 - Total energy storage/take capacity (W-hr)
2026-08-02 18:43:19,363 INFO  [default]            source: Estimated
2026-08-02 18:43:19,363 INFO  [default]   cumulative: 2202
2026-08-02 18:43:19,363 INFO  [default]    inst rate: not used for this commodity code
2026-08-02 18:43:19,363 INFO  [default] commodity code: 7 - Present energy storage/take capacity (W-hr)
2026-08-02 18:43:19,363 INFO  [default]            source: Estimated
2026-08-02 18:43:19,363 INFO  [default]   cumulative: 60
2026-08-02 18:43:19,363 INFO  [default]    inst rate: not used for this commodity code
2026-08-02 18:43:19,363 INFO  [default] commodity code: 10 - Advanced load up total energy storage/take capacity (W-hr)
2026-08-02 18:43:19,364 INFO  [default]            source: Estimated
2026-08-02 18:43:19,364 INFO  [default]   cumulative: 2412
2026-08-02 18:43:19,364 INFO  [default]    inst rate: not used for this commodity code
2026-08-02 18:43:19,364 INFO  [default] commodity code: 11 - Advanced load up present energy storage/take capacity (W-hr)
2026-08-02 18:43:19,364 INFO  [default]            source: Estimated
2026-08-02 18:43:19,364 INFO  [default]   cumulative: 270
2026-08-02 18:43:19,365 INFO  [default]    inst rate: not used for this commodity code
2026-08-02 18:43:19,553 INFO  [default] link ACK received: query_operational_state
2026-08-02 18:43:19,665 INFO  [default] operational state received: 5

Press Enter for a list of commands
2026-08-02 18:44:18,871 INFO  [default] link ACK received: get_commodity
2026-08-02 18:44:19,015 INFO  [default] message type supported received: 2
2026-08-02 18:44:19,015 INFO  [default] commodity response received. response code: 0 - success; count: 5
2026-08-02 18:44:19,016 INFO  [default] commodity code: 0 - Electricity consumed (W & W-hr)
2026-08-02 18:44:19,016 INFO  [default]            source: Estimated
2026-08-02 18:44:19,016 INFO  [default]   cumulative: 359181
2026-08-02 18:44:19,016 INFO  [default]    inst rate: 0
2026-08-02 18:44:19,016 INFO  [default] commodity code: 6 - Total energy storage/take capacity (W-hr)
2026-08-02 18:44:19,016 INFO  [default]            source: Estimated
2026-08-02 18:44:19,017 INFO  [default]   cumulative: 2202
2026-08-02 18:44:19,017 INFO  [default]    inst rate: not used for this commodity code
2026-08-02 18:44:19,017 INFO  [default] commodity code: 7 - Present energy storage/take capacity (W-hr)
2026-08-02 18:44:19,017 INFO  [default]            source: Estimated
2026-08-02 18:44:19,017 INFO  [default]   cumulative: 60
2026-08-02 18:44:19,017 INFO  [default]    inst rate: not used for this commodity code
2026-08-02 18:44:19,017 INFO  [default] commodity code: 10 - Advanced load up total energy storage/take capacity (W-hr)
2026-08-02 18:44:19,018 INFO  [default]            source: Estimated
2026-08-02 18:44:19,018 INFO  [default]   cumulative: 2412
2026-08-02 18:44:19,018 INFO  [default]    inst rate: not used for this commodity code
2026-08-02 18:44:19,018 INFO  [default] commodity code: 11 - Advanced load up present energy storage/take capacity (W-hr)
2026-08-02 18:44:19,018 INFO  [default]            source: Estimated
2026-08-02 18:44:19,018 INFO  [default]   cumulative: 270
2026-08-02 18:44:19,018 INFO  [default]    inst rate: not used for this commodity code
2026-08-02 18:44:19,207 INFO  [default] link ACK received: query_operational_state
2026-08-02 18:44:19,303 INFO  [default] operational state received: 5

Press Enter for a list of commands
2026-08-02 18:45:18,509 INFO  [default] link ACK received: get_commodity
2026-08-02 18:45:18,653 INFO  [default] message type supported received: 2
2026-08-02 18:45:18,653 INFO  [default] commodity response received. response code: 0 - success; count: 5
2026-08-02 18:45:18,653 INFO  [default] commodity code: 0 - Electricity consumed (W & W-hr)
2026-08-02 18:45:18,653 INFO  [default]            source: Estimated
2026-08-02 18:45:18,654 INFO  [default]   cumulative: 359181
2026-08-02 18:45:18,654 INFO  [default]    inst rate: 0
2026-08-02 18:45:18,654 INFO  [default] commodity code: 6 - Total energy storage/take capacity (W-hr)
2026-08-02 18:45:18,654 INFO  [default]            source: Estimated
2026-08-02 18:45:18,654 INFO  [default]   cumulative: 2202
2026-08-02 18:45:18,654 INFO  [default]    inst rate: not used for this commodity code
2026-08-02 18:45:18,654 INFO  [default] commodity code: 7 - Present energy storage/take capacity (W-hr)
2026-08-02 18:45:18,654 INFO  [default]            source: Estimated
2026-08-02 18:45:18,655 INFO  [default]   cumulative: 60
2026-08-02 18:45:18,655 INFO  [default]    inst rate: not used for this commodity code
2026-08-02 18:45:18,655 INFO  [default] commodity code: 10 - Advanced load up total energy storage/take capacity (W-hr)
2026-08-02 18:45:18,655 INFO  [default]            source: Estimated
2026-08-02 18:45:18,655 INFO  [default]   cumulative: 2412
2026-08-02 18:45:18,655 INFO  [default]    inst rate: not used for this commodity code
2026-08-02 18:45:18,655 INFO  [default] commodity code: 11 - Advanced load up present energy storage/take capacity (W-hr)
2026-08-02 18:45:18,655 INFO  [default]            source: Estimated
2026-08-02 18:45:18,656 INFO  [default]   cumulative: 270
2026-08-02 18:45:18,656 INFO  [default]    inst rate: not used for this commodity code
2026-08-02 18:45:18,845 INFO  [default] link ACK received: query_operational_state
2026-08-02 18:45:18,957 INFO  [default] operational state received: 5

Press Enter for a list of commands
1785721578,o,0 (PASSED!)
outside communication found
2026-08-02 18:46:18,162 INFO  [default] link ACK received: outside_communication
2026-08-02 18:46:18,258 INFO  [default] app ack received
2026-08-02 18:46:18,450 INFO  [default] link ACK received: get_commodity
2026-08-02 18:46:18,594 INFO  [default] message type supported received: 2
2026-08-02 18:46:18,594 INFO  [default] commodity response received. response code: 0 - success; count: 5
2026-08-02 18:46:18,595 INFO  [default] commodity code: 0 - Electricity consumed (W & W-hr)
2026-08-02 18:46:18,595 INFO  [default]            source: Estimated
2026-08-02 18:46:18,595 INFO  [default]   cumulative: 359181
2026-08-02 18:46:18,595 INFO  [default]    inst rate: 0
2026-08-02 18:46:18,595 INFO  [default] commodity code: 6 - Total energy storage/take capacity (W-hr)
2026-08-02 18:46:18,595 INFO  [default]            source: Estimated
2026-08-02 18:46:18,596 INFO  [default]   cumulative: 2202
2026-08-02 18:46:18,596 INFO  [default]    inst rate: not used for this commodity code
2026-08-02 18:46:18,596 INFO  [default] commodity code: 7 - Present energy storage/take capacity (W-hr)
2026-08-02 18:46:18,596 INFO  [default]            source: Estimated
2026-08-02 18:46:18,596 INFO  [default]   cumulative: 60
2026-08-02 18:46:18,596 INFO  [default]    inst rate: not used for this commodity code
2026-08-02 18:46:18,596 INFO  [default] commodity code: 10 - Advanced load up total energy storage/take capacity (W-hr)
2026-08-02 18:46:18,597 INFO  [default]            source: Estimated
2026-08-02 18:46:18,597 INFO  [default]   cumulative: 2412
2026-08-02 18:46:18,597 INFO  [default]    inst rate: not used for this commodity code
2026-08-02 18:46:18,597 INFO  [default] commodity code: 11 - Advanced load up present energy storage/take capacity (W-hr)
2026-08-02 18:46:18,597 INFO  [default]            source: Estimated
2026-08-02 18:46:18,597 INFO  [default]   cumulative: 270
2026-08-02 18:46:18,597 INFO  [default]    inst rate: not used for this commodity code
2026-08-02 18:46:18,786 INFO  [default] link ACK received: query_operational_state
2026-08-02 18:46:18,898 INFO  [default] operational state received: 0

Press Enter for a list of commands
1785721593,e,0 (PASSED!)
2026-08-02 18:46:34,016 INFO  [default] link ACK received: run_normal
2026-08-02 18:46:34,128 INFO  [default] app ack received
endshedding
2026-08-02 18:47:19,304 INFO  [default] link ACK received: get_commodity
2026-08-02 18:47:19,448 INFO  [default] message type supported received: 2
2026-08-02 18:47:19,448 INFO  [default] commodity response received. response code: 0 - success; count: 5
2026-08-02 18:47:19,448 INFO  [default] commodity code: 0 - Electricity consumed (W & W-hr)
2026-08-02 18:47:19,448 INFO  [default]            source: Estimated
2026-08-02 18:47:19,449 INFO  [default]   cumulative: 359181
2026-08-02 18:47:19,449 INFO  [default]    inst rate: 0
2026-08-02 18:47:19,449 INFO  [default] commodity code: 6 - Total energy storage/take capacity (W-hr)
2026-08-02 18:47:19,449 INFO  [default]            source: Estimated
2026-08-02 18:47:19,449 INFO  [default]   cumulative: 2202
2026-08-02 18:47:19,449 INFO  [default]    inst rate: not used for this commodity code
2026-08-02 18:47:19,449 INFO  [default] commodity code: 7 - Present energy storage/take capacity (W-hr)
2026-08-02 18:47:19,450 INFO  [default]            source: Estimated
2026-08-02 18:47:19,450 INFO  [default]   cumulative: 60
2026-08-02 18:47:19,450 INFO  [default]    inst rate: not used for this commodity code
2026-08-02 18:47:19,450 INFO  [default] commodity code: 10 - Advanced load up total energy storage/take capacity (W-hr)
2026-08-02 18:47:19,450 INFO  [default]            source: Estimated
2026-08-02 18:47:19,450 INFO  [default]   cumulative: 2412
2026-08-02 18:47:19,450 INFO  [default]    inst rate: not used for this commodity code
2026-08-02 18:47:19,450 INFO  [default] commodity code: 11 - Advanced load up present energy storage/take capacity (W-hr)
2026-08-02 18:47:19,450 INFO  [default]            source: Estimated
2026-08-02 18:47:19,451 INFO  [default]   cumulative: 270
2026-08-02 18:47:19,451 INFO  [default]    inst rate: not used for this commodity code
2026-08-02 18:47:19,640 INFO  [default] link ACK received: query_operational_state
2026-08-02 18:47:19,752 INFO  [default] operational state received: 0

Press Enter for a list of commands
2026-08-02 18:48:18,957 INFO  [default] link ACK received: get_commodity
2026-08-02 18:48:19,085 INFO  [default] message type supported received: 2
2026-08-02 18:48:19,086 INFO  [default] commodity response received. response code: 0 - success; count: 5
2026-08-02 18:48:19,086 INFO  [default] commodity code: 0 - Electricity consumed (W & W-hr)
2026-08-02 18:48:19,086 INFO  [default]            source: Estimated
2026-08-02 18:48:19,086 INFO  [default]   cumulative: 359181
2026-08-02 18:48:19,086 INFO  [default]    inst rate: 0
2026-08-02 18:48:19,087 INFO  [default] commodity code: 6 - Total energy storage/take capacity (W-hr)
2026-08-02 18:48:19,087 INFO  [default]            source: Estimated
2026-08-02 18:48:19,087 INFO  [default]   cumulative: 2202
2026-08-02 18:48:19,087 INFO  [default]    inst rate: not used for this commodity code
2026-08-02 18:48:19,087 INFO  [default] commodity code: 7 - Present energy storage/take capacity (W-hr)
2026-08-02 18:48:19,087 INFO  [default]            source: Estimated
2026-08-02 18:48:19,087 INFO  [default]   cumulative: 60
2026-08-02 18:48:19,087 INFO  [default]    inst rate: not used for this commodity code
2026-08-02 18:48:19,088 INFO  [default] commodity code: 10 - Advanced load up total energy storage/take capacity (W-hr)
2026-08-02 18:48:19,088 INFO  [default]            source: Estimated
2026-08-02 18:48:19,088 INFO  [default]   cumulative: 2412
2026-08-02 18:48:19,088 INFO  [default]    inst rate: not used for this commodity code
2026-08-02 18:48:19,088 INFO  [default] commodity code: 11 - Advanced load up present energy storage/take capacity (W-hr)
2026-08-02 18:48:19,088 INFO  [default]            source: Estimated
2026-08-02 18:48:19,088 INFO  [default]   cumulative: 270
2026-08-02 18:48:19,088 INFO  [default]    inst rate: not used for this commodity code
2026-08-02 18:48:19,277 INFO  [default] link ACK received: query_operational_state
2026-08-02 18:48:19,389 INFO  [default] operational state received: 0

Press Enter for a list of commands
Returning state to normal...
2026-08-02 18:48:33,099 INFO  [default] link ACK received: run_normal
2026-08-02 18:48:33,211 INFO  [default] app ack received
Loading...
Querying operational state after normal command...
2026-08-02 18:48:35,307 INFO  [default] link ACK received: query_operational_state
2026-08-02 18:48:35,402 INFO  [default] operational state received: 0

Press Enter for a list of commands
