2026-08-10 18:22:08,097 INFO  [default] link ACK received: device_information
2026-08-10 18:22:08,209 INFO  [default] message type supported received: 2
2026-08-10 18:22:08,209 INFO  [default] device info response received. response code: 0 - success
2026-08-10 18:22:08,209 INFO  [default]   CTA-2045 version: 00
2026-08-10 18:22:08,209 INFO  [default]   device type: 3 - Water Heater - Heat Pump
2026-08-10 18:22:08,209 INFO  [default]   vendor ID: 4660
2026-08-10 18:22:08,250 INFO  [default] starting commodity service...
1786411328,o,0 (PASSED!)
outside communication found
2026-08-10 18:22:08,401 INFO  [default] link ACK received: outside_communication
2026-08-10 18:22:08,497 INFO  [default] app ack received
2026-08-10 18:22:08,689 INFO  [default] link ACK received: get_commodity
2026-08-10 18:22:08,817 INFO  [default] message type supported received: 2
2026-08-10 18:22:08,817 INFO  [default] commodity response received. response code: 0 - success; count: 3
2026-08-10 18:22:08,817 INFO  [default] commodity code: 0 - Electricity consumed (W & W-hr)
2026-08-10 18:22:08,817 INFO  [default]            source: Estimated
2026-08-10 18:22:08,817 INFO  [default]   cumulative: 12487
2026-08-10 18:22:08,817 INFO  [default]    inst rate: 0
2026-08-10 18:22:08,817 INFO  [default] commodity code: 6 - Total energy storage/take capacity (W-hr)
2026-08-10 18:22:08,817 INFO  [default]            source: Estimated
2026-08-10 18:22:08,817 INFO  [default]   cumulative: 4026
2026-08-10 18:22:08,817 INFO  [default]    inst rate: not used for this commodity code
2026-08-10 18:22:08,818 INFO  [default] commodity code: 7 - Present energy storage/take capacity (W-hr)
2026-08-10 18:22:08,818 INFO  [default]            source: Estimated
2026-08-10 18:22:08,818 INFO  [default]   cumulative: 0
2026-08-10 18:22:08,818 INFO  [default]    inst rate: not used for this commodity code
2026-08-10 18:22:09,009 INFO  [default] link ACK received: query_operational_state
2026-08-10 18:22:09,105 INFO  [default] operational state received: 0

Press Enter for a list of commands
a- Advanced Loadup
c- Critical Peak Event
e- End shed/Normal
g- Grid Emergency
l- Loadup
o- Outside Communication
s- Shed
v- Enable advanced load up capability
x- Disable advanced load up capability
z- Quit and return operation to normal
q- Quit
enter choice: 1786411343,a,0 (PASSED!)
advanced load up
Creating Advanced Load Up message...
Setting message fields:
Duration: 0
Value: 500
Units: 0
Suggested efficiency: 9
2026-08-10 18:22:23,230 WARN  [default] link NAK received for advanced_load_up. Reason: Request not supported (0x7)
2026-08-10 18:22:39,308 INFO  [default] link ACK received: query_operational_state
2026-08-10 18:22:39,420 INFO  [default] operational state received: 0

Press Enter for a list of commands
2026-08-10 18:23:08,566 INFO  [default] link ACK received: get_commodity
2026-08-10 18:23:08,694 INFO  [default] message type supported received: 2
2026-08-10 18:23:08,695 INFO  [default] commodity response received. response code: 0 - success; count: 3
2026-08-10 18:23:08,695 INFO  [default] commodity code: 0 - Electricity consumed (W & W-hr)
2026-08-10 18:23:08,695 INFO  [default]            source: Estimated
2026-08-10 18:23:08,695 INFO  [default]   cumulative: 12487
2026-08-10 18:23:08,696 INFO  [default]    inst rate: 0
2026-08-10 18:23:08,696 INFO  [default] commodity code: 6 - Total energy storage/take capacity (W-hr)
2026-08-10 18:23:08,696 INFO  [default]            source: Estimated
2026-08-10 18:23:08,696 INFO  [default]   cumulative: 4026
2026-08-10 18:23:08,696 INFO  [default]    inst rate: not used for this commodity code
2026-08-10 18:23:08,696 INFO  [default] commodity code: 7 - Present energy storage/take capacity (W-hr)
2026-08-10 18:23:08,696 INFO  [default]            source: Estimated
2026-08-10 18:23:08,696 INFO  [default]   cumulative: 0
2026-08-10 18:23:08,696 INFO  [default]    inst rate: not used for this commodity code
2026-08-10 18:23:08,886 INFO  [default] link ACK received: query_operational_state
2026-08-10 18:23:08,982 INFO  [default] operational state received: 0

Press Enter for a list of commands
2026-08-10 18:23:39,137 INFO  [default] link ACK received: query_operational_state
2026-08-10 18:23:39,233 INFO  [default] operational state received: 0

Press Enter for a list of commands
2026-08-10 18:24:08,380 INFO  [default] link ACK received: get_commodity
2026-08-10 18:24:08,508 INFO  [default] message type supported received: 2
2026-08-10 18:24:08,508 INFO  [default] commodity response received. response code: 0 - success; count: 3
2026-08-10 18:24:08,509 INFO  [default] commodity code: 0 - Electricity consumed (W & W-hr)
2026-08-10 18:24:08,509 INFO  [default]            source: Estimated
2026-08-10 18:24:08,509 INFO  [default]   cumulative: 12487
2026-08-10 18:24:08,509 INFO  [default]    inst rate: 0
2026-08-10 18:24:08,509 INFO  [default] commodity code: 6 - Total energy storage/take capacity (W-hr)
2026-08-10 18:24:08,509 INFO  [default]            source: Estimated
2026-08-10 18:24:08,509 INFO  [default]   cumulative: 4026
2026-08-10 18:24:08,509 INFO  [default]    inst rate: not used for this commodity code
2026-08-10 18:24:08,510 INFO  [default] commodity code: 7 - Present energy storage/take capacity (W-hr)
2026-08-10 18:24:08,510 INFO  [default]            source: Estimated
2026-08-10 18:24:08,510 INFO  [default]   cumulative: 0
2026-08-10 18:24:08,510 INFO  [default]    inst rate: not used for this commodity code
2026-08-10 18:24:08,700 INFO  [default] link ACK received: query_operational_state
2026-08-10 18:24:08,812 INFO  [default] operational state received: 0

Press Enter for a list of commands
Returning state to normal...
2026-08-10 18:24:23,129 INFO  [default] link ACK received: run_normal
2026-08-10 18:24:23,241 INFO  [default] app ack received
Loading...
Querying operational state after normal command...
2026-08-10 18:24:25,337 INFO  [default] link ACK received: query_operational_state
2026-08-10 18:24:25,433 INFO  [default] operational state received: 0

Press Enter for a list of commands
