2026-09-02 13:27:06,233 INFO  [default] link ACK received: device_information
2026-09-02 13:27:06,361 INFO  [default] message type supported received: 2
2026-09-02 13:27:06,361 INFO  [default] device info response received. response code: 0 - success
2026-09-02 13:27:06,361 INFO  [default]   CTA-2045 version: 00
2026-09-02 13:27:06,361 INFO  [default]   device type: 3 - Water Heater - Heat Pump
2026-09-02 13:27:06,361 INFO  [default]   vendor ID: 4660
2026-09-02 13:27:06,402 INFO  [default] starting commodity service...
2026-09-02 13:27:06,547 INFO  [default] link ACK received: get_commodity
2026-09-02 13:27:06,672 INFO  [default] message type supported received: 2
2026-09-02 13:27:06,672 INFO  [default] commodity response received. response code: 0 - success; count: 3
2026-09-02 13:27:06,672 INFO  [default] commodity code: 0 - Electricity consumed (W & W-hr)
2026-09-02 13:27:06,672 INFO  [default]            source: Estimated
2026-09-02 13:27:06,672 INFO  [default]   cumulative: 45941
2026-09-02 13:27:06,672 INFO  [default]    inst rate: 0
2026-09-02 13:27:06,672 INFO  [default] commodity code: 6 - Total energy storage/take capacity (W-hr)
2026-09-02 13:27:06,672 INFO  [default]            source: Estimated
2026-09-02 13:27:06,672 INFO  [default]   cumulative: 4026
2026-09-02 13:27:06,673 INFO  [default]    inst rate: not used for this commodity code
2026-09-02 13:27:06,673 INFO  [default] commodity code: 7 - Present energy storage/take capacity (W-hr)
2026-09-02 13:27:06,673 INFO  [default]            source: Estimated
2026-09-02 13:27:06,673 INFO  [default]   cumulative: 525
2026-09-02 13:27:06,673 INFO  [default]    inst rate: not used for this commodity code
2026-09-02 13:27:06,857 INFO  [default] link ACK received: query_operational_state
2026-09-02 13:27:06,960 INFO  [default] operational state received: 0

Press Enter for a list of commands
1788380827,o,0 (PASSED!)
outside communication found
2026-09-02 13:27:08,044 INFO  [default] link ACK received: outside_communication
2026-09-02 13:27:08,148 INFO  [default] app ack received
a- Advanced Loadup
c- Critical Peak Event
e- End shed/Normal
g- Grid Emergency
l- Loadup
o- Outside Communication
s- Shed
v- Enable advanced load up capability
x- Disable advanced load up capability
z- Quit and return operation to normal
q- Quit
enter choice: 1788380842,g,0 (PASSED!)
grid emergency
2026-09-02 13:27:22,361 INFO  [default] link ACK received: grid_emergency
2026-09-02 13:27:22,464 INFO  [default] app ack received
2026-09-02 13:27:36,672 INFO  [default] link ACK received: query_operational_state
2026-09-02 13:27:36,775 INFO  [default] operational state received: 4

Press Enter for a list of commands
2026-09-02 13:28:07,016 INFO  [default] link ACK received: get_commodity
2026-09-02 13:28:07,141 INFO  [default] message type supported received: 2
2026-09-02 13:28:07,141 INFO  [default] commodity response received. response code: 0 - success; count: 3
2026-09-02 13:28:07,142 INFO  [default] commodity code: 0 - Electricity consumed (W & W-hr)
2026-09-02 13:28:07,142 INFO  [default]            source: Estimated
2026-09-02 13:28:07,142 INFO  [default]   cumulative: 45941
2026-09-02 13:28:07,142 INFO  [default]    inst rate: 0
2026-09-02 13:28:07,142 INFO  [default] commodity code: 6 - Total energy storage/take capacity (W-hr)
2026-09-02 13:28:07,142 INFO  [default]            source: Estimated
2026-09-02 13:28:07,143 INFO  [default]   cumulative: 4026
2026-09-02 13:28:07,143 INFO  [default]    inst rate: not used for this commodity code
2026-09-02 13:28:07,143 INFO  [default] commodity code: 7 - Present energy storage/take capacity (W-hr)
2026-09-02 13:28:07,143 INFO  [default]            source: Estimated
2026-09-02 13:28:07,143 INFO  [default]   cumulative: 525
2026-09-02 13:28:07,143 INFO  [default]    inst rate: not used for this commodity code
2026-09-02 13:28:07,326 INFO  [default] link ACK received: query_operational_state
2026-09-02 13:28:07,429 INFO  [default] operational state received: 4

Press Enter for a list of commands
2026-09-02 13:28:36,671 INFO  [default] link ACK received: query_operational_state
2026-09-02 13:28:36,774 INFO  [default] operational state received: 4

Press Enter for a list of commands
2026-09-02 13:29:07,021 INFO  [default] link ACK received: get_commodity
2026-09-02 13:29:07,146 INFO  [default] message type supported received: 2
2026-09-02 13:29:07,146 INFO  [default] commodity response received. response code: 0 - success; count: 3
2026-09-02 13:29:07,146 INFO  [default] commodity code: 0 - Electricity consumed (W & W-hr)
2026-09-02 13:29:07,147 INFO  [default]            source: Estimated
2026-09-02 13:29:07,147 INFO  [default]   cumulative: 45941
2026-09-02 13:29:07,147 INFO  [default]    inst rate: 0
2026-09-02 13:29:07,147 INFO  [default] commodity code: 6 - Total energy storage/take capacity (W-hr)
2026-09-02 13:29:07,147 INFO  [default]            source: Estimated
2026-09-02 13:29:07,147 INFO  [default]   cumulative: 4026
2026-09-02 13:29:07,147 INFO  [default]    inst rate: not used for this commodity code
2026-09-02 13:29:07,147 INFO  [default] commodity code: 7 - Present energy storage/take capacity (W-hr)
2026-09-02 13:29:07,148 INFO  [default]            source: Estimated
2026-09-02 13:29:07,148 INFO  [default]   cumulative: 600
2026-09-02 13:29:07,148 INFO  [default]    inst rate: not used for this commodity code
2026-09-02 13:29:07,331 INFO  [default] link ACK received: query_operational_state
2026-09-02 13:29:07,434 INFO  [default] operational state received: 4

Press Enter for a list of commands
2026-09-02 13:29:36,680 INFO  [default] link ACK received: query_operational_state
2026-09-02 13:29:36,783 INFO  [default] operational state received: 4

Press Enter for a list of commands
2026-09-02 13:30:07,029 INFO  [default] link ACK received: get_commodity
2026-09-02 13:30:07,154 INFO  [default] message type supported received: 2
2026-09-02 13:30:07,154 INFO  [default] commodity response received. response code: 0 - success; count: 3
2026-09-02 13:30:07,155 INFO  [default] commodity code: 0 - Electricity consumed (W & W-hr)
2026-09-02 13:30:07,155 INFO  [default]            source: Estimated
2026-09-02 13:30:07,155 INFO  [default]   cumulative: 45941
2026-09-02 13:30:07,155 INFO  [default]    inst rate: 0
2026-09-02 13:30:07,155 INFO  [default] commodity code: 6 - Total energy storage/take capacity (W-hr)
2026-09-02 13:30:07,155 INFO  [default]            source: Estimated
2026-09-02 13:30:07,156 INFO  [default]   cumulative: 4026
2026-09-02 13:30:07,156 INFO  [default]    inst rate: not used for this commodity code
2026-09-02 13:30:07,156 INFO  [default] commodity code: 7 - Present energy storage/take capacity (W-hr)
2026-09-02 13:30:07,156 INFO  [default]            source: Estimated
2026-09-02 13:30:07,156 INFO  [default]   cumulative: 1050
2026-09-02 13:30:07,156 INFO  [default]    inst rate: not used for this commodity code
2026-09-02 13:30:07,339 INFO  [default] link ACK received: query_operational_state
2026-09-02 13:30:07,442 INFO  [default] operational state received: 4

Press Enter for a list of commands
2026-09-02 13:30:36,687 INFO  [default] link ACK received: query_operational_state
2026-09-02 13:30:36,790 INFO  [default] operational state received: 4

Press Enter for a list of commands
2026-09-02 13:31:07,037 INFO  [default] link ACK received: get_commodity
2026-09-02 13:31:07,162 INFO  [default] message type supported received: 2
2026-09-02 13:31:07,162 INFO  [default] commodity response received. response code: 0 - success; count: 3
2026-09-02 13:31:07,163 INFO  [default] commodity code: 0 - Electricity consumed (W & W-hr)
2026-09-02 13:31:07,163 INFO  [default]            source: Estimated
2026-09-02 13:31:07,163 INFO  [default]   cumulative: 45941
2026-09-02 13:31:07,163 INFO  [default]    inst rate: 0
2026-09-02 13:31:07,163 INFO  [default] commodity code: 6 - Total energy storage/take capacity (W-hr)
2026-09-02 13:31:07,163 INFO  [default]            source: Estimated
2026-09-02 13:31:07,163 INFO  [default]   cumulative: 4026
2026-09-02 13:31:07,164 INFO  [default]    inst rate: not used for this commodity code
2026-09-02 13:31:07,164 INFO  [default] commodity code: 7 - Present energy storage/take capacity (W-hr)
2026-09-02 13:31:07,164 INFO  [default]            source: Estimated
2026-09-02 13:31:07,164 INFO  [default]   cumulative: 1575
2026-09-02 13:31:07,164 INFO  [default]    inst rate: not used for this commodity code
2026-09-02 13:31:07,347 INFO  [default] link ACK received: query_operational_state
2026-09-02 13:31:07,450 INFO  [default] operational state received: 4

Press Enter for a list of commands
2026-09-02 13:31:36,691 INFO  [default] link ACK received: query_operational_state
2026-09-02 13:31:36,795 INFO  [default] operational state received: 4

Press Enter for a list of commands
2026-09-02 13:32:07,041 INFO  [default] link ACK received: get_commodity
2026-09-02 13:32:07,166 INFO  [default] message type supported received: 2
2026-09-02 13:32:07,166 INFO  [default] commodity response received. response code: 0 - success; count: 3
2026-09-02 13:32:07,166 INFO  [default] commodity code: 0 - Electricity consumed (W & W-hr)
2026-09-02 13:32:07,166 INFO  [default]            source: Estimated
2026-09-02 13:32:07,167 INFO  [default]   cumulative: 45941
2026-09-02 13:32:07,167 INFO  [default]    inst rate: 0
2026-09-02 13:32:07,167 INFO  [default] commodity code: 6 - Total energy storage/take capacity (W-hr)
2026-09-02 13:32:07,167 INFO  [default]            source: Estimated
2026-09-02 13:32:07,167 INFO  [default]   cumulative: 4026
2026-09-02 13:32:07,167 INFO  [default]    inst rate: not used for this commodity code
2026-09-02 13:32:07,167 INFO  [default] commodity code: 7 - Present energy storage/take capacity (W-hr)
2026-09-02 13:32:07,167 INFO  [default]            source: Estimated
2026-09-02 13:32:07,168 INFO  [default]   cumulative: 1950
2026-09-02 13:32:07,168 INFO  [default]    inst rate: not used for this commodity code
2026-09-02 13:32:07,350 INFO  [default] link ACK received: query_operational_state
2026-09-02 13:32:07,453 INFO  [default] operational state received: 4

Press Enter for a list of commands
2026-09-02 13:32:36,694 INFO  [default] link ACK received: query_operational_state
2026-09-02 13:32:36,797 INFO  [default] operational state received: 4

Press Enter for a list of commands
2026-09-02 13:33:07,048 INFO  [default] link ACK received: get_commodity
2026-09-02 13:33:07,172 INFO  [default] message type supported received: 2
2026-09-02 13:33:07,172 INFO  [default] commodity response received. response code: 0 - success; count: 3
2026-09-02 13:33:07,173 INFO  [default] commodity code: 0 - Electricity consumed (W & W-hr)
2026-09-02 13:33:07,173 INFO  [default]            source: Estimated
2026-09-02 13:33:07,173 INFO  [default]   cumulative: 45941
2026-09-02 13:33:07,173 INFO  [default]    inst rate: 0
2026-09-02 13:33:07,174 INFO  [default] commodity code: 6 - Total energy storage/take capacity (W-hr)
2026-09-02 13:33:07,174 INFO  [default]            source: Estimated
2026-09-02 13:33:07,174 INFO  [default]   cumulative: 4026
2026-09-02 13:33:07,174 INFO  [default]    inst rate: not used for this commodity code
2026-09-02 13:33:07,174 INFO  [default] commodity code: 7 - Present energy storage/take capacity (W-hr)
2026-09-02 13:33:07,174 INFO  [default]            source: Estimated
2026-09-02 13:33:07,174 INFO  [default]   cumulative: 2100
2026-09-02 13:33:07,174 INFO  [default]    inst rate: not used for this commodity code
2026-09-02 13:33:07,357 INFO  [default] link ACK received: query_operational_state
2026-09-02 13:33:07,460 INFO  [default] operational state received: 4

Press Enter for a list of commands
2026-09-02 13:33:36,701 INFO  [default] link ACK received: query_operational_state
2026-09-02 13:33:36,804 INFO  [default] operational state received: 4

Press Enter for a list of commands
2026-09-02 13:34:07,051 INFO  [default] link ACK received: get_commodity
2026-09-02 13:34:07,176 INFO  [default] message type supported received: 2
2026-09-02 13:34:07,176 INFO  [default] commodity response received. response code: 0 - success; count: 3
2026-09-02 13:34:07,177 INFO  [default] commodity code: 0 - Electricity consumed (W & W-hr)
2026-09-02 13:34:07,177 INFO  [default]            source: Estimated
2026-09-02 13:34:07,177 INFO  [default]   cumulative: 45941
2026-09-02 13:34:07,177 INFO  [default]    inst rate: 0
2026-09-02 13:34:07,177 INFO  [default] commodity code: 6 - Total energy storage/take capacity (W-hr)
2026-09-02 13:34:07,177 INFO  [default]            source: Estimated
2026-09-02 13:34:07,178 INFO  [default]   cumulative: 4026
2026-09-02 13:34:07,178 INFO  [default]    inst rate: not used for this commodity code
2026-09-02 13:34:07,178 INFO  [default] commodity code: 7 - Present energy storage/take capacity (W-hr)
2026-09-02 13:34:07,178 INFO  [default]            source: Estimated
2026-09-02 13:34:07,178 INFO  [default]   cumulative: 2250
2026-09-02 13:34:07,178 INFO  [default]    inst rate: not used for this commodity code
2026-09-02 13:34:07,361 INFO  [default] link ACK received: query_operational_state
2026-09-02 13:34:07,464 INFO  [default] operational state received: 4

Press Enter for a list of commands
2026-09-02 13:34:36,703 INFO  [default] link ACK received: query_operational_state
2026-09-02 13:34:36,806 INFO  [default] operational state received: 4

Press Enter for a list of commands
2026-09-02 13:35:07,051 INFO  [default] link ACK received: get_commodity
2026-09-02 13:35:07,176 INFO  [default] message type supported received: 2
2026-09-02 13:35:07,176 INFO  [default] commodity response received. response code: 0 - success; count: 3
2026-09-02 13:35:07,176 INFO  [default] commodity code: 0 - Electricity consumed (W & W-hr)
2026-09-02 13:35:07,176 INFO  [default]            source: Estimated
2026-09-02 13:35:07,177 INFO  [default]   cumulative: 45941
2026-09-02 13:35:07,177 INFO  [default]    inst rate: 0
2026-09-02 13:35:07,177 INFO  [default] commodity code: 6 - Total energy storage/take capacity (W-hr)
2026-09-02 13:35:07,177 INFO  [default]            source: Estimated
2026-09-02 13:35:07,177 INFO  [default]   cumulative: 4026
2026-09-02 13:35:07,177 INFO  [default]    inst rate: not used for this commodity code
2026-09-02 13:35:07,177 INFO  [default] commodity code: 7 - Present energy storage/take capacity (W-hr)
2026-09-02 13:35:07,177 INFO  [default]            source: Estimated
2026-09-02 13:35:07,177 INFO  [default]   cumulative: 2250
2026-09-02 13:35:07,178 INFO  [default]    inst rate: not used for this commodity code
2026-09-02 13:35:07,361 INFO  [default] link ACK received: query_operational_state
2026-09-02 13:35:07,464 INFO  [default] operational state received: 4

Press Enter for a list of commands
2026-09-02 13:35:36,706 INFO  [default] link ACK received: query_operational_state
2026-09-02 13:35:36,809 INFO  [default] operational state received: 4

Press Enter for a list of commands
2026-09-02 13:36:07,057 INFO  [default] link ACK received: get_commodity
2026-09-02 13:36:07,182 INFO  [default] message type supported received: 2
2026-09-02 13:36:07,182 INFO  [default] commodity response received. response code: 0 - success; count: 3
2026-09-02 13:36:07,182 INFO  [default] commodity code: 0 - Electricity consumed (W & W-hr)
2026-09-02 13:36:07,183 INFO  [default]            source: Estimated
2026-09-02 13:36:07,183 INFO  [default]   cumulative: 45941
2026-09-02 13:36:07,183 INFO  [default]    inst rate: 0
2026-09-02 13:36:07,183 INFO  [default] commodity code: 6 - Total energy storage/take capacity (W-hr)
2026-09-02 13:36:07,183 INFO  [default]            source: Estimated
2026-09-02 13:36:07,183 INFO  [default]   cumulative: 4026
2026-09-02 13:36:07,183 INFO  [default]    inst rate: not used for this commodity code
2026-09-02 13:36:07,183 INFO  [default] commodity code: 7 - Present energy storage/take capacity (W-hr)
2026-09-02 13:36:07,184 INFO  [default]            source: Estimated
2026-09-02 13:36:07,184 INFO  [default]   cumulative: 2400
2026-09-02 13:36:07,184 INFO  [default]    inst rate: not used for this commodity code
2026-09-02 13:36:07,366 INFO  [default] link ACK received: query_operational_state
2026-09-02 13:36:07,470 INFO  [default] operational state received: 4

Press Enter for a list of commands
2026-09-02 13:36:36,710 INFO  [default] link ACK received: query_operational_state
2026-09-02 13:36:36,813 INFO  [default] operational state received: 4

Press Enter for a list of commands
2026-09-02 13:37:07,061 INFO  [default] link ACK received: get_commodity
2026-09-02 13:37:07,186 INFO  [default] message type supported received: 2
2026-09-02 13:37:07,186 INFO  [default] commodity response received. response code: 0 - success; count: 3
2026-09-02 13:37:07,186 INFO  [default] commodity code: 0 - Electricity consumed (W & W-hr)
2026-09-02 13:37:07,187 INFO  [default]            source: Estimated
2026-09-02 13:37:07,187 INFO  [default]   cumulative: 45941
2026-09-02 13:37:07,187 INFO  [default]    inst rate: 0
2026-09-02 13:37:07,187 INFO  [default] commodity code: 6 - Total energy storage/take capacity (W-hr)
2026-09-02 13:37:07,187 INFO  [default]            source: Estimated
2026-09-02 13:37:07,187 INFO  [default]   cumulative: 4026
2026-09-02 13:37:07,187 INFO  [default]    inst rate: not used for this commodity code
2026-09-02 13:37:07,187 INFO  [default] commodity code: 7 - Present energy storage/take capacity (W-hr)
2026-09-02 13:37:07,188 INFO  [default]            source: Estimated
2026-09-02 13:37:07,188 INFO  [default]   cumulative: 2400
2026-09-02 13:37:07,188 INFO  [default]    inst rate: not used for this commodity code
2026-09-02 13:37:07,371 INFO  [default] link ACK received: query_operational_state
2026-09-02 13:37:07,474 INFO  [default] operational state received: 4

Press Enter for a list of commands
1788381427,o,0 (PASSED!)
outside communication found
2026-09-02 13:37:08,559 INFO  [default] link ACK received: outside_communication
2026-09-02 13:37:08,662 INFO  [default] app ack received
2026-09-02 13:37:36,902 INFO  [default] link ACK received: query_operational_state
2026-09-02 13:37:37,005 INFO  [default] operational state received: 4

Press Enter for a list of commands
2026-09-02 13:38:07,248 INFO  [default] link ACK received: get_commodity
2026-09-02 13:38:07,373 INFO  [default] message type supported received: 2
2026-09-02 13:38:07,373 INFO  [default] commodity response received. response code: 0 - success; count: 3
2026-09-02 13:38:07,374 INFO  [default] commodity code: 0 - Electricity consumed (W & W-hr)
2026-09-02 13:38:07,374 INFO  [default]            source: Estimated
2026-09-02 13:38:07,374 INFO  [default]   cumulative: 45941
2026-09-02 13:38:07,374 INFO  [default]    inst rate: 0
2026-09-02 13:38:07,374 INFO  [default] commodity code: 6 - Total energy storage/take capacity (W-hr)
2026-09-02 13:38:07,374 INFO  [default]            source: Estimated
2026-09-02 13:38:07,374 INFO  [default]   cumulative: 4026
2026-09-02 13:38:07,375 INFO  [default]    inst rate: not used for this commodity code
2026-09-02 13:38:07,375 INFO  [default] commodity code: 7 - Present energy storage/take capacity (W-hr)
2026-09-02 13:38:07,375 INFO  [default]            source: Estimated
2026-09-02 13:38:07,375 INFO  [default]   cumulative: 2550
2026-09-02 13:38:07,375 INFO  [default]    inst rate: not used for this commodity code
2026-09-02 13:38:07,558 INFO  [default] link ACK received: query_operational_state
2026-09-02 13:38:07,661 INFO  [default] operational state received: 4

Press Enter for a list of commands
2026-09-02 13:38:36,901 INFO  [default] link ACK received: query_operational_state
2026-09-02 13:38:37,004 INFO  [default] operational state received: 4

Press Enter for a list of commands
2026-09-02 13:39:07,251 INFO  [default] link ACK received: get_commodity
2026-09-02 13:39:07,375 INFO  [default] message type supported received: 2
2026-09-02 13:39:07,376 INFO  [default] commodity response received. response code: 0 - success; count: 3
2026-09-02 13:39:07,376 INFO  [default] commodity code: 0 - Electricity consumed (W & W-hr)
2026-09-02 13:39:07,376 INFO  [default]            source: Estimated
2026-09-02 13:39:07,376 INFO  [default]   cumulative: 45941
2026-09-02 13:39:07,377 INFO  [default]    inst rate: 0
2026-09-02 13:39:07,377 INFO  [default] commodity code: 6 - Total energy storage/take capacity (W-hr)
2026-09-02 13:39:07,377 INFO  [default]            source: Estimated
2026-09-02 13:39:07,377 INFO  [default]   cumulative: 4026
2026-09-02 13:39:07,377 INFO  [default]    inst rate: not used for this commodity code
2026-09-02 13:39:07,377 INFO  [default] commodity code: 7 - Present energy storage/take capacity (W-hr)
2026-09-02 13:39:07,377 INFO  [default]            source: Estimated
2026-09-02 13:39:07,378 INFO  [default]   cumulative: 3000
2026-09-02 13:39:07,378 INFO  [default]    inst rate: not used for this commodity code
2026-09-02 13:39:07,560 INFO  [default] link ACK received: query_operational_state
2026-09-02 13:39:07,663 INFO  [default] operational state received: 4

Press Enter for a list of commands
2026-09-02 13:39:36,907 INFO  [default] link ACK received: query_operational_state
2026-09-02 13:39:37,010 INFO  [default] operational state received: 4

Press Enter for a list of commands
2026-09-02 13:40:07,259 INFO  [default] link ACK received: get_commodity
2026-09-02 13:40:07,384 INFO  [default] message type supported received: 2
2026-09-02 13:40:07,384 INFO  [default] commodity response received. response code: 0 - success; count: 3
2026-09-02 13:40:07,385 INFO  [default] commodity code: 0 - Electricity consumed (W & W-hr)
2026-09-02 13:40:07,385 INFO  [default]            source: Estimated
2026-09-02 13:40:07,385 INFO  [default]   cumulative: 45941
2026-09-02 13:40:07,385 INFO  [default]    inst rate: 0
2026-09-02 13:40:07,385 INFO  [default] commodity code: 6 - Total energy storage/take capacity (W-hr)
2026-09-02 13:40:07,385 INFO  [default]            source: Estimated
2026-09-02 13:40:07,386 INFO  [default]   cumulative: 4026
2026-09-02 13:40:07,386 INFO  [default]    inst rate: not used for this commodity code
2026-09-02 13:40:07,386 INFO  [default] commodity code: 7 - Present energy storage/take capacity (W-hr)
2026-09-02 13:40:07,386 INFO  [default]            source: Estimated
2026-09-02 13:40:07,386 INFO  [default]   cumulative: 3300
2026-09-02 13:40:07,386 INFO  [default]    inst rate: not used for this commodity code
2026-09-02 13:40:07,569 INFO  [default] link ACK received: query_operational_state
2026-09-02 13:40:07,672 INFO  [default] operational state received: 4

Press Enter for a list of commands
2026-09-02 13:40:36,916 INFO  [default] link ACK received: query_operational_state
2026-09-02 13:40:37,019 INFO  [default] operational state received: 4

Press Enter for a list of commands
2026-09-02 13:41:07,266 INFO  [default] link ACK received: get_commodity
2026-09-02 13:41:07,390 INFO  [default] message type supported received: 2
2026-09-02 13:41:07,391 INFO  [default] commodity response received. response code: 0 - success; count: 3
2026-09-02 13:41:07,391 INFO  [default] commodity code: 0 - Electricity consumed (W & W-hr)
2026-09-02 13:41:07,391 INFO  [default]            source: Estimated
2026-09-02 13:41:07,392 INFO  [default]   cumulative: 45941
2026-09-02 13:41:07,392 INFO  [default]    inst rate: 0
2026-09-02 13:41:07,392 INFO  [default] commodity code: 6 - Total energy storage/take capacity (W-hr)
2026-09-02 13:41:07,392 INFO  [default]            source: Estimated
2026-09-02 13:41:07,392 INFO  [default]   cumulative: 4026
2026-09-02 13:41:07,392 INFO  [default]    inst rate: not used for this commodity code
2026-09-02 13:41:07,392 INFO  [default] commodity code: 7 - Present energy storage/take capacity (W-hr)
2026-09-02 13:41:07,392 INFO  [default]            source: Estimated
2026-09-02 13:41:07,393 INFO  [default]   cumulative: 3600
2026-09-02 13:41:07,393 INFO  [default]    inst rate: not used for this commodity code
2026-09-02 13:41:07,575 INFO  [default] link ACK received: query_operational_state
2026-09-02 13:41:07,678 INFO  [default] operational state received: 4

Press Enter for a list of commands
2026-09-02 13:41:36,916 INFO  [default] link ACK received: query_operational_state
2026-09-02 13:41:37,019 INFO  [default] operational state received: 4

Press Enter for a list of commands
2026-09-02 13:42:07,264 INFO  [default] link ACK received: get_commodity
2026-09-02 13:42:07,388 INFO  [default] message type supported received: 2
2026-09-02 13:42:07,389 INFO  [default] commodity response received. response code: 0 - success; count: 3
2026-09-02 13:42:07,389 INFO  [default] commodity code: 0 - Electricity consumed (W & W-hr)
2026-09-02 13:42:07,390 INFO  [default]            source: Estimated
2026-09-02 13:42:07,390 INFO  [default]   cumulative: 45941
2026-09-02 13:42:07,390 INFO  [default]    inst rate: 0
2026-09-02 13:42:07,390 INFO  [default] commodity code: 6 - Total energy storage/take capacity (W-hr)
2026-09-02 13:42:07,390 INFO  [default]            source: Estimated
2026-09-02 13:42:07,390 INFO  [default]   cumulative: 4026
2026-09-02 13:42:07,390 INFO  [default]    inst rate: not used for this commodity code
2026-09-02 13:42:07,390 INFO  [default] commodity code: 7 - Present energy storage/take capacity (W-hr)
2026-09-02 13:42:07,391 INFO  [default]            source: Estimated
2026-09-02 13:42:07,391 INFO  [default]   cumulative: 3675
2026-09-02 13:42:07,391 INFO  [default]    inst rate: not used for this commodity code
2026-09-02 13:42:07,573 INFO  [default] link ACK received: query_operational_state
2026-09-02 13:42:07,676 INFO  [default] operational state received: 4

Press Enter for a list of commands
2026-09-02 13:42:36,918 INFO  [default] link ACK received: query_operational_state
2026-09-02 13:42:37,021 INFO  [default] operational state received: 4

Press Enter for a list of commands
2026-09-02 13:43:07,269 INFO  [default] link ACK received: get_commodity
2026-09-02 13:43:07,394 INFO  [default] message type supported received: 2
2026-09-02 13:43:07,394 INFO  [default] commodity response received. response code: 0 - success; count: 3
2026-09-02 13:43:07,394 INFO  [default] commodity code: 0 - Electricity consumed (W & W-hr)
2026-09-02 13:43:07,394 INFO  [default]            source: Estimated
2026-09-02 13:43:07,395 INFO  [default]   cumulative: 45941
2026-09-02 13:43:07,395 INFO  [default]    inst rate: 0
2026-09-02 13:43:07,395 INFO  [default] commodity code: 6 - Total energy storage/take capacity (W-hr)
2026-09-02 13:43:07,395 INFO  [default]            source: Estimated
2026-09-02 13:43:07,395 INFO  [default]   cumulative: 4026
2026-09-02 13:43:07,395 INFO  [default]    inst rate: not used for this commodity code
2026-09-02 13:43:07,395 INFO  [default] commodity code: 7 - Present energy storage/take capacity (W-hr)
2026-09-02 13:43:07,395 INFO  [default]            source: Estimated
2026-09-02 13:43:07,396 INFO  [default]   cumulative: 3675
2026-09-02 13:43:07,396 INFO  [default]    inst rate: not used for this commodity code
2026-09-02 13:43:07,578 INFO  [default] link ACK received: query_operational_state
2026-09-02 13:43:07,681 INFO  [default] operational state received: 4

Press Enter for a list of commands
2026-09-02 13:43:36,921 INFO  [default] link ACK received: query_operational_state
2026-09-02 13:43:37,024 INFO  [default] operational state received: 4

Press Enter for a list of commands
2026-09-02 13:44:07,269 INFO  [default] link ACK received: get_commodity
2026-09-02 13:44:07,394 INFO  [default] message type supported received: 2
2026-09-02 13:44:07,394 INFO  [default] commodity response received. response code: 0 - success; count: 3
2026-09-02 13:44:07,394 INFO  [default] commodity code: 0 - Electricity consumed (W & W-hr)
2026-09-02 13:44:07,395 INFO  [default]            source: Estimated
2026-09-02 13:44:07,395 INFO  [default]   cumulative: 45941
2026-09-02 13:44:07,395 INFO  [default]    inst rate: 0
2026-09-02 13:44:07,395 INFO  [default] commodity code: 6 - Total energy storage/take capacity (W-hr)
2026-09-02 13:44:07,395 INFO  [default]            source: Estimated
2026-09-02 13:44:07,395 INFO  [default]   cumulative: 4026
2026-09-02 13:44:07,395 INFO  [default]    inst rate: not used for this commodity code
2026-09-02 13:44:07,395 INFO  [default] commodity code: 7 - Present energy storage/take capacity (W-hr)
2026-09-02 13:44:07,396 INFO  [default]            source: Estimated
2026-09-02 13:44:07,396 INFO  [default]   cumulative: 3825
2026-09-02 13:44:07,396 INFO  [default]    inst rate: not used for this commodity code
2026-09-02 13:44:07,578 INFO  [default] link ACK received: query_operational_state
2026-09-02 13:44:07,681 INFO  [default] operational state received: 4

Press Enter for a list of commands
2026-09-02 13:44:36,918 INFO  [default] link ACK received: query_operational_state
2026-09-02 13:44:37,021 INFO  [default] operational state received: 4

Press Enter for a list of commands
2026-09-02 13:45:07,267 INFO  [default] link ACK received: get_commodity
2026-09-02 13:45:07,391 INFO  [default] message type supported received: 2
2026-09-02 13:45:07,392 INFO  [default] commodity response received. response code: 0 - success; count: 3
2026-09-02 13:45:07,392 INFO  [default] commodity code: 0 - Electricity consumed (W & W-hr)
2026-09-02 13:45:07,392 INFO  [default]            source: Estimated
2026-09-02 13:45:07,393 INFO  [default]   cumulative: 45941
2026-09-02 13:45:07,393 INFO  [default]    inst rate: 0
2026-09-02 13:45:07,393 INFO  [default] commodity code: 6 - Total energy storage/take capacity (W-hr)
2026-09-02 13:45:07,393 INFO  [default]            source: Estimated
2026-09-02 13:45:07,393 INFO  [default]   cumulative: 4026
2026-09-02 13:45:07,393 INFO  [default]    inst rate: not used for this commodity code
2026-09-02 13:45:07,393 INFO  [default] commodity code: 7 - Present energy storage/take capacity (W-hr)
2026-09-02 13:45:07,393 INFO  [default]            source: Estimated
2026-09-02 13:45:07,394 INFO  [default]   cumulative: 3900
2026-09-02 13:45:07,394 INFO  [default]    inst rate: not used for this commodity code
2026-09-02 13:45:07,576 INFO  [default] link ACK received: query_operational_state
2026-09-02 13:45:07,679 INFO  [default] operational state received: 4

Press Enter for a list of commands
2026-09-02 13:45:36,922 INFO  [default] link ACK received: query_operational_state
2026-09-02 13:45:37,025 INFO  [default] operational state received: 4

Press Enter for a list of commands
2026-09-02 13:46:07,271 INFO  [default] link ACK received: get_commodity
2026-09-02 13:46:07,396 INFO  [default] message type supported received: 2
2026-09-02 13:46:07,398 INFO  [default] commodity response received. response code: 0 - success; count: 3
2026-09-02 13:46:07,399 INFO  [default] commodity code: 0 - Electricity consumed (W & W-hr)
2026-09-02 13:46:07,399 INFO  [default]            source: Estimated
2026-09-02 13:46:07,399 INFO  [default]   cumulative: 45941
2026-09-02 13:46:07,399 INFO  [default]    inst rate: 0
2026-09-02 13:46:07,399 INFO  [default] commodity code: 6 - Total energy storage/take capacity (W-hr)
2026-09-02 13:46:07,399 INFO  [default]            source: Estimated
2026-09-02 13:46:07,400 INFO  [default]   cumulative: 4026
2026-09-02 13:46:07,400 INFO  [default]    inst rate: not used for this commodity code
2026-09-02 13:46:07,400 INFO  [default] commodity code: 7 - Present energy storage/take capacity (W-hr)
2026-09-02 13:46:07,400 INFO  [default]            source: Estimated
2026-09-02 13:46:07,400 INFO  [default]   cumulative: 3975
2026-09-02 13:46:07,400 INFO  [default]    inst rate: not used for this commodity code
2026-09-02 13:46:07,585 INFO  [default] link ACK received: query_operational_state
2026-09-02 13:46:07,688 INFO  [default] operational state received: 4

Press Enter for a list of commands
2026-09-02 13:46:36,927 INFO  [default] link ACK received: query_operational_state
2026-09-02 13:46:37,030 INFO  [default] operational state received: 4

Press Enter for a list of commands
1788382027,o,0 (PASSED!)
outside communication found
2026-09-02 13:47:07,274 INFO  [default] link ACK received: outside_communication
2026-09-02 13:47:07,377 INFO  [default] app ack received
2026-09-02 13:47:07,564 INFO  [default] link ACK received: get_commodity
2026-09-02 13:47:07,688 INFO  [default] message type supported received: 2
2026-09-02 13:47:07,688 INFO  [default] commodity response received. response code: 0 - success; count: 3
2026-09-02 13:47:07,689 INFO  [default] commodity code: 0 - Electricity consumed (W & W-hr)
2026-09-02 13:47:07,689 INFO  [default]            source: Estimated
2026-09-02 13:47:07,689 INFO  [default]   cumulative: 45941
2026-09-02 13:47:07,689 INFO  [default]    inst rate: 0
2026-09-02 13:47:07,689 INFO  [default] commodity code: 6 - Total energy storage/take capacity (W-hr)
2026-09-02 13:47:07,690 INFO  [default]            source: Estimated
2026-09-02 13:47:07,690 INFO  [default]   cumulative: 4026
2026-09-02 13:47:07,690 INFO  [default]    inst rate: not used for this commodity code
2026-09-02 13:47:07,690 INFO  [default] commodity code: 7 - Present energy storage/take capacity (W-hr)
2026-09-02 13:47:07,690 INFO  [default]            source: Estimated
2026-09-02 13:47:07,690 INFO  [default]   cumulative: 4050
2026-09-02 13:47:07,690 INFO  [default]    inst rate: not used for this commodity code
2026-09-02 13:47:07,873 INFO  [default] link ACK received: query_operational_state
2026-09-02 13:47:07,976 INFO  [default] operational state received: 4

Press Enter for a list of commands
2026-09-02 13:47:37,218 INFO  [default] link ACK received: query_operational_state
2026-09-02 13:47:37,321 INFO  [default] operational state received: 4

Press Enter for a list of commands
2026-09-02 13:48:06,565 INFO  [default] link ACK received: get_commodity
2026-09-02 13:48:06,690 INFO  [default] message type supported received: 2
2026-09-02 13:48:06,690 INFO  [default] commodity response received. response code: 0 - success; count: 3
2026-09-02 13:48:06,690 INFO  [default] commodity code: 0 - Electricity consumed (W & W-hr)
2026-09-02 13:48:06,690 INFO  [default]            source: Estimated
2026-09-02 13:48:06,691 INFO  [default]   cumulative: 45941
2026-09-02 13:48:06,691 INFO  [default]    inst rate: 0
2026-09-02 13:48:06,691 INFO  [default] commodity code: 6 - Total energy storage/take capacity (W-hr)
2026-09-02 13:48:06,691 INFO  [default]            source: Estimated
2026-09-02 13:48:06,691 INFO  [default]   cumulative: 4026
2026-09-02 13:48:06,691 INFO  [default]    inst rate: not used for this commodity code
2026-09-02 13:48:06,691 INFO  [default] commodity code: 7 - Present energy storage/take capacity (W-hr)
2026-09-02 13:48:06,691 INFO  [default]            source: Estimated
2026-09-02 13:48:06,691 INFO  [default]   cumulative: 4050
2026-09-02 13:48:06,691 INFO  [default]    inst rate: not used for this commodity code
2026-09-02 13:48:06,874 INFO  [default] link ACK received: query_operational_state
2026-09-02 13:48:06,978 INFO  [default] operational state received: 4

Press Enter for a list of commands
2026-09-02 13:48:37,218 INFO  [default] link ACK received: query_operational_state
2026-09-02 13:48:37,321 INFO  [default] operational state received: 4

Press Enter for a list of commands
2026-09-02 13:49:06,567 INFO  [default] link ACK received: get_commodity
2026-09-02 13:49:06,692 INFO  [default] message type supported received: 2
2026-09-02 13:49:06,692 INFO  [default] commodity response received. response code: 0 - success; count: 3
2026-09-02 13:49:06,692 INFO  [default] commodity code: 0 - Electricity consumed (W & W-hr)
2026-09-02 13:49:06,692 INFO  [default]            source: Estimated
2026-09-02 13:49:06,693 INFO  [default]   cumulative: 45941
2026-09-02 13:49:06,693 INFO  [default]    inst rate: 0
2026-09-02 13:49:06,693 INFO  [default] commodity code: 6 - Total energy storage/take capacity (W-hr)
2026-09-02 13:49:06,693 INFO  [default]            source: Estimated
2026-09-02 13:49:06,693 INFO  [default]   cumulative: 4026
2026-09-02 13:49:06,693 INFO  [default]    inst rate: not used for this commodity code
2026-09-02 13:49:06,693 INFO  [default] commodity code: 7 - Present energy storage/take capacity (W-hr)
2026-09-02 13:49:06,693 INFO  [default]            source: Estimated
2026-09-02 13:49:06,694 INFO  [default]   cumulative: 4125
2026-09-02 13:49:06,694 INFO  [default]    inst rate: not used for this commodity code
2026-09-02 13:49:06,876 INFO  [default] link ACK received: query_operational_state
2026-09-02 13:49:06,980 INFO  [default] operational state received: 4

Press Enter for a list of commands
2026-09-02 13:49:37,222 INFO  [default] link ACK received: query_operational_state
2026-09-02 13:49:37,325 INFO  [default] operational state received: 4

Press Enter for a list of commands
2026-09-02 13:50:06,567 INFO  [default] link ACK received: get_commodity
2026-09-02 13:50:06,692 INFO  [default] message type supported received: 2
2026-09-02 13:50:06,692 INFO  [default] commodity response received. response code: 0 - success; count: 3
2026-09-02 13:50:06,693 INFO  [default] commodity code: 0 - Electricity consumed (W & W-hr)
2026-09-02 13:50:06,693 INFO  [default]            source: Estimated
2026-09-02 13:50:06,693 INFO  [default]   cumulative: 45941
2026-09-02 13:50:06,693 INFO  [default]    inst rate: 0
2026-09-02 13:50:06,693 INFO  [default] commodity code: 6 - Total energy storage/take capacity (W-hr)
2026-09-02 13:50:06,693 INFO  [default]            source: Estimated
2026-09-02 13:50:06,693 INFO  [default]   cumulative: 4026
2026-09-02 13:50:06,694 INFO  [default]    inst rate: not used for this commodity code
2026-09-02 13:50:06,694 INFO  [default] commodity code: 7 - Present energy storage/take capacity (W-hr)
2026-09-02 13:50:06,694 INFO  [default]            source: Estimated
2026-09-02 13:50:06,694 INFO  [default]   cumulative: 4200
2026-09-02 13:50:06,694 INFO  [default]    inst rate: not used for this commodity code
2026-09-02 13:50:06,882 INFO  [default] link ACK received: query_operational_state
2026-09-02 13:50:06,985 INFO  [default] operational state received: 4

Press Enter for a list of commands
2026-09-02 13:50:37,226 INFO  [default] link ACK received: query_operational_state
2026-09-02 13:50:37,329 INFO  [default] operational state received: 4

Press Enter for a list of commands
2026-09-02 13:51:06,574 INFO  [default] link ACK received: get_commodity
2026-09-02 13:51:06,699 INFO  [default] message type supported received: 2
2026-09-02 13:51:06,699 INFO  [default] commodity response received. response code: 0 - success; count: 3
2026-09-02 13:51:06,700 INFO  [default] commodity code: 0 - Electricity consumed (W & W-hr)
2026-09-02 13:51:06,700 INFO  [default]            source: Estimated
2026-09-02 13:51:06,700 INFO  [default]   cumulative: 45941
2026-09-02 13:51:06,700 INFO  [default]    inst rate: 0
2026-09-02 13:51:06,700 INFO  [default] commodity code: 6 - Total energy storage/take capacity (W-hr)
2026-09-02 13:51:06,701 INFO  [default]            source: Estimated
2026-09-02 13:51:06,701 INFO  [default]   cumulative: 4026
2026-09-02 13:51:06,701 INFO  [default]    inst rate: not used for this commodity code
2026-09-02 13:51:06,701 INFO  [default] commodity code: 7 - Present energy storage/take capacity (W-hr)
2026-09-02 13:51:06,701 INFO  [default]            source: Estimated
2026-09-02 13:51:06,701 INFO  [default]   cumulative: 4200
2026-09-02 13:51:06,701 INFO  [default]    inst rate: not used for this commodity code
2026-09-02 13:51:06,884 INFO  [default] link ACK received: query_operational_state
2026-09-02 13:51:06,987 INFO  [default] operational state received: 4

Press Enter for a list of commands
2026-09-02 13:51:37,228 INFO  [default] link ACK received: query_operational_state
2026-09-02 13:51:37,331 INFO  [default] operational state received: 4

Press Enter for a list of commands
2026-09-02 13:52:06,577 INFO  [default] link ACK received: get_commodity
2026-09-02 13:52:06,702 INFO  [default] message type supported received: 2
2026-09-02 13:52:06,702 INFO  [default] commodity response received. response code: 0 - success; count: 3
2026-09-02 13:52:06,703 INFO  [default] commodity code: 0 - Electricity consumed (W & W-hr)
2026-09-02 13:52:06,703 INFO  [default]            source: Estimated
2026-09-02 13:52:06,703 INFO  [default]   cumulative: 45941
2026-09-02 13:52:06,703 INFO  [default]    inst rate: 0
2026-09-02 13:52:06,703 INFO  [default] commodity code: 6 - Total energy storage/take capacity (W-hr)
2026-09-02 13:52:06,704 INFO  [default]            source: Estimated
2026-09-02 13:52:06,704 INFO  [default]   cumulative: 4026
2026-09-02 13:52:06,704 INFO  [default]    inst rate: not used for this commodity code
2026-09-02 13:52:06,704 INFO  [default] commodity code: 7 - Present energy storage/take capacity (W-hr)
2026-09-02 13:52:06,704 INFO  [default]            source: Estimated
2026-09-02 13:52:06,704 INFO  [default]   cumulative: 4275
2026-09-02 13:52:06,704 INFO  [default]    inst rate: not used for this commodity code
2026-09-02 13:52:06,887 INFO  [default] link ACK received: query_operational_state
2026-09-02 13:52:06,990 INFO  [default] operational state received: 4

Press Enter for a list of commands
2026-09-02 13:52:37,234 INFO  [default] link ACK received: query_operational_state
2026-09-02 13:52:37,337 INFO  [default] operational state received: 4

Press Enter for a list of commands
2026-09-02 13:53:06,580 INFO  [default] link ACK received: get_commodity
2026-09-02 13:53:06,705 INFO  [default] message type supported received: 2
2026-09-02 13:53:06,705 INFO  [default] commodity response received. response code: 0 - success; count: 3
2026-09-02 13:53:06,705 INFO  [default] commodity code: 0 - Electricity consumed (W & W-hr)
2026-09-02 13:53:06,706 INFO  [default]            source: Estimated
2026-09-02 13:53:06,706 INFO  [default]   cumulative: 45941
2026-09-02 13:53:06,706 INFO  [default]    inst rate: 0
2026-09-02 13:53:06,706 INFO  [default] commodity code: 6 - Total energy storage/take capacity (W-hr)
2026-09-02 13:53:06,706 INFO  [default]            source: Estimated
2026-09-02 13:53:06,706 INFO  [default]   cumulative: 4026
2026-09-02 13:53:06,706 INFO  [default]    inst rate: not used for this commodity code
2026-09-02 13:53:06,707 INFO  [default] commodity code: 7 - Present energy storage/take capacity (W-hr)
2026-09-02 13:53:06,707 INFO  [default]            source: Estimated
2026-09-02 13:53:06,707 INFO  [default]   cumulative: 4275
2026-09-02 13:53:06,707 INFO  [default]    inst rate: not used for this commodity code
2026-09-02 13:53:06,889 INFO  [default] link ACK received: query_operational_state
2026-09-02 13:53:06,993 INFO  [default] operational state received: 4

Press Enter for a list of commands
2026-09-02 13:53:37,234 INFO  [default] link ACK received: query_operational_state
2026-09-02 13:53:37,337 INFO  [default] operational state received: 4

Press Enter for a list of commands
2026-09-02 13:54:06,581 INFO  [default] link ACK received: get_commodity
2026-09-02 13:54:06,706 INFO  [default] message type supported received: 2
2026-09-02 13:54:06,706 INFO  [default] commodity response received. response code: 0 - success; count: 3
2026-09-02 13:54:06,706 INFO  [default] commodity code: 0 - Electricity consumed (W & W-hr)
2026-09-02 13:54:06,706 INFO  [default]            source: Estimated
2026-09-02 13:54:06,706 INFO  [default]   cumulative: 45941
2026-09-02 13:54:06,706 INFO  [default]    inst rate: 0
2026-09-02 13:54:06,707 INFO  [default] commodity code: 6 - Total energy storage/take capacity (W-hr)
2026-09-02 13:54:06,707 INFO  [default]            source: Estimated
2026-09-02 13:54:06,707 INFO  [default]   cumulative: 4026
2026-09-02 13:54:06,707 INFO  [default]    inst rate: not used for this commodity code
2026-09-02 13:54:06,707 INFO  [default] commodity code: 7 - Present energy storage/take capacity (W-hr)
2026-09-02 13:54:06,707 INFO  [default]            source: Estimated
2026-09-02 13:54:06,707 INFO  [default]   cumulative: 4275
2026-09-02 13:54:06,707 INFO  [default]    inst rate: not used for this commodity code
2026-09-02 13:54:06,891 INFO  [default] link ACK received: query_operational_state
2026-09-02 13:54:06,994 INFO  [default] operational state received: 4

Press Enter for a list of commands
2026-09-02 13:54:37,241 INFO  [default] link ACK received: query_operational_state
2026-09-02 13:54:37,344 INFO  [default] operational state received: 4

Press Enter for a list of commands
2026-09-02 13:55:06,585 INFO  [default] link ACK received: get_commodity
2026-09-02 13:55:06,710 INFO  [default] message type supported received: 2
2026-09-02 13:55:06,710 INFO  [default] commodity response received. response code: 0 - success; count: 3
2026-09-02 13:55:06,710 INFO  [default] commodity code: 0 - Electricity consumed (W & W-hr)
2026-09-02 13:55:06,711 INFO  [default]            source: Estimated
2026-09-02 13:55:06,711 INFO  [default]   cumulative: 45941
2026-09-02 13:55:06,711 INFO  [default]    inst rate: 0
2026-09-02 13:55:06,711 INFO  [default] commodity code: 6 - Total energy storage/take capacity (W-hr)
2026-09-02 13:55:06,711 INFO  [default]            source: Estimated
2026-09-02 13:55:06,711 INFO  [default]   cumulative: 4026
2026-09-02 13:55:06,711 INFO  [default]    inst rate: not used for this commodity code
2026-09-02 13:55:06,712 INFO  [default] commodity code: 7 - Present energy storage/take capacity (W-hr)
2026-09-02 13:55:06,712 INFO  [default]            source: Estimated
2026-09-02 13:55:06,712 INFO  [default]   cumulative: 4350
2026-09-02 13:55:06,712 INFO  [default]    inst rate: not used for this commodity code
2026-09-02 13:55:06,895 INFO  [default] link ACK received: query_operational_state
2026-09-02 13:55:06,998 INFO  [default] operational state received: 4

Press Enter for a list of commands
2026-09-02 13:55:37,244 INFO  [default] link ACK received: query_operational_state
2026-09-02 13:55:37,347 INFO  [default] operational state received: 4

Press Enter for a list of commands
2026-09-02 13:56:06,592 INFO  [default] link ACK received: get_commodity
2026-09-02 13:56:06,716 INFO  [default] message type supported received: 2
2026-09-02 13:56:06,716 INFO  [default] commodity response received. response code: 0 - success; count: 3
2026-09-02 13:56:06,717 INFO  [default] commodity code: 0 - Electricity consumed (W & W-hr)
2026-09-02 13:56:06,717 INFO  [default]            source: Estimated
2026-09-02 13:56:06,717 INFO  [default]   cumulative: 45941
2026-09-02 13:56:06,717 INFO  [default]    inst rate: 0
2026-09-02 13:56:06,717 INFO  [default] commodity code: 6 - Total energy storage/take capacity (W-hr)
2026-09-02 13:56:06,718 INFO  [default]            source: Estimated
2026-09-02 13:56:06,718 INFO  [default]   cumulative: 4026
2026-09-02 13:56:06,718 INFO  [default]    inst rate: not used for this commodity code
2026-09-02 13:56:06,718 INFO  [default] commodity code: 7 - Present energy storage/take capacity (W-hr)
2026-09-02 13:56:06,718 INFO  [default]            source: Estimated
2026-09-02 13:56:06,718 INFO  [default]   cumulative: 4350
2026-09-02 13:56:06,718 INFO  [default]    inst rate: not used for this commodity code
2026-09-02 13:56:06,901 INFO  [default] link ACK received: query_operational_state
2026-09-02 13:56:07,004 INFO  [default] operational state received: 4

Press Enter for a list of commands
2026-09-02 13:56:37,247 INFO  [default] link ACK received: query_operational_state
2026-09-02 13:56:37,350 INFO  [default] operational state received: 4

Press Enter for a list of commands
2026-09-02 13:57:06,597 INFO  [default] link ACK received: get_commodity
2026-09-02 13:57:06,721 INFO  [default] message type supported received: 2
2026-09-02 13:57:06,721 INFO  [default] commodity response received. response code: 0 - success; count: 3
2026-09-02 13:57:06,722 INFO  [default] commodity code: 0 - Electricity consumed (W & W-hr)
2026-09-02 13:57:06,722 INFO  [default]            source: Estimated
2026-09-02 13:57:06,722 INFO  [default]   cumulative: 45941
2026-09-02 13:57:06,722 INFO  [default]    inst rate: 0
2026-09-02 13:57:06,722 INFO  [default] commodity code: 6 - Total energy storage/take capacity (W-hr)
2026-09-02 13:57:06,722 INFO  [default]            source: Estimated
2026-09-02 13:57:06,723 INFO  [default]   cumulative: 4026
2026-09-02 13:57:06,723 INFO  [default]    inst rate: not used for this commodity code
2026-09-02 13:57:06,723 INFO  [default] commodity code: 7 - Present energy storage/take capacity (W-hr)
2026-09-02 13:57:06,723 INFO  [default]            source: Estimated
2026-09-02 13:57:06,723 INFO  [default]   cumulative: 4425
2026-09-02 13:57:06,723 INFO  [default]    inst rate: not used for this commodity code
2026-09-02 13:57:06,906 INFO  [default] link ACK received: query_operational_state
2026-09-02 13:57:07,009 INFO  [default] operational state received: 4

Press Enter for a list of commands
1788382627,o,0 (PASSED!)
outside communication found
2026-09-02 13:57:08,094 INFO  [default] link ACK received: outside_communication
2026-09-02 13:57:08,197 INFO  [default] app ack received
2026-09-02 13:57:37,437 INFO  [default] link ACK received: query_operational_state
2026-09-02 13:57:37,540 INFO  [default] operational state received: 4

Press Enter for a list of commands
2026-09-02 13:58:06,787 INFO  [default] link ACK received: get_commodity
2026-09-02 13:58:06,911 INFO  [default] message type supported received: 2
2026-09-02 13:58:06,911 INFO  [default] commodity response received. response code: 0 - success; count: 3
2026-09-02 13:58:06,912 INFO  [default] commodity code: 0 - Electricity consumed (W & W-hr)
2026-09-02 13:58:06,912 INFO  [default]            source: Estimated
2026-09-02 13:58:06,912 INFO  [default]   cumulative: 45941
2026-09-02 13:58:06,912 INFO  [default]    inst rate: 0
2026-09-02 13:58:06,913 INFO  [default] commodity code: 6 - Total energy storage/take capacity (W-hr)
2026-09-02 13:58:06,913 INFO  [default]            source: Estimated
2026-09-02 13:58:06,913 INFO  [default]   cumulative: 4026
2026-09-02 13:58:06,913 INFO  [default]    inst rate: not used for this commodity code
2026-09-02 13:58:06,913 INFO  [default] commodity code: 7 - Present energy storage/take capacity (W-hr)
2026-09-02 13:58:06,913 INFO  [default]            source: Estimated
2026-09-02 13:58:06,913 INFO  [default]   cumulative: 4425
2026-09-02 13:58:06,914 INFO  [default]    inst rate: not used for this commodity code
2026-09-02 13:58:07,096 INFO  [default] link ACK received: query_operational_state
2026-09-02 13:58:07,199 INFO  [default] operational state received: 4

Press Enter for a list of commands
2026-09-02 13:58:37,442 INFO  [default] link ACK received: query_operational_state
2026-09-02 13:58:37,545 INFO  [default] operational state received: 4

Press Enter for a list of commands
2026-09-02 13:59:06,792 INFO  [default] link ACK received: get_commodity
2026-09-02 13:59:06,916 INFO  [default] message type supported received: 2
2026-09-02 13:59:06,917 INFO  [default] commodity response received. response code: 0 - success; count: 3
2026-09-02 13:59:06,917 INFO  [default] commodity code: 0 - Electricity consumed (W & W-hr)
2026-09-02 13:59:06,918 INFO  [default]            source: Estimated
2026-09-02 13:59:06,918 INFO  [default]   cumulative: 45941
2026-09-02 13:59:06,918 INFO  [default]    inst rate: 0
2026-09-02 13:59:06,918 INFO  [default] commodity code: 6 - Total energy storage/take capacity (W-hr)
2026-09-02 13:59:06,918 INFO  [default]            source: Estimated
2026-09-02 13:59:06,918 INFO  [default]   cumulative: 4026
2026-09-02 13:59:06,918 INFO  [default]    inst rate: not used for this commodity code
2026-09-02 13:59:06,918 INFO  [default] commodity code: 7 - Present energy storage/take capacity (W-hr)
2026-09-02 13:59:06,919 INFO  [default]            source: Estimated
2026-09-02 13:59:06,919 INFO  [default]   cumulative: 4425
2026-09-02 13:59:06,919 INFO  [default]    inst rate: not used for this commodity code
2026-09-02 13:59:07,101 INFO  [default] link ACK received: query_operational_state
2026-09-02 13:59:07,204 INFO  [default] operational state received: 4

Press Enter for a list of commands
2026-09-02 13:59:37,445 INFO  [default] link ACK received: query_operational_state
2026-09-02 13:59:37,548 INFO  [default] operational state received: 4

Press Enter for a list of commands
2026-09-02 14:00:06,789 INFO  [default] link ACK received: get_commodity
2026-09-02 14:00:06,914 INFO  [default] message type supported received: 2
2026-09-02 14:00:06,914 INFO  [default] commodity response received. response code: 0 - success; count: 3
2026-09-02 14:00:06,915 INFO  [default] commodity code: 0 - Electricity consumed (W & W-hr)
2026-09-02 14:00:06,915 INFO  [default]            source: Estimated
2026-09-02 14:00:06,915 INFO  [default]   cumulative: 45941
2026-09-02 14:00:06,915 INFO  [default]    inst rate: 0
2026-09-02 14:00:06,915 INFO  [default] commodity code: 6 - Total energy storage/take capacity (W-hr)
2026-09-02 14:00:06,915 INFO  [default]            source: Estimated
2026-09-02 14:00:06,916 INFO  [default]   cumulative: 4026
2026-09-02 14:00:06,916 INFO  [default]    inst rate: not used for this commodity code
2026-09-02 14:00:06,916 INFO  [default] commodity code: 7 - Present energy storage/take capacity (W-hr)
2026-09-02 14:00:06,916 INFO  [default]            source: Estimated
2026-09-02 14:00:06,916 INFO  [default]   cumulative: 4425
2026-09-02 14:00:06,916 INFO  [default]    inst rate: not used for this commodity code
2026-09-02 14:00:07,099 INFO  [default] link ACK received: query_operational_state
2026-09-02 14:00:07,202 INFO  [default] operational state received: 4

Press Enter for a list of commands
2026-09-02 14:00:37,443 INFO  [default] link ACK received: query_operational_state
2026-09-02 14:00:37,546 INFO  [default] operational state received: 4

Press Enter for a list of commands
2026-09-02 14:01:06,793 INFO  [default] link ACK received: get_commodity
2026-09-02 14:01:06,917 INFO  [default] message type supported received: 2
2026-09-02 14:01:06,917 INFO  [default] commodity response received. response code: 0 - success; count: 3
2026-09-02 14:01:06,918 INFO  [default] commodity code: 0 - Electricity consumed (W & W-hr)
2026-09-02 14:01:06,918 INFO  [default]            source: Estimated
2026-09-02 14:01:06,918 INFO  [default]   cumulative: 45941
2026-09-02 14:01:06,918 INFO  [default]    inst rate: 0
2026-09-02 14:01:06,918 INFO  [default] commodity code: 6 - Total energy storage/take capacity (W-hr)
2026-09-02 14:01:06,918 INFO  [default]            source: Estimated
2026-09-02 14:01:06,918 INFO  [default]   cumulative: 4026
2026-09-02 14:01:06,919 INFO  [default]    inst rate: not used for this commodity code
2026-09-02 14:01:06,919 INFO  [default] commodity code: 7 - Present energy storage/take capacity (W-hr)
2026-09-02 14:01:06,919 INFO  [default]            source: Estimated
2026-09-02 14:01:06,919 INFO  [default]   cumulative: 4425
2026-09-02 14:01:06,919 INFO  [default]    inst rate: not used for this commodity code
2026-09-02 14:01:07,102 INFO  [default] link ACK received: query_operational_state
2026-09-02 14:01:07,205 INFO  [default] operational state received: 4

Press Enter for a list of commands
2026-09-02 14:01:37,446 INFO  [default] link ACK received: query_operational_state
2026-09-02 14:01:37,549 INFO  [default] operational state received: 4

Press Enter for a list of commands
2026-09-02 14:02:06,793 INFO  [default] link ACK received: get_commodity
2026-09-02 14:02:06,918 INFO  [default] message type supported received: 2
2026-09-02 14:02:06,918 INFO  [default] commodity response received. response code: 0 - success; count: 3
2026-09-02 14:02:06,918 INFO  [default] commodity code: 0 - Electricity consumed (W & W-hr)
2026-09-02 14:02:06,918 INFO  [default]            source: Estimated
2026-09-02 14:02:06,918 INFO  [default]   cumulative: 45941
2026-09-02 14:02:06,918 INFO  [default]    inst rate: 0
2026-09-02 14:02:06,919 INFO  [default] commodity code: 6 - Total energy storage/take capacity (W-hr)
2026-09-02 14:02:06,919 INFO  [default]            source: Estimated
2026-09-02 14:02:06,919 INFO  [default]   cumulative: 4026
2026-09-02 14:02:06,919 INFO  [default]    inst rate: not used for this commodity code
2026-09-02 14:02:06,919 INFO  [default] commodity code: 7 - Present energy storage/take capacity (W-hr)
2026-09-02 14:02:06,919 INFO  [default]            source: Estimated
2026-09-02 14:02:06,919 INFO  [default]   cumulative: 4575
2026-09-02 14:02:06,919 INFO  [default]    inst rate: not used for this commodity code
2026-09-02 14:02:07,103 INFO  [default] link ACK received: query_operational_state
2026-09-02 14:02:07,206 INFO  [default] operational state received: 4

Press Enter for a list of commands
2026-09-02 14:02:37,450 INFO  [default] link ACK received: query_operational_state
2026-09-02 14:02:37,553 INFO  [default] operational state received: 4

Press Enter for a list of commands
2026-09-02 14:03:06,793 INFO  [default] link ACK received: get_commodity
2026-09-02 14:03:06,918 INFO  [default] message type supported received: 2
2026-09-02 14:03:06,918 INFO  [default] commodity response received. response code: 0 - success; count: 3
2026-09-02 14:03:06,919 INFO  [default] commodity code: 0 - Electricity consumed (W & W-hr)
2026-09-02 14:03:06,919 INFO  [default]            source: Estimated
2026-09-02 14:03:06,919 INFO  [default]   cumulative: 45941
2026-09-02 14:03:06,919 INFO  [default]    inst rate: 0
2026-09-02 14:03:06,919 INFO  [default] commodity code: 6 - Total energy storage/take capacity (W-hr)
2026-09-02 14:03:06,919 INFO  [default]            source: Estimated
2026-09-02 14:03:06,920 INFO  [default]   cumulative: 4026
2026-09-02 14:03:06,920 INFO  [default]    inst rate: not used for this commodity code
2026-09-02 14:03:06,920 INFO  [default] commodity code: 7 - Present energy storage/take capacity (W-hr)
2026-09-02 14:03:06,920 INFO  [default]            source: Estimated
2026-09-02 14:03:06,920 INFO  [default]   cumulative: 4575
2026-09-02 14:03:06,920 INFO  [default]    inst rate: not used for this commodity code
2026-09-02 14:03:07,103 INFO  [default] link ACK received: query_operational_state
2026-09-02 14:03:07,206 INFO  [default] operational state received: 4

Press Enter for a list of commands
2026-09-02 14:03:37,450 INFO  [default] link ACK received: query_operational_state
2026-09-02 14:03:37,553 INFO  [default] operational state received: 4

Press Enter for a list of commands
2026-09-02 14:04:06,799 INFO  [default] link ACK received: get_commodity
2026-09-02 14:04:06,924 INFO  [default] message type supported received: 2
2026-09-02 14:04:06,924 INFO  [default] commodity response received. response code: 0 - success; count: 3
2026-09-02 14:04:06,924 INFO  [default] commodity code: 0 - Electricity consumed (W & W-hr)
2026-09-02 14:04:06,925 INFO  [default]            source: Estimated
2026-09-02 14:04:06,925 INFO  [default]   cumulative: 45941
2026-09-02 14:04:06,925 INFO  [default]    inst rate: 0
2026-09-02 14:04:06,925 INFO  [default] commodity code: 6 - Total energy storage/take capacity (W-hr)
2026-09-02 14:04:06,925 INFO  [default]            source: Estimated
2026-09-02 14:04:06,925 INFO  [default]   cumulative: 4026
2026-09-02 14:04:06,925 INFO  [default]    inst rate: not used for this commodity code
2026-09-02 14:04:06,926 INFO  [default] commodity code: 7 - Present energy storage/take capacity (W-hr)
2026-09-02 14:04:06,926 INFO  [default]            source: Estimated
2026-09-02 14:04:06,926 INFO  [default]   cumulative: 4575
2026-09-02 14:04:06,926 INFO  [default]    inst rate: not used for this commodity code
2026-09-02 14:04:07,108 INFO  [default] link ACK received: query_operational_state
2026-09-02 14:04:07,212 INFO  [default] operational state received: 4

Press Enter for a list of commands
2026-09-02 14:04:37,455 INFO  [default] link ACK received: query_operational_state
2026-09-02 14:04:37,558 INFO  [default] operational state received: 4

Press Enter for a list of commands
2026-09-02 14:05:06,803 INFO  [default] link ACK received: get_commodity
2026-09-02 14:05:06,927 INFO  [default] message type supported received: 2
2026-09-02 14:05:06,927 INFO  [default] commodity response received. response code: 0 - success; count: 3
2026-09-02 14:05:06,928 INFO  [default] commodity code: 0 - Electricity consumed (W & W-hr)
2026-09-02 14:05:06,928 INFO  [default]            source: Estimated
2026-09-02 14:05:06,928 INFO  [default]   cumulative: 45941
2026-09-02 14:05:06,928 INFO  [default]    inst rate: 0
2026-09-02 14:05:06,928 INFO  [default] commodity code: 6 - Total energy storage/take capacity (W-hr)
2026-09-02 14:05:06,928 INFO  [default]            source: Estimated
2026-09-02 14:05:06,929 INFO  [default]   cumulative: 4026
2026-09-02 14:05:06,929 INFO  [default]    inst rate: not used for this commodity code
2026-09-02 14:05:06,929 INFO  [default] commodity code: 7 - Present energy storage/take capacity (W-hr)
2026-09-02 14:05:06,929 INFO  [default]            source: Estimated
2026-09-02 14:05:06,929 INFO  [default]   cumulative: 4575
2026-09-02 14:05:06,929 INFO  [default]    inst rate: not used for this commodity code
2026-09-02 14:05:07,112 INFO  [default] link ACK received: query_operational_state
2026-09-02 14:05:07,215 INFO  [default] operational state received: 4

Press Enter for a list of commands
2026-09-02 14:05:37,459 INFO  [default] link ACK received: query_operational_state
2026-09-02 14:05:37,562 INFO  [default] operational state received: 4

Press Enter for a list of commands
2026-09-02 14:06:06,811 INFO  [default] link ACK received: get_commodity
2026-09-02 14:06:06,935 INFO  [default] message type supported received: 2
2026-09-02 14:06:06,936 INFO  [default] commodity response received. response code: 0 - success; count: 3
2026-09-02 14:06:06,936 INFO  [default] commodity code: 0 - Electricity consumed (W & W-hr)
2026-09-02 14:06:06,936 INFO  [default]            source: Estimated
2026-09-02 14:06:06,937 INFO  [default]   cumulative: 45941
2026-09-02 14:06:06,937 INFO  [default]    inst rate: 0
2026-09-02 14:06:06,937 INFO  [default] commodity code: 6 - Total energy storage/take capacity (W-hr)
2026-09-02 14:06:06,937 INFO  [default]            source: Estimated
2026-09-02 14:06:06,937 INFO  [default]   cumulative: 4026
2026-09-02 14:06:06,937 INFO  [default]    inst rate: not used for this commodity code
2026-09-02 14:06:06,937 INFO  [default] commodity code: 7 - Present energy storage/take capacity (W-hr)
2026-09-02 14:06:06,937 INFO  [default]            source: Estimated
2026-09-02 14:06:06,938 INFO  [default]   cumulative: 4575
2026-09-02 14:06:06,938 INFO  [default]    inst rate: not used for this commodity code
2026-09-02 14:06:07,120 INFO  [default] link ACK received: query_operational_state
2026-09-02 14:06:07,223 INFO  [default] operational state received: 4

Press Enter for a list of commands
2026-09-02 14:06:37,466 INFO  [default] link ACK received: query_operational_state
2026-09-02 14:06:37,569 INFO  [default] operational state received: 4

Press Enter for a list of commands
2026-09-02 14:07:06,815 INFO  [default] link ACK received: get_commodity
2026-09-02 14:07:06,940 INFO  [default] message type supported received: 2
2026-09-02 14:07:06,940 INFO  [default] commodity response received. response code: 0 - success; count: 3
2026-09-02 14:07:06,940 INFO  [default] commodity code: 0 - Electricity consumed (W & W-hr)
2026-09-02 14:07:06,941 INFO  [default]            source: Estimated
2026-09-02 14:07:06,941 INFO  [default]   cumulative: 45941
2026-09-02 14:07:06,941 INFO  [default]    inst rate: 0
2026-09-02 14:07:06,941 INFO  [default] commodity code: 6 - Total energy storage/take capacity (W-hr)
2026-09-02 14:07:06,941 INFO  [default]            source: Estimated
2026-09-02 14:07:06,941 INFO  [default]   cumulative: 4026
2026-09-02 14:07:06,942 INFO  [default]    inst rate: not used for this commodity code
2026-09-02 14:07:06,942 INFO  [default] commodity code: 7 - Present energy storage/take capacity (W-hr)
2026-09-02 14:07:06,942 INFO  [default]            source: Estimated
2026-09-02 14:07:06,942 INFO  [default]   cumulative: 4575
2026-09-02 14:07:06,942 INFO  [default]    inst rate: not used for this commodity code
2026-09-02 14:07:07,129 INFO  [default] link ACK received: query_operational_state
2026-09-02 14:07:07,233 INFO  [default] operational state received: 4

Press Enter for a list of commands
1788383227,o,0 (PASSED!)
outside communication found
2026-09-02 14:07:08,318 INFO  [default] link ACK received: outside_communication
2026-09-02 14:07:08,421 INFO  [default] app ack received
2026-09-02 14:07:36,664 INFO  [default] link ACK received: query_operational_state
2026-09-02 14:07:36,767 INFO  [default] operational state received: 4

Press Enter for a list of commands
2026-09-02 14:08:07,015 INFO  [default] link ACK received: get_commodity
2026-09-02 14:08:07,140 INFO  [default] message type supported received: 2
2026-09-02 14:08:07,140 INFO  [default] commodity response received. response code: 0 - success; count: 3
2026-09-02 14:08:07,141 INFO  [default] commodity code: 0 - Electricity consumed (W & W-hr)
2026-09-02 14:08:07,141 INFO  [default]            source: Estimated
2026-09-02 14:08:07,141 INFO  [default]   cumulative: 45941
2026-09-02 14:08:07,141 INFO  [default]    inst rate: 0
2026-09-02 14:08:07,141 INFO  [default] commodity code: 6 - Total energy storage/take capacity (W-hr)
2026-09-02 14:08:07,141 INFO  [default]            source: Estimated
2026-09-02 14:08:07,141 INFO  [default]   cumulative: 4026
2026-09-02 14:08:07,141 INFO  [default]    inst rate: not used for this commodity code
2026-09-02 14:08:07,141 INFO  [default] commodity code: 7 - Present energy storage/take capacity (W-hr)
2026-09-02 14:08:07,142 INFO  [default]            source: Estimated
2026-09-02 14:08:07,142 INFO  [default]   cumulative: 4575
2026-09-02 14:08:07,142 INFO  [default]    inst rate: not used for this commodity code
2026-09-02 14:08:07,325 INFO  [default] link ACK received: query_operational_state
2026-09-02 14:08:07,428 INFO  [default] operational state received: 4

Press Enter for a list of commands
2026-09-02 14:08:36,671 INFO  [default] link ACK received: query_operational_state
2026-09-02 14:08:36,774 INFO  [default] operational state received: 4

Press Enter for a list of commands
2026-09-02 14:09:07,022 INFO  [default] link ACK received: get_commodity
2026-09-02 14:09:07,146 INFO  [default] message type supported received: 2
2026-09-02 14:09:07,147 INFO  [default] commodity response received. response code: 0 - success; count: 3
2026-09-02 14:09:07,147 INFO  [default] commodity code: 0 - Electricity consumed (W & W-hr)
2026-09-02 14:09:07,147 INFO  [default]            source: Estimated
2026-09-02 14:09:07,147 INFO  [default]   cumulative: 45941
2026-09-02 14:09:07,148 INFO  [default]    inst rate: 0
2026-09-02 14:09:07,148 INFO  [default] commodity code: 6 - Total energy storage/take capacity (W-hr)
2026-09-02 14:09:07,148 INFO  [default]            source: Estimated
2026-09-02 14:09:07,148 INFO  [default]   cumulative: 4026
2026-09-02 14:09:07,148 INFO  [default]    inst rate: not used for this commodity code
2026-09-02 14:09:07,148 INFO  [default] commodity code: 7 - Present energy storage/take capacity (W-hr)
2026-09-02 14:09:07,148 INFO  [default]            source: Estimated
2026-09-02 14:09:07,148 INFO  [default]   cumulative: 4575
2026-09-02 14:09:07,149 INFO  [default]    inst rate: not used for this commodity code
2026-09-02 14:09:07,331 INFO  [default] link ACK received: query_operational_state
2026-09-02 14:09:07,434 INFO  [default] operational state received: 4

Press Enter for a list of commands
2026-09-02 14:09:36,674 INFO  [default] link ACK received: query_operational_state
2026-09-02 14:09:36,777 INFO  [default] operational state received: 4

Press Enter for a list of commands
2026-09-02 14:10:07,023 INFO  [default] link ACK received: get_commodity
2026-09-02 14:10:07,148 INFO  [default] message type supported received: 2
2026-09-02 14:10:07,148 INFO  [default] commodity response received. response code: 0 - success; count: 3
2026-09-02 14:10:07,148 INFO  [default] commodity code: 0 - Electricity consumed (W & W-hr)
2026-09-02 14:10:07,148 INFO  [default]            source: Estimated
2026-09-02 14:10:07,149 INFO  [default]   cumulative: 45941
2026-09-02 14:10:07,149 INFO  [default]    inst rate: 0
2026-09-02 14:10:07,149 INFO  [default] commodity code: 6 - Total energy storage/take capacity (W-hr)
2026-09-02 14:10:07,149 INFO  [default]            source: Estimated
2026-09-02 14:10:07,149 INFO  [default]   cumulative: 4026
2026-09-02 14:10:07,149 INFO  [default]    inst rate: not used for this commodity code
2026-09-02 14:10:07,149 INFO  [default] commodity code: 7 - Present energy storage/take capacity (W-hr)
2026-09-02 14:10:07,150 INFO  [default]            source: Estimated
2026-09-02 14:10:07,150 INFO  [default]   cumulative: 4575
2026-09-02 14:10:07,150 INFO  [default]    inst rate: not used for this commodity code
2026-09-02 14:10:07,332 INFO  [default] link ACK received: query_operational_state
2026-09-02 14:10:07,436 INFO  [default] operational state received: 4

Press Enter for a list of commands
2026-09-02 14:10:36,677 INFO  [default] link ACK received: query_operational_state
2026-09-02 14:10:36,780 INFO  [default] operational state received: 4

Press Enter for a list of commands
Returning state to normal...
2026-09-02 14:11:02,920 INFO  [default] link ACK received: run_normal
2026-09-02 14:11:03,023 INFO  [default] app ack received
Reporting outside communication disconnected...
2026-09-02 14:11:03,209 INFO  [default] link ACK received: outside_communication
2026-09-02 14:11:03,312 INFO  [default] app ack received
Loading...
Querying operational state after normal command...
2026-09-02 14:11:05,400 INFO  [default] link ACK received: query_operational_state
2026-09-02 14:11:05,503 INFO  [default] operational state received: 4

Press Enter for a list of commands
