POWER_MONITOR_READY {"output_csv": "/home/pi/conformance_testing_team/saved_data/conformance_runs/WH-2/FHR-CPE_2026_08_31_192440_PDT/power.csv", "timestamp_pacific": "2026-08-31T19:24:41.127-07:00"}
POWER_MONITOR_RECORD {"timestamp_pacific": "2026-08-31T19:24:41.129-07:00", "status": "ok", "reasons": ["initial_sample"]}
POWER_MONITOR_RECORD {"timestamp_pacific": "2026-08-31T19:25:41.431-07:00", "status": "ok", "reasons": ["heartbeat"]}
POWER_MONITOR_RECORD {"timestamp_pacific": "2026-08-31T19:26:41.770-07:00", "status": "ok", "reasons": ["heartbeat"]}
POWER_MONITOR_RECORD {"timestamp_pacific": "2026-08-31T19:27:42.103-07:00", "status": "ok", "reasons": ["heartbeat"]}
POWER_MONITOR_RECORD {"timestamp_pacific": "2026-08-31T19:28:42.444-07:00", "status": "ok", "reasons": ["heartbeat"]}
POWER_MONITOR_RECORD {"timestamp_pacific": "2026-08-31T19:29:42.777-07:00", "status": "ok", "reasons": ["heartbeat"]}
POWER_MONITOR_RECORD {"timestamp_pacific": "2026-08-31T19:30:43.116-07:00", "status": "ok", "reasons": ["heartbeat"]}
POWER_MONITOR_RECORD {"timestamp_pacific": "2026-08-31T19:31:43.449-07:00", "status": "ok", "reasons": ["heartbeat"]}
POWER_MONITOR_RECORD {"timestamp_pacific": "2026-08-31T19:32:43.782-07:00", "status": "ok", "reasons": ["heartbeat"]}
POWER_MONITOR_RECORD {"timestamp_pacific": "2026-08-31T19:33:44.122-07:00", "status": "ok", "reasons": ["heartbeat"]}
POWER_MONITOR_RECORD {"timestamp_pacific": "2026-08-31T19:34:44.455-07:00", "status": "ok", "reasons": ["heartbeat"]}
POWER_MONITOR_RECORD {"timestamp_pacific": "2026-08-31T19:35:44.795-07:00", "status": "ok", "reasons": ["heartbeat"]}
POWER_MONITOR_RECORD {"timestamp_pacific": "2026-08-31T19:35:59.883-07:00", "status": "ok", "reasons": ["current_change", "power_change", "heater_on"]}
POWER_MONITOR_RECORD {"timestamp_pacific": "2026-08-31T19:36:56.193-07:00", "status": "ok", "reasons": ["current_change", "power_change"]}
POWER_MONITOR_RECORD {"timestamp_pacific": "2026-08-31T19:36:57.200-07:00", "status": "ok", "reasons": ["current_change"]}
POWER_MONITOR_RECORD {"timestamp_pacific": "2026-08-31T19:36:59.212-07:00", "status": "ok", "reasons": ["current_change"]}
POWER_MONITOR_RECORD {"timestamp_pacific": "2026-08-31T19:37:01.224-07:00", "status": "ok", "reasons": ["current_change"]}
POWER_MONITOR_RECORD {"timestamp_pacific": "2026-08-31T19:37:03.237-07:00", "status": "ok", "reasons": ["current_change"]}
POWER_MONITOR_RECORD {"timestamp_pacific": "2026-08-31T19:37:04.243-07:00", "status": "ok", "reasons": ["current_change", "power_change"]}
POWER_MONITOR_RECORD {"timestamp_pacific": "2026-08-31T19:37:15.308-07:00", "status": "ok", "reasons": ["current_change"]}
POWER_MONITOR_RECORD {"timestamp_pacific": "2026-08-31T19:37:23.356-07:00", "status": "ok", "reasons": ["current_change", "power_change"]}
POWER_MONITOR_RECORD {"timestamp_pacific": "2026-08-31T19:37:30.380-07:00", "status": "ok", "reasons": ["current_change"]}
POWER_MONITOR_RECORD {"timestamp_pacific": "2026-08-31T19:38:30.714-07:00", "status": "ok", "reasons": ["heartbeat"]}
POWER_MONITOR_RECORD {"timestamp_pacific": "2026-08-31T19:39:31.047-07:00", "status": "ok", "reasons": ["heartbeat"]}
POWER_MONITOR_RECORD {"timestamp_pacific": "2026-08-31T19:40:31.377-07:00", "status": "ok", "reasons": ["heartbeat"]}
POWER_MONITOR_RECORD {"timestamp_pacific": "2026-08-31T19:40:47.471-07:00", "status": "ok", "reasons": ["power_change"]}
POWER_MONITOR_RECORD {"timestamp_pacific": "2026-08-31T19:41:07.587-07:00", "status": "ok", "reasons": ["current_change", "power_change"]}
POWER_MONITOR_RECORD {"timestamp_pacific": "2026-08-31T19:42:07.918-07:00", "status": "ok", "reasons": ["heartbeat"]}
POWER_MONITOR_RECORD {"timestamp_pacific": "2026-08-31T19:43:08.248-07:00", "status": "ok", "reasons": ["heartbeat"]}
POWER_MONITOR_RECORD {"timestamp_pacific": "2026-08-31T19:44:08.580-07:00", "status": "ok", "reasons": ["heartbeat"]}
POWER_MONITOR_RECORD {"timestamp_pacific": "2026-08-31T19:45:08.913-07:00", "status": "ok", "reasons": ["heartbeat"]}
POWER_MONITOR_RECORD {"timestamp_pacific": "2026-08-31T19:46:09.246-07:00", "status": "ok", "reasons": ["heartbeat"]}
POWER_MONITOR_RECORD {"timestamp_pacific": "2026-08-31T19:46:30.352-07:00", "status": "ok", "reasons": ["current_change", "power_change"]}
POWER_MONITOR_RECORD {"timestamp_pacific": "2026-08-31T19:47:30.685-07:00", "status": "ok", "reasons": ["heartbeat"]}
POWER_MONITOR_RECORD {"timestamp_pacific": "2026-08-31T19:48:31.019-07:00", "status": "ok", "reasons": ["heartbeat"]}
POWER_MONITOR_RECORD {"timestamp_pacific": "2026-08-31T19:49:31.351-07:00", "status": "ok", "reasons": ["heartbeat"]}
POWER_MONITOR_RECORD {"timestamp_pacific": "2026-08-31T19:50:31.684-07:00", "status": "ok", "reasons": ["heartbeat"]}
POWER_MONITOR_RECORD {"timestamp_pacific": "2026-08-31T19:51:32.016-07:00", "status": "ok", "reasons": ["heartbeat"]}
POWER_MONITOR_RECORD {"timestamp_pacific": "2026-08-31T19:52:32.349-07:00", "status": "ok", "reasons": ["heartbeat"]}
POWER_MONITOR_RECORD {"timestamp_pacific": "2026-08-31T19:53:32.684-07:00", "status": "ok", "reasons": ["heartbeat"]}
POWER_MONITOR_RECORD {"timestamp_pacific": "2026-08-31T19:54:33.016-07:00", "status": "ok", "reasons": ["heartbeat"]}
POWER_MONITOR_RECORD {"timestamp_pacific": "2026-08-31T19:55:33.351-07:00", "status": "ok", "reasons": ["heartbeat"]}
POWER_MONITOR_RECORD {"timestamp_pacific": "2026-08-31T19:56:33.685-07:00", "status": "ok", "reasons": ["heartbeat"]}
POWER_MONITOR_RECORD {"timestamp_pacific": "2026-08-31T19:57:34.017-07:00", "status": "ok", "reasons": ["heartbeat"]}
POWER_MONITOR_RECORD {"timestamp_pacific": "2026-08-31T19:58:34.348-07:00", "status": "ok", "reasons": ["heartbeat"]}
POWER_MONITOR_RECORD {"timestamp_pacific": "2026-08-31T19:59:34.681-07:00", "status": "ok", "reasons": ["heartbeat"]}
POWER_MONITOR_RECORD {"timestamp_pacific": "2026-08-31T20:00:35.013-07:00", "status": "ok", "reasons": ["heartbeat"]}
POWER_MONITOR_RECORD {"timestamp_pacific": "2026-08-31T20:01:35.345-07:00", "status": "ok", "reasons": ["heartbeat"]}
POWER_MONITOR_RECORD {"timestamp_pacific": "2026-08-31T20:02:35.677-07:00", "status": "ok", "reasons": ["heartbeat"]}
POWER_MONITOR_RECORD {"timestamp_pacific": "2026-08-31T20:03:36.009-07:00", "status": "ok", "reasons": ["heartbeat"]}
POWER_MONITOR_RECORD {"timestamp_pacific": "2026-08-31T20:04:36.340-07:00", "status": "ok", "reasons": ["heartbeat"]}
POWER_MONITOR_RECORD {"timestamp_pacific": "2026-08-31T20:05:36.672-07:00", "status": "ok", "reasons": ["heartbeat"]}
POWER_MONITOR_RECORD {"timestamp_pacific": "2026-08-31T20:06:37.009-07:00", "status": "ok", "reasons": ["heartbeat"]}
POWER_MONITOR_RECORD {"timestamp_pacific": "2026-08-31T20:07:37.341-07:00", "status": "ok", "reasons": ["heartbeat"]}
POWER_MONITOR_RECORD {"timestamp_pacific": "2026-08-31T20:08:37.673-07:00", "status": "ok", "reasons": ["heartbeat"]}
POWER_MONITOR_RECORD {"timestamp_pacific": "2026-08-31T20:09:38.006-07:00", "status": "ok", "reasons": ["heartbeat"]}
POWER_MONITOR_RECORD {"timestamp_pacific": "2026-08-31T20:10:38.339-07:00", "status": "ok", "reasons": ["heartbeat"]}
POWER_MONITOR_RECORD {"timestamp_pacific": "2026-08-31T20:11:38.676-07:00", "status": "ok", "reasons": ["heartbeat"]}
POWER_MONITOR_RECORD {"timestamp_pacific": "2026-08-31T20:12:39.007-07:00", "status": "ok", "reasons": ["heartbeat"]}
POWER_MONITOR_RECORD {"timestamp_pacific": "2026-08-31T20:13:39.333-07:00", "status": "ok", "reasons": ["heartbeat"]}
POWER_MONITOR_RECORD {"timestamp_pacific": "2026-08-31T20:14:39.666-07:00", "status": "ok", "reasons": ["heartbeat"]}
POWER_MONITOR_RECORD {"timestamp_pacific": "2026-08-31T20:15:39.997-07:00", "status": "ok", "reasons": ["heartbeat"]}
POWER_MONITOR_RECORD {"timestamp_pacific": "2026-08-31T20:16:40.327-07:00", "status": "ok", "reasons": ["heartbeat"]}
POWER_MONITOR_RECORD {"timestamp_pacific": "2026-08-31T20:17:40.660-07:00", "status": "ok", "reasons": ["heartbeat"]}
POWER_MONITOR_RECORD {"timestamp_pacific": "2026-08-31T20:18:40.993-07:00", "status": "ok", "reasons": ["heartbeat"]}
POWER_MONITOR_RECORD {"timestamp_pacific": "2026-08-31T20:19:41.324-07:00", "status": "ok", "reasons": ["heartbeat"]}
POWER_MONITOR_RECORD {"timestamp_pacific": "2026-08-31T20:20:41.658-07:00", "status": "ok", "reasons": ["heartbeat"]}
POWER_MONITOR_RECORD {"timestamp_pacific": "2026-08-31T20:21:41.991-07:00", "status": "ok", "reasons": ["heartbeat"]}
POWER_MONITOR_RECORD {"timestamp_pacific": "2026-08-31T20:22:42.321-07:00", "status": "ok", "reasons": ["heartbeat"]}
POWER_MONITOR_RECORD {"timestamp_pacific": "2026-08-31T20:23:42.654-07:00", "status": "ok", "reasons": ["heartbeat"]}
POWER_MONITOR_RECORD {"timestamp_pacific": "2026-08-31T20:24:42.984-07:00", "status": "ok", "reasons": ["heartbeat"]}
POWER_MONITOR_RECORD {"timestamp_pacific": "2026-08-31T20:25:43.313-07:00", "status": "ok", "reasons": ["heartbeat"]}
POWER_MONITOR_RECORD {"timestamp_pacific": "2026-08-31T20:26:43.645-07:00", "status": "ok", "reasons": ["heartbeat"]}
POWER_MONITOR_RECORD {"timestamp_pacific": "2026-08-31T20:27:43.975-07:00", "status": "ok", "reasons": ["heartbeat"]}
POWER_MONITOR_RECORD {"timestamp_pacific": "2026-08-31T20:28:44.305-07:00", "status": "ok", "reasons": ["heartbeat"]}
POWER_MONITOR_RECORD {"timestamp_pacific": "2026-08-31T20:29:44.637-07:00", "status": "ok", "reasons": ["heartbeat"]}
POWER_MONITOR_RECORD {"timestamp_pacific": "2026-08-31T20:30:44.970-07:00", "status": "ok", "reasons": ["heartbeat"]}
POWER_MONITOR_RECORD {"timestamp_pacific": "2026-08-31T20:31:45.302-07:00", "status": "ok", "reasons": ["heartbeat"]}
POWER_MONITOR_RECORD {"timestamp_pacific": "2026-08-31T20:32:45.637-07:00", "status": "ok", "reasons": ["heartbeat"]}
POWER_MONITOR_RECORD {"timestamp_pacific": "2026-08-31T20:33:45.970-07:00", "status": "ok", "reasons": ["heartbeat"]}
POWER_MONITOR_RECORD {"timestamp_pacific": "2026-08-31T20:34:46.304-07:00", "status": "ok", "reasons": ["heartbeat"]}
POWER_MONITOR_RECORD {"timestamp_pacific": "2026-08-31T20:35:46.638-07:00", "status": "ok", "reasons": ["heartbeat"]}
POWER_MONITOR_RECORD {"timestamp_pacific": "2026-08-31T20:36:46.974-07:00", "status": "ok", "reasons": ["heartbeat"]}
POWER_MONITOR_RECORD {"timestamp_pacific": "2026-08-31T20:37:47.309-07:00", "status": "ok", "reasons": ["heartbeat"]}
POWER_MONITOR_RECORD {"timestamp_pacific": "2026-08-31T20:38:47.643-07:00", "status": "ok", "reasons": ["heartbeat"]}
POWER_MONITOR_RECORD {"timestamp_pacific": "2026-08-31T20:39:47.975-07:00", "status": "ok", "reasons": ["heartbeat"]}
POWER_MONITOR_RECORD {"timestamp_pacific": "2026-08-31T20:40:48.308-07:00", "status": "ok", "reasons": ["heartbeat"]}
POWER_MONITOR_RECORD {"timestamp_pacific": "2026-08-31T20:41:48.642-07:00", "status": "ok", "reasons": ["heartbeat"]}
POWER_MONITOR_RECORD {"timestamp_pacific": "2026-08-31T20:42:48.974-07:00", "status": "ok", "reasons": ["heartbeat"]}
POWER_MONITOR_RECORD {"timestamp_pacific": "2026-08-31T20:43:49.306-07:00", "status": "ok", "reasons": ["heartbeat"]}
POWER_MONITOR_RECORD {"timestamp_pacific": "2026-08-31T20:44:49.637-07:00", "status": "ok", "reasons": ["heartbeat"]}
POWER_MONITOR_RECORD {"timestamp_pacific": "2026-08-31T20:45:49.968-07:00", "status": "ok", "reasons": ["heartbeat"]}
POWER_MONITOR_RECORD {"timestamp_pacific": "2026-08-31T20:46:50.300-07:00", "status": "ok", "reasons": ["heartbeat"]}
POWER_MONITOR_RECORD {"timestamp_pacific": "2026-08-31T20:47:50.633-07:00", "status": "ok", "reasons": ["heartbeat"]}
POWER_MONITOR_RECORD {"timestamp_pacific": "2026-08-31T20:48:50.963-07:00", "status": "ok", "reasons": ["heartbeat"]}
POWER_MONITOR_RECORD {"timestamp_pacific": "2026-08-31T20:49:51.295-07:00", "status": "ok", "reasons": ["heartbeat"]}
POWER_MONITOR_RECORD {"timestamp_pacific": "2026-08-31T20:50:51.626-07:00", "status": "ok", "reasons": ["heartbeat"]}
POWER_MONITOR_RECORD {"timestamp_pacific": "2026-08-31T20:51:51.957-07:00", "status": "ok", "reasons": ["heartbeat"]}
POWER_MONITOR_RECORD {"timestamp_pacific": "2026-08-31T20:52:52.290-07:00", "status": "ok", "reasons": ["heartbeat"]}
POWER_MONITOR_RECORD {"timestamp_pacific": "2026-08-31T20:53:52.623-07:00", "status": "ok", "reasons": ["heartbeat"]}
POWER_MONITOR_RECORD {"timestamp_pacific": "2026-08-31T20:54:52.957-07:00", "status": "ok", "reasons": ["heartbeat"]}
POWER_MONITOR_RECORD {"timestamp_pacific": "2026-08-31T20:55:53.294-07:00", "status": "ok", "reasons": ["heartbeat"]}
POWER_MONITOR_RECORD {"timestamp_pacific": "2026-08-31T20:56:53.628-07:00", "status": "ok", "reasons": ["heartbeat"]}
POWER_MONITOR_RECORD {"timestamp_pacific": "2026-08-31T20:57:53.962-07:00", "status": "ok", "reasons": ["heartbeat"]}
POWER_MONITOR_RECORD {"timestamp_pacific": "2026-08-31T20:58:54.297-07:00", "status": "ok", "reasons": ["heartbeat"]}
POWER_MONITOR_RECORD {"timestamp_pacific": "2026-08-31T20:59:54.626-07:00", "status": "ok", "reasons": ["heartbeat"]}
POWER_MONITOR_RECORD {"timestamp_pacific": "2026-08-31T21:00:54.959-07:00", "status": "ok", "reasons": ["heartbeat"]}
POWER_MONITOR_RECORD {"timestamp_pacific": "2026-08-31T21:01:55.291-07:00", "status": "ok", "reasons": ["heartbeat"]}
POWER_MONITOR_RECORD {"timestamp_pacific": "2026-08-31T21:02:55.620-07:00", "status": "ok", "reasons": ["heartbeat"]}
POWER_MONITOR_RECORD {"timestamp_pacific": "2026-08-31T21:03:55.951-07:00", "status": "ok", "reasons": ["heartbeat"]}
POWER_MONITOR_RECORD {"timestamp_pacific": "2026-08-31T21:04:56.283-07:00", "status": "ok", "reasons": ["heartbeat"]}
POWER_MONITOR_RECORD {"timestamp_pacific": "2026-08-31T21:05:56.614-07:00", "status": "ok", "reasons": ["heartbeat"]}
POWER_MONITOR_RECORD {"timestamp_pacific": "2026-08-31T21:06:56.931-07:00", "status": "ok", "reasons": ["heartbeat"]}
POWER_MONITOR_RECORD {"timestamp_pacific": "2026-08-31T21:07:57.264-07:00", "status": "ok", "reasons": ["heartbeat"]}
POWER_MONITOR_RECORD {"timestamp_pacific": "2026-08-31T21:08:57.599-07:00", "status": "ok", "reasons": ["heartbeat"]}
POWER_MONITOR_RECORD {"timestamp_pacific": "2026-08-31T21:09:57.930-07:00", "status": "ok", "reasons": ["heartbeat"]}
POWER_MONITOR_RECORD {"timestamp_pacific": "2026-08-31T21:10:58.260-07:00", "status": "ok", "reasons": ["heartbeat"]}
POWER_MONITOR_RECORD {"timestamp_pacific": "2026-08-31T21:11:58.594-07:00", "status": "ok", "reasons": ["heartbeat"]}
POWER_MONITOR_RECORD {"timestamp_pacific": "2026-08-31T21:12:58.926-07:00", "status": "ok", "reasons": ["heartbeat"]}
POWER_MONITOR_RECORD {"timestamp_pacific": "2026-08-31T21:13:59.257-07:00", "status": "ok", "reasons": ["heartbeat"]}
POWER_MONITOR_RECORD {"timestamp_pacific": "2026-08-31T21:14:59.592-07:00", "status": "ok", "reasons": ["heartbeat"]}
POWER_MONITOR_RECORD {"timestamp_pacific": "2026-08-31T21:15:59.924-07:00", "status": "ok", "reasons": ["heartbeat"]}
POWER_MONITOR_RECORD {"timestamp_pacific": "2026-08-31T21:17:00.253-07:00", "status": "ok", "reasons": ["heartbeat"]}
POWER_MONITOR_RECORD {"timestamp_pacific": "2026-08-31T21:18:00.587-07:00", "status": "ok", "reasons": ["heartbeat"]}
POWER_MONITOR_RECORD {"timestamp_pacific": "2026-08-31T21:19:00.919-07:00", "status": "ok", "reasons": ["heartbeat"]}
POWER_MONITOR_RECORD {"timestamp_pacific": "2026-08-31T21:20:01.251-07:00", "status": "ok", "reasons": ["heartbeat"]}
POWER_MONITOR_RECORD {"timestamp_pacific": "2026-08-31T21:21:01.582-07:00", "status": "ok", "reasons": ["heartbeat"]}
POWER_MONITOR_RECORD {"timestamp_pacific": "2026-08-31T21:22:01.912-07:00", "status": "ok", "reasons": ["heartbeat"]}
POWER_MONITOR_RECORD {"timestamp_pacific": "2026-08-31T21:23:02.243-07:00", "status": "ok", "reasons": ["heartbeat"]}
POWER_MONITOR_RECORD {"timestamp_pacific": "2026-08-31T21:24:02.575-07:00", "status": "ok", "reasons": ["heartbeat"]}
POWER_MONITOR_RECORD {"timestamp_pacific": "2026-08-31T21:25:02.904-07:00", "status": "ok", "reasons": ["heartbeat"]}
POWER_MONITOR_RECORD {"timestamp_pacific": "2026-08-31T21:26:03.220-07:00", "status": "ok", "reasons": ["heartbeat"]}
POWER_MONITOR_RECORD {"timestamp_pacific": "2026-08-31T21:27:03.552-07:00", "status": "ok", "reasons": ["heartbeat"]}
POWER_MONITOR_RECORD {"timestamp_pacific": "2026-08-31T21:28:03.886-07:00", "status": "ok", "reasons": ["heartbeat"]}
POWER_MONITOR_RECORD {"timestamp_pacific": "2026-08-31T21:28:59.190-07:00", "status": "ok", "reasons": ["current_change", "power_change"]}
POWER_MONITOR_RECORD {"timestamp_pacific": "2026-08-31T21:29:59.487-07:00", "status": "ok", "reasons": ["heartbeat"]}
POWER_MONITOR_RECORD {"timestamp_pacific": "2026-08-31T21:30:59.818-07:00", "status": "ok", "reasons": ["heartbeat"]}
POWER_MONITOR_RECORD {"timestamp_pacific": "2026-08-31T21:32:00.147-07:00", "status": "ok", "reasons": ["heartbeat"]}
POWER_MONITOR_RECORD {"timestamp_pacific": "2026-08-31T21:32:30.287-07:00", "status": "ok", "reasons": ["current_change", "power_change", "heater_off"]}
POWER_MONITOR_RECORD {"timestamp_pacific": "2026-08-31T21:33:30.590-07:00", "status": "ok", "reasons": ["heartbeat"]}
POWER_MONITOR_RECORD {"timestamp_pacific": "2026-08-31T21:34:03.765-07:00", "status": "ok", "reasons": ["current_change", "power_change", "heater_on"]}
POWER_MONITOR_RECORD {"timestamp_pacific": "2026-08-31T21:35:04.105-07:00", "status": "ok", "reasons": ["heartbeat"]}
POWER_MONITOR_RECORD {"timestamp_pacific": "2026-08-31T21:35:08.130-07:00", "status": "ok", "reasons": ["current_change", "power_change"]}
POWER_MONITOR_RECORD {"timestamp_pacific": "2026-08-31T21:35:09.136-07:00", "status": "ok", "reasons": ["current_change", "power_change"]}
POWER_MONITOR_RECORD {"timestamp_pacific": "2026-08-31T21:35:12.154-07:00", "status": "ok", "reasons": ["current_change", "power_change"]}
POWER_MONITOR_RECORD {"timestamp_pacific": "2026-08-31T21:35:14.166-07:00", "status": "ok", "reasons": ["current_change"]}
POWER_MONITOR_RECORD {"timestamp_pacific": "2026-08-31T21:35:16.178-07:00", "status": "ok", "reasons": ["current_change"]}
POWER_MONITOR_RECORD {"timestamp_pacific": "2026-08-31T21:35:21.208-07:00", "status": "ok", "reasons": ["current_change"]}
POWER_MONITOR_RECORD {"timestamp_pacific": "2026-08-31T21:35:25.228-07:00", "status": "ok", "reasons": ["current_change"]}
POWER_MONITOR_RECORD {"timestamp_pacific": "2026-08-31T21:35:27.233-07:00", "status": "ok", "reasons": ["current_change"]}
POWER_MONITOR_RECORD {"timestamp_pacific": "2026-08-31T21:35:31.250-07:00", "status": "ok", "reasons": ["current_change"]}
POWER_MONITOR_RECORD {"timestamp_pacific": "2026-08-31T21:35:35.274-07:00", "status": "ok", "reasons": ["current_change"]}
POWER_MONITOR_RECORD {"timestamp_pacific": "2026-08-31T21:36:35.591-07:00", "status": "ok", "reasons": ["heartbeat"]}
POWER_MONITOR_RECORD {"timestamp_pacific": "2026-08-31T21:37:35.907-07:00", "status": "ok", "reasons": ["heartbeat"]}
POWER_MONITOR_RECORD {"timestamp_pacific": "2026-08-31T21:38:36.204-07:00", "status": "ok", "reasons": ["heartbeat"]}
POWER_MONITOR_RECORD {"timestamp_pacific": "2026-08-31T21:39:36.519-07:00", "status": "ok", "reasons": ["heartbeat"]}
POWER_MONITOR_RECORD {"timestamp_pacific": "2026-08-31T21:40:36.817-07:00", "status": "ok", "reasons": ["heartbeat"]}
POWER_MONITOR_RECORD {"timestamp_pacific": "2026-08-31T21:40:40.841-07:00", "status": "ok", "reasons": ["current_change", "power_change"]}
POWER_MONITOR_RECORD {"timestamp_pacific": "2026-08-31T21:40:42.850-07:00", "status": "ok", "reasons": ["current_change"]}
POWER_MONITOR_RECORD {"timestamp_pacific": "2026-08-31T21:40:43.852-07:00", "status": "ok", "reasons": ["current_change"]}
POWER_MONITOR_RECORD {"timestamp_pacific": "2026-08-31T21:40:45.857-07:00", "status": "ok", "reasons": ["current_change"]}
POWER_MONITOR_RECORD {"timestamp_pacific": "2026-08-31T21:40:47.866-07:00", "status": "ok", "reasons": ["current_change", "power_change"]}
POWER_MONITOR_RECORD {"timestamp_pacific": "2026-08-31T21:40:54.907-07:00", "status": "ok", "reasons": ["current_change"]}
POWER_MONITOR_RECORD {"timestamp_pacific": "2026-08-31T21:41:14.016-07:00", "status": "ok", "reasons": ["current_change"]}
POWER_MONITOR_RECORD {"timestamp_pacific": "2026-08-31T21:42:14.313-07:00", "status": "ok", "reasons": ["heartbeat"]}
POWER_MONITOR_RECORD {"timestamp_pacific": "2026-08-31T21:43:14.633-07:00", "status": "ok", "reasons": ["heartbeat"]}
POWER_MONITOR_RECORD {"timestamp_pacific": "2026-08-31T21:44:14.943-07:00", "status": "ok", "reasons": ["heartbeat"]}
POWER_MONITOR_RECORD {"timestamp_pacific": "2026-08-31T21:45:15.260-07:00", "status": "ok", "reasons": ["heartbeat"]}
POWER_MONITOR_RECORD {"timestamp_pacific": "2026-08-31T21:46:15.592-07:00", "status": "ok", "reasons": ["heartbeat"]}
POWER_MONITOR_RECORD {"timestamp_pacific": "2026-08-31T21:47:15.930-07:00", "status": "ok", "reasons": ["heartbeat"]}
POWER_MONITOR_RECORD {"timestamp_pacific": "2026-08-31T21:48:16.229-07:00", "status": "ok", "reasons": ["heartbeat"]}
POWER_MONITOR_RECORD {"timestamp_pacific": "2026-08-31T21:49:16.538-07:00", "status": "ok", "reasons": ["heartbeat"]}
POWER_MONITOR_RECORD {"timestamp_pacific": "2026-08-31T21:50:16.835-07:00", "status": "ok", "reasons": ["heartbeat"]}
POWER_MONITOR_RECORD {"timestamp_pacific": "2026-08-31T21:51:17.149-07:00", "status": "ok", "reasons": ["heartbeat"]}
POWER_MONITOR_RECORD {"timestamp_pacific": "2026-08-31T21:52:17.476-07:00", "status": "ok", "reasons": ["heartbeat"]}
POWER_MONITOR_RECORD {"timestamp_pacific": "2026-08-31T21:53:17.773-07:00", "status": "ok", "reasons": ["heartbeat"]}
POWER_MONITOR_RECORD {"timestamp_pacific": "2026-08-31T21:54:18.079-07:00", "status": "ok", "reasons": ["heartbeat"]}
POWER_MONITOR_RECORD {"timestamp_pacific": "2026-08-31T21:55:18.378-07:00", "status": "ok", "reasons": ["heartbeat"]}
POWER_MONITOR_RECORD {"timestamp_pacific": "2026-08-31T21:56:18.683-07:00", "status": "ok", "reasons": ["heartbeat"]}
POWER_MONITOR_RECORD {"timestamp_pacific": "2026-08-31T21:56:52.847-07:00", "status": "ok", "reasons": ["power_change"]}
POWER_MONITOR_RECORD {"timestamp_pacific": "2026-08-31T21:57:53.145-07:00", "status": "ok", "reasons": ["heartbeat"]}
POWER_MONITOR_RECORD {"timestamp_pacific": "2026-08-31T21:58:53.453-07:00", "status": "ok", "reasons": ["heartbeat"]}
POWER_MONITOR_RECORD {"timestamp_pacific": "2026-08-31T21:59:53.753-07:00", "status": "ok", "reasons": ["heartbeat"]}
POWER_MONITOR_RECORD {"timestamp_pacific": "2026-08-31T22:00:54.061-07:00", "status": "ok", "reasons": ["heartbeat"]}
POWER_MONITOR_RECORD {"timestamp_pacific": "2026-08-31T22:01:54.358-07:00", "status": "ok", "reasons": ["heartbeat"]}
POWER_MONITOR_RECORD {"timestamp_pacific": "2026-08-31T22:02:54.657-07:00", "status": "ok", "reasons": ["heartbeat"]}
POWER_MONITOR_RECORD {"timestamp_pacific": "2026-08-31T22:03:54.955-07:00", "status": "ok", "reasons": ["heartbeat"]}
POWER_MONITOR_RECORD {"timestamp_pacific": "2026-08-31T22:04:55.260-07:00", "status": "ok", "reasons": ["heartbeat"]}
POWER_MONITOR_RECORD {"timestamp_pacific": "2026-08-31T22:05:55.558-07:00", "status": "ok", "reasons": ["heartbeat"]}
POWER_MONITOR_RECORD {"timestamp_pacific": "2026-08-31T22:06:55.856-07:00", "status": "ok", "reasons": ["heartbeat"]}
POWER_MONITOR_RECORD {"timestamp_pacific": "2026-08-31T22:07:56.189-07:00", "status": "ok", "reasons": ["heartbeat"]}
POWER_MONITOR_RECORD {"timestamp_pacific": "2026-08-31T22:08:56.501-07:00", "status": "ok", "reasons": ["heartbeat"]}
POWER_MONITOR_RECORD {"timestamp_pacific": "2026-08-31T22:09:56.800-07:00", "status": "ok", "reasons": ["heartbeat"]}
POWER_MONITOR_RECORD {"timestamp_pacific": "2026-08-31T22:10:57.100-07:00", "status": "ok", "reasons": ["heartbeat"]}
POWER_MONITOR_RECORD {"timestamp_pacific": "2026-08-31T22:11:57.398-07:00", "status": "ok", "reasons": ["heartbeat"]}
POWER_MONITOR_RECORD {"timestamp_pacific": "2026-08-31T22:12:57.700-07:00", "status": "ok", "reasons": ["heartbeat"]}
POWER_MONITOR_RECORD {"timestamp_pacific": "2026-08-31T22:13:58.000-07:00", "status": "ok", "reasons": ["heartbeat"]}
POWER_MONITOR_RECORD {"timestamp_pacific": "2026-08-31T22:14:58.299-07:00", "status": "ok", "reasons": ["heartbeat"]}
POWER_MONITOR_RECORD {"timestamp_pacific": "2026-08-31T22:15:58.598-07:00", "status": "ok", "reasons": ["heartbeat"]}
POWER_MONITOR_RECORD {"timestamp_pacific": "2026-08-31T22:16:58.898-07:00", "status": "ok", "reasons": ["heartbeat"]}
POWER_MONITOR_RECORD {"timestamp_pacific": "2026-08-31T22:17:59.196-07:00", "status": "ok", "reasons": ["heartbeat"]}
POWER_MONITOR_RECORD {"timestamp_pacific": "2026-08-31T22:18:59.492-07:00", "status": "ok", "reasons": ["heartbeat"]}
POWER_MONITOR_RECORD {"timestamp_pacific": "2026-08-31T22:19:59.790-07:00", "status": "ok", "reasons": ["heartbeat"]}
POWER_MONITOR_RECORD {"timestamp_pacific": "2026-08-31T22:21:00.107-07:00", "status": "ok", "reasons": ["heartbeat"]}
POWER_MONITOR_RECORD {"timestamp_pacific": "2026-08-31T22:22:00.403-07:00", "status": "ok", "reasons": ["heartbeat"]}
POWER_MONITOR_RECORD {"timestamp_pacific": "2026-08-31T22:23:00.704-07:00", "status": "ok", "reasons": ["heartbeat"]}
POWER_MONITOR_RECORD {"timestamp_pacific": "2026-08-31T22:24:01.002-07:00", "status": "ok", "reasons": ["heartbeat"]}
POWER_MONITOR_RECORD {"timestamp_pacific": "2026-08-31T22:25:01.309-07:00", "status": "ok", "reasons": ["heartbeat"]}
POWER_MONITOR_RECORD {"timestamp_pacific": "2026-08-31T22:25:04.327-07:00", "status": "ok", "reasons": ["power_change"]}
POWER_MONITOR_RECORD {"timestamp_pacific": "2026-08-31T22:26:04.624-07:00", "status": "ok", "reasons": ["heartbeat"]}
POWER_MONITOR_RECORD {"timestamp_pacific": "2026-08-31T22:27:04.945-07:00", "status": "ok", "reasons": ["heartbeat"]}
POWER_MONITOR_RECORD {"timestamp_pacific": "2026-08-31T22:28:05.242-07:00", "status": "ok", "reasons": ["heartbeat"]}
POWER_MONITOR_RECORD {"timestamp_pacific": "2026-08-31T22:29:05.547-07:00", "status": "ok", "reasons": ["heartbeat"]}
POWER_MONITOR_STOPPED {"output_csv": "/home/pi/conformance_testing_team/saved_data/conformance_runs/WH-2/FHR-CPE_2026_08_31_192440_PDT/power.csv", "timestamp_pacific": "2026-08-31T22:29:17.728-07:00"}
