2026-08-03 15:21:09,454 INFO  [default] link ACK received: device_information
2026-08-03 15:21:09,582 INFO  [default] message type supported received: 2
2026-08-03 15:21:09,582 INFO  [default] device info response received. response code: 0 - success
2026-08-03 15:21:09,582 INFO  [default]   CTA-2045 version: 00
2026-08-03 15:21:09,582 INFO  [default]   device type: 3 - Water Heater - Heat Pump
2026-08-03 15:21:09,582 INFO  [default]   vendor ID: 4660
2026-08-03 15:21:09,624 INFO  [default] starting commodity service...
2026-08-03 15:21:09,774 INFO  [default] link ACK received: get_commodity
2026-08-03 15:21:09,902 INFO  [default] message type supported received: 2
2026-08-03 15:21:09,902 INFO  [default] commodity response received. response code: 0 - success; count: 3
2026-08-03 15:21:09,902 INFO  [default] commodity code: 0 - Electricity consumed (W & W-hr)
2026-08-03 15:21:09,903 INFO  [default]            source: Estimated
2026-08-03 15:21:09,903 INFO  [default]   cumulative: 189
2026-08-03 15:21:09,903 INFO  [default]    inst rate: 0
2026-08-03 15:21:09,903 INFO  [default] commodity code: 6 - Total energy storage/take capacity (W-hr)
2026-08-03 15:21:09,903 INFO  [default]            source: Estimated
2026-08-03 15:21:09,903 INFO  [default]   cumulative: 4026
2026-08-03 15:21:09,903 INFO  [default]    inst rate: not used for this commodity code
2026-08-03 15:21:09,903 INFO  [default] commodity code: 7 - Present energy storage/take capacity (W-hr)
2026-08-03 15:21:09,904 INFO  [default]            source: Estimated
2026-08-03 15:21:09,904 INFO  [default]   cumulative: 0
2026-08-03 15:21:09,904 INFO  [default]    inst rate: not used for this commodity code
2026-08-03 15:21:10,094 INFO  [default] link ACK received: query_operational_state
2026-08-03 15:21:10,189 INFO  [default] operational state received: 0

Press Enter for a list of commands
1785795670,o,0 (PASSED!)
outside communication found
2026-08-03 15:21:11,277 INFO  [default] link ACK received: outside_communication
2026-08-03 15:21:11,389 INFO  [default] app ack received
a- Advanced Loadup
c- Critical Peak Event
e- End shed/Normal
g- Grid Emergency
l- Loadup
o- Outside Communication
s- Shed
v- Enable advanced load up capability
x- Disable advanced load up capability
z- Quit and return operation to normal
q- Quit
enter choice: 1785795685,l,0 (PASSED!)
loading up
2026-08-03 15:21:25,499 INFO  [default] link ACK received: load_up
2026-08-03 15:21:25,611 INFO  [default] app ack received
2026-08-03 15:22:09,795 INFO  [default] link ACK received: get_commodity
2026-08-03 15:22:09,907 INFO  [default] message type supported received: 2
2026-08-03 15:22:09,907 INFO  [default] commodity response received. response code: 0 - success; count: 3
2026-08-03 15:22:09,908 INFO  [default] commodity code: 0 - Electricity consumed (W & W-hr)
2026-08-03 15:22:09,908 INFO  [default]            source: Estimated
2026-08-03 15:22:09,908 INFO  [default]   cumulative: 189
2026-08-03 15:22:09,908 INFO  [default]    inst rate: 0
2026-08-03 15:22:09,908 INFO  [default] commodity code: 6 - Total energy storage/take capacity (W-hr)
2026-08-03 15:22:09,908 INFO  [default]            source: Estimated
2026-08-03 15:22:09,908 INFO  [default]   cumulative: 4026
2026-08-03 15:22:09,909 INFO  [default]    inst rate: not used for this commodity code
2026-08-03 15:22:09,909 INFO  [default] commodity code: 7 - Present energy storage/take capacity (W-hr)
2026-08-03 15:22:09,909 INFO  [default]            source: Estimated
2026-08-03 15:22:09,909 INFO  [default]   cumulative: 0
2026-08-03 15:22:09,909 INFO  [default]    inst rate: not used for this commodity code
2026-08-03 15:22:10,099 INFO  [default] link ACK received: query_operational_state
2026-08-03 15:22:10,211 INFO  [default] operational state received: 4

Press Enter for a list of commands
2026-08-03 15:23:10,408 INFO  [default] link ACK received: get_commodity
2026-08-03 15:23:10,536 INFO  [default] message type supported received: 2
2026-08-03 15:23:10,536 INFO  [default] commodity response received. response code: 0 - success; count: 3
2026-08-03 15:23:10,537 INFO  [default] commodity code: 0 - Electricity consumed (W & W-hr)
2026-08-03 15:23:10,537 INFO  [default]            source: Estimated
2026-08-03 15:23:10,537 INFO  [default]   cumulative: 189
2026-08-03 15:23:10,537 INFO  [default]    inst rate: 0
2026-08-03 15:23:10,537 INFO  [default] commodity code: 6 - Total energy storage/take capacity (W-hr)
2026-08-03 15:23:10,538 INFO  [default]            source: Estimated
2026-08-03 15:23:10,538 INFO  [default]   cumulative: 4026
2026-08-03 15:23:10,538 INFO  [default]    inst rate: not used for this commodity code
2026-08-03 15:23:10,538 INFO  [default] commodity code: 7 - Present energy storage/take capacity (W-hr)
2026-08-03 15:23:10,538 INFO  [default]            source: Estimated
2026-08-03 15:23:10,538 INFO  [default]   cumulative: 0
2026-08-03 15:23:10,538 INFO  [default]    inst rate: not used for this commodity code
2026-08-03 15:23:10,728 INFO  [default] link ACK received: query_operational_state
2026-08-03 15:23:10,840 INFO  [default] operational state received: 4

Press Enter for a list of commands
2026-08-03 15:24:10,046 INFO  [default] link ACK received: get_commodity
2026-08-03 15:24:10,174 INFO  [default] message type supported received: 2
2026-08-03 15:24:10,174 INFO  [default] commodity response received. response code: 0 - success; count: 3
2026-08-03 15:24:10,174 INFO  [default] commodity code: 0 - Electricity consumed (W & W-hr)
2026-08-03 15:24:10,175 INFO  [default]            source: Estimated
2026-08-03 15:24:10,175 INFO  [default]   cumulative: 189
2026-08-03 15:24:10,175 INFO  [default]    inst rate: 0
2026-08-03 15:24:10,175 INFO  [default] commodity code: 6 - Total energy storage/take capacity (W-hr)
2026-08-03 15:24:10,175 INFO  [default]            source: Estimated
2026-08-03 15:24:10,175 INFO  [default]   cumulative: 4026
2026-08-03 15:24:10,175 INFO  [default]    inst rate: not used for this commodity code
2026-08-03 15:24:10,175 INFO  [default] commodity code: 7 - Present energy storage/take capacity (W-hr)
2026-08-03 15:24:10,176 INFO  [default]            source: Estimated
2026-08-03 15:24:10,176 INFO  [default]   cumulative: 0
2026-08-03 15:24:10,176 INFO  [default]    inst rate: not used for this commodity code
2026-08-03 15:24:10,366 INFO  [default] link ACK received: query_operational_state
2026-08-03 15:24:10,478 INFO  [default] operational state received: 4

Press Enter for a list of commands
2026-08-03 15:25:10,691 INFO  [default] link ACK received: get_commodity
2026-08-03 15:25:10,819 INFO  [default] message type supported received: 2
2026-08-03 15:25:10,819 INFO  [default] commodity response received. response code: 0 - success; count: 3
2026-08-03 15:25:10,820 INFO  [default] commodity code: 0 - Electricity consumed (W & W-hr)
2026-08-03 15:25:10,820 INFO  [default]            source: Estimated
2026-08-03 15:25:10,820 INFO  [default]   cumulative: 189
2026-08-03 15:25:10,820 INFO  [default]    inst rate: 0
2026-08-03 15:25:10,820 INFO  [default] commodity code: 6 - Total energy storage/take capacity (W-hr)
2026-08-03 15:25:10,820 INFO  [default]            source: Estimated
2026-08-03 15:25:10,820 INFO  [default]   cumulative: 4026
2026-08-03 15:25:10,821 INFO  [default]    inst rate: not used for this commodity code
2026-08-03 15:25:10,821 INFO  [default] commodity code: 7 - Present energy storage/take capacity (W-hr)
2026-08-03 15:25:10,821 INFO  [default]            source: Estimated
2026-08-03 15:25:10,821 INFO  [default]   cumulative: 0
2026-08-03 15:25:10,821 INFO  [default]    inst rate: not used for this commodity code
2026-08-03 15:25:11,011 INFO  [default] link ACK received: query_operational_state
2026-08-03 15:25:11,123 INFO  [default] operational state received: 4

Press Enter for a list of commands
2026-08-03 15:26:10,328 INFO  [default] link ACK received: get_commodity
2026-08-03 15:26:10,456 INFO  [default] message type supported received: 2
2026-08-03 15:26:10,456 INFO  [default] commodity response received. response code: 0 - success; count: 3
2026-08-03 15:26:10,457 INFO  [default] commodity code: 0 - Electricity consumed (W & W-hr)
2026-08-03 15:26:10,457 INFO  [default]            source: Estimated
2026-08-03 15:26:10,457 INFO  [default]   cumulative: 189
2026-08-03 15:26:10,457 INFO  [default]    inst rate: 0
2026-08-03 15:26:10,458 INFO  [default] commodity code: 6 - Total energy storage/take capacity (W-hr)
2026-08-03 15:26:10,458 INFO  [default]            source: Estimated
2026-08-03 15:26:10,458 INFO  [default]   cumulative: 4026
2026-08-03 15:26:10,458 INFO  [default]    inst rate: not used for this commodity code
2026-08-03 15:26:10,458 INFO  [default] commodity code: 7 - Present energy storage/take capacity (W-hr)
2026-08-03 15:26:10,458 INFO  [default]            source: Estimated
2026-08-03 15:26:10,458 INFO  [default]   cumulative: 0
2026-08-03 15:26:10,458 INFO  [default]    inst rate: not used for this commodity code
2026-08-03 15:26:10,648 INFO  [default] link ACK received: query_operational_state
2026-08-03 15:26:10,760 INFO  [default] operational state received: 4

Press Enter for a list of commands
2026-08-03 15:27:09,966 INFO  [default] link ACK received: get_commodity
2026-08-03 15:27:10,094 INFO  [default] message type supported received: 2
2026-08-03 15:27:10,094 INFO  [default] commodity response received. response code: 0 - success; count: 3
2026-08-03 15:27:10,095 INFO  [default] commodity code: 0 - Electricity consumed (W & W-hr)
2026-08-03 15:27:10,095 INFO  [default]            source: Estimated
2026-08-03 15:27:10,095 INFO  [default]   cumulative: 189
2026-08-03 15:27:10,095 INFO  [default]    inst rate: 0
2026-08-03 15:27:10,095 INFO  [default] commodity code: 6 - Total energy storage/take capacity (W-hr)
2026-08-03 15:27:10,095 INFO  [default]            source: Estimated
2026-08-03 15:27:10,095 INFO  [default]   cumulative: 4026
2026-08-03 15:27:10,095 INFO  [default]    inst rate: not used for this commodity code
2026-08-03 15:27:10,096 INFO  [default] commodity code: 7 - Present energy storage/take capacity (W-hr)
2026-08-03 15:27:10,096 INFO  [default]            source: Estimated
2026-08-03 15:27:10,096 INFO  [default]   cumulative: 0
2026-08-03 15:27:10,096 INFO  [default]    inst rate: not used for this commodity code
2026-08-03 15:27:10,286 INFO  [default] link ACK received: query_operational_state
2026-08-03 15:27:10,382 INFO  [default] operational state received: 4

Press Enter for a list of commands
2026-08-03 15:28:10,595 INFO  [default] link ACK received: get_commodity
2026-08-03 15:28:10,707 INFO  [default] message type supported received: 2
2026-08-03 15:28:10,707 INFO  [default] commodity response received. response code: 0 - success; count: 3
2026-08-03 15:28:10,708 INFO  [default] commodity code: 0 - Electricity consumed (W & W-hr)
2026-08-03 15:28:10,708 INFO  [default]            source: Estimated
2026-08-03 15:28:10,708 INFO  [default]   cumulative: 189
2026-08-03 15:28:10,708 INFO  [default]    inst rate: 0
2026-08-03 15:28:10,708 INFO  [default] commodity code: 6 - Total energy storage/take capacity (W-hr)
2026-08-03 15:28:10,708 INFO  [default]            source: Estimated
2026-08-03 15:28:10,708 INFO  [default]   cumulative: 4026
2026-08-03 15:28:10,709 INFO  [default]    inst rate: not used for this commodity code
2026-08-03 15:28:10,709 INFO  [default] commodity code: 7 - Present energy storage/take capacity (W-hr)
2026-08-03 15:28:10,709 INFO  [default]            source: Estimated
2026-08-03 15:28:10,709 INFO  [default]   cumulative: 0
2026-08-03 15:28:10,709 INFO  [default]    inst rate: not used for this commodity code
2026-08-03 15:28:10,899 INFO  [default] link ACK received: query_operational_state
2026-08-03 15:28:11,011 INFO  [default] operational state received: 4

Press Enter for a list of commands
2026-08-03 15:29:10,217 INFO  [default] link ACK received: get_commodity
2026-08-03 15:29:10,345 INFO  [default] message type supported received: 2
2026-08-03 15:29:10,345 INFO  [default] commodity response received. response code: 0 - success; count: 3
2026-08-03 15:29:10,345 INFO  [default] commodity code: 0 - Electricity consumed (W & W-hr)
2026-08-03 15:29:10,345 INFO  [default]            source: Estimated
2026-08-03 15:29:10,346 INFO  [default]   cumulative: 189
2026-08-03 15:29:10,346 INFO  [default]    inst rate: 0
2026-08-03 15:29:10,346 INFO  [default] commodity code: 6 - Total energy storage/take capacity (W-hr)
2026-08-03 15:29:10,346 INFO  [default]            source: Estimated
2026-08-03 15:29:10,346 INFO  [default]   cumulative: 4026
2026-08-03 15:29:10,346 INFO  [default]    inst rate: not used for this commodity code
2026-08-03 15:29:10,346 INFO  [default] commodity code: 7 - Present energy storage/take capacity (W-hr)
2026-08-03 15:29:10,346 INFO  [default]            source: Estimated
2026-08-03 15:29:10,347 INFO  [default]   cumulative: 0
2026-08-03 15:29:10,347 INFO  [default]    inst rate: not used for this commodity code
2026-08-03 15:29:10,537 INFO  [default] link ACK received: query_operational_state
2026-08-03 15:29:10,648 INFO  [default] operational state received: 4

Press Enter for a list of commands
2026-08-03 15:30:09,854 INFO  [default] link ACK received: get_commodity
2026-08-03 15:30:09,982 INFO  [default] message type supported received: 2
2026-08-03 15:30:09,982 INFO  [default] commodity response received. response code: 0 - success; count: 3
2026-08-03 15:30:09,983 INFO  [default] commodity code: 0 - Electricity consumed (W & W-hr)
2026-08-03 15:30:09,983 INFO  [default]            source: Estimated
2026-08-03 15:30:09,983 INFO  [default]   cumulative: 189
2026-08-03 15:30:09,983 INFO  [default]    inst rate: 0
2026-08-03 15:30:09,983 INFO  [default] commodity code: 6 - Total energy storage/take capacity (W-hr)
2026-08-03 15:30:09,983 INFO  [default]            source: Estimated
2026-08-03 15:30:09,983 INFO  [default]   cumulative: 4026
2026-08-03 15:30:09,984 INFO  [default]    inst rate: not used for this commodity code
2026-08-03 15:30:09,984 INFO  [default] commodity code: 7 - Present energy storage/take capacity (W-hr)
2026-08-03 15:30:09,984 INFO  [default]            source: Estimated
2026-08-03 15:30:09,984 INFO  [default]   cumulative: 0
2026-08-03 15:30:09,984 INFO  [default]    inst rate: not used for this commodity code
2026-08-03 15:30:10,174 INFO  [default] link ACK received: query_operational_state
2026-08-03 15:30:10,286 INFO  [default] operational state received: 4

Press Enter for a list of commands
2026-08-03 15:31:10,499 INFO  [default] link ACK received: get_commodity
2026-08-03 15:31:10,611 INFO  [default] message type supported received: 2
2026-08-03 15:31:10,612 INFO  [default] commodity response received. response code: 0 - success; count: 3
2026-08-03 15:31:10,612 INFO  [default] commodity code: 0 - Electricity consumed (W & W-hr)
2026-08-03 15:31:10,612 INFO  [default]            source: Estimated
2026-08-03 15:31:10,612 INFO  [default]   cumulative: 189
2026-08-03 15:31:10,612 INFO  [default]    inst rate: 0
2026-08-03 15:31:10,613 INFO  [default] commodity code: 6 - Total energy storage/take capacity (W-hr)
2026-08-03 15:31:10,613 INFO  [default]            source: Estimated
2026-08-03 15:31:10,613 INFO  [default]   cumulative: 4026
2026-08-03 15:31:10,613 INFO  [default]    inst rate: not used for this commodity code
2026-08-03 15:31:10,613 INFO  [default] commodity code: 7 - Present energy storage/take capacity (W-hr)
2026-08-03 15:31:10,613 INFO  [default]            source: Estimated
2026-08-03 15:31:10,613 INFO  [default]   cumulative: 0
2026-08-03 15:31:10,614 INFO  [default]    inst rate: not used for this commodity code
2026-08-03 15:31:10,803 INFO  [default] link ACK received: query_operational_state
2026-08-03 15:31:10,899 INFO  [default] operational state received: 4

Press Enter for a list of commands
2026-08-03 15:32:10,105 INFO  [default] link ACK received: get_commodity
2026-08-03 15:32:10,233 INFO  [default] message type supported received: 2
2026-08-03 15:32:10,233 INFO  [default] commodity response received. response code: 0 - success; count: 3
2026-08-03 15:32:10,233 INFO  [default] commodity code: 0 - Electricity consumed (W & W-hr)
2026-08-03 15:32:10,233 INFO  [default]            source: Estimated
2026-08-03 15:32:10,234 INFO  [default]   cumulative: 189
2026-08-03 15:32:10,234 INFO  [default]    inst rate: 0
2026-08-03 15:32:10,234 INFO  [default] commodity code: 6 - Total energy storage/take capacity (W-hr)
2026-08-03 15:32:10,234 INFO  [default]            source: Estimated
2026-08-03 15:32:10,234 INFO  [default]   cumulative: 4026
2026-08-03 15:32:10,234 INFO  [default]    inst rate: not used for this commodity code
2026-08-03 15:32:10,234 INFO  [default] commodity code: 7 - Present energy storage/take capacity (W-hr)
2026-08-03 15:32:10,234 INFO  [default]            source: Estimated
2026-08-03 15:32:10,235 INFO  [default]   cumulative: 0
2026-08-03 15:32:10,235 INFO  [default]    inst rate: not used for this commodity code
2026-08-03 15:32:10,425 INFO  [default] link ACK received: query_operational_state
2026-08-03 15:32:10,537 INFO  [default] operational state received: 4

Press Enter for a list of commands
2026-08-03 15:33:10,734 INFO  [default] link ACK received: get_commodity
2026-08-03 15:33:10,862 INFO  [default] message type supported received: 2
2026-08-03 15:33:10,862 INFO  [default] commodity response received. response code: 0 - success; count: 3
2026-08-03 15:33:10,863 INFO  [default] commodity code: 0 - Electricity consumed (W & W-hr)
2026-08-03 15:33:10,863 INFO  [default]            source: Estimated
2026-08-03 15:33:10,863 INFO  [default]   cumulative: 189
2026-08-03 15:33:10,863 INFO  [default]    inst rate: 0
2026-08-03 15:33:10,863 INFO  [default] commodity code: 6 - Total energy storage/take capacity (W-hr)
2026-08-03 15:33:10,863 INFO  [default]            source: Estimated
2026-08-03 15:33:10,863 INFO  [default]   cumulative: 4026
2026-08-03 15:33:10,864 INFO  [default]    inst rate: not used for this commodity code
2026-08-03 15:33:10,864 INFO  [default] commodity code: 7 - Present energy storage/take capacity (W-hr)
2026-08-03 15:33:10,864 INFO  [default]            source: Estimated
2026-08-03 15:33:10,864 INFO  [default]   cumulative: 0
2026-08-03 15:33:10,864 INFO  [default]    inst rate: not used for this commodity code
2026-08-03 15:33:11,054 INFO  [default] link ACK received: query_operational_state
2026-08-03 15:33:11,166 INFO  [default] operational state received: 4

Press Enter for a list of commands
2026-08-03 15:34:10,371 INFO  [default] link ACK received: get_commodity
2026-08-03 15:34:10,499 INFO  [default] message type supported received: 2
2026-08-03 15:34:10,500 INFO  [default] commodity response received. response code: 0 - success; count: 3
2026-08-03 15:34:10,500 INFO  [default] commodity code: 0 - Electricity consumed (W & W-hr)
2026-08-03 15:34:10,500 INFO  [default]            source: Estimated
2026-08-03 15:34:10,500 INFO  [default]   cumulative: 189
2026-08-03 15:34:10,500 INFO  [default]    inst rate: 0
2026-08-03 15:34:10,500 INFO  [default] commodity code: 6 - Total energy storage/take capacity (W-hr)
2026-08-03 15:34:10,501 INFO  [default]            source: Estimated
2026-08-03 15:34:10,501 INFO  [default]   cumulative: 4026
2026-08-03 15:34:10,501 INFO  [default]    inst rate: not used for this commodity code
2026-08-03 15:34:10,501 INFO  [default] commodity code: 7 - Present energy storage/take capacity (W-hr)
2026-08-03 15:34:10,501 INFO  [default]            source: Estimated
2026-08-03 15:34:10,501 INFO  [default]   cumulative: 0
2026-08-03 15:34:10,501 INFO  [default]    inst rate: not used for this commodity code
2026-08-03 15:34:10,691 INFO  [default] link ACK received: query_operational_state
2026-08-03 15:34:10,803 INFO  [default] operational state received: 4

Press Enter for a list of commands
1785796480,o,0 (PASSED!)
outside communication found
2026-08-03 15:34:40,942 INFO  [default] link ACK received: outside_communication
2026-08-03 15:34:41,054 INFO  [default] app ack received
2026-08-03 15:35:10,201 INFO  [default] link ACK received: get_commodity
2026-08-03 15:35:10,329 INFO  [default] message type supported received: 2
2026-08-03 15:35:10,329 INFO  [default] commodity response received. response code: 0 - success; count: 3
2026-08-03 15:35:10,330 INFO  [default] commodity code: 0 - Electricity consumed (W & W-hr)
2026-08-03 15:35:10,330 INFO  [default]            source: Estimated
2026-08-03 15:35:10,330 INFO  [default]   cumulative: 189
2026-08-03 15:35:10,330 INFO  [default]    inst rate: 0
2026-08-03 15:35:10,330 INFO  [default] commodity code: 6 - Total energy storage/take capacity (W-hr)
2026-08-03 15:35:10,330 INFO  [default]            source: Estimated
2026-08-03 15:35:10,330 INFO  [default]   cumulative: 4026
2026-08-03 15:35:10,330 INFO  [default]    inst rate: not used for this commodity code
2026-08-03 15:35:10,331 INFO  [default] commodity code: 7 - Present energy storage/take capacity (W-hr)
2026-08-03 15:35:10,331 INFO  [default]            source: Estimated
2026-08-03 15:35:10,331 INFO  [default]   cumulative: 0
2026-08-03 15:35:10,331 INFO  [default]    inst rate: not used for this commodity code
2026-08-03 15:35:10,521 INFO  [default] link ACK received: query_operational_state
2026-08-03 15:35:10,633 INFO  [default] operational state received: 4

Press Enter for a list of commands
2026-08-03 15:36:09,838 INFO  [default] link ACK received: get_commodity
2026-08-03 15:36:09,966 INFO  [default] message type supported received: 2
2026-08-03 15:36:09,966 INFO  [default] commodity response received. response code: 0 - success; count: 3
2026-08-03 15:36:09,967 INFO  [default] commodity code: 0 - Electricity consumed (W & W-hr)
2026-08-03 15:36:09,967 INFO  [default]            source: Estimated
2026-08-03 15:36:09,967 INFO  [default]   cumulative: 189
2026-08-03 15:36:09,967 INFO  [default]    inst rate: 0
2026-08-03 15:36:09,967 INFO  [default] commodity code: 6 - Total energy storage/take capacity (W-hr)
2026-08-03 15:36:09,967 INFO  [default]            source: Estimated
2026-08-03 15:36:09,968 INFO  [default]   cumulative: 4026
2026-08-03 15:36:09,968 INFO  [default]    inst rate: not used for this commodity code
2026-08-03 15:36:09,968 INFO  [default] commodity code: 7 - Present energy storage/take capacity (W-hr)
2026-08-03 15:36:09,968 INFO  [default]            source: Estimated
2026-08-03 15:36:09,968 INFO  [default]   cumulative: 0
2026-08-03 15:36:09,968 INFO  [default]    inst rate: not used for this commodity code
2026-08-03 15:36:10,158 INFO  [default] link ACK received: query_operational_state
2026-08-03 15:36:10,270 INFO  [default] operational state received: 4

Press Enter for a list of commands
2026-08-03 15:37:10,388 INFO  [default] link ACK received: get_commodity
2026-08-03 15:37:10,515 INFO  [default] message type supported received: 2
2026-08-03 15:37:10,516 INFO  [default] commodity response received. response code: 0 - success; count: 3
2026-08-03 15:37:10,516 INFO  [default] commodity code: 0 - Electricity consumed (W & W-hr)
2026-08-03 15:37:10,516 INFO  [default]            source: Estimated
2026-08-03 15:37:10,516 INFO  [default]   cumulative: 189
2026-08-03 15:37:10,517 INFO  [default]    inst rate: 0
2026-08-03 15:37:10,517 INFO  [default] commodity code: 6 - Total energy storage/take capacity (W-hr)
2026-08-03 15:37:10,517 INFO  [default]            source: Estimated
2026-08-03 15:37:10,517 INFO  [default]   cumulative: 4026
2026-08-03 15:37:10,517 INFO  [default]    inst rate: not used for this commodity code
2026-08-03 15:37:10,517 INFO  [default] commodity code: 7 - Present energy storage/take capacity (W-hr)
2026-08-03 15:37:10,517 INFO  [default]            source: Estimated
2026-08-03 15:37:10,517 INFO  [default]   cumulative: 0
2026-08-03 15:37:10,517 INFO  [default]    inst rate: not used for this commodity code
2026-08-03 15:37:10,707 INFO  [default] link ACK received: query_operational_state
2026-08-03 15:37:10,803 INFO  [default] operational state received: 4

Press Enter for a list of commands
2026-08-03 15:38:10,009 INFO  [default] link ACK received: get_commodity
2026-08-03 15:38:10,137 INFO  [default] message type supported received: 2
2026-08-03 15:38:10,137 INFO  [default] commodity response received. response code: 0 - success; count: 3
2026-08-03 15:38:10,138 INFO  [default] commodity code: 0 - Electricity consumed (W & W-hr)
2026-08-03 15:38:10,138 INFO  [default]            source: Estimated
2026-08-03 15:38:10,138 INFO  [default]   cumulative: 189
2026-08-03 15:38:10,138 INFO  [default]    inst rate: 0
2026-08-03 15:38:10,138 INFO  [default] commodity code: 6 - Total energy storage/take capacity (W-hr)
2026-08-03 15:38:10,138 INFO  [default]            source: Estimated
2026-08-03 15:38:10,138 INFO  [default]   cumulative: 4026
2026-08-03 15:38:10,139 INFO  [default]    inst rate: not used for this commodity code
2026-08-03 15:38:10,139 INFO  [default] commodity code: 7 - Present energy storage/take capacity (W-hr)
2026-08-03 15:38:10,139 INFO  [default]            source: Estimated
2026-08-03 15:38:10,139 INFO  [default]   cumulative: 0
2026-08-03 15:38:10,139 INFO  [default]    inst rate: not used for this commodity code
2026-08-03 15:38:10,329 INFO  [default] link ACK received: query_operational_state
2026-08-03 15:38:10,425 INFO  [default] operational state received: 4

Press Enter for a list of commands
2026-08-03 15:39:10,638 INFO  [default] link ACK received: get_commodity
2026-08-03 15:39:10,750 INFO  [default] message type supported received: 2
2026-08-03 15:39:10,750 INFO  [default] commodity response received. response code: 0 - success; count: 3
2026-08-03 15:39:10,751 INFO  [default] commodity code: 0 - Electricity consumed (W & W-hr)
2026-08-03 15:39:10,751 INFO  [default]            source: Estimated
2026-08-03 15:39:10,751 INFO  [default]   cumulative: 189
2026-08-03 15:39:10,751 INFO  [default]    inst rate: 0
2026-08-03 15:39:10,752 INFO  [default] commodity code: 6 - Total energy storage/take capacity (W-hr)
2026-08-03 15:39:10,752 INFO  [default]            source: Estimated
2026-08-03 15:39:10,752 INFO  [default]   cumulative: 4026
2026-08-03 15:39:10,752 INFO  [default]    inst rate: not used for this commodity code
2026-08-03 15:39:10,752 INFO  [default] commodity code: 7 - Present energy storage/take capacity (W-hr)
2026-08-03 15:39:10,752 INFO  [default]            source: Estimated
2026-08-03 15:39:10,752 INFO  [default]   cumulative: 0
2026-08-03 15:39:10,752 INFO  [default]    inst rate: not used for this commodity code
2026-08-03 15:39:10,942 INFO  [default] link ACK received: query_operational_state
2026-08-03 15:39:11,054 INFO  [default] operational state received: 4

Press Enter for a list of commands
2026-08-03 15:40:10,260 INFO  [default] link ACK received: get_commodity
2026-08-03 15:40:10,388 INFO  [default] message type supported received: 2
2026-08-03 15:40:10,388 INFO  [default] commodity response received. response code: 0 - success; count: 3
2026-08-03 15:40:10,388 INFO  [default] commodity code: 0 - Electricity consumed (W & W-hr)
2026-08-03 15:40:10,389 INFO  [default]            source: Estimated
2026-08-03 15:40:10,389 INFO  [default]   cumulative: 189
2026-08-03 15:40:10,389 INFO  [default]    inst rate: 0
2026-08-03 15:40:10,389 INFO  [default] commodity code: 6 - Total energy storage/take capacity (W-hr)
2026-08-03 15:40:10,389 INFO  [default]            source: Estimated
2026-08-03 15:40:10,389 INFO  [default]   cumulative: 4026
2026-08-03 15:40:10,389 INFO  [default]    inst rate: not used for this commodity code
2026-08-03 15:40:10,389 INFO  [default] commodity code: 7 - Present energy storage/take capacity (W-hr)
2026-08-03 15:40:10,390 INFO  [default]            source: Estimated
2026-08-03 15:40:10,390 INFO  [default]   cumulative: 0
2026-08-03 15:40:10,390 INFO  [default]    inst rate: not used for this commodity code
2026-08-03 15:40:10,580 INFO  [default] link ACK received: query_operational_state
2026-08-03 15:40:10,692 INFO  [default] operational state received: 4

Press Enter for a list of commands
2026-08-03 15:41:09,897 INFO  [default] link ACK received: get_commodity
2026-08-03 15:41:10,025 INFO  [default] message type supported received: 2
2026-08-03 15:41:10,026 INFO  [default] commodity response received. response code: 0 - success; count: 3
2026-08-03 15:41:10,026 INFO  [default] commodity code: 0 - Electricity consumed (W & W-hr)
2026-08-03 15:41:10,026 INFO  [default]            source: Estimated
2026-08-03 15:41:10,026 INFO  [default]   cumulative: 189
2026-08-03 15:41:10,027 INFO  [default]    inst rate: 0
2026-08-03 15:41:10,027 INFO  [default] commodity code: 6 - Total energy storage/take capacity (W-hr)
2026-08-03 15:41:10,027 INFO  [default]            source: Estimated
2026-08-03 15:41:10,027 INFO  [default]   cumulative: 4026
2026-08-03 15:41:10,027 INFO  [default]    inst rate: not used for this commodity code
2026-08-03 15:41:10,027 INFO  [default] commodity code: 7 - Present energy storage/take capacity (W-hr)
2026-08-03 15:41:10,027 INFO  [default]            source: Estimated
2026-08-03 15:41:10,027 INFO  [default]   cumulative: 0
2026-08-03 15:41:10,028 INFO  [default]    inst rate: not used for this commodity code
2026-08-03 15:41:10,217 INFO  [default] link ACK received: query_operational_state
2026-08-03 15:41:10,329 INFO  [default] operational state received: 4

Press Enter for a list of commands
2026-08-03 15:42:10,543 INFO  [default] link ACK received: get_commodity
2026-08-03 15:42:10,671 INFO  [default] message type supported received: 2
2026-08-03 15:42:10,671 INFO  [default] commodity response received. response code: 0 - success; count: 3
2026-08-03 15:42:10,671 INFO  [default] commodity code: 0 - Electricity consumed (W & W-hr)
2026-08-03 15:42:10,671 INFO  [default]            source: Estimated
2026-08-03 15:42:10,672 INFO  [default]   cumulative: 189
2026-08-03 15:42:10,672 INFO  [default]    inst rate: 0
2026-08-03 15:42:10,672 INFO  [default] commodity code: 6 - Total energy storage/take capacity (W-hr)
2026-08-03 15:42:10,672 INFO  [default]            source: Estimated
2026-08-03 15:42:10,672 INFO  [default]   cumulative: 4026
2026-08-03 15:42:10,672 INFO  [default]    inst rate: not used for this commodity code
2026-08-03 15:42:10,672 INFO  [default] commodity code: 7 - Present energy storage/take capacity (W-hr)
2026-08-03 15:42:10,672 INFO  [default]            source: Estimated
2026-08-03 15:42:10,672 INFO  [default]   cumulative: 0
2026-08-03 15:42:10,673 INFO  [default]    inst rate: not used for this commodity code
2026-08-03 15:42:10,863 INFO  [default] link ACK received: query_operational_state
2026-08-03 15:42:10,974 INFO  [default] operational state received: 4

Press Enter for a list of commands
2026-08-03 15:43:10,180 INFO  [default] link ACK received: get_commodity
2026-08-03 15:43:10,308 INFO  [default] message type supported received: 2
2026-08-03 15:43:10,308 INFO  [default] commodity response received. response code: 0 - success; count: 3
2026-08-03 15:43:10,309 INFO  [default] commodity code: 0 - Electricity consumed (W & W-hr)
2026-08-03 15:43:10,309 INFO  [default]            source: Estimated
2026-08-03 15:43:10,309 INFO  [default]   cumulative: 189
2026-08-03 15:43:10,309 INFO  [default]    inst rate: 0
2026-08-03 15:43:10,309 INFO  [default] commodity code: 6 - Total energy storage/take capacity (W-hr)
2026-08-03 15:43:10,309 INFO  [default]            source: Estimated
2026-08-03 15:43:10,310 INFO  [default]   cumulative: 4026
2026-08-03 15:43:10,310 INFO  [default]    inst rate: not used for this commodity code
2026-08-03 15:43:10,310 INFO  [default] commodity code: 7 - Present energy storage/take capacity (W-hr)
2026-08-03 15:43:10,310 INFO  [default]            source: Estimated
2026-08-03 15:43:10,310 INFO  [default]   cumulative: 0
2026-08-03 15:43:10,310 INFO  [default]    inst rate: not used for this commodity code
2026-08-03 15:43:10,500 INFO  [default] link ACK received: query_operational_state
2026-08-03 15:43:10,612 INFO  [default] operational state received: 4

Press Enter for a list of commands
2026-08-03 15:44:09,818 INFO  [default] link ACK received: get_commodity
2026-08-03 15:44:09,930 INFO  [default] message type supported received: 2
2026-08-03 15:44:09,930 INFO  [default] commodity response received. response code: 0 - success; count: 3
2026-08-03 15:44:09,930 INFO  [default] commodity code: 0 - Electricity consumed (W & W-hr)
2026-08-03 15:44:09,930 INFO  [default]            source: Estimated
2026-08-03 15:44:09,931 INFO  [default]   cumulative: 189
2026-08-03 15:44:09,931 INFO  [default]    inst rate: 0
2026-08-03 15:44:09,931 INFO  [default] commodity code: 6 - Total energy storage/take capacity (W-hr)
2026-08-03 15:44:09,931 INFO  [default]            source: Estimated
2026-08-03 15:44:09,931 INFO  [default]   cumulative: 4026
2026-08-03 15:44:09,931 INFO  [default]    inst rate: not used for this commodity code
2026-08-03 15:44:09,931 INFO  [default] commodity code: 7 - Present energy storage/take capacity (W-hr)
2026-08-03 15:44:09,932 INFO  [default]            source: Estimated
2026-08-03 15:44:09,932 INFO  [default]   cumulative: 0
2026-08-03 15:44:09,932 INFO  [default]    inst rate: not used for this commodity code
2026-08-03 15:44:10,122 INFO  [default] link ACK received: query_operational_state
2026-08-03 15:44:10,233 INFO  [default] operational state received: 4

Press Enter for a list of commands
2026-08-03 15:45:10,431 INFO  [default] link ACK received: get_commodity
2026-08-03 15:45:10,559 INFO  [default] message type supported received: 2
2026-08-03 15:45:10,559 INFO  [default] commodity response received. response code: 0 - success; count: 3
2026-08-03 15:45:10,560 INFO  [default] commodity code: 0 - Electricity consumed (W & W-hr)
2026-08-03 15:45:10,560 INFO  [default]            source: Estimated
2026-08-03 15:45:10,560 INFO  [default]   cumulative: 189
2026-08-03 15:45:10,560 INFO  [default]    inst rate: 0
2026-08-03 15:45:10,560 INFO  [default] commodity code: 6 - Total energy storage/take capacity (W-hr)
2026-08-03 15:45:10,560 INFO  [default]            source: Estimated
2026-08-03 15:45:10,560 INFO  [default]   cumulative: 4026
2026-08-03 15:45:10,560 INFO  [default]    inst rate: not used for this commodity code
2026-08-03 15:45:10,561 INFO  [default] commodity code: 7 - Present energy storage/take capacity (W-hr)
2026-08-03 15:45:10,561 INFO  [default]            source: Estimated
2026-08-03 15:45:10,561 INFO  [default]   cumulative: 0
2026-08-03 15:45:10,561 INFO  [default]    inst rate: not used for this commodity code
2026-08-03 15:45:10,751 INFO  [default] link ACK received: query_operational_state
2026-08-03 15:45:10,863 INFO  [default] operational state received: 4

Press Enter for a list of commands
2026-08-03 15:46:10,068 INFO  [default] link ACK received: get_commodity
2026-08-03 15:46:10,196 INFO  [default] message type supported received: 2
2026-08-03 15:46:10,196 INFO  [default] commodity response received. response code: 0 - success; count: 3
2026-08-03 15:46:10,197 INFO  [default] commodity code: 0 - Electricity consumed (W & W-hr)
2026-08-03 15:46:10,197 INFO  [default]            source: Estimated
2026-08-03 15:46:10,197 INFO  [default]   cumulative: 189
2026-08-03 15:46:10,197 INFO  [default]    inst rate: 0
2026-08-03 15:46:10,197 INFO  [default] commodity code: 6 - Total energy storage/take capacity (W-hr)
2026-08-03 15:46:10,198 INFO  [default]            source: Estimated
2026-08-03 15:46:10,198 INFO  [default]   cumulative: 4026
2026-08-03 15:46:10,198 INFO  [default]    inst rate: not used for this commodity code
2026-08-03 15:46:10,198 INFO  [default] commodity code: 7 - Present energy storage/take capacity (W-hr)
2026-08-03 15:46:10,198 INFO  [default]            source: Estimated
2026-08-03 15:46:10,198 INFO  [default]   cumulative: 0
2026-08-03 15:46:10,198 INFO  [default]    inst rate: not used for this commodity code
2026-08-03 15:46:10,388 INFO  [default] link ACK received: query_operational_state
2026-08-03 15:46:10,500 INFO  [default] operational state received: 4

Press Enter for a list of commands
2026-08-03 15:47:10,714 INFO  [default] link ACK received: get_commodity
2026-08-03 15:47:10,842 INFO  [default] message type supported received: 2
2026-08-03 15:47:10,842 INFO  [default] commodity response received. response code: 0 - success; count: 3
2026-08-03 15:47:10,842 INFO  [default] commodity code: 0 - Electricity consumed (W & W-hr)
2026-08-03 15:47:10,843 INFO  [default]            source: Estimated
2026-08-03 15:47:10,843 INFO  [default]   cumulative: 189
2026-08-03 15:47:10,843 INFO  [default]    inst rate: 0
2026-08-03 15:47:10,843 INFO  [default] commodity code: 6 - Total energy storage/take capacity (W-hr)
2026-08-03 15:47:10,843 INFO  [default]            source: Estimated
2026-08-03 15:47:10,843 INFO  [default]   cumulative: 4026
2026-08-03 15:47:10,843 INFO  [default]    inst rate: not used for this commodity code
2026-08-03 15:47:10,844 INFO  [default] commodity code: 7 - Present energy storage/take capacity (W-hr)
2026-08-03 15:47:10,844 INFO  [default]            source: Estimated
2026-08-03 15:47:10,844 INFO  [default]   cumulative: 0
2026-08-03 15:47:10,844 INFO  [default]    inst rate: not used for this commodity code
2026-08-03 15:47:11,034 INFO  [default] link ACK received: query_operational_state
2026-08-03 15:47:11,130 INFO  [default] operational state received: 4

Press Enter for a list of commands
1785797290,o,0 (PASSED!)
outside communication found
2026-08-03 15:48:10,335 INFO  [default] link ACK received: outside_communication
2026-08-03 15:48:10,431 INFO  [default] app ack received
2026-08-03 15:48:10,623 INFO  [default] link ACK received: get_commodity
2026-08-03 15:48:10,751 INFO  [default] message type supported received: 2
2026-08-03 15:48:10,751 INFO  [default] commodity response received. response code: 0 - success; count: 3
2026-08-03 15:48:10,752 INFO  [default] commodity code: 0 - Electricity consumed (W & W-hr)
2026-08-03 15:48:10,752 INFO  [default]            source: Estimated
2026-08-03 15:48:10,752 INFO  [default]   cumulative: 189
2026-08-03 15:48:10,752 INFO  [default]    inst rate: 0
2026-08-03 15:48:10,752 INFO  [default] commodity code: 6 - Total energy storage/take capacity (W-hr)
2026-08-03 15:48:10,752 INFO  [default]            source: Estimated
2026-08-03 15:48:10,752 INFO  [default]   cumulative: 4026
2026-08-03 15:48:10,753 INFO  [default]    inst rate: not used for this commodity code
2026-08-03 15:48:10,753 INFO  [default] commodity code: 7 - Present energy storage/take capacity (W-hr)
2026-08-03 15:48:10,753 INFO  [default]            source: Estimated
2026-08-03 15:48:10,753 INFO  [default]   cumulative: 0
2026-08-03 15:48:10,753 INFO  [default]    inst rate: not used for this commodity code
2026-08-03 15:48:10,943 INFO  [default] link ACK received: query_operational_state
2026-08-03 15:48:11,055 INFO  [default] operational state received: 4

Press Enter for a list of commands
2026-08-03 15:49:10,261 INFO  [default] link ACK received: get_commodity
2026-08-03 15:49:10,388 INFO  [default] message type supported received: 2
2026-08-03 15:49:10,389 INFO  [default] commodity response received. response code: 0 - success; count: 3
2026-08-03 15:49:10,389 INFO  [default] commodity code: 0 - Electricity consumed (W & W-hr)
2026-08-03 15:49:10,389 INFO  [default]            source: Estimated
2026-08-03 15:49:10,389 INFO  [default]   cumulative: 189
2026-08-03 15:49:10,390 INFO  [default]    inst rate: 0
2026-08-03 15:49:10,390 INFO  [default] commodity code: 6 - Total energy storage/take capacity (W-hr)
2026-08-03 15:49:10,390 INFO  [default]            source: Estimated
2026-08-03 15:49:10,390 INFO  [default]   cumulative: 4026
2026-08-03 15:49:10,390 INFO  [default]    inst rate: not used for this commodity code
2026-08-03 15:49:10,390 INFO  [default] commodity code: 7 - Present energy storage/take capacity (W-hr)
2026-08-03 15:49:10,390 INFO  [default]            source: Estimated
2026-08-03 15:49:10,390 INFO  [default]   cumulative: 0
2026-08-03 15:49:10,390 INFO  [default]    inst rate: not used for this commodity code
2026-08-03 15:49:10,580 INFO  [default] link ACK received: query_operational_state
2026-08-03 15:49:10,692 INFO  [default] operational state received: 4

Press Enter for a list of commands
2026-08-03 15:50:09,898 INFO  [default] link ACK received: get_commodity
2026-08-03 15:50:10,026 INFO  [default] message type supported received: 2
2026-08-03 15:50:10,026 INFO  [default] commodity response received. response code: 0 - success; count: 3
2026-08-03 15:50:10,027 INFO  [default] commodity code: 0 - Electricity consumed (W & W-hr)
2026-08-03 15:50:10,027 INFO  [default]            source: Estimated
2026-08-03 15:50:10,027 INFO  [default]   cumulative: 189
2026-08-03 15:50:10,027 INFO  [default]    inst rate: 0
2026-08-03 15:50:10,027 INFO  [default] commodity code: 6 - Total energy storage/take capacity (W-hr)
2026-08-03 15:50:10,028 INFO  [default]            source: Estimated
2026-08-03 15:50:10,028 INFO  [default]   cumulative: 4026
2026-08-03 15:50:10,028 INFO  [default]    inst rate: not used for this commodity code
2026-08-03 15:50:10,028 INFO  [default] commodity code: 7 - Present energy storage/take capacity (W-hr)
2026-08-03 15:50:10,028 INFO  [default]            source: Estimated
2026-08-03 15:50:10,028 INFO  [default]   cumulative: 0
2026-08-03 15:50:10,028 INFO  [default]    inst rate: not used for this commodity code
2026-08-03 15:50:10,218 INFO  [default] link ACK received: query_operational_state
2026-08-03 15:50:10,330 INFO  [default] operational state received: 4

Press Enter for a list of commands
1785797470,o,0 (PASSED!)
outside communication found
2026-08-03 15:51:10,543 INFO  [default] link ACK received: outside_communication
2026-08-03 15:51:10,639 INFO  [default] app ack received
2026-08-03 15:51:10,831 INFO  [default] link ACK received: get_commodity
2026-08-03 15:51:10,959 INFO  [default] message type supported received: 2
2026-08-03 15:51:10,959 INFO  [default] commodity response received. response code: 0 - success; count: 3
2026-08-03 15:51:10,960 INFO  [default] commodity code: 0 - Electricity consumed (W & W-hr)
2026-08-03 15:51:10,960 INFO  [default]            source: Estimated
2026-08-03 15:51:10,960 INFO  [default]   cumulative: 189
2026-08-03 15:51:10,960 INFO  [default]    inst rate: 0
2026-08-03 15:51:10,960 INFO  [default] commodity code: 6 - Total energy storage/take capacity (W-hr)
2026-08-03 15:51:10,960 INFO  [default]            source: Estimated
2026-08-03 15:51:10,961 INFO  [default]   cumulative: 4026
2026-08-03 15:51:10,961 INFO  [default]    inst rate: not used for this commodity code
2026-08-03 15:51:10,961 INFO  [default] commodity code: 7 - Present energy storage/take capacity (W-hr)
2026-08-03 15:51:10,961 INFO  [default]            source: Estimated
2026-08-03 15:51:10,961 INFO  [default]   cumulative: 0
2026-08-03 15:51:10,961 INFO  [default]    inst rate: not used for this commodity code
2026-08-03 15:51:11,151 INFO  [default] link ACK received: query_operational_state
2026-08-03 15:51:11,247 INFO  [default] operational state received: 4

Press Enter for a list of commands
1785797485,e,0 (PASSED!)
2026-08-03 15:51:25,373 INFO  [default] link ACK received: run_normal
2026-08-03 15:51:25,469 INFO  [default] app ack received
endshedding
2026-08-03 15:52:10,645 INFO  [default] link ACK received: get_commodity
2026-08-03 15:52:10,773 INFO  [default] message type supported received: 2
2026-08-03 15:52:10,773 INFO  [default] commodity response received. response code: 0 - success; count: 3
2026-08-03 15:52:10,773 INFO  [default] commodity code: 0 - Electricity consumed (W & W-hr)
2026-08-03 15:52:10,774 INFO  [default]            source: Estimated
2026-08-03 15:52:10,774 INFO  [default]   cumulative: 189
2026-08-03 15:52:10,774 INFO  [default]    inst rate: 0
2026-08-03 15:52:10,774 INFO  [default] commodity code: 6 - Total energy storage/take capacity (W-hr)
2026-08-03 15:52:10,774 INFO  [default]            source: Estimated
2026-08-03 15:52:10,774 INFO  [default]   cumulative: 4026
2026-08-03 15:52:10,774 INFO  [default]    inst rate: not used for this commodity code
2026-08-03 15:52:10,774 INFO  [default] commodity code: 7 - Present energy storage/take capacity (W-hr)
2026-08-03 15:52:10,775 INFO  [default]            source: Estimated
2026-08-03 15:52:10,775 INFO  [default]   cumulative: 0
2026-08-03 15:52:10,775 INFO  [default]    inst rate: not used for this commodity code
2026-08-03 15:52:10,965 INFO  [default] link ACK received: query_operational_state
2026-08-03 15:52:11,077 INFO  [default] operational state received: 0

Press Enter for a list of commands
Returning state to normal...
2026-08-03 15:52:25,202 INFO  [default] link ACK received: run_normal
2026-08-03 15:52:25,298 INFO  [default] app ack received
Loading...
Querying operational state after normal command...
2026-08-03 15:52:27,394 INFO  [default] link ACK received: query_operational_state
2026-08-03 15:52:27,506 INFO  [default] operational state received: 0

Press Enter for a list of commands
