2026-07-22 19:01:20,807 INFO  [default] starting commodity service...
1784772081o (STILL!)
1784772096l (STILL!)
1784772501o (STILL!)
1784772516e (STILL!)
1784772621o (STILL!)
1784772636c (STILL!)
1784772981o (STILL!)
1784772996e (STILL!)
1784773281o (STILL!)
1784773296s (STILL!)
1784773581o (STILL!)
1784773596e (STILL!)
1784773881o (STILL!)
1784773896g (STILL!)
1784774181o (STILL!)
1784774196e (STILL!)
2026-07-22 19:01:20,952 INFO  [default] link ACK received: GET_COMMODITY_REQUEST
2026-07-22 19:01:21,079 INFO  [default] message type supported received: 2
2026-07-22 19:01:21,080 INFO  [default] commodity response received.  count: 3
2026-07-22 19:01:21,080 INFO  [default] commodity data: 0
2026-07-22 19:01:21,080 INFO  [default]   commodity code: 0 - Electricity consumed (W & W-hr)
2026-07-22 19:01:21,080 INFO  [default]            source: Estimated
2026-07-22 19:01:21,080 INFO  [default]   cumulative: 6487
2026-07-22 19:01:21,080 INFO  [default]    inst rate: 0
2026-07-22 19:01:21,080 INFO  [default] commodity data: 1
2026-07-22 19:01:21,080 INFO  [default]   commodity code: 6 - Total energy storage/take capacity (W-hr)
2026-07-22 19:01:21,080 INFO  [default]            source: Estimated
2026-07-22 19:01:21,080 INFO  [default]   cumulative: 4026
2026-07-22 19:01:21,080 INFO  [default]    inst rate: 0
2026-07-22 19:01:21,080 INFO  [default] commodity data: 2
2026-07-22 19:01:21,080 INFO  [default]   commodity code: 7 - Present energy storage/take capacity (W-hr)
2026-07-22 19:01:21,080 INFO  [default]            source: Estimated
2026-07-22 19:01:21,080 INFO  [default]   cumulative: 0
2026-07-22 19:01:21,080 INFO  [default]    inst rate: 0
2026-07-22 19:01:21,271 INFO  [default] link ACK received: BASIC_QUERY_OPERATIONAL_STATE_REQUEST
2026-07-22 19:01:21,383 INFO  [default] operational state received: 0

Press Enter for a list of commands
a- Advanced Loadup
c- Critical Peak Event
e- End shed/Normal
g- Grid Emergency
l- Loadup
o- Outside Communication
s- Shed
v- Enable advanced load up capability
x- Disable advanced load up capability
z- Quit and return operation to normal
q- Quit
enter choice: 1784772081,o,0 (PASSED!)
outside communication found
2026-07-22 19:02:21,485 INFO  [default] link ACK received: BASIC_OUTSIDE_COMM_CONNECTION_STATUS_MESSAGE
2026-07-22 19:02:21,581 INFO  [default] app ack received
1784772096,l,255 (PASSED!)
loading up
2026-07-22 19:02:21,773 INFO  [default] link ACK received: BASIC_LOAD_UP_REQUEST
2026-07-22 19:02:21,885 INFO  [default] app ack received
1784772501o (STILL!)
1784772516e (STILL!)
1784772621o (STILL!)
1784772636c (STILL!)
1784772981o (STILL!)
1784772996e (STILL!)
1784773281o (STILL!)
1784773296s (STILL!)
1784773581o (STILL!)
1784773596e (STILL!)
1784773881o (STILL!)
1784773896g (STILL!)
1784774181o (STILL!)
1784774196e (STILL!)
2026-07-22 19:02:22,077 INFO  [default] link ACK received: GET_COMMODITY_REQUEST
2026-07-22 19:02:22,205 INFO  [default] message type supported received: 2
2026-07-22 19:02:22,205 INFO  [default] commodity response received.  count: 3
2026-07-22 19:02:22,205 INFO  [default] commodity data: 0
2026-07-22 19:02:22,206 INFO  [default]   commodity code: 0 - Electricity consumed (W & W-hr)
2026-07-22 19:02:22,206 INFO  [default]            source: Estimated
2026-07-22 19:02:22,206 INFO  [default]   cumulative: 6487
2026-07-22 19:02:22,206 INFO  [default]    inst rate: 0
2026-07-22 19:02:22,206 INFO  [default] commodity data: 1
2026-07-22 19:02:22,206 INFO  [default]   commodity code: 6 - Total energy storage/take capacity (W-hr)
2026-07-22 19:02:22,206 INFO  [default]            source: Estimated
2026-07-22 19:02:22,206 INFO  [default]   cumulative: 4026
2026-07-22 19:02:22,207 INFO  [default]    inst rate: 0
2026-07-22 19:02:22,207 INFO  [default] commodity data: 2
2026-07-22 19:02:22,207 INFO  [default]   commodity code: 7 - Present energy storage/take capacity (W-hr)
2026-07-22 19:02:22,207 INFO  [default]            source: Estimated
2026-07-22 19:02:22,207 INFO  [default]   cumulative: 0
2026-07-22 19:02:22,207 INFO  [default]    inst rate: 0
2026-07-22 19:02:22,397 INFO  [default] link ACK received: BASIC_QUERY_OPERATIONAL_STATE_REQUEST
2026-07-22 19:02:22,509 INFO  [default] operational state received: 0

Press Enter for a list of commands
1784772501o (STILL!)
1784772516e (STILL!)
1784772621o (STILL!)
1784772636c (STILL!)
1784772981o (STILL!)
1784772996e (STILL!)
1784773281o (STILL!)
1784773296s (STILL!)
1784773581o (STILL!)
1784773596e (STILL!)
1784773881o (STILL!)
1784773896g (STILL!)
1784774181o (STILL!)
1784774196e (STILL!)
2026-07-22 19:03:22,611 INFO  [default] link ACK received: GET_COMMODITY_REQUEST
2026-07-22 19:03:22,739 INFO  [default] message type supported received: 2
2026-07-22 19:03:22,739 INFO  [default] commodity response received.  count: 3
2026-07-22 19:03:22,739 INFO  [default] commodity data: 0
2026-07-22 19:03:22,739 INFO  [default]   commodity code: 0 - Electricity consumed (W & W-hr)
2026-07-22 19:03:22,739 INFO  [default]            source: Estimated
2026-07-22 19:03:22,739 INFO  [default]   cumulative: 6487
2026-07-22 19:03:22,740 INFO  [default]    inst rate: 0
2026-07-22 19:03:22,740 INFO  [default] commodity data: 1
2026-07-22 19:03:22,740 INFO  [default]   commodity code: 6 - Total energy storage/take capacity (W-hr)
2026-07-22 19:03:22,740 INFO  [default]            source: Estimated
2026-07-22 19:03:22,740 INFO  [default]   cumulative: 4026
2026-07-22 19:03:22,740 INFO  [default]    inst rate: 0
2026-07-22 19:03:22,740 INFO  [default] commodity data: 2
2026-07-22 19:03:22,740 INFO  [default]   commodity code: 7 - Present energy storage/take capacity (W-hr)
2026-07-22 19:03:22,741 INFO  [default]            source: Estimated
2026-07-22 19:03:22,741 INFO  [default]   cumulative: 0
2026-07-22 19:03:22,741 INFO  [default]    inst rate: 0
2026-07-22 19:03:22,931 INFO  [default] link ACK received: BASIC_QUERY_OPERATIONAL_STATE_REQUEST
2026-07-22 19:03:23,043 INFO  [default] operational state received: 4

Press Enter for a list of commands
1784772501o (STILL!)
1784772516e (STILL!)
1784772621o (STILL!)
1784772636c (STILL!)
1784772981o (STILL!)
1784772996e (STILL!)
1784773281o (STILL!)
1784773296s (STILL!)
1784773581o (STILL!)
1784773596e (STILL!)
1784773881o (STILL!)
1784773896g (STILL!)
1784774181o (STILL!)
1784774196e (STILL!)
2026-07-22 19:04:23,144 INFO  [default] link ACK received: GET_COMMODITY_REQUEST
2026-07-22 19:04:23,272 INFO  [default] message type supported received: 2
2026-07-22 19:04:23,272 INFO  [default] commodity response received.  count: 3
2026-07-22 19:04:23,273 INFO  [default] commodity data: 0
2026-07-22 19:04:23,273 INFO  [default]   commodity code: 0 - Electricity consumed (W & W-hr)
2026-07-22 19:04:23,273 INFO  [default]            source: Estimated
2026-07-22 19:04:23,273 INFO  [default]   cumulative: 6487
2026-07-22 19:04:23,273 INFO  [default]    inst rate: 0
2026-07-22 19:04:23,273 INFO  [default] commodity data: 1
2026-07-22 19:04:23,273 INFO  [default]   commodity code: 6 - Total energy storage/take capacity (W-hr)
2026-07-22 19:04:23,273 INFO  [default]            source: Estimated
2026-07-22 19:04:23,274 INFO  [default]   cumulative: 4026
2026-07-22 19:04:23,274 INFO  [default]    inst rate: 0
2026-07-22 19:04:23,274 INFO  [default] commodity data: 2
2026-07-22 19:04:23,274 INFO  [default]   commodity code: 7 - Present energy storage/take capacity (W-hr)
2026-07-22 19:04:23,274 INFO  [default]            source: Estimated
2026-07-22 19:04:23,274 INFO  [default]   cumulative: 0
2026-07-22 19:04:23,274 INFO  [default]    inst rate: 0
2026-07-22 19:04:23,464 INFO  [default] link ACK received: BASIC_QUERY_OPERATIONAL_STATE_REQUEST
2026-07-22 19:04:23,576 INFO  [default] operational state received: 4

Press Enter for a list of commands
1784772501o (STILL!)
1784772516e (STILL!)
1784772621o (STILL!)
1784772636c (STILL!)
1784772981o (STILL!)
1784772996e (STILL!)
1784773281o (STILL!)
1784773296s (STILL!)
1784773581o (STILL!)
1784773596e (STILL!)
1784773881o (STILL!)
1784773896g (STILL!)
1784774181o (STILL!)
1784774196e (STILL!)
2026-07-22 19:05:23,678 INFO  [default] link ACK received: GET_COMMODITY_REQUEST
2026-07-22 19:05:23,806 INFO  [default] message type supported received: 2
2026-07-22 19:05:23,806 INFO  [default] commodity response received.  count: 3
2026-07-22 19:05:23,806 INFO  [default] commodity data: 0
2026-07-22 19:05:23,806 INFO  [default]   commodity code: 0 - Electricity consumed (W & W-hr)
2026-07-22 19:05:23,806 INFO  [default]            source: Estimated
2026-07-22 19:05:23,807 INFO  [default]   cumulative: 6487
2026-07-22 19:05:23,807 INFO  [default]    inst rate: 0
2026-07-22 19:05:23,807 INFO  [default] commodity data: 1
2026-07-22 19:05:23,807 INFO  [default]   commodity code: 6 - Total energy storage/take capacity (W-hr)
2026-07-22 19:05:23,807 INFO  [default]            source: Estimated
2026-07-22 19:05:23,807 INFO  [default]   cumulative: 4026
2026-07-22 19:05:23,807 INFO  [default]    inst rate: 0
2026-07-22 19:05:23,807 INFO  [default] commodity data: 2
2026-07-22 19:05:23,808 INFO  [default]   commodity code: 7 - Present energy storage/take capacity (W-hr)
2026-07-22 19:05:23,808 INFO  [default]            source: Estimated
2026-07-22 19:05:23,808 INFO  [default]   cumulative: 0
2026-07-22 19:05:23,808 INFO  [default]    inst rate: 0
2026-07-22 19:05:23,998 INFO  [default] link ACK received: BASIC_QUERY_OPERATIONAL_STATE_REQUEST
2026-07-22 19:05:24,110 INFO  [default] operational state received: 3

Press Enter for a list of commands
1784772501o (STILL!)
1784772516e (STILL!)
1784772621o (STILL!)
1784772636c (STILL!)
1784772981o (STILL!)
1784772996e (STILL!)
1784773281o (STILL!)
1784773296s (STILL!)
1784773581o (STILL!)
1784773596e (STILL!)
1784773881o (STILL!)
1784773896g (STILL!)
1784774181o (STILL!)
1784774196e (STILL!)
2026-07-22 19:06:24,211 INFO  [default] link ACK received: GET_COMMODITY_REQUEST
2026-07-22 19:06:24,339 INFO  [default] message type supported received: 2
2026-07-22 19:06:24,339 INFO  [default] commodity response received.  count: 3
2026-07-22 19:06:24,340 INFO  [default] commodity data: 0
2026-07-22 19:06:24,340 INFO  [default]   commodity code: 0 - Electricity consumed (W & W-hr)
2026-07-22 19:06:24,340 INFO  [default]            source: Estimated
2026-07-22 19:06:24,340 INFO  [default]   cumulative: 6500
2026-07-22 19:06:24,340 INFO  [default]    inst rate: 800
2026-07-22 19:06:24,340 INFO  [default] commodity data: 1
2026-07-22 19:06:24,340 INFO  [default]   commodity code: 6 - Total energy storage/take capacity (W-hr)
2026-07-22 19:06:24,340 INFO  [default]            source: Estimated
2026-07-22 19:06:24,341 INFO  [default]   cumulative: 4026
2026-07-22 19:06:24,341 INFO  [default]    inst rate: 0
2026-07-22 19:06:24,341 INFO  [default] commodity data: 2
2026-07-22 19:06:24,341 INFO  [default]   commodity code: 7 - Present energy storage/take capacity (W-hr)
2026-07-22 19:06:24,341 INFO  [default]            source: Estimated
2026-07-22 19:06:24,341 INFO  [default]   cumulative: 0
2026-07-22 19:06:24,341 INFO  [default]    inst rate: 0
2026-07-22 19:06:24,531 INFO  [default] link ACK received: BASIC_QUERY_OPERATIONAL_STATE_REQUEST
2026-07-22 19:06:24,643 INFO  [default] operational state received: 3

Press Enter for a list of commands
1784772501o (STILL!)
1784772516e (STILL!)
1784772621o (STILL!)
1784772636c (STILL!)
1784772981o (STILL!)
1784772996e (STILL!)
1784773281o (STILL!)
1784773296s (STILL!)
1784773581o (STILL!)
1784773596e (STILL!)
1784773881o (STILL!)
1784773896g (STILL!)
1784774181o (STILL!)
1784774196e (STILL!)
2026-07-22 19:07:24,745 INFO  [default] link ACK received: GET_COMMODITY_REQUEST
2026-07-22 19:07:24,873 INFO  [default] message type supported received: 2
2026-07-22 19:07:24,873 INFO  [default] commodity response received.  count: 3
2026-07-22 19:07:24,873 INFO  [default] commodity data: 0
2026-07-22 19:07:24,873 INFO  [default]   commodity code: 0 - Electricity consumed (W & W-hr)
2026-07-22 19:07:24,873 INFO  [default]            source: Estimated
2026-07-22 19:07:24,874 INFO  [default]   cumulative: 6513
2026-07-22 19:07:24,874 INFO  [default]    inst rate: 800
2026-07-22 19:07:24,874 INFO  [default] commodity data: 1
2026-07-22 19:07:24,874 INFO  [default]   commodity code: 6 - Total energy storage/take capacity (W-hr)
2026-07-22 19:07:24,874 INFO  [default]            source: Estimated
2026-07-22 19:07:24,874 INFO  [default]   cumulative: 4026
2026-07-22 19:07:24,874 INFO  [default]    inst rate: 0
2026-07-22 19:07:24,874 INFO  [default] commodity data: 2
2026-07-22 19:07:24,875 INFO  [default]   commodity code: 7 - Present energy storage/take capacity (W-hr)
2026-07-22 19:07:24,875 INFO  [default]            source: Estimated
2026-07-22 19:07:24,875 INFO  [default]   cumulative: 300
2026-07-22 19:07:24,875 INFO  [default]    inst rate: 0
2026-07-22 19:07:25,065 INFO  [default] link ACK received: BASIC_QUERY_OPERATIONAL_STATE_REQUEST
2026-07-22 19:07:25,177 INFO  [default] operational state received: 3

Press Enter for a list of commands
1784772501,o,0 (PASSED!)
outside communication found
2026-07-22 19:08:25,278 INFO  [default] link ACK received: BASIC_OUTSIDE_COMM_CONNECTION_STATUS_MESSAGE
2026-07-22 19:08:25,374 INFO  [default] app ack received
1784772516e (STILL!)
1784772621o (STILL!)
1784772636c (STILL!)
1784772981o (STILL!)
1784772996e (STILL!)
1784773281o (STILL!)
1784773296s (STILL!)
1784773581o (STILL!)
1784773596e (STILL!)
1784773881o (STILL!)
1784773896g (STILL!)
1784774181o (STILL!)
1784774196e (STILL!)
2026-07-22 19:08:25,566 INFO  [default] link ACK received: GET_COMMODITY_REQUEST
2026-07-22 19:08:25,694 INFO  [default] message type supported received: 2
2026-07-22 19:08:25,694 INFO  [default] commodity response received.  count: 3
2026-07-22 19:08:25,695 INFO  [default] commodity data: 0
2026-07-22 19:08:25,695 INFO  [default]   commodity code: 0 - Electricity consumed (W & W-hr)
2026-07-22 19:08:25,695 INFO  [default]            source: Estimated
2026-07-22 19:08:25,695 INFO  [default]   cumulative: 6526
2026-07-22 19:08:25,695 INFO  [default]    inst rate: 800
2026-07-22 19:08:25,695 INFO  [default] commodity data: 1
2026-07-22 19:08:25,695 INFO  [default]   commodity code: 6 - Total energy storage/take capacity (W-hr)
2026-07-22 19:08:25,695 INFO  [default]            source: Estimated
2026-07-22 19:08:25,696 INFO  [default]   cumulative: 4026
2026-07-22 19:08:25,696 INFO  [default]    inst rate: 0
2026-07-22 19:08:25,696 INFO  [default] commodity data: 2
2026-07-22 19:08:25,696 INFO  [default]   commodity code: 7 - Present energy storage/take capacity (W-hr)
2026-07-22 19:08:25,696 INFO  [default]            source: Estimated
2026-07-22 19:08:25,696 INFO  [default]   cumulative: 300
2026-07-22 19:08:25,696 INFO  [default]    inst rate: 0
2026-07-22 19:08:25,886 INFO  [default] link ACK received: BASIC_QUERY_OPERATIONAL_STATE_REQUEST
2026-07-22 19:08:25,998 INFO  [default] operational state received: 3

Press Enter for a list of commands
1784772516,e,0 (PASSED!)
2026-07-22 19:09:26,100 INFO  [default] link ACK received: BASIC_END_SHED_REQUEST
2026-07-22 19:09:26,196 INFO  [default] app ack received
endshedding
1784772621o (STILL!)
1784772636c (STILL!)
1784772981o (STILL!)
1784772996e (STILL!)
1784773281o (STILL!)
1784773296s (STILL!)
1784773581o (STILL!)
1784773596e (STILL!)
1784773881o (STILL!)
1784773896g (STILL!)
1784774181o (STILL!)
1784774196e (STILL!)
2026-07-22 19:09:26,388 INFO  [default] link ACK received: GET_COMMODITY_REQUEST
2026-07-22 19:09:26,516 INFO  [default] message type supported received: 2
2026-07-22 19:09:26,516 INFO  [default] commodity response received.  count: 3
2026-07-22 19:09:26,516 INFO  [default] commodity data: 0
2026-07-22 19:09:26,516 INFO  [default]   commodity code: 0 - Electricity consumed (W & W-hr)
2026-07-22 19:09:26,516 INFO  [default]            source: Estimated
2026-07-22 19:09:26,517 INFO  [default]   cumulative: 6539
2026-07-22 19:09:26,517 INFO  [default]    inst rate: 800
2026-07-22 19:09:26,517 INFO  [default] commodity data: 1
2026-07-22 19:09:26,517 INFO  [default]   commodity code: 6 - Total energy storage/take capacity (W-hr)
2026-07-22 19:09:26,517 INFO  [default]            source: Estimated
2026-07-22 19:09:26,517 INFO  [default]   cumulative: 4026
2026-07-22 19:09:26,517 INFO  [default]    inst rate: 0
2026-07-22 19:09:26,517 INFO  [default] commodity data: 2
2026-07-22 19:09:26,518 INFO  [default]   commodity code: 7 - Present energy storage/take capacity (W-hr)
2026-07-22 19:09:26,518 INFO  [default]            source: Estimated
2026-07-22 19:09:26,518 INFO  [default]   cumulative: 300
2026-07-22 19:09:26,518 INFO  [default]    inst rate: 0
2026-07-22 19:09:26,708 INFO  [default] link ACK received: BASIC_QUERY_OPERATIONAL_STATE_REQUEST
2026-07-22 19:09:26,820 INFO  [default] operational state received: 3

Press Enter for a list of commands
1784772621,o,0 (PASSED!)
outside communication found
2026-07-22 19:10:26,921 INFO  [default] link ACK received: BASIC_OUTSIDE_COMM_CONNECTION_STATUS_MESSAGE
2026-07-22 19:10:27,033 INFO  [default] app ack received
1784772636c (STILL!)
1784772981o (STILL!)
1784772996e (STILL!)
1784773281o (STILL!)
1784773296s (STILL!)
1784773581o (STILL!)
1784773596e (STILL!)
1784773881o (STILL!)
1784773896g (STILL!)
1784774181o (STILL!)
1784774196e (STILL!)
2026-07-22 19:10:27,225 INFO  [default] link ACK received: GET_COMMODITY_REQUEST
2026-07-22 19:10:27,353 INFO  [default] message type supported received: 2
2026-07-22 19:10:27,353 INFO  [default] commodity response received.  count: 3
2026-07-22 19:10:27,353 INFO  [default] commodity data: 0
2026-07-22 19:10:27,353 INFO  [default]   commodity code: 0 - Electricity consumed (W & W-hr)
2026-07-22 19:10:27,354 INFO  [default]            source: Estimated
2026-07-22 19:10:27,354 INFO  [default]   cumulative: 6552
2026-07-22 19:10:27,354 INFO  [default]    inst rate: 800
2026-07-22 19:10:27,354 INFO  [default] commodity data: 1
2026-07-22 19:10:27,354 INFO  [default]   commodity code: 6 - Total energy storage/take capacity (W-hr)
2026-07-22 19:10:27,354 INFO  [default]            source: Estimated
2026-07-22 19:10:27,354 INFO  [default]   cumulative: 4026
2026-07-22 19:10:27,354 INFO  [default]    inst rate: 0
2026-07-22 19:10:27,355 INFO  [default] commodity data: 2
2026-07-22 19:10:27,355 INFO  [default]   commodity code: 7 - Present energy storage/take capacity (W-hr)
2026-07-22 19:10:27,355 INFO  [default]            source: Estimated
2026-07-22 19:10:27,355 INFO  [default]   cumulative: 150
2026-07-22 19:10:27,355 INFO  [default]    inst rate: 0
2026-07-22 19:10:27,545 INFO  [default] link ACK received: BASIC_QUERY_OPERATIONAL_STATE_REQUEST
2026-07-22 19:10:27,641 INFO  [default] operational state received: 1

Press Enter for a list of commands
1784772636,c,255 (PASSED!)
critical peak event
2026-07-22 19:11:27,743 INFO  [default] link ACK received: BASIC_CRITICAL_PEAK_EVENT_REQUEST
2026-07-22 19:11:27,854 INFO  [default] app ack received
1784772981o (STILL!)
1784772996e (STILL!)
1784773281o (STILL!)
1784773296s (STILL!)
1784773581o (STILL!)
1784773596e (STILL!)
1784773881o (STILL!)
1784773896g (STILL!)
1784774181o (STILL!)
1784774196e (STILL!)
2026-07-22 19:11:28,046 INFO  [default] link ACK received: GET_COMMODITY_REQUEST
2026-07-22 19:11:28,174 INFO  [default] message type supported received: 2
2026-07-22 19:11:28,175 INFO  [default] commodity response received.  count: 3
2026-07-22 19:11:28,175 INFO  [default] commodity data: 0
2026-07-22 19:11:28,175 INFO  [default]   commodity code: 0 - Electricity consumed (W & W-hr)
2026-07-22 19:11:28,175 INFO  [default]            source: Estimated
2026-07-22 19:11:28,175 INFO  [default]   cumulative: 6565
2026-07-22 19:11:28,175 INFO  [default]    inst rate: 800
2026-07-22 19:11:28,176 INFO  [default] commodity data: 1
2026-07-22 19:11:28,176 INFO  [default]   commodity code: 6 - Total energy storage/take capacity (W-hr)
2026-07-22 19:11:28,176 INFO  [default]            source: Estimated
2026-07-22 19:11:28,176 INFO  [default]   cumulative: 4026
2026-07-22 19:11:28,176 INFO  [default]    inst rate: 0
2026-07-22 19:11:28,176 INFO  [default] commodity data: 2
2026-07-22 19:11:28,176 INFO  [default]   commodity code: 7 - Present energy storage/take capacity (W-hr)
2026-07-22 19:11:28,176 INFO  [default]            source: Estimated
2026-07-22 19:11:28,177 INFO  [default]   cumulative: 0
2026-07-22 19:11:28,177 INFO  [default]    inst rate: 0
2026-07-22 19:11:28,366 INFO  [default] link ACK received: BASIC_QUERY_OPERATIONAL_STATE_REQUEST
2026-07-22 19:11:28,478 INFO  [default] operational state received: 1

Press Enter for a list of commands
1784772981o (STILL!)
1784772996e (STILL!)
1784773281o (STILL!)
1784773296s (STILL!)
1784773581o (STILL!)
1784773596e (STILL!)
1784773881o (STILL!)
1784773896g (STILL!)
1784774181o (STILL!)
1784774196e (STILL!)
2026-07-22 19:12:28,580 INFO  [default] link ACK received: GET_COMMODITY_REQUEST
2026-07-22 19:12:28,708 INFO  [default] message type supported received: 2
2026-07-22 19:12:28,708 INFO  [default] commodity response received.  count: 3
2026-07-22 19:12:28,708 INFO  [default] commodity data: 0
2026-07-22 19:12:28,708 INFO  [default]   commodity code: 0 - Electricity consumed (W & W-hr)
2026-07-22 19:12:28,709 INFO  [default]            source: Estimated
2026-07-22 19:12:28,709 INFO  [default]   cumulative: 6565
2026-07-22 19:12:28,709 INFO  [default]    inst rate: 0
2026-07-22 19:12:28,709 INFO  [default] commodity data: 1
2026-07-22 19:12:28,709 INFO  [default]   commodity code: 6 - Total energy storage/take capacity (W-hr)
2026-07-22 19:12:28,709 INFO  [default]            source: Estimated
2026-07-22 19:12:28,709 INFO  [default]   cumulative: 4026
2026-07-22 19:12:28,709 INFO  [default]    inst rate: 0
2026-07-22 19:12:28,710 INFO  [default] commodity data: 2
2026-07-22 19:12:28,710 INFO  [default]   commodity code: 7 - Present energy storage/take capacity (W-hr)
2026-07-22 19:12:28,710 INFO  [default]            source: Estimated
2026-07-22 19:12:28,710 INFO  [default]   cumulative: 0
2026-07-22 19:12:28,710 INFO  [default]    inst rate: 0
2026-07-22 19:12:28,900 INFO  [default] link ACK received: BASIC_QUERY_OPERATIONAL_STATE_REQUEST
2026-07-22 19:12:29,012 INFO  [default] operational state received: 4

Press Enter for a list of commands
1784772981o (STILL!)
1784772996e (STILL!)
1784773281o (STILL!)
1784773296s (STILL!)
1784773581o (STILL!)
1784773596e (STILL!)
1784773881o (STILL!)
1784773896g (STILL!)
1784774181o (STILL!)
1784774196e (STILL!)
2026-07-22 19:13:29,113 INFO  [default] link ACK received: GET_COMMODITY_REQUEST
2026-07-22 19:13:29,241 INFO  [default] message type supported received: 2
2026-07-22 19:13:29,241 INFO  [default] commodity response received.  count: 3
2026-07-22 19:13:29,242 INFO  [default] commodity data: 0
2026-07-22 19:13:29,242 INFO  [default]   commodity code: 0 - Electricity consumed (W & W-hr)
2026-07-22 19:13:29,242 INFO  [default]            source: Estimated
2026-07-22 19:13:29,242 INFO  [default]   cumulative: 6565
2026-07-22 19:13:29,242 INFO  [default]    inst rate: 0
2026-07-22 19:13:29,242 INFO  [default] commodity data: 1
2026-07-22 19:13:29,242 INFO  [default]   commodity code: 6 - Total energy storage/take capacity (W-hr)
2026-07-22 19:13:29,243 INFO  [default]            source: Estimated
2026-07-22 19:13:29,243 INFO  [default]   cumulative: 4026
2026-07-22 19:13:29,243 INFO  [default]    inst rate: 0
2026-07-22 19:13:29,243 INFO  [default] commodity data: 2
2026-07-22 19:13:29,243 INFO  [default]   commodity code: 7 - Present energy storage/take capacity (W-hr)
2026-07-22 19:13:29,243 INFO  [default]            source: Estimated
2026-07-22 19:13:29,243 INFO  [default]   cumulative: 0
2026-07-22 19:13:29,243 INFO  [default]    inst rate: 0
2026-07-22 19:13:29,433 INFO  [default] link ACK received: BASIC_QUERY_OPERATIONAL_STATE_REQUEST
2026-07-22 19:13:29,545 INFO  [default] operational state received: 4

Press Enter for a list of commands
1784772981o (STILL!)
1784772996e (STILL!)
1784773281o (STILL!)
1784773296s (STILL!)
1784773581o (STILL!)
1784773596e (STILL!)
1784773881o (STILL!)
1784773896g (STILL!)
1784774181o (STILL!)
1784774196e (STILL!)
2026-07-22 19:14:29,647 INFO  [default] link ACK received: GET_COMMODITY_REQUEST
2026-07-22 19:14:29,775 INFO  [default] message type supported received: 2
2026-07-22 19:14:29,775 INFO  [default] commodity response received.  count: 3
2026-07-22 19:14:29,775 INFO  [default] commodity data: 0
2026-07-22 19:14:29,775 INFO  [default]   commodity code: 0 - Electricity consumed (W & W-hr)
2026-07-22 19:14:29,775 INFO  [default]            source: Estimated
2026-07-22 19:14:29,776 INFO  [default]   cumulative: 6565
2026-07-22 19:14:29,776 INFO  [default]    inst rate: 0
2026-07-22 19:14:29,776 INFO  [default] commodity data: 1
2026-07-22 19:14:29,776 INFO  [default]   commodity code: 6 - Total energy storage/take capacity (W-hr)
2026-07-22 19:14:29,776 INFO  [default]            source: Estimated
2026-07-22 19:14:29,776 INFO  [default]   cumulative: 4026
2026-07-22 19:14:29,776 INFO  [default]    inst rate: 0
2026-07-22 19:14:29,776 INFO  [default] commodity data: 2
2026-07-22 19:14:29,777 INFO  [default]   commodity code: 7 - Present energy storage/take capacity (W-hr)
2026-07-22 19:14:29,777 INFO  [default]            source: Estimated
2026-07-22 19:14:29,777 INFO  [default]   cumulative: 150
2026-07-22 19:14:29,777 INFO  [default]    inst rate: 0
2026-07-22 19:14:29,967 INFO  [default] link ACK received: BASIC_QUERY_OPERATIONAL_STATE_REQUEST
2026-07-22 19:14:30,079 INFO  [default] operational state received: 4

Press Enter for a list of commands
1784772981o (STILL!)
1784772996e (STILL!)
1784773281o (STILL!)
1784773296s (STILL!)
1784773581o (STILL!)
1784773596e (STILL!)
1784773881o (STILL!)
1784773896g (STILL!)
1784774181o (STILL!)
1784774196e (STILL!)
2026-07-22 19:15:30,180 INFO  [default] link ACK received: GET_COMMODITY_REQUEST
2026-07-22 19:15:30,308 INFO  [default] message type supported received: 2
2026-07-22 19:15:30,308 INFO  [default] commodity response received.  count: 3
2026-07-22 19:15:30,309 INFO  [default] commodity data: 0
2026-07-22 19:15:30,309 INFO  [default]   commodity code: 0 - Electricity consumed (W & W-hr)
2026-07-22 19:15:30,309 INFO  [default]            source: Estimated
2026-07-22 19:15:30,309 INFO  [default]   cumulative: 6565
2026-07-22 19:15:30,309 INFO  [default]    inst rate: 0
2026-07-22 19:15:30,309 INFO  [default] commodity data: 1
2026-07-22 19:15:30,309 INFO  [default]   commodity code: 6 - Total energy storage/take capacity (W-hr)
2026-07-22 19:15:30,309 INFO  [default]            source: Estimated
2026-07-22 19:15:30,310 INFO  [default]   cumulative: 4026
2026-07-22 19:15:30,310 INFO  [default]    inst rate: 0
2026-07-22 19:15:30,310 INFO  [default] commodity data: 2
2026-07-22 19:15:30,310 INFO  [default]   commodity code: 7 - Present energy storage/take capacity (W-hr)
2026-07-22 19:15:30,310 INFO  [default]            source: Estimated
2026-07-22 19:15:30,310 INFO  [default]   cumulative: 150
2026-07-22 19:15:30,310 INFO  [default]    inst rate: 0
2026-07-22 19:15:30,500 INFO  [default] link ACK received: BASIC_QUERY_OPERATIONAL_STATE_REQUEST
2026-07-22 19:15:30,612 INFO  [default] operational state received: 4

Press Enter for a list of commands
1784772981,o,0 (PASSED!)
outside communication found
2026-07-22 19:16:30,714 INFO  [default] link ACK received: BASIC_OUTSIDE_COMM_CONNECTION_STATUS_MESSAGE
2026-07-22 19:16:30,810 INFO  [default] app ack received
1784772996e (STILL!)
1784773281o (STILL!)
1784773296s (STILL!)
1784773581o (STILL!)
1784773596e (STILL!)
1784773881o (STILL!)
1784773896g (STILL!)
1784774181o (STILL!)
1784774196e (STILL!)
2026-07-22 19:16:31,002 INFO  [default] link ACK received: GET_COMMODITY_REQUEST
2026-07-22 19:16:31,130 INFO  [default] message type supported received: 2
2026-07-22 19:16:31,130 INFO  [default] commodity response received.  count: 3
2026-07-22 19:16:31,130 INFO  [default] commodity data: 0
2026-07-22 19:16:31,130 INFO  [default]   commodity code: 0 - Electricity consumed (W & W-hr)
2026-07-22 19:16:31,130 INFO  [default]            source: Estimated
2026-07-22 19:16:31,130 INFO  [default]   cumulative: 6565
2026-07-22 19:16:31,131 INFO  [default]    inst rate: 0
2026-07-22 19:16:31,131 INFO  [default] commodity data: 1
2026-07-22 19:16:31,131 INFO  [default]   commodity code: 6 - Total energy storage/take capacity (W-hr)
2026-07-22 19:16:31,131 INFO  [default]            source: Estimated
2026-07-22 19:16:31,131 INFO  [default]   cumulative: 4026
2026-07-22 19:16:31,131 INFO  [default]    inst rate: 0
2026-07-22 19:16:31,131 INFO  [default] commodity data: 2
2026-07-22 19:16:31,132 INFO  [default]   commodity code: 7 - Present energy storage/take capacity (W-hr)
2026-07-22 19:16:31,132 INFO  [default]            source: Estimated
2026-07-22 19:16:31,132 INFO  [default]   cumulative: 150
2026-07-22 19:16:31,132 INFO  [default]    inst rate: 0
2026-07-22 19:16:31,322 INFO  [default] link ACK received: BASIC_QUERY_OPERATIONAL_STATE_REQUEST
2026-07-22 19:16:31,434 INFO  [default] operational state received: 4

Press Enter for a list of commands
1784772996,e,0 (PASSED!)
2026-07-22 19:17:31,535 INFO  [default] link ACK received: BASIC_END_SHED_REQUEST
2026-07-22 19:17:31,647 INFO  [default] app ack received
endshedding
1784773281o (STILL!)
1784773296s (STILL!)
1784773581o (STILL!)
1784773596e (STILL!)
1784773881o (STILL!)
1784773896g (STILL!)
1784774181o (STILL!)
1784774196e (STILL!)
2026-07-22 19:17:31,839 INFO  [default] link ACK received: GET_COMMODITY_REQUEST
2026-07-22 19:17:31,967 INFO  [default] message type supported received: 2
2026-07-22 19:17:31,967 INFO  [default] commodity response received.  count: 3
2026-07-22 19:17:31,967 INFO  [default] commodity data: 0
2026-07-22 19:17:31,967 INFO  [default]   commodity code: 0 - Electricity consumed (W & W-hr)
2026-07-22 19:17:31,968 INFO  [default]            source: Estimated
2026-07-22 19:17:31,968 INFO  [default]   cumulative: 6565
2026-07-22 19:17:31,968 INFO  [default]    inst rate: 0
2026-07-22 19:17:31,968 INFO  [default] commodity data: 1
2026-07-22 19:17:31,968 INFO  [default]   commodity code: 6 - Total energy storage/take capacity (W-hr)
2026-07-22 19:17:31,968 INFO  [default]            source: Estimated
2026-07-22 19:17:31,968 INFO  [default]   cumulative: 4026
2026-07-22 19:17:31,969 INFO  [default]    inst rate: 0
2026-07-22 19:17:31,969 INFO  [default] commodity data: 2
2026-07-22 19:17:31,969 INFO  [default]   commodity code: 7 - Present energy storage/take capacity (W-hr)
2026-07-22 19:17:31,969 INFO  [default]            source: Estimated
2026-07-22 19:17:31,969 INFO  [default]   cumulative: 150
2026-07-22 19:17:31,969 INFO  [default]    inst rate: 0
2026-07-22 19:17:32,159 INFO  [default] link ACK received: BASIC_QUERY_OPERATIONAL_STATE_REQUEST
2026-07-22 19:17:32,255 INFO  [default] operational state received: 4

Press Enter for a list of commands
1784773281o (STILL!)
1784773296s (STILL!)
1784773581o (STILL!)
1784773596e (STILL!)
1784773881o (STILL!)
1784773896g (STILL!)
1784774181o (STILL!)
1784774196e (STILL!)
2026-07-22 19:18:32,356 INFO  [default] link ACK received: GET_COMMODITY_REQUEST
2026-07-22 19:18:32,484 INFO  [default] message type supported received: 2
2026-07-22 19:18:32,485 INFO  [default] commodity response received.  count: 3
2026-07-22 19:18:32,485 INFO  [default] commodity data: 0
2026-07-22 19:18:32,485 INFO  [default]   commodity code: 0 - Electricity consumed (W & W-hr)
2026-07-22 19:18:32,485 INFO  [default]            source: Estimated
2026-07-22 19:18:32,485 INFO  [default]   cumulative: 6565
2026-07-22 19:18:32,485 INFO  [default]    inst rate: 0
2026-07-22 19:18:32,485 INFO  [default] commodity data: 1
2026-07-22 19:18:32,486 INFO  [default]   commodity code: 6 - Total energy storage/take capacity (W-hr)
2026-07-22 19:18:32,486 INFO  [default]            source: Estimated
2026-07-22 19:18:32,486 INFO  [default]   cumulative: 4026
2026-07-22 19:18:32,486 INFO  [default]    inst rate: 0
2026-07-22 19:18:32,486 INFO  [default] commodity data: 2
2026-07-22 19:18:32,486 INFO  [default]   commodity code: 7 - Present energy storage/take capacity (W-hr)
2026-07-22 19:18:32,486 INFO  [default]            source: Estimated
2026-07-22 19:18:32,486 INFO  [default]   cumulative: 150
2026-07-22 19:18:32,487 INFO  [default]    inst rate: 0
2026-07-22 19:18:32,676 INFO  [default] link ACK received: BASIC_QUERY_OPERATIONAL_STATE_REQUEST
2026-07-22 19:18:32,788 INFO  [default] operational state received: 0

Press Enter for a list of commands
1784773281o (STILL!)
1784773296s (STILL!)
1784773581o (STILL!)
1784773596e (STILL!)
1784773881o (STILL!)
1784773896g (STILL!)
1784774181o (STILL!)
1784774196e (STILL!)
2026-07-22 19:19:32,890 INFO  [default] link ACK received: GET_COMMODITY_REQUEST
2026-07-22 19:19:33,018 INFO  [default] message type supported received: 2
2026-07-22 19:19:33,018 INFO  [default] commodity response received.  count: 3
2026-07-22 19:19:33,018 INFO  [default] commodity data: 0
2026-07-22 19:19:33,018 INFO  [default]   commodity code: 0 - Electricity consumed (W & W-hr)
2026-07-22 19:19:33,018 INFO  [default]            source: Estimated
2026-07-22 19:19:33,019 INFO  [default]   cumulative: 6565
2026-07-22 19:19:33,019 INFO  [default]    inst rate: 0
2026-07-22 19:19:33,019 INFO  [default] commodity data: 1
2026-07-22 19:19:33,019 INFO  [default]   commodity code: 6 - Total energy storage/take capacity (W-hr)
2026-07-22 19:19:33,019 INFO  [default]            source: Estimated
2026-07-22 19:19:33,019 INFO  [default]   cumulative: 4026
2026-07-22 19:19:33,019 INFO  [default]    inst rate: 0
2026-07-22 19:19:33,019 INFO  [default] commodity data: 2
2026-07-22 19:19:33,020 INFO  [default]   commodity code: 7 - Present energy storage/take capacity (W-hr)
2026-07-22 19:19:33,020 INFO  [default]            source: Estimated
2026-07-22 19:19:33,020 INFO  [default]   cumulative: 150
2026-07-22 19:19:33,020 INFO  [default]    inst rate: 0
2026-07-22 19:19:33,210 INFO  [default] link ACK received: BASIC_QUERY_OPERATIONAL_STATE_REQUEST
2026-07-22 19:19:33,322 INFO  [default] operational state received: 0

Press Enter for a list of commands
1784773281o (STILL!)
1784773296s (STILL!)
1784773581o (STILL!)
1784773596e (STILL!)
1784773881o (STILL!)
1784773896g (STILL!)
1784774181o (STILL!)
1784774196e (STILL!)
2026-07-22 19:20:33,423 INFO  [default] link ACK received: GET_COMMODITY_REQUEST
2026-07-22 19:20:33,551 INFO  [default] message type supported received: 2
2026-07-22 19:20:33,551 INFO  [default] commodity response received.  count: 3
2026-07-22 19:20:33,552 INFO  [default] commodity data: 0
2026-07-22 19:20:33,552 INFO  [default]   commodity code: 0 - Electricity consumed (W & W-hr)
2026-07-22 19:20:33,552 INFO  [default]            source: Estimated
2026-07-22 19:20:33,552 INFO  [default]   cumulative: 6565
2026-07-22 19:20:33,552 INFO  [default]    inst rate: 0
2026-07-22 19:20:33,552 INFO  [default] commodity data: 1
2026-07-22 19:20:33,552 INFO  [default]   commodity code: 6 - Total energy storage/take capacity (W-hr)
2026-07-22 19:20:33,553 INFO  [default]            source: Estimated
2026-07-22 19:20:33,553 INFO  [default]   cumulative: 4026
2026-07-22 19:20:33,553 INFO  [default]    inst rate: 0
2026-07-22 19:20:33,553 INFO  [default] commodity data: 2
2026-07-22 19:20:33,553 INFO  [default]   commodity code: 7 - Present energy storage/take capacity (W-hr)
2026-07-22 19:20:33,553 INFO  [default]            source: Estimated
2026-07-22 19:20:33,553 INFO  [default]   cumulative: 150
2026-07-22 19:20:33,553 INFO  [default]    inst rate: 0
2026-07-22 19:20:33,743 INFO  [default] link ACK received: BASIC_QUERY_OPERATIONAL_STATE_REQUEST
2026-07-22 19:20:33,855 INFO  [default] operational state received: 1

Press Enter for a list of commands
1784773281,o,0 (PASSED!)
outside communication found
2026-07-22 19:21:33,957 INFO  [default] link ACK received: BASIC_OUTSIDE_COMM_CONNECTION_STATUS_MESSAGE
2026-07-22 19:21:34,069 INFO  [default] app ack received
1784773296s (STILL!)
1784773581o (STILL!)
1784773596e (STILL!)
1784773881o (STILL!)
1784773896g (STILL!)
1784774181o (STILL!)
1784774196e (STILL!)
2026-07-22 19:21:34,261 INFO  [default] link ACK received: GET_COMMODITY_REQUEST
2026-07-22 19:21:34,389 INFO  [default] message type supported received: 2
2026-07-22 19:21:34,389 INFO  [default] commodity response received.  count: 3
2026-07-22 19:21:34,389 INFO  [default] commodity data: 0
2026-07-22 19:21:34,389 INFO  [default]   commodity code: 0 - Electricity consumed (W & W-hr)
2026-07-22 19:21:34,389 INFO  [default]            source: Estimated
2026-07-22 19:21:34,389 INFO  [default]   cumulative: 6578
2026-07-22 19:21:34,390 INFO  [default]    inst rate: 800
2026-07-22 19:21:34,390 INFO  [default] commodity data: 1
2026-07-22 19:21:34,390 INFO  [default]   commodity code: 6 - Total energy storage/take capacity (W-hr)
2026-07-22 19:21:34,390 INFO  [default]            source: Estimated
2026-07-22 19:21:34,390 INFO  [default]   cumulative: 4026
2026-07-22 19:21:34,390 INFO  [default]    inst rate: 0
2026-07-22 19:21:34,390 INFO  [default] commodity data: 2
2026-07-22 19:21:34,390 INFO  [default]   commodity code: 7 - Present energy storage/take capacity (W-hr)
2026-07-22 19:21:34,390 INFO  [default]            source: Estimated
2026-07-22 19:21:34,391 INFO  [default]   cumulative: 300
2026-07-22 19:21:34,391 INFO  [default]    inst rate: 0
2026-07-22 19:21:34,581 INFO  [default] link ACK received: BASIC_QUERY_OPERATIONAL_STATE_REQUEST
2026-07-22 19:21:34,677 INFO  [default] operational state received: 1

Press Enter for a list of commands
1784773296,s,255 (PASSED!)
shedding
2026-07-22 19:22:34,778 INFO  [default] link ACK received: BASIC_SHED_REQUEST
2026-07-22 19:22:34,890 INFO  [default] app ack received
1784773581o (STILL!)
1784773596e (STILL!)
1784773881o (STILL!)
1784773896g (STILL!)
1784774181o (STILL!)
1784774196e (STILL!)
2026-07-22 19:22:35,082 INFO  [default] link ACK received: GET_COMMODITY_REQUEST
2026-07-22 19:22:35,210 INFO  [default] message type supported received: 2
2026-07-22 19:22:35,210 INFO  [default] commodity response received.  count: 3
2026-07-22 19:22:35,210 INFO  [default] commodity data: 0
2026-07-22 19:22:35,210 INFO  [default]   commodity code: 0 - Electricity consumed (W & W-hr)
2026-07-22 19:22:35,211 INFO  [default]            source: Estimated
2026-07-22 19:22:35,211 INFO  [default]   cumulative: 6591
2026-07-22 19:22:35,211 INFO  [default]    inst rate: 800
2026-07-22 19:22:35,211 INFO  [default] commodity data: 1
2026-07-22 19:22:35,211 INFO  [default]   commodity code: 6 - Total energy storage/take capacity (W-hr)
2026-07-22 19:22:35,211 INFO  [default]            source: Estimated
2026-07-22 19:22:35,211 INFO  [default]   cumulative: 4026
2026-07-22 19:22:35,211 INFO  [default]    inst rate: 0
2026-07-22 19:22:35,212 INFO  [default] commodity data: 2
2026-07-22 19:22:35,212 INFO  [default]   commodity code: 7 - Present energy storage/take capacity (W-hr)
2026-07-22 19:22:35,212 INFO  [default]            source: Estimated
2026-07-22 19:22:35,212 INFO  [default]   cumulative: 0
2026-07-22 19:22:35,212 INFO  [default]    inst rate: 0
2026-07-22 19:22:35,402 INFO  [default] link ACK received: BASIC_QUERY_OPERATIONAL_STATE_REQUEST
2026-07-22 19:22:35,514 INFO  [default] operational state received: 1

Press Enter for a list of commands
1784773581o (STILL!)
1784773596e (STILL!)
1784773881o (STILL!)
1784773896g (STILL!)
1784774181o (STILL!)
1784774196e (STILL!)
2026-07-22 19:23:35,615 INFO  [default] link ACK received: GET_COMMODITY_REQUEST
2026-07-22 19:23:35,743 INFO  [default] message type supported received: 2
2026-07-22 19:23:35,744 INFO  [default] commodity response received.  count: 3
2026-07-22 19:23:35,744 INFO  [default] commodity data: 0
2026-07-22 19:23:35,744 INFO  [default]   commodity code: 0 - Electricity consumed (W & W-hr)
2026-07-22 19:23:35,744 INFO  [default]            source: Estimated
2026-07-22 19:23:35,744 INFO  [default]   cumulative: 6591
2026-07-22 19:23:35,744 INFO  [default]    inst rate: 0
2026-07-22 19:23:35,744 INFO  [default] commodity data: 1
2026-07-22 19:23:35,744 INFO  [default]   commodity code: 6 - Total energy storage/take capacity (W-hr)
2026-07-22 19:23:35,745 INFO  [default]            source: Estimated
2026-07-22 19:23:35,745 INFO  [default]   cumulative: 4026
2026-07-22 19:23:35,745 INFO  [default]    inst rate: 0
2026-07-22 19:23:35,745 INFO  [default] commodity data: 2
2026-07-22 19:23:35,745 INFO  [default]   commodity code: 7 - Present energy storage/take capacity (W-hr)
2026-07-22 19:23:35,745 INFO  [default]            source: Estimated
2026-07-22 19:23:35,745 INFO  [default]   cumulative: 0
2026-07-22 19:23:35,745 INFO  [default]    inst rate: 0
2026-07-22 19:23:35,935 INFO  [default] link ACK received: BASIC_QUERY_OPERATIONAL_STATE_REQUEST
2026-07-22 19:23:36,047 INFO  [default] operational state received: 4

Press Enter for a list of commands
1784773581o (STILL!)
1784773596e (STILL!)
1784773881o (STILL!)
1784773896g (STILL!)
1784774181o (STILL!)
1784774196e (STILL!)
2026-07-22 19:24:36,149 INFO  [default] link ACK received: GET_COMMODITY_REQUEST
2026-07-22 19:24:36,277 INFO  [default] message type supported received: 2
2026-07-22 19:24:36,277 INFO  [default] commodity response received.  count: 3
2026-07-22 19:24:36,277 INFO  [default] commodity data: 0
2026-07-22 19:24:36,277 INFO  [default]   commodity code: 0 - Electricity consumed (W & W-hr)
2026-07-22 19:24:36,277 INFO  [default]            source: Estimated
2026-07-22 19:24:36,278 INFO  [default]   cumulative: 6591
2026-07-22 19:24:36,278 INFO  [default]    inst rate: 0
2026-07-22 19:24:36,278 INFO  [default] commodity data: 1
2026-07-22 19:24:36,278 INFO  [default]   commodity code: 6 - Total energy storage/take capacity (W-hr)
2026-07-22 19:24:36,278 INFO  [default]            source: Estimated
2026-07-22 19:24:36,278 INFO  [default]   cumulative: 4026
2026-07-22 19:24:36,278 INFO  [default]    inst rate: 0
2026-07-22 19:24:36,278 INFO  [default] commodity data: 2
2026-07-22 19:24:36,279 INFO  [default]   commodity code: 7 - Present energy storage/take capacity (W-hr)
2026-07-22 19:24:36,279 INFO  [default]            source: Estimated
2026-07-22 19:24:36,279 INFO  [default]   cumulative: 0
2026-07-22 19:24:36,279 INFO  [default]    inst rate: 0
2026-07-22 19:24:36,469 INFO  [default] link ACK received: BASIC_QUERY_OPERATIONAL_STATE_REQUEST
2026-07-22 19:24:36,581 INFO  [default] operational state received: 4

Press Enter for a list of commands
1784773581o (STILL!)
1784773596e (STILL!)
1784773881o (STILL!)
1784773896g (STILL!)
1784774181o (STILL!)
1784774196e (STILL!)
2026-07-22 19:25:36,682 INFO  [default] link ACK received: GET_COMMODITY_REQUEST
2026-07-22 19:25:36,810 INFO  [default] message type supported received: 2
2026-07-22 19:25:36,810 INFO  [default] commodity response received.  count: 3
2026-07-22 19:25:36,811 INFO  [default] commodity data: 0
2026-07-22 19:25:36,811 INFO  [default]   commodity code: 0 - Electricity consumed (W & W-hr)
2026-07-22 19:25:36,811 INFO  [default]            source: Estimated
2026-07-22 19:25:36,811 INFO  [default]   cumulative: 6591
2026-07-22 19:25:36,811 INFO  [default]    inst rate: 0
2026-07-22 19:25:36,811 INFO  [default] commodity data: 1
2026-07-22 19:25:36,811 INFO  [default]   commodity code: 6 - Total energy storage/take capacity (W-hr)
2026-07-22 19:25:36,811 INFO  [default]            source: Estimated
2026-07-22 19:25:36,812 INFO  [default]   cumulative: 4026
2026-07-22 19:25:36,812 INFO  [default]    inst rate: 0
2026-07-22 19:25:36,812 INFO  [default] commodity data: 2
2026-07-22 19:25:36,812 INFO  [default]   commodity code: 7 - Present energy storage/take capacity (W-hr)
2026-07-22 19:25:36,812 INFO  [default]            source: Estimated
2026-07-22 19:25:36,812 INFO  [default]   cumulative: 150
2026-07-22 19:25:36,812 INFO  [default]    inst rate: 0
2026-07-22 19:25:37,002 INFO  [default] link ACK received: BASIC_QUERY_OPERATIONAL_STATE_REQUEST
2026-07-22 19:25:37,098 INFO  [default] operational state received: 4

Press Enter for a list of commands
1784773581,o,0 (PASSED!)
outside communication found
2026-07-22 19:26:37,200 INFO  [default] link ACK received: BASIC_OUTSIDE_COMM_CONNECTION_STATUS_MESSAGE
2026-07-22 19:26:37,312 INFO  [default] app ack received
1784773596,e,0 (PASSED!)
2026-07-22 19:26:37,504 INFO  [default] link ACK received: BASIC_END_SHED_REQUEST
2026-07-22 19:26:37,600 INFO  [default] app ack received
endshedding
1784773881o (STILL!)
1784773896g (STILL!)
1784774181o (STILL!)
1784774196e (STILL!)
2026-07-22 19:26:37,791 INFO  [default] link ACK received: GET_COMMODITY_REQUEST
2026-07-22 19:26:37,919 INFO  [default] message type supported received: 2
2026-07-22 19:26:37,920 INFO  [default] commodity response received.  count: 3
2026-07-22 19:26:37,920 INFO  [default] commodity data: 0
2026-07-22 19:26:37,920 INFO  [default]   commodity code: 0 - Electricity consumed (W & W-hr)
2026-07-22 19:26:37,920 INFO  [default]            source: Estimated
2026-07-22 19:26:37,920 INFO  [default]   cumulative: 6591
2026-07-22 19:26:37,920 INFO  [default]    inst rate: 0
2026-07-22 19:26:37,921 INFO  [default] commodity data: 1
2026-07-22 19:26:37,921 INFO  [default]   commodity code: 6 - Total energy storage/take capacity (W-hr)
2026-07-22 19:26:37,921 INFO  [default]            source: Estimated
2026-07-22 19:26:37,921 INFO  [default]   cumulative: 4026
2026-07-22 19:26:37,921 INFO  [default]    inst rate: 0
2026-07-22 19:26:37,921 INFO  [default] commodity data: 2
2026-07-22 19:26:37,921 INFO  [default]   commodity code: 7 - Present energy storage/take capacity (W-hr)
2026-07-22 19:26:37,921 INFO  [default]            source: Estimated
2026-07-22 19:26:37,922 INFO  [default]   cumulative: 150
2026-07-22 19:26:37,922 INFO  [default]    inst rate: 0
2026-07-22 19:26:38,111 INFO  [default] link ACK received: BASIC_QUERY_OPERATIONAL_STATE_REQUEST
2026-07-22 19:26:38,208 INFO  [default] operational state received: 4

Press Enter for a list of commands
1784773881o (STILL!)
1784773896g (STILL!)
1784774181o (STILL!)
1784774196e (STILL!)
2026-07-22 19:27:38,309 INFO  [default] link ACK received: GET_COMMODITY_REQUEST
2026-07-22 19:27:38,437 INFO  [default] message type supported received: 2
2026-07-22 19:27:38,437 INFO  [default] commodity response received.  count: 3
2026-07-22 19:27:38,437 INFO  [default] commodity data: 0
2026-07-22 19:27:38,437 INFO  [default]   commodity code: 0 - Electricity consumed (W & W-hr)
2026-07-22 19:27:38,437 INFO  [default]            source: Estimated
2026-07-22 19:27:38,438 INFO  [default]   cumulative: 6591
2026-07-22 19:27:38,438 INFO  [default]    inst rate: 0
2026-07-22 19:27:38,438 INFO  [default] commodity data: 1
2026-07-22 19:27:38,438 INFO  [default]   commodity code: 6 - Total energy storage/take capacity (W-hr)
2026-07-22 19:27:38,438 INFO  [default]            source: Estimated
2026-07-22 19:27:38,438 INFO  [default]   cumulative: 4026
2026-07-22 19:27:38,438 INFO  [default]    inst rate: 0
2026-07-22 19:27:38,438 INFO  [default] commodity data: 2
2026-07-22 19:27:38,439 INFO  [default]   commodity code: 7 - Present energy storage/take capacity (W-hr)
2026-07-22 19:27:38,439 INFO  [default]            source: Estimated
2026-07-22 19:27:38,439 INFO  [default]   cumulative: 150
2026-07-22 19:27:38,439 INFO  [default]    inst rate: 0
2026-07-22 19:27:38,629 INFO  [default] link ACK received: BASIC_QUERY_OPERATIONAL_STATE_REQUEST
2026-07-22 19:27:38,741 INFO  [default] operational state received: 0

Press Enter for a list of commands
1784773881o (STILL!)
1784773896g (STILL!)
1784774181o (STILL!)
1784774196e (STILL!)
2026-07-22 19:28:38,842 INFO  [default] link ACK received: GET_COMMODITY_REQUEST
2026-07-22 19:28:38,970 INFO  [default] message type supported received: 2
2026-07-22 19:28:38,970 INFO  [default] commodity response received.  count: 3
2026-07-22 19:28:38,971 INFO  [default] commodity data: 0
2026-07-22 19:28:38,971 INFO  [default]   commodity code: 0 - Electricity consumed (W & W-hr)
2026-07-22 19:28:38,971 INFO  [default]            source: Estimated
2026-07-22 19:28:38,971 INFO  [default]   cumulative: 6591
2026-07-22 19:28:38,971 INFO  [default]    inst rate: 0
2026-07-22 19:28:38,971 INFO  [default] commodity data: 1
2026-07-22 19:28:38,972 INFO  [default]   commodity code: 6 - Total energy storage/take capacity (W-hr)
2026-07-22 19:28:38,972 INFO  [default]            source: Estimated
2026-07-22 19:28:38,972 INFO  [default]   cumulative: 4026
2026-07-22 19:28:38,972 INFO  [default]    inst rate: 0
2026-07-22 19:28:38,972 INFO  [default] commodity data: 2
2026-07-22 19:28:38,972 INFO  [default]   commodity code: 7 - Present energy storage/take capacity (W-hr)
2026-07-22 19:28:38,972 INFO  [default]            source: Estimated
2026-07-22 19:28:38,972 INFO  [default]   cumulative: 150
2026-07-22 19:28:38,973 INFO  [default]    inst rate: 0
2026-07-22 19:28:39,162 INFO  [default] link ACK received: BASIC_QUERY_OPERATIONAL_STATE_REQUEST
2026-07-22 19:28:39,258 INFO  [default] operational state received: 0

Press Enter for a list of commands
1784773881o (STILL!)
1784773896g (STILL!)
1784774181o (STILL!)
1784774196e (STILL!)
2026-07-22 19:29:39,360 INFO  [default] link ACK received: GET_COMMODITY_REQUEST
2026-07-22 19:29:39,488 INFO  [default] message type supported received: 2
2026-07-22 19:29:39,488 INFO  [default] commodity response received.  count: 3
2026-07-22 19:29:39,488 INFO  [default] commodity data: 0
2026-07-22 19:29:39,488 INFO  [default]   commodity code: 0 - Electricity consumed (W & W-hr)
2026-07-22 19:29:39,488 INFO  [default]            source: Estimated
2026-07-22 19:29:39,488 INFO  [default]   cumulative: 6591
2026-07-22 19:29:39,489 INFO  [default]    inst rate: 0
2026-07-22 19:29:39,489 INFO  [default] commodity data: 1
2026-07-22 19:29:39,489 INFO  [default]   commodity code: 6 - Total energy storage/take capacity (W-hr)
2026-07-22 19:29:39,489 INFO  [default]            source: Estimated
2026-07-22 19:29:39,489 INFO  [default]   cumulative: 4026
2026-07-22 19:29:39,489 INFO  [default]    inst rate: 0
2026-07-22 19:29:39,489 INFO  [default] commodity data: 2
2026-07-22 19:29:39,489 INFO  [default]   commodity code: 7 - Present energy storage/take capacity (W-hr)
2026-07-22 19:29:39,489 INFO  [default]            source: Estimated
2026-07-22 19:29:39,490 INFO  [default]   cumulative: 150
2026-07-22 19:29:39,490 INFO  [default]    inst rate: 0
2026-07-22 19:29:39,680 INFO  [default] link ACK received: BASIC_QUERY_OPERATIONAL_STATE_REQUEST
2026-07-22 19:29:39,792 INFO  [default] operational state received: 1

Press Enter for a list of commands
1784773881o (STILL!)
1784773896g (STILL!)
1784774181o (STILL!)
1784774196e (STILL!)
2026-07-22 19:30:39,893 INFO  [default] link ACK received: GET_COMMODITY_REQUEST
2026-07-22 19:30:40,021 INFO  [default] message type supported received: 2
2026-07-22 19:30:40,021 INFO  [default] commodity response received.  count: 3
2026-07-22 19:30:40,021 INFO  [default] commodity data: 0
2026-07-22 19:30:40,022 INFO  [default]   commodity code: 0 - Electricity consumed (W & W-hr)
2026-07-22 19:30:40,022 INFO  [default]            source: Estimated
2026-07-22 19:30:40,022 INFO  [default]   cumulative: 6604
2026-07-22 19:30:40,022 INFO  [default]    inst rate: 800
2026-07-22 19:30:40,022 INFO  [default] commodity data: 1
2026-07-22 19:30:40,022 INFO  [default]   commodity code: 6 - Total energy storage/take capacity (W-hr)
2026-07-22 19:30:40,022 INFO  [default]            source: Estimated
2026-07-22 19:30:40,022 INFO  [default]   cumulative: 4026
2026-07-22 19:30:40,023 INFO  [default]    inst rate: 0
2026-07-22 19:30:40,023 INFO  [default] commodity data: 2
2026-07-22 19:30:40,023 INFO  [default]   commodity code: 7 - Present energy storage/take capacity (W-hr)
2026-07-22 19:30:40,023 INFO  [default]            source: Estimated
2026-07-22 19:30:40,023 INFO  [default]   cumulative: 150
2026-07-22 19:30:40,023 INFO  [default]    inst rate: 0
2026-07-22 19:30:40,213 INFO  [default] link ACK received: BASIC_QUERY_OPERATIONAL_STATE_REQUEST
2026-07-22 19:30:40,325 INFO  [default] operational state received: 1

Press Enter for a list of commands
1784773881,o,0 (PASSED!)
outside communication found
2026-07-22 19:31:40,426 INFO  [default] link ACK received: BASIC_OUTSIDE_COMM_CONNECTION_STATUS_MESSAGE
2026-07-22 19:31:40,538 INFO  [default] app ack received
1784773896,g,255 (PASSED!)
grid emergency
2026-07-22 19:31:40,730 INFO  [default] link ACK received: BASIC_GRID_EMERGENCY_REQUEST
2026-07-22 19:31:40,826 INFO  [default] app ack received
1784774181o (STILL!)
1784774196e (STILL!)
2026-07-22 19:31:41,018 INFO  [default] link ACK received: GET_COMMODITY_REQUEST
2026-07-22 19:31:41,146 INFO  [default] message type supported received: 2
2026-07-22 19:31:41,146 INFO  [default] commodity response received.  count: 3
2026-07-22 19:31:41,147 INFO  [default] commodity data: 0
2026-07-22 19:31:41,147 INFO  [default]   commodity code: 0 - Electricity consumed (W & W-hr)
2026-07-22 19:31:41,147 INFO  [default]            source: Estimated
2026-07-22 19:31:41,147 INFO  [default]   cumulative: 6617
2026-07-22 19:31:41,147 INFO  [default]    inst rate: 800
2026-07-22 19:31:41,147 INFO  [default] commodity data: 1
2026-07-22 19:31:41,148 INFO  [default]   commodity code: 6 - Total energy storage/take capacity (W-hr)
2026-07-22 19:31:41,148 INFO  [default]            source: Estimated
2026-07-22 19:31:41,148 INFO  [default]   cumulative: 4026
2026-07-22 19:31:41,148 INFO  [default]    inst rate: 0
2026-07-22 19:31:41,148 INFO  [default] commodity data: 2
2026-07-22 19:31:41,148 INFO  [default]   commodity code: 7 - Present energy storage/take capacity (W-hr)
2026-07-22 19:31:41,148 INFO  [default]            source: Estimated
2026-07-22 19:31:41,148 INFO  [default]   cumulative: 0
2026-07-22 19:31:41,148 INFO  [default]    inst rate: 0
2026-07-22 19:31:41,338 INFO  [default] link ACK received: BASIC_QUERY_OPERATIONAL_STATE_REQUEST
2026-07-22 19:31:41,434 INFO  [default] operational state received: 1

Press Enter for a list of commands
1784774181o (STILL!)
1784774196e (STILL!)
2026-07-22 19:32:41,536 INFO  [default] link ACK received: GET_COMMODITY_REQUEST
2026-07-22 19:32:41,664 INFO  [default] message type supported received: 2
2026-07-22 19:32:41,664 INFO  [default] commodity response received.  count: 3
2026-07-22 19:32:41,664 INFO  [default] commodity data: 0
2026-07-22 19:32:41,664 INFO  [default]   commodity code: 0 - Electricity consumed (W & W-hr)
2026-07-22 19:32:41,664 INFO  [default]            source: Estimated
2026-07-22 19:32:41,664 INFO  [default]   cumulative: 6630
2026-07-22 19:32:41,665 INFO  [default]    inst rate: 800
2026-07-22 19:32:41,665 INFO  [default] commodity data: 1
2026-07-22 19:32:41,665 INFO  [default]   commodity code: 6 - Total energy storage/take capacity (W-hr)
2026-07-22 19:32:41,665 INFO  [default]            source: Estimated
2026-07-22 19:32:41,665 INFO  [default]   cumulative: 4026
2026-07-22 19:32:41,665 INFO  [default]    inst rate: 0
2026-07-22 19:32:41,665 INFO  [default] commodity data: 2
2026-07-22 19:32:41,665 INFO  [default]   commodity code: 7 - Present energy storage/take capacity (W-hr)
2026-07-22 19:32:41,666 INFO  [default]            source: Estimated
2026-07-22 19:32:41,666 INFO  [default]   cumulative: 0
2026-07-22 19:32:41,666 INFO  [default]    inst rate: 0
2026-07-22 19:32:41,856 INFO  [default] link ACK received: BASIC_QUERY_OPERATIONAL_STATE_REQUEST
2026-07-22 19:32:41,968 INFO  [default] operational state received: 4

Press Enter for a list of commands
1784774181o (STILL!)
1784774196e (STILL!)
2026-07-22 19:33:42,069 INFO  [default] link ACK received: GET_COMMODITY_REQUEST
2026-07-22 19:33:42,197 INFO  [default] message type supported received: 2
2026-07-22 19:33:42,197 INFO  [default] commodity response received.  count: 3
2026-07-22 19:33:42,197 INFO  [default] commodity data: 0
2026-07-22 19:33:42,198 INFO  [default]   commodity code: 0 - Electricity consumed (W & W-hr)
2026-07-22 19:33:42,198 INFO  [default]            source: Estimated
2026-07-22 19:33:42,198 INFO  [default]   cumulative: 6630
2026-07-22 19:33:42,198 INFO  [default]    inst rate: 0
2026-07-22 19:33:42,198 INFO  [default] commodity data: 1
2026-07-22 19:33:42,198 INFO  [default]   commodity code: 6 - Total energy storage/take capacity (W-hr)
2026-07-22 19:33:42,198 INFO  [default]            source: Estimated
2026-07-22 19:33:42,198 INFO  [default]   cumulative: 4026
2026-07-22 19:33:42,199 INFO  [default]    inst rate: 0
2026-07-22 19:33:42,199 INFO  [default] commodity data: 2
2026-07-22 19:33:42,199 INFO  [default]   commodity code: 7 - Present energy storage/take capacity (W-hr)
2026-07-22 19:33:42,199 INFO  [default]            source: Estimated
2026-07-22 19:33:42,199 INFO  [default]   cumulative: 0
2026-07-22 19:33:42,199 INFO  [default]    inst rate: 0
2026-07-22 19:33:42,389 INFO  [default] link ACK received: BASIC_QUERY_OPERATIONAL_STATE_REQUEST
2026-07-22 19:33:42,501 INFO  [default] operational state received: 4

Press Enter for a list of commands
1784774181o (STILL!)
1784774196e (STILL!)
2026-07-22 19:34:42,603 INFO  [default] link ACK received: GET_COMMODITY_REQUEST
2026-07-22 19:34:42,730 INFO  [default] message type supported received: 2
2026-07-22 19:34:42,731 INFO  [default] commodity response received.  count: 3
2026-07-22 19:34:42,731 INFO  [default] commodity data: 0
2026-07-22 19:34:42,731 INFO  [default]   commodity code: 0 - Electricity consumed (W & W-hr)
2026-07-22 19:34:42,731 INFO  [default]            source: Estimated
2026-07-22 19:34:42,731 INFO  [default]   cumulative: 6630
2026-07-22 19:34:42,731 INFO  [default]    inst rate: 0
2026-07-22 19:34:42,731 INFO  [default] commodity data: 1
2026-07-22 19:34:42,732 INFO  [default]   commodity code: 6 - Total energy storage/take capacity (W-hr)
2026-07-22 19:34:42,732 INFO  [default]            source: Estimated
2026-07-22 19:34:42,732 INFO  [default]   cumulative: 4026
2026-07-22 19:34:42,732 INFO  [default]    inst rate: 0
2026-07-22 19:34:42,732 INFO  [default] commodity data: 2
2026-07-22 19:34:42,732 INFO  [default]   commodity code: 7 - Present energy storage/take capacity (W-hr)
2026-07-22 19:34:42,732 INFO  [default]            source: Estimated
2026-07-22 19:34:42,732 INFO  [default]   cumulative: 150
2026-07-22 19:34:42,733 INFO  [default]    inst rate: 0
2026-07-22 19:34:42,922 INFO  [default] link ACK received: BASIC_QUERY_OPERATIONAL_STATE_REQUEST
2026-07-22 19:34:43,034 INFO  [default] operational state received: 4

Press Enter for a list of commands
1784774181o (STILL!)
1784774196e (STILL!)
2026-07-22 19:35:43,136 INFO  [default] link ACK received: GET_COMMODITY_REQUEST
2026-07-22 19:35:43,264 INFO  [default] message type supported received: 2
2026-07-22 19:35:43,264 INFO  [default] commodity response received.  count: 3
2026-07-22 19:35:43,264 INFO  [default] commodity data: 0
2026-07-22 19:35:43,264 INFO  [default]   commodity code: 0 - Electricity consumed (W & W-hr)
2026-07-22 19:35:43,265 INFO  [default]            source: Estimated
2026-07-22 19:35:43,265 INFO  [default]   cumulative: 6630
2026-07-22 19:35:43,265 INFO  [default]    inst rate: 0
2026-07-22 19:35:43,265 INFO  [default] commodity data: 1
2026-07-22 19:35:43,265 INFO  [default]   commodity code: 6 - Total energy storage/take capacity (W-hr)
2026-07-22 19:35:43,265 INFO  [default]            source: Estimated
2026-07-22 19:35:43,265 INFO  [default]   cumulative: 4026
2026-07-22 19:35:43,265 INFO  [default]    inst rate: 0
2026-07-22 19:35:43,266 INFO  [default] commodity data: 2
2026-07-22 19:35:43,266 INFO  [default]   commodity code: 7 - Present energy storage/take capacity (W-hr)
2026-07-22 19:35:43,266 INFO  [default]            source: Estimated
2026-07-22 19:35:43,266 INFO  [default]   cumulative: 150
2026-07-22 19:35:43,266 INFO  [default]    inst rate: 0
2026-07-22 19:35:43,456 INFO  [default] link ACK received: BASIC_QUERY_OPERATIONAL_STATE_REQUEST
2026-07-22 19:35:43,552 INFO  [default] operational state received: 4

Press Enter for a list of commands
1784774181,o,0 (PASSED!)
outside communication found
2026-07-22 19:36:43,653 INFO  [default] link ACK received: BASIC_OUTSIDE_COMM_CONNECTION_STATUS_MESSAGE
2026-07-22 19:36:43,749 INFO  [default] app ack received
1784774196,e,0 (PASSED!)
2026-07-22 19:36:43,941 INFO  [default] link ACK received: BASIC_END_SHED_REQUEST
2026-07-22 19:36:44,053 INFO  [default] app ack received
endshedding
2026-07-22 19:36:44,245 INFO  [default] link ACK received: GET_COMMODITY_REQUEST
2026-07-22 19:36:44,373 INFO  [default] message type supported received: 2
2026-07-22 19:36:44,373 INFO  [default] commodity response received.  count: 3
2026-07-22 19:36:44,373 INFO  [default] commodity data: 0
2026-07-22 19:36:44,374 INFO  [default]   commodity code: 0 - Electricity consumed (W & W-hr)
2026-07-22 19:36:44,374 INFO  [default]            source: Estimated
2026-07-22 19:36:44,374 INFO  [default]   cumulative: 6630
2026-07-22 19:36:44,374 INFO  [default]    inst rate: 0
2026-07-22 19:36:44,374 INFO  [default] commodity data: 1
2026-07-22 19:36:44,374 INFO  [default]   commodity code: 6 - Total energy storage/take capacity (W-hr)
2026-07-22 19:36:44,374 INFO  [default]            source: Estimated
2026-07-22 19:36:44,375 INFO  [default]   cumulative: 4026
2026-07-22 19:36:44,375 INFO  [default]    inst rate: 0
2026-07-22 19:36:44,375 INFO  [default] commodity data: 2
2026-07-22 19:36:44,375 INFO  [default]   commodity code: 7 - Present energy storage/take capacity (W-hr)
2026-07-22 19:36:44,375 INFO  [default]            source: Estimated
2026-07-22 19:36:44,375 INFO  [default]   cumulative: 150
2026-07-22 19:36:44,375 INFO  [default]    inst rate: 0
2026-07-22 19:36:44,565 INFO  [default] link ACK received: BASIC_QUERY_OPERATIONAL_STATE_REQUEST
2026-07-22 19:36:44,677 INFO  [default] operational state received: 4

Press Enter for a list of commands
2026-07-22 19:37:44,779 INFO  [default] link ACK received: GET_COMMODITY_REQUEST
2026-07-22 19:37:44,907 INFO  [default] message type supported received: 2
2026-07-22 19:37:44,907 INFO  [default] commodity response received.  count: 3
2026-07-22 19:37:44,907 INFO  [default] commodity data: 0
2026-07-22 19:37:44,907 INFO  [default]   commodity code: 0 - Electricity consumed (W & W-hr)
2026-07-22 19:37:44,907 INFO  [default]            source: Estimated
2026-07-22 19:37:44,907 INFO  [default]   cumulative: 6630
2026-07-22 19:37:44,907 INFO  [default]    inst rate: 0
2026-07-22 19:37:44,908 INFO  [default] commodity data: 1
2026-07-22 19:37:44,908 INFO  [default]   commodity code: 6 - Total energy storage/take capacity (W-hr)
2026-07-22 19:37:44,908 INFO  [default]            source: Estimated
2026-07-22 19:37:44,908 INFO  [default]   cumulative: 4026
2026-07-22 19:37:44,908 INFO  [default]    inst rate: 0
2026-07-22 19:37:44,908 INFO  [default] commodity data: 2
2026-07-22 19:37:44,908 INFO  [default]   commodity code: 7 - Present energy storage/take capacity (W-hr)
2026-07-22 19:37:44,908 INFO  [default]            source: Estimated
2026-07-22 19:37:44,909 INFO  [default]   cumulative: 150
2026-07-22 19:37:44,909 INFO  [default]    inst rate: 0
2026-07-22 19:37:45,099 INFO  [default] link ACK received: BASIC_QUERY_OPERATIONAL_STATE_REQUEST
2026-07-22 19:37:45,195 INFO  [default] operational state received: 0

Press Enter for a list of commands
2026-07-22 19:38:45,296 INFO  [default] link ACK received: GET_COMMODITY_REQUEST
2026-07-22 19:38:45,424 INFO  [default] message type supported received: 2
2026-07-22 19:38:45,424 INFO  [default] commodity response received.  count: 3
2026-07-22 19:38:45,424 INFO  [default] commodity data: 0
2026-07-22 19:38:45,424 INFO  [default]   commodity code: 0 - Electricity consumed (W & W-hr)
2026-07-22 19:38:45,425 INFO  [default]            source: Estimated
2026-07-22 19:38:45,425 INFO  [default]   cumulative: 6630
2026-07-22 19:38:45,425 INFO  [default]    inst rate: 0
2026-07-22 19:38:45,425 INFO  [default] commodity data: 1
2026-07-22 19:38:45,425 INFO  [default]   commodity code: 6 - Total energy storage/take capacity (W-hr)
2026-07-22 19:38:45,425 INFO  [default]            source: Estimated
2026-07-22 19:38:45,425 INFO  [default]   cumulative: 4026
2026-07-22 19:38:45,425 INFO  [default]    inst rate: 0
2026-07-22 19:38:45,426 INFO  [default] commodity data: 2
2026-07-22 19:38:45,426 INFO  [default]   commodity code: 7 - Present energy storage/take capacity (W-hr)
2026-07-22 19:38:45,426 INFO  [default]            source: Estimated
2026-07-22 19:38:45,426 INFO  [default]   cumulative: 150
2026-07-22 19:38:45,426 INFO  [default]    inst rate: 0
2026-07-22 19:38:45,616 INFO  [default] link ACK received: BASIC_QUERY_OPERATIONAL_STATE_REQUEST
2026-07-22 19:38:45,728 INFO  [default] operational state received: 0

Press Enter for a list of commands
2026-07-22 19:39:45,829 INFO  [default] link ACK received: GET_COMMODITY_REQUEST
2026-07-22 19:39:45,957 INFO  [default] message type supported received: 2
2026-07-22 19:39:45,957 INFO  [default] commodity response received.  count: 3
2026-07-22 19:39:45,958 INFO  [default] commodity data: 0
2026-07-22 19:39:45,958 INFO  [default]   commodity code: 0 - Electricity consumed (W & W-hr)
2026-07-22 19:39:45,958 INFO  [default]            source: Estimated
2026-07-22 19:39:45,958 INFO  [default]   cumulative: 6643
2026-07-22 19:39:45,958 INFO  [default]    inst rate: 800
2026-07-22 19:39:45,958 INFO  [default] commodity data: 1
2026-07-22 19:39:45,959 INFO  [default]   commodity code: 6 - Total energy storage/take capacity (W-hr)
2026-07-22 19:39:45,959 INFO  [default]            source: Estimated
2026-07-22 19:39:45,959 INFO  [default]   cumulative: 4026
2026-07-22 19:39:45,959 INFO  [default]    inst rate: 0
2026-07-22 19:39:45,959 INFO  [default] commodity data: 2
2026-07-22 19:39:45,959 INFO  [default]   commodity code: 7 - Present energy storage/take capacity (W-hr)
2026-07-22 19:39:45,959 INFO  [default]            source: Estimated
2026-07-22 19:39:45,959 INFO  [default]   cumulative: 150
2026-07-22 19:39:45,960 INFO  [default]    inst rate: 0
2026-07-22 19:39:46,149 INFO  [default] link ACK received: BASIC_QUERY_OPERATIONAL_STATE_REQUEST
2026-07-22 19:39:46,245 INFO  [default] operational state received: 1

Press Enter for a list of commands
2026-07-22 19:40:46,347 INFO  [default] link ACK received: GET_COMMODITY_REQUEST
2026-07-22 19:40:46,475 INFO  [default] message type supported received: 2
2026-07-22 19:40:46,475 INFO  [default] commodity response received.  count: 3
2026-07-22 19:40:46,475 INFO  [default] commodity data: 0
2026-07-22 19:40:46,475 INFO  [default]   commodity code: 0 - Electricity consumed (W & W-hr)
2026-07-22 19:40:46,475 INFO  [default]            source: Estimated
2026-07-22 19:40:46,476 INFO  [default]   cumulative: 6656
2026-07-22 19:40:46,476 INFO  [default]    inst rate: 800
2026-07-22 19:40:46,476 INFO  [default] commodity data: 1
2026-07-22 19:40:46,476 INFO  [default]   commodity code: 6 - Total energy storage/take capacity (W-hr)
2026-07-22 19:40:46,476 INFO  [default]            source: Estimated
2026-07-22 19:40:46,476 INFO  [default]   cumulative: 4026
2026-07-22 19:40:46,476 INFO  [default]    inst rate: 0
2026-07-22 19:40:46,476 INFO  [default] commodity data: 2
2026-07-22 19:40:46,476 INFO  [default]   commodity code: 7 - Present energy storage/take capacity (W-hr)
2026-07-22 19:40:46,477 INFO  [default]            source: Estimated
2026-07-22 19:40:46,477 INFO  [default]   cumulative: 0
2026-07-22 19:40:46,477 INFO  [default]    inst rate: 0
2026-07-22 19:40:46,667 INFO  [default] link ACK received: BASIC_QUERY_OPERATIONAL_STATE_REQUEST
2026-07-22 19:40:46,763 INFO  [default] operational state received: 1

Press Enter for a list of commands
Returning state to normal...
2026-07-22 19:41:36,146 INFO  [default] link ACK received: BASIC_END_SHED_REQUEST
2026-07-22 19:41:36,258 INFO  [default] app ack received
Loading...
Querying operational state after normal command...
2026-07-22 19:41:38,354 INFO  [default] link ACK received: BASIC_QUERY_OPERATIONAL_STATE_REQUEST
2026-07-22 19:41:38,450 INFO  [default] operational state received: 1

Press Enter for a list of commands
